Gate Tests (Rust)	Set up job	﻿2026-01-13T21:51:26.7439238Z Current runner version: '2.330.0'
Gate Tests (Rust)	Set up job	2026-01-13T21:51:26.7463400Z ##[group]Runner Image Provisioner
Gate Tests (Rust)	Set up job	2026-01-13T21:51:26.7464252Z Hosted Compute Agent
Gate Tests (Rust)	Set up job	2026-01-13T21:51:26.7465045Z Version: 20251211.462
Gate Tests (Rust)	Set up job	2026-01-13T21:51:26.7465720Z Commit: 6cbad8c2bb55d58165063d031ccabf57e2d2db61
Gate Tests (Rust)	Set up job	2026-01-13T21:51:26.7466438Z Build Date: 2025-12-11T16:28:49Z
Gate Tests (Rust)	Set up job	2026-01-13T21:51:26.7467171Z Worker ID: {38a60e6d-3756-4316-b36f-0d7b9042f85a}
Gate Tests (Rust)	Set up job	2026-01-13T21:51:26.7467931Z ##[endgroup]
Gate Tests (Rust)	Set up job	2026-01-13T21:51:26.7468477Z ##[group]Operating System
Gate Tests (Rust)	Set up job	2026-01-13T21:51:26.7469023Z Ubuntu
Gate Tests (Rust)	Set up job	2026-01-13T21:51:26.7469592Z 24.04.3
Gate Tests (Rust)	Set up job	2026-01-13T21:51:26.7470037Z LTS
Gate Tests (Rust)	Set up job	2026-01-13T21:51:26.7470509Z ##[endgroup]
Gate Tests (Rust)	Set up job	2026-01-13T21:51:26.7471113Z ##[group]Runner Image
Gate Tests (Rust)	Set up job	2026-01-13T21:51:26.7471662Z Image: ubuntu-24.04
Gate Tests (Rust)	Set up job	2026-01-13T21:51:26.7472193Z Version: 20260105.202.1
Gate Tests (Rust)	Set up job	2026-01-13T21:51:26.7473348Z Included Software: https://github.com/actions/runner-images/blob/ubuntu24/20260105.202/images/ubuntu/Ubuntu2404-Readme.md
Gate Tests (Rust)	Set up job	2026-01-13T21:51:26.7475024Z Image Release: https://github.com/actions/runner-images/releases/tag/ubuntu24%2F20260105.202
Gate Tests (Rust)	Set up job	2026-01-13T21:51:26.7476469Z ##[endgroup]
Gate Tests (Rust)	Set up job	2026-01-13T21:51:26.7477626Z ##[group]GITHUB_TOKEN Permissions
Gate Tests (Rust)	Set up job	2026-01-13T21:51:26.7479550Z Contents: read
Gate Tests (Rust)	Set up job	2026-01-13T21:51:26.7480113Z Metadata: read
Gate Tests (Rust)	Set up job	2026-01-13T21:51:26.7480650Z Packages: read
Gate Tests (Rust)	Set up job	2026-01-13T21:51:26.7481181Z ##[endgroup]
Gate Tests (Rust)	Set up job	2026-01-13T21:51:26.7483206Z Secret source: Actions
Gate Tests (Rust)	Set up job	2026-01-13T21:51:26.7483911Z Prepare workflow directory
Gate Tests (Rust)	Set up job	2026-01-13T21:51:26.7869118Z Prepare all required actions
Gate Tests (Rust)	Set up job	2026-01-13T21:51:26.7908863Z Getting action download info
Gate Tests (Rust)	Set up job	2026-01-13T21:51:27.2447955Z Download action repository 'actions/checkout@v6' (SHA:8e8c483db84b4bee98b60c0593521ed34d9990e8)
Gate Tests (Rust)	Set up job	2026-01-13T21:51:27.3702298Z Download action repository 'actions/cache@v4' (SHA:0057852bfaa89a56745cba8c7296529d2fc39830)
Gate Tests (Rust)	Set up job	2026-01-13T21:51:27.6288980Z Complete job name: Gate Tests (Rust)
Gate Tests (Rust)	Run actions/checkout@v6	﻿2026-01-13T21:51:27.6981804Z ##[group]Run actions/checkout@v6
Gate Tests (Rust)	Run actions/checkout@v6	2026-01-13T21:51:27.6982659Z with:
Gate Tests (Rust)	Run actions/checkout@v6	2026-01-13T21:51:27.6983073Z   repository: AgentKern/agentkern
Gate Tests (Rust)	Run actions/checkout@v6	2026-01-13T21:51:27.6983763Z   token: ***
Gate Tests (Rust)	Run actions/checkout@v6	2026-01-13T21:51:27.6984158Z   ssh-strict: true
Gate Tests (Rust)	Run actions/checkout@v6	2026-01-13T21:51:27.6984559Z   ssh-user: git
Gate Tests (Rust)	Run actions/checkout@v6	2026-01-13T21:51:27.6985200Z   persist-credentials: true
Gate Tests (Rust)	Run actions/checkout@v6	2026-01-13T21:51:27.6985683Z   clean: true
Gate Tests (Rust)	Run actions/checkout@v6	2026-01-13T21:51:27.6986113Z   sparse-checkout-cone-mode: true
Gate Tests (Rust)	Run actions/checkout@v6	2026-01-13T21:51:27.6986610Z   fetch-depth: 1
Gate Tests (Rust)	Run actions/checkout@v6	2026-01-13T21:51:27.6987009Z   fetch-tags: false
Gate Tests (Rust)	Run actions/checkout@v6	2026-01-13T21:51:27.6987426Z   show-progress: true
Gate Tests (Rust)	Run actions/checkout@v6	2026-01-13T21:51:27.6987854Z   lfs: false
Gate Tests (Rust)	Run actions/checkout@v6	2026-01-13T21:51:27.6988248Z   submodules: false
Gate Tests (Rust)	Run actions/checkout@v6	2026-01-13T21:51:27.6988672Z   set-safe-directory: true
Gate Tests (Rust)	Run actions/checkout@v6	2026-01-13T21:51:27.6989386Z env:
Gate Tests (Rust)	Run actions/checkout@v6	2026-01-13T21:51:27.6989769Z   CARGO_TERM_COLOR: always
Gate Tests (Rust)	Run actions/checkout@v6	2026-01-13T21:51:27.6990238Z   RUST_VERSION: stable
Gate Tests (Rust)	Run actions/checkout@v6	2026-01-13T21:51:27.6990663Z   PNPM_VERSION: 9
Gate Tests (Rust)	Run actions/checkout@v6	2026-01-13T21:51:27.6991068Z   PYO3_PYTHON: python3
Gate Tests (Rust)	Run actions/checkout@v6	2026-01-13T21:51:27.6991488Z ##[endgroup]
Gate Tests (Rust)	Run actions/checkout@v6	2026-01-13T21:51:27.7911677Z Syncing repository: AgentKern/agentkern
Gate Tests (Rust)	Run actions/checkout@v6	2026-01-13T21:51:27.7913441Z ##[group]Getting Git version info
Gate Tests (Rust)	Run actions/checkout@v6	2026-01-13T21:51:27.7914213Z Working directory is '/home/runner/work/agentkern/agentkern'
Gate Tests (Rust)	Run actions/checkout@v6	2026-01-13T21:51:27.7915411Z [command]/usr/bin/git version
Gate Tests (Rust)	Run actions/checkout@v6	2026-01-13T21:51:27.7985259Z git version 2.52.0
Gate Tests (Rust)	Run actions/checkout@v6	2026-01-13T21:51:27.8008838Z ##[endgroup]
Gate Tests (Rust)	Run actions/checkout@v6	2026-01-13T21:51:27.8022009Z Temporarily overriding HOME='/home/runner/work/_temp/e4561eb6-89a6-44f3-9492-fd55cc23e1fd' before making global git config changes
Gate Tests (Rust)	Run actions/checkout@v6	2026-01-13T21:51:27.8024420Z Adding repository directory to the temporary git global config as a safe directory
Gate Tests (Rust)	Run actions/checkout@v6	2026-01-13T21:51:27.8027272Z [command]/usr/bin/git config --global --add safe.directory /home/runner/work/agentkern/agentkern
Gate Tests (Rust)	Run actions/checkout@v6	2026-01-13T21:51:27.8069182Z Deleting the contents of '/home/runner/work/agentkern/agentkern'
Gate Tests (Rust)	Run actions/checkout@v6	2026-01-13T21:51:27.8072730Z ##[group]Initializing the repository
Gate Tests (Rust)	Run actions/checkout@v6	2026-01-13T21:51:27.8077143Z [command]/usr/bin/git init /home/runner/work/agentkern/agentkern
Gate Tests (Rust)	Run actions/checkout@v6	2026-01-13T21:51:27.8197293Z hint: Using 'master' as the name for the initial branch. This default branch name
Gate Tests (Rust)	Run actions/checkout@v6	2026-01-13T21:51:27.8199569Z hint: will change to "main" in Git 3.0. To configure the initial branch name
Gate Tests (Rust)	Run actions/checkout@v6	2026-01-13T21:51:27.8201395Z hint: to use in all of your new repositories, which will suppress this warning,
Gate Tests (Rust)	Run actions/checkout@v6	2026-01-13T21:51:27.8202758Z hint: call:
Gate Tests (Rust)	Run actions/checkout@v6	2026-01-13T21:51:27.8203451Z hint:
Gate Tests (Rust)	Run actions/checkout@v6	2026-01-13T21:51:27.8204383Z hint: 	git config --global init.defaultBranch <name>
Gate Tests (Rust)	Run actions/checkout@v6	2026-01-13T21:51:27.8205776Z hint:
Gate Tests (Rust)	Run actions/checkout@v6	2026-01-13T21:51:27.8206914Z hint: Names commonly chosen instead of 'master' are 'main', 'trunk' and
Gate Tests (Rust)	Run actions/checkout@v6	2026-01-13T21:51:27.8208784Z hint: 'development'. The just-created branch can be renamed via this command:
Gate Tests (Rust)	Run actions/checkout@v6	2026-01-13T21:51:27.8210148Z hint:
Gate Tests (Rust)	Run actions/checkout@v6	2026-01-13T21:51:27.8210893Z hint: 	git branch -m <name>
Gate Tests (Rust)	Run actions/checkout@v6	2026-01-13T21:51:27.8211667Z hint:
Gate Tests (Rust)	Run actions/checkout@v6	2026-01-13T21:51:27.8212757Z hint: Disable this message with "git config set advice.defaultBranchName false"
Gate Tests (Rust)	Run actions/checkout@v6	2026-01-13T21:51:27.8214549Z Initialized empty Git repository in /home/runner/work/agentkern/agentkern/.git/
Gate Tests (Rust)	Run actions/checkout@v6	2026-01-13T21:51:27.8217646Z [command]/usr/bin/git remote add origin https://github.com/AgentKern/agentkern
Gate Tests (Rust)	Run actions/checkout@v6	2026-01-13T21:51:27.8251490Z ##[endgroup]
Gate Tests (Rust)	Run actions/checkout@v6	2026-01-13T21:51:27.8252792Z ##[group]Disabling automatic garbage collection
Gate Tests (Rust)	Run actions/checkout@v6	2026-01-13T21:51:27.8254737Z [command]/usr/bin/git config --local gc.auto 0
Gate Tests (Rust)	Run actions/checkout@v6	2026-01-13T21:51:27.8286284Z ##[endgroup]
Gate Tests (Rust)	Run actions/checkout@v6	2026-01-13T21:51:27.8287619Z ##[group]Setting up auth
Gate Tests (Rust)	Run actions/checkout@v6	2026-01-13T21:51:27.8288678Z Removing SSH command configuration
Gate Tests (Rust)	Run actions/checkout@v6	2026-01-13T21:51:27.8293540Z [command]/usr/bin/git config --local --name-only --get-regexp core\.sshCommand
Gate Tests (Rust)	Run actions/checkout@v6	2026-01-13T21:51:27.8325271Z [command]/usr/bin/git submodule foreach --recursive sh -c "git config --local --name-only --get-regexp 'core\.sshCommand' && git config --local --unset-all 'core.sshCommand' || :"
Gate Tests (Rust)	Run actions/checkout@v6	2026-01-13T21:51:27.8759223Z Removing HTTP extra header
Gate Tests (Rust)	Run actions/checkout@v6	2026-01-13T21:51:27.8765365Z [command]/usr/bin/git config --local --name-only --get-regexp http\.https\:\/\/github\.com\/\.extraheader
Gate Tests (Rust)	Run actions/checkout@v6	2026-01-13T21:51:27.8798414Z [command]/usr/bin/git submodule foreach --recursive sh -c "git config --local --name-only --get-regexp 'http\.https\:\/\/github\.com\/\.extraheader' && git config --local --unset-all 'http.https://github.com/.extraheader' || :"
Gate Tests (Rust)	Run actions/checkout@v6	2026-01-13T21:51:27.9017562Z Removing includeIf entries pointing to credentials config files
Gate Tests (Rust)	Run actions/checkout@v6	2026-01-13T21:51:27.9023408Z [command]/usr/bin/git config --local --name-only --get-regexp ^includeIf\.gitdir:
Gate Tests (Rust)	Run actions/checkout@v6	2026-01-13T21:51:27.9054111Z [command]/usr/bin/git submodule foreach --recursive git config --local --show-origin --name-only --get-regexp remote.origin.url
Gate Tests (Rust)	Run actions/checkout@v6	2026-01-13T21:51:27.9279176Z [command]/usr/bin/git config --file /home/runner/work/_temp/git-credentials-05af2f73-a07e-4776-8635-105322c15cf2.config http.https://github.com/.extraheader AUTHORIZATION: basic ***
Gate Tests (Rust)	Run actions/checkout@v6	2026-01-13T21:51:27.9314827Z [command]/usr/bin/git config --local includeIf.gitdir:/home/runner/work/agentkern/agentkern/.git.path /home/runner/work/_temp/git-credentials-05af2f73-a07e-4776-8635-105322c15cf2.config
Gate Tests (Rust)	Run actions/checkout@v6	2026-01-13T21:51:27.9342551Z [command]/usr/bin/git config --local includeIf.gitdir:/home/runner/work/agentkern/agentkern/.git/worktrees/*.path /home/runner/work/_temp/git-credentials-05af2f73-a07e-4776-8635-105322c15cf2.config
Gate Tests (Rust)	Run actions/checkout@v6	2026-01-13T21:51:27.9371297Z [command]/usr/bin/git config --local includeIf.gitdir:/github/workspace/.git.path /github/runner_temp/git-credentials-05af2f73-a07e-4776-8635-105322c15cf2.config
Gate Tests (Rust)	Run actions/checkout@v6	2026-01-13T21:51:27.9400793Z [command]/usr/bin/git config --local includeIf.gitdir:/github/workspace/.git/worktrees/*.path /github/runner_temp/git-credentials-05af2f73-a07e-4776-8635-105322c15cf2.config
Gate Tests (Rust)	Run actions/checkout@v6	2026-01-13T21:51:27.9426870Z ##[endgroup]
Gate Tests (Rust)	Run actions/checkout@v6	2026-01-13T21:51:27.9427814Z ##[group]Fetching the repository
Gate Tests (Rust)	Run actions/checkout@v6	2026-01-13T21:51:27.9436945Z [command]/usr/bin/git -c protocol.version=2 fetch --no-tags --prune --no-recurse-submodules --depth=1 origin +eeb13ac6b3513e8c396c4f2952bf179147fc8147:refs/remotes/origin/main
Gate Tests (Rust)	Run actions/checkout@v6	2026-01-13T21:51:28.5239352Z From https://github.com/AgentKern/agentkern
Gate Tests (Rust)	Run actions/checkout@v6	2026-01-13T21:51:28.5241467Z  * [new ref]         eeb13ac6b3513e8c396c4f2952bf179147fc8147 -> origin/main
Gate Tests (Rust)	Run actions/checkout@v6	2026-01-13T21:51:28.5273093Z ##[endgroup]
Gate Tests (Rust)	Run actions/checkout@v6	2026-01-13T21:51:28.5275211Z ##[group]Determining the checkout info
Gate Tests (Rust)	Run actions/checkout@v6	2026-01-13T21:51:28.5276769Z ##[endgroup]
Gate Tests (Rust)	Run actions/checkout@v6	2026-01-13T21:51:28.5281956Z [command]/usr/bin/git sparse-checkout disable
Gate Tests (Rust)	Run actions/checkout@v6	2026-01-13T21:51:28.5327643Z [command]/usr/bin/git config --local --unset-all extensions.worktreeConfig
Gate Tests (Rust)	Run actions/checkout@v6	2026-01-13T21:51:28.5357520Z ##[group]Checking out the ref
Gate Tests (Rust)	Run actions/checkout@v6	2026-01-13T21:51:28.5361818Z [command]/usr/bin/git checkout --progress --force -B main refs/remotes/origin/main
Gate Tests (Rust)	Run actions/checkout@v6	2026-01-13T21:51:28.5745359Z Switched to a new branch 'main'
Gate Tests (Rust)	Run actions/checkout@v6	2026-01-13T21:51:28.5747176Z branch 'main' set up to track 'origin/main'.
Gate Tests (Rust)	Run actions/checkout@v6	2026-01-13T21:51:28.5753850Z ##[endgroup]
Gate Tests (Rust)	Run actions/checkout@v6	2026-01-13T21:51:28.5792615Z [command]/usr/bin/git log -1 --format=%H
Gate Tests (Rust)	Run actions/checkout@v6	2026-01-13T21:51:28.5818371Z eeb13ac6b3513e8c396c4f2952bf179147fc8147
Gate Tests (Rust)	Install dependencies	﻿2026-01-13T21:51:28.6033719Z ##[group]Run sudo apt-get update
Gate Tests (Rust)	Install dependencies	2026-01-13T21:51:28.6035267Z [36;1msudo apt-get update[0m
Gate Tests (Rust)	Install dependencies	2026-01-13T21:51:28.6036713Z [36;1msudo apt-get install -y libpython3-dev pkg-config[0m
Gate Tests (Rust)	Install dependencies	2026-01-13T21:51:28.6074619Z shell: /usr/bin/bash -e {0}
Gate Tests (Rust)	Install dependencies	2026-01-13T21:51:28.6076073Z env:
Gate Tests (Rust)	Install dependencies	2026-01-13T21:51:28.6077123Z   CARGO_TERM_COLOR: always
Gate Tests (Rust)	Install dependencies	2026-01-13T21:51:28.6078412Z   RUST_VERSION: stable
Gate Tests (Rust)	Install dependencies	2026-01-13T21:51:28.6079610Z   PNPM_VERSION: 9
Gate Tests (Rust)	Install dependencies	2026-01-13T21:51:28.6080758Z   PYO3_PYTHON: python3
Gate Tests (Rust)	Install dependencies	2026-01-13T21:51:28.6081975Z ##[endgroup]
Gate Tests (Rust)	Install dependencies	2026-01-13T21:51:28.7717260Z Get:1 file:/etc/apt/apt-mirrors.txt Mirrorlist [144 B]
Gate Tests (Rust)	Install dependencies	2026-01-13T21:51:28.7844301Z Get:6 https://packages.microsoft.com/repos/azure-cli noble InRelease [3564 B]
Gate Tests (Rust)	Install dependencies	2026-01-13T21:51:28.8142557Z Get:7 https://packages.microsoft.com/ubuntu/24.04/prod noble InRelease [3600 B]
Gate Tests (Rust)	Install dependencies	2026-01-13T21:51:28.9340817Z Hit:2 http://azure.archive.ubuntu.com/ubuntu noble InRelease
Gate Tests (Rust)	Install dependencies	2026-01-13T21:51:28.9344826Z Get:8 https://packages.microsoft.com/repos/azure-cli noble/main amd64 Packages [1948 B]
Gate Tests (Rust)	Install dependencies	2026-01-13T21:51:28.9469060Z Get:3 http://azure.archive.ubuntu.com/ubuntu noble-updates InRelease [126 kB]
Gate Tests (Rust)	Install dependencies	2026-01-13T21:51:28.9548647Z Get:4 http://azure.archive.ubuntu.com/ubuntu noble-backports InRelease [126 kB]
Gate Tests (Rust)	Install dependencies	2026-01-13T21:51:28.9617949Z Get:5 http://azure.archive.ubuntu.com/ubuntu noble-security InRelease [126 kB]
Gate Tests (Rust)	Install dependencies	2026-01-13T21:51:28.9882267Z Get:9 https://packages.microsoft.com/ubuntu/24.04/prod noble/main amd64 Packages [79.7 kB]
Gate Tests (Rust)	Install dependencies	2026-01-13T21:51:28.9921358Z Get:10 https://packages.microsoft.com/ubuntu/24.04/prod noble/main armhf Packages [11.4 kB]
Gate Tests (Rust)	Install dependencies	2026-01-13T21:51:28.9949060Z Get:11 https://packages.microsoft.com/ubuntu/24.04/prod noble/main arm64 Packages [61.3 kB]
Gate Tests (Rust)	Install dependencies	2026-01-13T21:51:29.1143213Z Get:12 http://azure.archive.ubuntu.com/ubuntu noble-updates/main amd64 Packages [1692 kB]
Gate Tests (Rust)	Install dependencies	2026-01-13T21:51:29.1240127Z Get:13 http://azure.archive.ubuntu.com/ubuntu noble-updates/main Translation-en [313 kB]
Gate Tests (Rust)	Install dependencies	2026-01-13T21:51:29.1266992Z Get:14 http://azure.archive.ubuntu.com/ubuntu noble-updates/main amd64 Components [175 kB]
Gate Tests (Rust)	Install dependencies	2026-01-13T21:51:29.1289722Z Get:15 http://azure.archive.ubuntu.com/ubuntu noble-updates/main amd64 c-n-f Metadata [15.9 kB]
Gate Tests (Rust)	Install dependencies	2026-01-13T21:51:29.1303978Z Get:16 http://azure.archive.ubuntu.com/ubuntu noble-updates/universe amd64 Packages [1510 kB]
Gate Tests (Rust)	Install dependencies	2026-01-13T21:51:29.1425638Z Get:17 http://azure.archive.ubuntu.com/ubuntu noble-updates/universe Translation-en [307 kB]
Gate Tests (Rust)	Install dependencies	2026-01-13T21:51:29.1453628Z Get:18 http://azure.archive.ubuntu.com/ubuntu noble-updates/universe amd64 Components [377 kB]
Gate Tests (Rust)	Install dependencies	2026-01-13T21:51:29.1488697Z Get:19 http://azure.archive.ubuntu.com/ubuntu noble-updates/universe amd64 c-n-f Metadata [31.4 kB]
Gate Tests (Rust)	Install dependencies	2026-01-13T21:51:29.1501084Z Get:20 http://azure.archive.ubuntu.com/ubuntu noble-updates/restricted amd64 Packages [2426 kB]
Gate Tests (Rust)	Install dependencies	2026-01-13T21:51:29.1652969Z Get:21 http://azure.archive.ubuntu.com/ubuntu noble-updates/restricted Translation-en [554 kB]
Gate Tests (Rust)	Install dependencies	2026-01-13T21:51:29.2143649Z Get:22 http://azure.archive.ubuntu.com/ubuntu noble-updates/restricted amd64 Components [212 B]
Gate Tests (Rust)	Install dependencies	2026-01-13T21:51:29.2155373Z Get:23 http://azure.archive.ubuntu.com/ubuntu noble-updates/multiverse amd64 Components [940 B]
Gate Tests (Rust)	Install dependencies	2026-01-13T21:51:29.2164798Z Get:24 http://azure.archive.ubuntu.com/ubuntu noble-backports/main amd64 Components [7300 B]
Gate Tests (Rust)	Install dependencies	2026-01-13T21:51:29.2179443Z Get:25 http://azure.archive.ubuntu.com/ubuntu noble-backports/universe amd64 Components [10.5 kB]
Gate Tests (Rust)	Install dependencies	2026-01-13T21:51:29.2189065Z Get:26 http://azure.archive.ubuntu.com/ubuntu noble-backports/restricted amd64 Components [212 B]
Gate Tests (Rust)	Install dependencies	2026-01-13T21:51:29.2200501Z Get:27 http://azure.archive.ubuntu.com/ubuntu noble-backports/multiverse amd64 Components [212 B]
Gate Tests (Rust)	Install dependencies	2026-01-13T21:51:29.2328881Z Get:28 http://azure.archive.ubuntu.com/ubuntu noble-security/main amd64 Packages [1404 kB]
Gate Tests (Rust)	Install dependencies	2026-01-13T21:51:29.2418458Z Get:29 http://azure.archive.ubuntu.com/ubuntu noble-security/main Translation-en [228 kB]
Gate Tests (Rust)	Install dependencies	2026-01-13T21:51:29.2445284Z Get:30 http://azure.archive.ubuntu.com/ubuntu noble-security/main amd64 Components [21.6 kB]
Gate Tests (Rust)	Install dependencies	2026-01-13T21:51:29.2459558Z Get:31 http://azure.archive.ubuntu.com/ubuntu noble-security/main amd64 c-n-f Metadata [9720 B]
Gate Tests (Rust)	Install dependencies	2026-01-13T21:51:29.2475833Z Get:32 http://azure.archive.ubuntu.com/ubuntu noble-security/universe amd64 Packages [920 kB]
Gate Tests (Rust)	Install dependencies	2026-01-13T21:51:29.2533730Z Get:33 http://azure.archive.ubuntu.com/ubuntu noble-security/universe Translation-en [208 kB]
Gate Tests (Rust)	Install dependencies	2026-01-13T21:51:29.2561686Z Get:34 http://azure.archive.ubuntu.com/ubuntu noble-security/universe amd64 Components [71.4 kB]
Gate Tests (Rust)	Install dependencies	2026-01-13T21:51:29.2578042Z Get:35 http://azure.archive.ubuntu.com/ubuntu noble-security/universe amd64 c-n-f Metadata [19.7 kB]
Gate Tests (Rust)	Install dependencies	2026-01-13T21:51:29.3064583Z Get:36 http://azure.archive.ubuntu.com/ubuntu noble-security/restricted amd64 Packages [2302 kB]
Gate Tests (Rust)	Install dependencies	2026-01-13T21:51:29.3180148Z Get:37 http://azure.archive.ubuntu.com/ubuntu noble-security/restricted Translation-en [527 kB]
Gate Tests (Rust)	Install dependencies	2026-01-13T21:51:29.3241351Z Get:38 http://azure.archive.ubuntu.com/ubuntu noble-security/restricted amd64 Components [212 B]
Gate Tests (Rust)	Install dependencies	2026-01-13T21:51:29.3262866Z Get:39 http://azure.archive.ubuntu.com/ubuntu noble-security/multiverse Translation-en [6188 B]
Gate Tests (Rust)	Install dependencies	2026-01-13T21:51:29.3282784Z Get:40 http://azure.archive.ubuntu.com/ubuntu noble-security/multiverse amd64 Components [212 B]
Gate Tests (Rust)	Install dependencies	2026-01-13T21:51:42.1355485Z Fetched 13.7 MB in 2s (7782 kB/s)
Gate Tests (Rust)	Install dependencies	2026-01-13T21:51:42.8965569Z Reading package lists...
Gate Tests (Rust)	Install dependencies	2026-01-13T21:51:42.9309807Z Reading package lists...
Gate Tests (Rust)	Install dependencies	2026-01-13T21:51:43.0971256Z Building dependency tree...
Gate Tests (Rust)	Install dependencies	2026-01-13T21:51:43.0979624Z Reading state information...
Gate Tests (Rust)	Install dependencies	2026-01-13T21:51:43.2980844Z libpython3-dev is already the newest version (3.12.3-0ubuntu2.1).
Gate Tests (Rust)	Install dependencies	2026-01-13T21:51:43.2982089Z libpython3-dev set to manually installed.
Gate Tests (Rust)	Install dependencies	2026-01-13T21:51:43.2983069Z pkg-config is already the newest version (1.8.1-2build1).
Gate Tests (Rust)	Install dependencies	2026-01-13T21:51:43.2984318Z 0 upgraded, 0 newly installed, 0 to remove and 120 not upgraded.
Gate Tests (Rust)	Cache Cargo	﻿2026-01-13T21:51:43.3645490Z ##[group]Run actions/cache@v4
Gate Tests (Rust)	Cache Cargo	2026-01-13T21:51:43.3645856Z with:
Gate Tests (Rust)	Cache Cargo	2026-01-13T21:51:43.3646277Z   path: ~/.cargo/bin/
Gate Tests (Rust)	Cache Cargo	~/.cargo/registry/index/
Gate Tests (Rust)	Cache Cargo	~/.cargo/registry/cache/
Gate Tests (Rust)	Cache Cargo	~/.cargo/git/db/
Gate Tests (Rust)	Cache Cargo	
Gate Tests (Rust)	Cache Cargo	2026-01-13T21:51:43.3647037Z   key: Linux-cargo-5449a273fe4ffd5ba49aae637d7136f1c4d132c3e5f3736f5e2cc73c6b8f6d64
Gate Tests (Rust)	Cache Cargo	2026-01-13T21:51:43.3647588Z   restore-keys: Linux-cargo-
Gate Tests (Rust)	Cache Cargo	
Gate Tests (Rust)	Cache Cargo	2026-01-13T21:51:43.3647905Z   enableCrossOsArchive: false
Gate Tests (Rust)	Cache Cargo	2026-01-13T21:51:43.3648230Z   fail-on-cache-miss: false
Gate Tests (Rust)	Cache Cargo	2026-01-13T21:51:43.3648493Z   lookup-only: false
Gate Tests (Rust)	Cache Cargo	2026-01-13T21:51:43.3648736Z   save-always: false
Gate Tests (Rust)	Cache Cargo	2026-01-13T21:51:43.3648954Z env:
Gate Tests (Rust)	Cache Cargo	2026-01-13T21:51:43.3649171Z   CARGO_TERM_COLOR: always
Gate Tests (Rust)	Cache Cargo	2026-01-13T21:51:43.3649434Z   RUST_VERSION: stable
Gate Tests (Rust)	Cache Cargo	2026-01-13T21:51:43.3649672Z   PNPM_VERSION: 9
Gate Tests (Rust)	Cache Cargo	2026-01-13T21:51:43.3649904Z   PYO3_PYTHON: python3
Gate Tests (Rust)	Cache Cargo	2026-01-13T21:51:43.3650152Z ##[endgroup]
Gate Tests (Rust)	Cache Cargo	2026-01-13T21:51:43.7671174Z Cache hit for restore-key: Linux-cargo-identity-5449a273fe4ffd5ba49aae637d7136f1c4d132c3e5f3736f5e2cc73c6b8f6d64
Gate Tests (Rust)	Cache Cargo	2026-01-13T21:51:45.0540058Z Received 4194304 of 89516250 (4.7%), 4.0 MBs/sec
Gate Tests (Rust)	Cache Cargo	2026-01-13T21:51:45.7755338Z Received 89516250 of 89516250 (100.0%), 49.6 MBs/sec
Gate Tests (Rust)	Cache Cargo	2026-01-13T21:51:45.7759147Z Cache Size: ~85 MB (89516250 B)
Gate Tests (Rust)	Cache Cargo	2026-01-13T21:51:45.7863605Z [command]/usr/bin/tar -xf /home/runner/work/_temp/0da053c0-c94b-44aa-9070-a958c8840d71/cache.tzst -P -C /home/runner/work/agentkern/agentkern --use-compress-program unzstd
Gate Tests (Rust)	Cache Cargo	2026-01-13T21:51:46.0568780Z Cache restored successfully
Gate Tests (Rust)	Cache Cargo	2026-01-13T21:51:46.0870652Z Cache restored from key: Linux-cargo-identity-5449a273fe4ffd5ba49aae637d7136f1c4d132c3e5f3736f5e2cc73c6b8f6d64
Gate Tests (Rust)	Check formatting	﻿2026-01-13T21:51:46.0975898Z ##[group]Run cargo fmt --all --check
Gate Tests (Rust)	Check formatting	2026-01-13T21:51:46.0976343Z [36;1mcargo fmt --all --check[0m
Gate Tests (Rust)	Check formatting	2026-01-13T21:51:46.1010346Z shell: /usr/bin/bash -e {0}
Gate Tests (Rust)	Check formatting	2026-01-13T21:51:46.1010692Z env:
Gate Tests (Rust)	Check formatting	2026-01-13T21:51:46.1010980Z   CARGO_TERM_COLOR: always
Gate Tests (Rust)	Check formatting	2026-01-13T21:51:46.1011323Z   RUST_VERSION: stable
Gate Tests (Rust)	Check formatting	2026-01-13T21:51:46.1011623Z   PNPM_VERSION: 9
Gate Tests (Rust)	Check formatting	2026-01-13T21:51:46.1011918Z   PYO3_PYTHON: python3
Gate Tests (Rust)	Check formatting	2026-01-13T21:51:46.1012218Z ##[endgroup]
Gate Tests (Rust)	Clippy	﻿2026-01-13T21:51:51.3559710Z ##[group]Run cargo clippy --workspace --all-features -- -D warnings
Gate Tests (Rust)	Clippy	2026-01-13T21:51:51.3560371Z [36;1mcargo clippy --workspace --all-features -- -D warnings[0m
Gate Tests (Rust)	Clippy	2026-01-13T21:51:51.3593437Z shell: /usr/bin/bash -e {0}
Gate Tests (Rust)	Clippy	2026-01-13T21:51:51.3593787Z env:
Gate Tests (Rust)	Clippy	2026-01-13T21:51:51.3594054Z   CARGO_TERM_COLOR: always
Gate Tests (Rust)	Clippy	2026-01-13T21:51:51.3594400Z   RUST_VERSION: stable
Gate Tests (Rust)	Clippy	2026-01-13T21:51:51.3594697Z   PNPM_VERSION: 9
Gate Tests (Rust)	Clippy	2026-01-13T21:51:51.3595188Z   PYO3_PYTHON: python3
Gate Tests (Rust)	Clippy	2026-01-13T21:51:51.3595505Z ##[endgroup]
Gate Tests (Rust)	Clippy	2026-01-13T21:51:51.5752722Z [1m[33mwarning[0m: profiles for the non root package will be ignored, specify profiles at the workspace root:
Gate Tests (Rust)	Clippy	2026-01-13T21:51:51.5753583Z package:   /home/runner/work/agentkern/agentkern/packages/sdk-node/Cargo.toml
Gate Tests (Rust)	Clippy	2026-01-13T21:51:51.5754149Z workspace: /home/runner/work/agentkern/agentkern/Cargo.toml
Gate Tests (Rust)	Clippy	2026-01-13T21:51:53.0598053Z [1m[92m Downloading[0m crates ...
Gate Tests (Rust)	Clippy	2026-01-13T21:51:55.4727872Z [1m[92m  Downloaded[0m compact_str v0.9.0
Gate Tests (Rust)	Clippy	2026-01-13T21:51:55.4766681Z [1m[92m  Downloaded[0m boxcar v0.2.14
Gate Tests (Rust)	Clippy	2026-01-13T21:51:55.4783544Z [1m[92m  Downloaded[0m opentelemetry-otlp v0.31.0
Gate Tests (Rust)	Clippy	2026-01-13T21:51:55.4812982Z [1m[92m  Downloaded[0m bb8 v0.8.6
Gate Tests (Rust)	Clippy	2026-01-13T21:51:55.4836508Z [1m[92m  Downloaded[0m tonic-prost v0.14.2
Gate Tests (Rust)	Clippy	2026-01-13T21:51:55.4856964Z [1m[92m  Downloaded[0m polars-dtype v0.52.0
Gate Tests (Rust)	Clippy	2026-01-13T21:51:55.4871136Z [1m[92m  Downloaded[0m prost-derive v0.14.3
Gate Tests (Rust)	Clippy	2026-01-13T21:51:55.4886454Z [1m[92m  Downloaded[0m opentelemetry-http v0.31.0
Gate Tests (Rust)	Clippy	2026-01-13T21:51:55.4900046Z [1m[92m  Downloaded[0m polars-row v0.52.0
Gate Tests (Rust)	Clippy	2026-01-13T21:51:55.4923054Z [1m[92m  Downloaded[0m strum_macros v0.27.2
Gate Tests (Rust)	Clippy	2026-01-13T21:51:55.4951690Z [1m[92m  Downloaded[0m signal-hook v0.3.18
Gate Tests (Rust)	Clippy	2026-01-13T21:51:55.4986282Z [1m[92m  Downloaded[0m slotmap v1.1.1
Gate Tests (Rust)	Clippy	2026-01-13T21:51:55.5012058Z [1m[92m  Downloaded[0m rand_distr v0.5.1
Gate Tests (Rust)	Clippy	2026-01-13T21:51:55.5050183Z [1m[92m  Downloaded[0m polars-utils v0.52.0
Gate Tests (Rust)	Clippy	2026-01-13T21:51:55.5108365Z [1m[92m  Downloaded[0m tonic v0.14.2
Gate Tests (Rust)	Clippy	2026-01-13T21:51:55.5171037Z [1m[92m  Downloaded[0m tracing-opentelemetry v0.32.0
Gate Tests (Rust)	Clippy	2026-01-13T21:51:55.5213016Z [1m[92m  Downloaded[0m polars-expr v0.52.0
Gate Tests (Rust)	Clippy	2026-01-13T21:51:55.5288332Z [1m[92m  Downloaded[0m polars-ops v0.52.0
Gate Tests (Rust)	Clippy	2026-01-13T21:51:55.5396715Z [1m[92m  Downloaded[0m quick-xml v0.37.5
Gate Tests (Rust)	Clippy	2026-01-13T21:51:55.5451508Z [1m[92m  Downloaded[0m polars-io v0.52.0
Gate Tests (Rust)	Clippy	2026-01-13T21:51:55.5538231Z [1m[92m  Downloaded[0m opentelemetry_sdk v0.31.0
Gate Tests (Rust)	Clippy	2026-01-13T21:51:55.5629225Z [1m[92m  Downloaded[0m polars-compute v0.52.0
Gate Tests (Rust)	Clippy	2026-01-13T21:51:55.5712111Z [1m[92m  Downloaded[0m polars v0.52.0
Gate Tests (Rust)	Clippy	2026-01-13T21:51:55.5850417Z [1m[92m  Downloaded[0m polars-lazy v0.52.0
Gate Tests (Rust)	Clippy	2026-01-13T21:51:55.5892150Z [1m[92m  Downloaded[0m polars-arrow v0.52.0
Gate Tests (Rust)	Clippy	2026-01-13T21:51:55.6107323Z [1m[92m  Downloaded[0m opentelemetry v0.31.0
Gate Tests (Rust)	Clippy	2026-01-13T21:51:55.6149978Z [1m[92m  Downloaded[0m bb8-redis v0.17.0
Gate Tests (Rust)	Clippy	2026-01-13T21:51:55.6156992Z [1m[92m  Downloaded[0m opentelemetry-proto v0.31.0
Gate Tests (Rust)	Clippy	2026-01-13T21:51:55.6185992Z [1m[92m  Downloaded[0m polars-plan v0.52.0
Gate Tests (Rust)	Clippy	2026-01-13T21:51:55.6380520Z [1m[92m  Downloaded[0m polars-mem-engine v0.52.0
Gate Tests (Rust)	Clippy	2026-01-13T21:51:55.6413797Z [1m[92m  Downloaded[0m polars-core v0.52.0
Gate Tests (Rust)	Clippy	2026-01-13T21:51:55.6609682Z [1m[92m  Downloaded[0m prost v0.14.3
Gate Tests (Rust)	Clippy	2026-01-13T21:51:55.6626600Z [1m[92m  Downloaded[0m foldhash v0.2.0
Gate Tests (Rust)	Clippy	2026-01-13T21:51:55.6639415Z [1m[92m  Downloaded[0m polars-schema v0.52.0
Gate Tests (Rust)	Clippy	2026-01-13T21:51:55.6649215Z [1m[92m  Downloaded[0m polars-error v0.52.0
Gate Tests (Rust)	Clippy	2026-01-13T21:51:55.6819653Z [1m[92m  Downloaded[0m pqcrypto-dilithium v0.5.0
Gate Tests (Rust)	Clippy	2026-01-13T21:51:55.9023743Z [1m[92m  Downloaded[0m pqcrypto-kyber v0.8.1
Gate Tests (Rust)	Clippy	2026-01-13T21:51:56.5918416Z [1m[92m   Compiling[0m proc-macro2 v1.0.105
Gate Tests (Rust)	Clippy	2026-01-13T21:51:56.5921387Z [1m[92m   Compiling[0m unicode-ident v1.0.22
Gate Tests (Rust)	Clippy	2026-01-13T21:51:56.5922454Z [1m[92m   Compiling[0m quote v1.0.43
Gate Tests (Rust)	Clippy	2026-01-13T21:51:56.5923060Z [1m[92m   Compiling[0m libc v0.2.180
Gate Tests (Rust)	Clippy	2026-01-13T21:51:59.1507589Z [1m[92m   Compiling[0m serde v1.0.228
Gate Tests (Rust)	Clippy	2026-01-13T21:52:01.4236881Z [1m[92m   Compiling[0m serde_core v1.0.228
Gate Tests (Rust)	Clippy	2026-01-13T21:52:01.4269117Z [1m[92m    Checking[0m cfg-if v1.0.4
Gate Tests (Rust)	Clippy	2026-01-13T21:52:02.6911035Z [1m[92m   Compiling[0m autocfg v1.5.0
Gate Tests (Rust)	Clippy	2026-01-13T21:52:02.7310734Z [1m[92m    Checking[0m memchr v2.7.6
Gate Tests (Rust)	Clippy	2026-01-13T21:52:03.1562327Z [1m[92m   Compiling[0m jobserver v0.1.34
Gate Tests (Rust)	Clippy	2026-01-13T21:52:03.1701076Z [1m[92m   Compiling[0m find-msvc-tools v0.1.6
Gate Tests (Rust)	Clippy	2026-01-13T21:52:03.3436774Z [1m[92m   Compiling[0m syn v2.0.113
Gate Tests (Rust)	Clippy	2026-01-13T21:52:03.3582973Z [1m[92m   Compiling[0m shlex v1.3.0
Gate Tests (Rust)	Clippy	2026-01-13T21:52:03.4456171Z [1m[92m   Compiling[0m libm v0.2.15
Gate Tests (Rust)	Clippy	2026-01-13T21:52:03.4823743Z [1m[92m   Compiling[0m cc v1.2.51
Gate Tests (Rust)	Clippy	2026-01-13T21:52:03.6515899Z [1m[92m    Checking[0m pin-project-lite v0.2.16
Gate Tests (Rust)	Clippy	2026-01-13T21:52:03.6921055Z [1m[92m    Checking[0m itoa v1.0.17
Gate Tests (Rust)	Clippy	2026-01-13T21:52:03.7751958Z [1m[92m   Compiling[0m parking_lot_core v0.9.12
Gate Tests (Rust)	Clippy	2026-01-13T21:52:03.9337042Z [1m[92m    Checking[0m once_cell v1.21.3
Gate Tests (Rust)	Clippy	2026-01-13T21:52:04.0450535Z [1m[92m   Compiling[0m version_check v0.9.5
Gate Tests (Rust)	Clippy	2026-01-13T21:52:04.2514697Z [1m[92m    Checking[0m value-bag v1.12.0
Gate Tests (Rust)	Clippy	2026-01-13T21:52:04.4294782Z [1m[92m    Checking[0m scopeguard v1.2.0
Gate Tests (Rust)	Clippy	2026-01-13T21:52:04.4616880Z [1m[92m    Checking[0m lock_api v0.4.14
Gate Tests (Rust)	Clippy	2026-01-13T21:52:04.6468772Z [1m[92m    Checking[0m log v0.4.29
Gate Tests (Rust)	Clippy	2026-01-13T21:52:04.8443060Z [1m[92m   Compiling[0m num-traits v0.2.19
Gate Tests (Rust)	Clippy	2026-01-13T21:52:04.8589619Z [1m[92m   Compiling[0m crossbeam-utils v0.8.21
Gate Tests (Rust)	Clippy	2026-01-13T21:52:05.0546872Z [1m[92m    Checking[0m errno v0.3.14
Gate Tests (Rust)	Clippy	2026-01-13T21:52:05.1203292Z [1m[92m    Checking[0m signal-hook-registry v1.4.8
Gate Tests (Rust)	Clippy	2026-01-13T21:52:05.2285112Z [1m[92m    Checking[0m futures-core v0.3.31
Gate Tests (Rust)	Clippy	2026-01-13T21:52:05.2954244Z [1m[92m    Checking[0m allocator-api2 v0.2.21
Gate Tests (Rust)	Clippy	2026-01-13T21:52:05.3544244Z [1m[92m    Checking[0m socket2 v0.6.1
Gate Tests (Rust)	Clippy	2026-01-13T21:52:05.5525563Z [1m[92m    Checking[0m mio v1.1.1
Gate Tests (Rust)	Clippy	2026-01-13T21:52:05.5970271Z [1m[92m    Checking[0m crossbeam-epoch v0.9.18
Gate Tests (Rust)	Clippy	2026-01-13T21:52:05.6451591Z [1m[92m   Compiling[0m rayon-core v1.13.0
Gate Tests (Rust)	Clippy	2026-01-13T21:52:05.7390694Z [1m[92m    Checking[0m equivalent v1.0.2
Gate Tests (Rust)	Clippy	2026-01-13T21:52:05.7543836Z [1m[92m    Checking[0m crossbeam-deque v0.8.6
Gate Tests (Rust)	Clippy	2026-01-13T21:52:05.7800493Z [1m[92m    Checking[0m tracing-core v0.1.36
Gate Tests (Rust)	Clippy	2026-01-13T21:52:05.8134358Z [1m[92m    Checking[0m getrandom v0.2.16
Gate Tests (Rust)	Clippy	2026-01-13T21:52:05.9070131Z [1m[92m    Checking[0m foldhash v0.2.0
Gate Tests (Rust)	Clippy	2026-01-13T21:52:06.0000308Z [1m[92m    Checking[0m futures-sink v0.3.31
Gate Tests (Rust)	Clippy	2026-01-13T21:52:06.0492384Z [1m[92m   Compiling[0m getrandom v0.3.4
Gate Tests (Rust)	Clippy	2026-01-13T21:52:06.0545939Z [1m[92m    Checking[0m futures-io v0.3.31
Gate Tests (Rust)	Clippy	2026-01-13T21:52:06.1178582Z [1m[92m    Checking[0m slab v0.4.11
Gate Tests (Rust)	Clippy	2026-01-13T21:52:06.1845544Z [1m[92m    Checking[0m pin-utils v0.1.0
Gate Tests (Rust)	Clippy	2026-01-13T21:52:06.2196110Z [1m[92m    Checking[0m futures-channel v0.3.31
Gate Tests (Rust)	Clippy	2026-01-13T21:52:06.2256128Z [1m[92m    Checking[0m futures-task v0.3.31
Gate Tests (Rust)	Clippy	2026-01-13T21:52:06.3115586Z [1m[92m   Compiling[0m typenum v1.19.0
Gate Tests (Rust)	Clippy	2026-01-13T21:52:06.3483563Z [1m[92m   Compiling[0m generic-array v0.14.7
Gate Tests (Rust)	Clippy	2026-01-13T21:52:06.3693754Z [1m[92m    Checking[0m bitflags v2.10.0
Gate Tests (Rust)	Clippy	2026-01-13T21:52:06.4672209Z [1m[92m   Compiling[0m zerocopy v0.8.31
Gate Tests (Rust)	Clippy	2026-01-13T21:52:06.4724070Z [1m[92m    Checking[0m ryu v1.0.22
Gate Tests (Rust)	Clippy	2026-01-13T21:52:06.5404298Z [1m[92m   Compiling[0m thiserror v2.0.17
Gate Tests (Rust)	Clippy	2026-01-13T21:52:06.5649049Z [1m[92m    Checking[0m percent-encoding v2.3.2
Gate Tests (Rust)	Clippy	2026-01-13T21:52:06.6451388Z [1m[92m    Checking[0m rand_core v0.6.4
Gate Tests (Rust)	Clippy	2026-01-13T21:52:06.7427206Z [1m[92m   Compiling[0m zmij v1.0.12
Gate Tests (Rust)	Clippy	2026-01-13T21:52:06.7532819Z [1m[92m    Checking[0m num-integer v0.1.46
Gate Tests (Rust)	Clippy	2026-01-13T21:52:06.7990503Z [1m[92m    Checking[0m iana-time-zone v0.1.64
Gate Tests (Rust)	Clippy	2026-01-13T21:52:06.8668199Z [1m[92m   Compiling[0m serde_json v1.0.149
Gate Tests (Rust)	Clippy	2026-01-13T21:52:06.9137946Z [1m[92m    Checking[0m fnv v1.0.7
Gate Tests (Rust)	Clippy	2026-01-13T21:52:06.9532062Z [1m[92m   Compiling[0m pkg-config v0.3.32
Gate Tests (Rust)	Clippy	2026-01-13T21:52:06.9693574Z [1m[92m    Checking[0m uuid v1.19.0
Gate Tests (Rust)	Clippy	2026-01-13T21:52:06.9773296Z [1m[92m    Checking[0m subtle v2.6.1
Gate Tests (Rust)	Clippy	2026-01-13T21:52:07.0579180Z [1m[92m   Compiling[0m synstructure v0.13.2
Gate Tests (Rust)	Clippy	2026-01-13T21:52:07.2248710Z [1m[92m    Checking[0m base64 v0.22.1
Gate Tests (Rust)	Clippy	2026-01-13T21:52:07.4269089Z [1m[92m   Compiling[0m dunce v1.0.5
Gate Tests (Rust)	Clippy	2026-01-13T21:52:07.4704446Z [1m[92m    Checking[0m tower-service v0.3.3
Gate Tests (Rust)	Clippy	2026-01-13T21:52:07.5730830Z [1m[92m    Checking[0m zeroize v1.8.2
Gate Tests (Rust)	Clippy	2026-01-13T21:52:07.6286313Z [1m[92m   Compiling[0m vcpkg v0.2.15
Gate Tests (Rust)	Clippy	2026-01-13T21:52:07.9601431Z [1m[92m   Compiling[0m ring v0.17.14
Gate Tests (Rust)	Clippy	2026-01-13T21:52:08.4112871Z [1m[92m   Compiling[0m icu_normalizer_data v2.1.1
Gate Tests (Rust)	Clippy	2026-01-13T21:52:08.5058936Z [1m[92m   Compiling[0m icu_properties_data v2.1.2
Gate Tests (Rust)	Clippy	2026-01-13T21:52:08.6590126Z [1m[92m   Compiling[0m serde_derive v1.0.228
Gate Tests (Rust)	Clippy	2026-01-13T21:52:08.6846934Z [1m[92m   Compiling[0m tracing-attributes v0.1.31
Gate Tests (Rust)	Clippy	2026-01-13T21:52:08.7460162Z [1m[92m   Compiling[0m tokio-macros v2.6.0
Gate Tests (Rust)	Clippy	2026-01-13T21:52:09.3734393Z [1m[92m   Compiling[0m futures-macro v0.3.31
Gate Tests (Rust)	Clippy	2026-01-13T21:52:09.6083916Z [1m[92m    Checking[0m tracing v0.1.44
Gate Tests (Rust)	Clippy	2026-01-13T21:52:09.7423218Z [1m[92m   Compiling[0m zerocopy-derive v0.8.31
Gate Tests (Rust)	Clippy	2026-01-13T21:52:09.9149180Z [1m[92m    Checking[0m futures-util v0.3.31
Gate Tests (Rust)	Clippy	2026-01-13T21:52:11.5469560Z [1m[92m    Checking[0m bytes v1.11.0
Gate Tests (Rust)	Clippy	2026-01-13T21:52:11.8824537Z [1m[92m    Checking[0m smallvec v1.15.1
Gate Tests (Rust)	Clippy	2026-01-13T21:52:12.0104797Z [1m[92m    Checking[0m either v1.15.0
Gate Tests (Rust)	Clippy	2026-01-13T21:52:12.1430268Z [1m[92m    Checking[0m parking_lot v0.12.5
Gate Tests (Rust)	Clippy	2026-01-13T21:52:12.1900042Z [1m[92m    Checking[0m rayon v1.11.0
Gate Tests (Rust)	Clippy	2026-01-13T21:52:12.2809042Z [1m[92m    Checking[0m tokio v1.49.0
Gate Tests (Rust)	Clippy	2026-01-13T21:52:12.5304568Z [1m[92m   Compiling[0m thiserror-impl v2.0.17
Gate Tests (Rust)	Clippy	2026-01-13T21:52:13.4199608Z [1m[92m   Compiling[0m zerofrom-derive v0.1.6
Gate Tests (Rust)	Clippy	2026-01-13T21:52:14.1823576Z [1m[92m   Compiling[0m yoke-derive v0.8.1
Gate Tests (Rust)	Clippy	2026-01-13T21:52:14.2372900Z [1m[92m    Checking[0m hashbrown v0.16.1
Gate Tests (Rust)	Clippy	2026-01-13T21:52:14.7841022Z [1m[92m   Compiling[0m displaydoc v0.2.5
Gate Tests (Rust)	Clippy	2026-01-13T21:52:14.8402230Z [1m[92m    Checking[0m indexmap v2.12.1
Gate Tests (Rust)	Clippy	2026-01-13T21:52:15.3234746Z [1m[92m    Checking[0m chrono v0.4.42
Gate Tests (Rust)	Clippy	2026-01-13T21:52:15.3611900Z [1m[92m   Compiling[0m zerovec-derive v0.11.2
Gate Tests (Rust)	Clippy	2026-01-13T21:52:15.5650662Z [1m[92m    Checking[0m tokio-util v0.7.18
Gate Tests (Rust)	Clippy	2026-01-13T21:52:16.0770589Z [1m[92m    Checking[0m http v1.4.0
Gate Tests (Rust)	Clippy	2026-01-13T21:52:16.0772401Z [1m[92m    Checking[0m ppv-lite86 v0.2.21
Gate Tests (Rust)	Clippy	2026-01-13T21:52:16.1144520Z [1m[92m   Compiling[0m httparse v1.10.1
Gate Tests (Rust)	Clippy	2026-01-13T21:52:16.4414140Z [1m[92m    Checking[0m untrusted v0.9.0
Gate Tests (Rust)	Clippy	2026-01-13T21:52:16.5985753Z [1m[92m    Checking[0m http-body v1.0.1
Gate Tests (Rust)	Clippy	2026-01-13T21:52:16.6683241Z [1m[92m    Checking[0m http-body-util v0.1.3
Gate Tests (Rust)	Clippy	2026-01-13T21:52:16.6726210Z [1m[92m    Checking[0m zerofrom v0.1.6
Gate Tests (Rust)	Clippy	2026-01-13T21:52:16.7437429Z [1m[92m    Checking[0m crypto-common v0.1.7
Gate Tests (Rust)	Clippy	2026-01-13T21:52:16.8085215Z [1m[92m    Checking[0m stable_deref_trait v1.2.1
Gate Tests (Rust)	Clippy	2026-01-13T21:52:16.8135696Z [1m[92m    Checking[0m tower-layer v0.3.3
Gate Tests (Rust)	Clippy	2026-01-13T21:52:16.8391767Z [1m[92m    Checking[0m yoke v0.8.1
Gate Tests (Rust)	Clippy	2026-01-13T21:52:16.9379562Z [1m[92m    Checking[0m atomic-waker v1.1.2
Gate Tests (Rust)	Clippy	2026-01-13T21:52:16.9507332Z [1m[92m   Compiling[0m rustversion v1.0.22
Gate Tests (Rust)	Clippy	2026-01-13T21:52:16.9742815Z [1m[92m    Checking[0m try-lock v0.2.5
Gate Tests (Rust)	Clippy	2026-01-13T21:52:17.0056758Z [1m[92m    Checking[0m want v0.3.1
Gate Tests (Rust)	Clippy	2026-01-13T21:52:17.0510354Z [1m[92m   Compiling[0m cmake v0.1.57
Gate Tests (Rust)	Clippy	2026-01-13T21:52:17.1493279Z [1m[92m   Compiling[0m fs_extra v1.3.0
Gate Tests (Rust)	Clippy	2026-01-13T21:52:17.3701006Z [1m[92m    Checking[0m httpdate v1.0.3
Gate Tests (Rust)	Clippy	2026-01-13T21:52:17.4578886Z [1m[92m   Compiling[0m aws-lc-sys v0.35.0
Gate Tests (Rust)	Clippy	2026-01-13T21:52:18.0988786Z [1m[92m    Checking[0m zerovec v0.11.5
Gate Tests (Rust)	Clippy	2026-01-13T21:52:18.1080434Z [1m[92m    Checking[0m aho-corasick v1.1.4
Gate Tests (Rust)	Clippy	2026-01-13T21:52:18.4663028Z [1m[92m   Compiling[0m heck v0.5.0
Gate Tests (Rust)	Clippy	2026-01-13T21:52:18.5708052Z [1m[92m    Checking[0m regex-syntax v0.8.8
Gate Tests (Rust)	Clippy	2026-01-13T21:52:18.8622227Z [1m[92m   Compiling[0m openssl-sys v0.9.111
Gate Tests (Rust)	Clippy	2026-01-13T21:52:19.1043993Z [1m[92m    Checking[0m form_urlencoded v1.2.2
Gate Tests (Rust)	Clippy	2026-01-13T21:52:19.2590854Z [1m[92m    Checking[0m num-bigint v0.4.6
Gate Tests (Rust)	Clippy	2026-01-13T21:52:19.5774122Z [1m[92m    Checking[0m regex-automata v0.4.13
Gate Tests (Rust)	Clippy	2026-01-13T21:52:19.9568541Z [1m[92m   Compiling[0m async-trait v0.1.89
Gate Tests (Rust)	Clippy	2026-01-13T21:52:20.4842771Z [1m[92m    Checking[0m rustls-pki-types v1.13.2
Gate Tests (Rust)	Clippy	2026-01-13T21:52:20.6783153Z [1m[92m   Compiling[0m aws-lc-rs v1.15.2
Gate Tests (Rust)	Clippy	2026-01-13T21:52:20.7848191Z [1m[92m   Compiling[0m anyhow v1.0.100
Gate Tests (Rust)	Clippy	2026-01-13T21:52:20.9597777Z [1m[92m    Checking[0m tinystr v0.8.2
Gate Tests (Rust)	Clippy	2026-01-13T21:52:21.0589509Z [1m[92m    Checking[0m sync_wrapper v1.0.2
Gate Tests (Rust)	Clippy	2026-01-13T21:52:21.1007755Z [1m[92m    Checking[0m writeable v0.6.2
Gate Tests (Rust)	Clippy	2026-01-13T21:52:21.1390841Z [1m[92m    Checking[0m litemap v0.8.1
Gate Tests (Rust)	Clippy	2026-01-13T21:52:21.1746372Z [1m[92m    Checking[0m potential_utf v0.1.4
Gate Tests (Rust)	Clippy	2026-01-13T21:52:21.2215256Z [1m[92m    Checking[0m zerotrie v0.2.3
Gate Tests (Rust)	Clippy	2026-01-13T21:52:21.2384575Z [1m[92m    Checking[0m icu_locale_core v2.1.1
Gate Tests (Rust)	Clippy	2026-01-13T21:52:21.3679780Z [1m[92m   Compiling[0m semver v1.0.27
Gate Tests (Rust)	Clippy	2026-01-13T21:52:21.5488794Z [1m[92m    Checking[0m icu_collections v2.1.1
Gate Tests (Rust)	Clippy	2026-01-13T21:52:21.6788276Z [1m[92m    Checking[0m icu_provider v2.1.1
Gate Tests (Rust)	Clippy	2026-01-13T21:52:21.7496111Z [1m[92m    Checking[0m block-buffer v0.10.4
Gate Tests (Rust)	Clippy	2026-01-13T21:52:21.8047591Z [1m[92m    Checking[0m cpufeatures v0.2.17
Gate Tests (Rust)	Clippy	2026-01-13T21:52:21.8126794Z [1m[92m   Compiling[0m rustls v0.23.36
Gate Tests (Rust)	Clippy	2026-01-13T21:52:21.8301161Z [1m[92m    Checking[0m digest v0.10.7
Gate Tests (Rust)	Clippy	2026-01-13T21:52:21.8779679Z [1m[92m    Checking[0m h2 v0.4.13
Gate Tests (Rust)	Clippy	2026-01-13T21:52:22.0378962Z [1m[92m    Checking[0m rand_core v0.9.3
Gate Tests (Rust)	Clippy	2026-01-13T21:52:22.1228921Z [1m[92m    Checking[0m rand_chacha v0.9.0
Gate Tests (Rust)	Clippy	2026-01-13T21:52:22.2282771Z [1m[92m    Checking[0m icu_properties v2.1.2
Gate Tests (Rust)	Clippy	2026-01-13T21:52:22.9013179Z [1m[92m    Checking[0m icu_normalizer v2.1.1
Gate Tests (Rust)	Clippy	2026-01-13T21:52:23.0992799Z [1m[92m    Checking[0m webpki-roots v1.0.5
Gate Tests (Rust)	Clippy	2026-01-13T21:52:23.1481709Z [1m[92m    Checking[0m ipnet v2.11.0
Gate Tests (Rust)	Clippy	2026-01-13T21:52:23.2778113Z [1m[92m   Compiling[0m openssl v0.10.75
Gate Tests (Rust)	Clippy	2026-01-13T21:52:23.3806013Z [1m[92m    Checking[0m idna_adapter v1.2.1
Gate Tests (Rust)	Clippy	2026-01-13T21:52:23.4259225Z [1m[92m    Checking[0m rand v0.9.2
Gate Tests (Rust)	Clippy	2026-01-13T21:52:23.7960735Z [1m[92m   Compiling[0m openssl-macros v0.1.1
Gate Tests (Rust)	Clippy	2026-01-13T21:52:24.0816946Z [1m[92m    Checking[0m utf8_iter v1.0.4
Gate Tests (Rust)	Clippy	2026-01-13T21:52:24.1470777Z [1m[92m    Checking[0m idna v1.1.0
Gate Tests (Rust)	Clippy	2026-01-13T21:52:24.3266739Z [1m[92m    Checking[0m hyper v1.8.1
Gate Tests (Rust)	Clippy	2026-01-13T21:52:24.3358219Z [1m[92m    Checking[0m tower v0.5.2
Gate Tests (Rust)	Clippy	2026-01-13T21:52:25.2787928Z [1m[92m    Checking[0m hyper-util v0.1.19
Gate Tests (Rust)	Clippy	2026-01-13T21:52:25.3310224Z [1m[92m    Checking[0m url v2.5.8
Gate Tests (Rust)	Clippy	2026-01-13T21:52:25.7226930Z [1m[92m    Checking[0m regex v1.12.2
Gate Tests (Rust)	Clippy	2026-01-13T21:52:25.8513790Z [1m[92m    Checking[0m openssl-probe v0.2.0
Gate Tests (Rust)	Clippy	2026-01-13T21:52:25.9037096Z [1m[92m    Checking[0m rustls-native-certs v0.8.3
Gate Tests (Rust)	Clippy	2026-01-13T21:52:26.0180620Z [1m[92m   Compiling[0m native-tls v0.2.14
Gate Tests (Rust)	Clippy	2026-01-13T21:52:26.0530754Z [1m[92m    Checking[0m mime v0.3.17
Gate Tests (Rust)	Clippy	2026-01-13T21:52:26.2814246Z [1m[92m    Checking[0m powerfmt v0.2.0
Gate Tests (Rust)	Clippy	2026-01-13T21:52:26.3545755Z [1m[92m   Compiling[0m target-lexicon v0.13.4
Gate Tests (Rust)	Clippy	2026-01-13T21:52:26.3828181Z [1m[92m   Compiling[0m time-core v0.1.6
Gate Tests (Rust)	Clippy	2026-01-13T21:52:26.4503684Z [1m[92m   Compiling[0m num-conv v0.1.0
Gate Tests (Rust)	Clippy	2026-01-13T21:52:26.4997534Z [1m[92m    Checking[0m foreign-types-shared v0.1.1
Gate Tests (Rust)	Clippy	2026-01-13T21:52:26.5328702Z [1m[92m    Checking[0m foreign-types v0.3.2
Gate Tests (Rust)	Clippy	2026-01-13T21:52:26.5427016Z [1m[92m   Compiling[0m time-macros v0.2.24
Gate Tests (Rust)	Clippy	2026-01-13T21:52:26.5676729Z [1m[92m    Checking[0m deranged v0.5.5
Gate Tests (Rust)	Clippy	2026-01-13T21:52:27.5122344Z [1m[92m    Checking[0m socket2 v0.5.10
Gate Tests (Rust)	Clippy	2026-01-13T21:52:27.6265187Z [1m[92m    Checking[0m fastrand v2.3.0
Gate Tests (Rust)	Clippy	2026-01-13T21:52:27.7144528Z [1m[92m    Checking[0m time v0.3.44
Gate Tests (Rust)	Clippy	2026-01-13T21:52:27.7447491Z [1m[92m    Checking[0m sha2 v0.10.9
Gate Tests (Rust)	Clippy	2026-01-13T21:52:27.9723205Z [1m[92m   Compiling[0m rustc_version v0.4.1
Gate Tests (Rust)	Clippy	2026-01-13T21:52:28.1985501Z [1m[92m    Checking[0m rand_chacha v0.3.1
Gate Tests (Rust)	Clippy	2026-01-13T21:52:28.7559884Z [1m[92m    Checking[0m rand v0.8.5
Gate Tests (Rust)	Clippy	2026-01-13T21:52:29.2319307Z [1m[92m    Checking[0m http v0.2.12
Gate Tests (Rust)	Clippy	2026-01-13T21:52:29.4530064Z [1m[92m    Checking[0m futures-executor v0.3.31
Gate Tests (Rust)	Clippy	2026-01-13T21:52:29.8050755Z [1m[92m    Checking[0m http-body v0.4.6
Gate Tests (Rust)	Clippy	2026-01-13T21:52:29.9273876Z [1m[92m    Checking[0m serde_urlencoded v0.7.1
Gate Tests (Rust)	Clippy	2026-01-13T21:52:29.9433520Z [1m[92m   Compiling[0m object v0.32.2
Gate Tests (Rust)	Clippy	2026-01-13T21:52:30.0648116Z [1m[92m    Checking[0m tokio-stream v0.1.18
Gate Tests (Rust)	Clippy	2026-01-13T21:52:30.1377018Z [1m[92m    Checking[0m concurrent-queue v2.5.0
Gate Tests (Rust)	Clippy	2026-01-13T21:52:30.2549804Z [1m[92m    Checking[0m parking v2.2.1
Gate Tests (Rust)	Clippy	2026-01-13T21:52:30.3092662Z [1m[92m   Compiling[0m thiserror v1.0.69
Gate Tests (Rust)	Clippy	2026-01-13T21:52:30.3166001Z [1m[92m    Checking[0m openssl-probe v0.1.6
Gate Tests (Rust)	Clippy	2026-01-13T21:52:30.3611978Z [1m[92m    Checking[0m foldhash v0.1.5
Gate Tests (Rust)	Clippy	2026-01-13T21:52:30.4255897Z [1m[92m    Checking[0m hashbrown v0.15.5
Gate Tests (Rust)	Clippy	2026-01-13T21:52:31.0361151Z [1m[92m   Compiling[0m thiserror-impl v1.0.69
Gate Tests (Rust)	Clippy	2026-01-13T21:52:31.3392898Z [1m[92m    Checking[0m encoding_rs v0.8.35
Gate Tests (Rust)	Clippy	2026-01-13T21:52:32.1035903Z [1m[92m   Compiling[0m rustix v1.1.3
Gate Tests (Rust)	Clippy	2026-01-13T21:52:32.2531165Z [1m[92m    Checking[0m tokio-native-tls v0.3.1
Gate Tests (Rust)	Clippy	2026-01-13T21:52:32.4200112Z [1m[92m    Checking[0m num-complex v0.4.6
Gate Tests (Rust)	Clippy	2026-01-13T21:52:32.5608166Z [1m[92m   Compiling[0m crc32fast v1.5.0
Gate Tests (Rust)	Clippy	2026-01-13T21:52:32.7104832Z [1m[92m   Compiling[0m ar_archive_writer v0.2.0
Gate Tests (Rust)	Clippy	2026-01-13T21:52:32.7588723Z [1m[92m    Checking[0m linux-raw-sys v0.11.0
Gate Tests (Rust)	Clippy	2026-01-13T21:52:33.0942609Z [1m[92m   Compiling[0m psm v0.1.28
Gate Tests (Rust)	Clippy	2026-01-13T21:52:33.3657354Z [1m[92m    Checking[0m iri-string v0.7.10
Gate Tests (Rust)	Clippy	2026-01-13T21:52:33.4216566Z [1m[92m    Checking[0m hex v0.4.3
Gate Tests (Rust)	Clippy	2026-01-13T21:52:33.6059638Z [1m[92m    Checking[0m lazy_static v1.5.0
Gate Tests (Rust)	Clippy	2026-01-13T21:52:33.9005717Z [1m[92m    Checking[0m hyper-tls v0.6.0
Gate Tests (Rust)	Clippy	2026-01-13T21:52:34.0009686Z [1m[92m    Checking[0m half v2.7.1
Gate Tests (Rust)	Clippy	2026-01-13T21:52:34.3589403Z [1m[92m   Compiling[0m stacker v0.1.22
Gate Tests (Rust)	Clippy	2026-01-13T21:52:34.3776972Z [1m[92m    Checking[0m tower-http v0.6.8
Gate Tests (Rust)	Clippy	2026-01-13T21:52:34.4891959Z [1m[92m    Checking[0m simdutf8 v0.1.5
Gate Tests (Rust)	Clippy	2026-01-13T21:52:34.7614215Z [1m[92m   Compiling[0m signal-hook v0.3.18
Gate Tests (Rust)	Clippy	2026-01-13T21:52:35.1513396Z [1m[92m    Checking[0m event-listener v5.4.1
Gate Tests (Rust)	Clippy	2026-01-13T21:52:35.4958700Z [1m[92m   Compiling[0m pin-project-internal v1.1.10
Gate Tests (Rust)	Clippy	2026-01-13T21:52:35.5286813Z [1m[92m   Compiling[0m slotmap v1.1.1
Gate Tests (Rust)	Clippy	2026-01-13T21:52:36.3349434Z [1m[92m    Checking[0m pin-project v1.1.10
Gate Tests (Rust)	Clippy	2026-01-13T21:52:36.7208951Z [1m[92m    Checking[0m hmac v0.12.1
Gate Tests (Rust)	Clippy	2026-01-13T21:52:36.8034518Z [1m[92m    Checking[0m castaway v0.2.4
Gate Tests (Rust)	Clippy	2026-01-13T21:52:36.9298688Z [1m[92m   Compiling[0m bytemuck_derive v1.10.2
Gate Tests (Rust)	Clippy	2026-01-13T21:52:37.1732808Z [1m[92m   Compiling[0m polars-utils v0.52.0
Gate Tests (Rust)	Clippy	2026-01-13T21:52:37.2607717Z [1m[92m   Compiling[0m bigdecimal v0.4.10
Gate Tests (Rust)	Clippy	2026-01-13T21:52:37.3384282Z [1m[92m   Compiling[0m cranelift-srcgen v0.127.0
Gate Tests (Rust)	Clippy	2026-01-13T21:52:37.4924043Z [1m[92m    Checking[0m siphasher v1.0.1
Gate Tests (Rust)	Clippy	2026-01-13T21:52:37.6035663Z [1m[92m    Checking[0m static_assertions v1.1.0
Gate Tests (Rust)	Clippy	2026-01-13T21:52:37.8761384Z [1m[92m    Checking[0m compact_str v0.9.0
Gate Tests (Rust)	Clippy	2026-01-13T21:52:37.9710751Z [1m[92m    Checking[0m bytemuck v1.24.0
Gate Tests (Rust)	Clippy	2026-01-13T21:52:38.1611955Z [1m[92m    Checking[0m phf_shared v0.12.1
Gate Tests (Rust)	Clippy	2026-01-13T21:52:38.1696172Z [1m[92m   Compiling[0m cranelift-assembler-x64-meta v0.127.0
Gate Tests (Rust)	Clippy	2026-01-13T21:52:39.2746756Z [1m[92m    Checking[0m polars-error v0.52.0
Gate Tests (Rust)	Clippy	2026-01-13T21:52:39.5387666Z [1m[92m    Checking[0m raw-cpuid v11.6.0
Gate Tests (Rust)	Clippy	2026-01-13T21:52:40.0558568Z [1m[92m   Compiling[0m polars-schema v0.52.0
Gate Tests (Rust)	Clippy	2026-01-13T21:52:40.1469613Z [1m[92m    Checking[0m memmap2 v0.9.9
Gate Tests (Rust)	Clippy	2026-01-13T21:52:40.1875882Z [1m[92m   Compiling[0m chrono-tz v0.10.4
Gate Tests (Rust)	Clippy	2026-01-13T21:52:40.4855981Z [1m[92m    Checking[0m phf v0.12.1
Gate Tests (Rust)	Clippy	2026-01-13T21:52:40.7261101Z [1m[92m   Compiling[0m pulley-macros v40.0.0
Gate Tests (Rust)	Clippy	2026-01-13T21:52:40.9146651Z [1m[92m   Compiling[0m ahash v0.8.12
Gate Tests (Rust)	Clippy	2026-01-13T21:52:41.0052243Z [1m[92m   Compiling[0m polars-arrow v0.52.0
Gate Tests (Rust)	Clippy	2026-01-13T21:52:41.0740022Z [1m[92m   Compiling[0m byteorder v1.5.0
Gate Tests (Rust)	Clippy	2026-01-13T21:52:41.2488857Z [1m[92m   Compiling[0m rust_decimal v1.39.0
Gate Tests (Rust)	Clippy	2026-01-13T21:52:41.3726161Z [1m[92m    Checking[0m home v0.5.12
Gate Tests (Rust)	Clippy	2026-01-13T21:52:42.7108926Z [1m[92m    Checking[0m arrow-buffer v57.1.0
Gate Tests (Rust)	Clippy	2026-01-13T21:52:43.1377683Z [1m[92m   Compiling[0m strum_macros v0.27.2
Gate Tests (Rust)	Clippy	2026-01-13T21:52:44.6816429Z [1m[92m    Checking[0m cranelift-bitset v0.127.0
Gate Tests (Rust)	Clippy	2026-01-13T21:52:44.8016722Z [1m[92m   Compiling[0m wasmtime-internal-versioned-export-macros v40.0.0
Gate Tests (Rust)	Clippy	2026-01-13T21:52:45.0117768Z [1m[92m    Checking[0m atoi v2.0.0
Gate Tests (Rust)	Clippy	2026-01-13T21:52:45.0283421Z [1m[92m    Checking[0m bumpalo v3.19.1
Gate Tests (Rust)	Clippy	2026-01-13T21:52:45.1902131Z [1m[92m    Checking[0m streaming-iterator v0.1.9
Gate Tests (Rust)	Clippy	2026-01-13T21:52:45.4246594Z [1m[92m    Checking[0m arrow-schema v57.1.0
Gate Tests (Rust)	Clippy	2026-01-13T21:52:45.5433642Z [1m[92m    Checking[0m data-encoding v2.9.0
Gate Tests (Rust)	Clippy	2026-01-13T21:52:45.7861773Z [1m[92m    Checking[0m ethnum v1.5.2
Gate Tests (Rust)	Clippy	2026-01-13T21:52:45.8057000Z [1m[92m    Checking[0m arrayvec v0.7.6
Gate Tests (Rust)	Clippy	2026-01-13T21:52:45.9567552Z [1m[92m   Compiling[0m cranelift-isle v0.127.0
Gate Tests (Rust)	Clippy	2026-01-13T21:52:46.1065323Z [1m[92m    Checking[0m dyn-clone v1.0.20
Gate Tests (Rust)	Clippy	2026-01-13T21:52:46.1582366Z [1m[92m    Checking[0m rustc-hash v2.1.1
Gate Tests (Rust)	Clippy	2026-01-13T21:52:46.2170175Z [1m[92m   Compiling[0m pulley-interpreter v40.0.0
Gate Tests (Rust)	Clippy	2026-01-13T21:52:46.5505994Z [1m[92m    Checking[0m arrow-data v57.1.0
Gate Tests (Rust)	Clippy	2026-01-13T21:52:49.0903268Z [1m[92m    Checking[0m event-listener-strategy v0.5.4
Gate Tests (Rust)	Clippy	2026-01-13T21:52:49.1473241Z [1m[92m    Checking[0m futures-lite v2.6.1
Gate Tests (Rust)	Clippy	2026-01-13T21:52:49.2166626Z [1m[92m   Compiling[0m libsqlite3-sys v0.30.1
Gate Tests (Rust)	Clippy	2026-01-13T21:52:49.4166417Z [1m[92m   Compiling[0m polars-compute v0.52.0
Gate Tests (Rust)	Clippy	2026-01-13T21:52:49.8186747Z [1m[92m   Compiling[0m cranelift-codegen-shared v0.127.0
Gate Tests (Rust)	Clippy	2026-01-13T21:52:49.8658576Z [1m[92m    Checking[0m debug_unsafe v0.1.3
Gate Tests (Rust)	Clippy	2026-01-13T21:52:50.0386339Z [1m[92m    Checking[0m vsimd v0.8.0
Gate Tests (Rust)	Clippy	2026-01-13T21:52:50.1523537Z [1m[92m   Compiling[0m glob v0.3.3
Gate Tests (Rust)	Clippy	2026-01-13T21:52:50.1980395Z [1m[92m    Checking[0m outref v0.5.2
Gate Tests (Rust)	Clippy	2026-01-13T21:52:50.3960919Z [1m[92m    Checking[0m base64-simd v0.8.0
Gate Tests (Rust)	Clippy	2026-01-13T21:52:51.0302554Z [1m[92m    Checking[0m atoi_simd v0.16.1
Gate Tests (Rust)	Clippy	2026-01-13T21:52:51.1588872Z [1m[92m   Compiling[0m cranelift-codegen-meta v0.127.0
Gate Tests (Rust)	Clippy	2026-01-13T21:52:54.3695340Z [1m[92m   Compiling[0m rustls-webpki v0.103.8
Gate Tests (Rust)	Clippy	2026-01-13T21:52:55.5469091Z [1m[92m    Checking[0m arrow-array v57.1.0
Gate Tests (Rust)	Clippy	2026-01-13T21:52:58.2171269Z [1m[92m    Checking[0m cranelift-entity v0.127.0
Gate Tests (Rust)	Clippy	2026-01-13T21:52:58.6339877Z [1m[92m   Compiling[0m cranelift-assembler-x64 v0.127.0
Gate Tests (Rust)	Clippy	2026-01-13T21:52:58.8547769Z [1m[92m    Checking[0m sharded-slab v0.1.7
Gate Tests (Rust)	Clippy	2026-01-13T21:52:59.0317143Z [1m[92m    Checking[0m h2 v0.3.27
Gate Tests (Rust)	Clippy	2026-01-13T21:52:59.2615260Z [1m[92m    Checking[0m futures v0.3.31
Gate Tests (Rust)	Clippy	2026-01-13T21:52:59.2985525Z [1m[92m   Compiling[0m itertools v0.14.0
Gate Tests (Rust)	Clippy	2026-01-13T21:53:00.8382411Z [1m[92m    Checking[0m matchers v0.2.0
Gate Tests (Rust)	Clippy	2026-01-13T21:53:00.9011674Z [1m[92m    Checking[0m gimli v0.32.3
Gate Tests (Rust)	Clippy	2026-01-13T21:53:01.0946648Z [1m[92m    Checking[0m bytes-utils v0.1.4
Gate Tests (Rust)	Clippy	2026-01-13T21:53:01.2468374Z [1m[92m   Compiling[0m pqcrypto-internals v0.2.11
Gate Tests (Rust)	Clippy	2026-01-13T21:53:01.3953196Z [1m[92m    Checking[0m tracing-log v0.2.0
Gate Tests (Rust)	Clippy	2026-01-13T21:53:01.5038111Z [1m[92m   Compiling[0m async-io v2.6.0
Gate Tests (Rust)	Clippy	2026-01-13T21:53:01.5906900Z [1m[92m    Checking[0m thread_local v1.1.9
Gate Tests (Rust)	Clippy	2026-01-13T21:53:01.6935664Z [1m[92m    Checking[0m fast-float2 v0.2.3
Gate Tests (Rust)	Clippy	2026-01-13T21:53:01.8351184Z [1m[92m    Checking[0m async-task v4.7.1
Gate Tests (Rust)	Clippy	2026-01-13T21:53:01.9796750Z [1m[92m    Checking[0m nu-ansi-term v0.50.3
Gate Tests (Rust)	Clippy	2026-01-13T21:53:02.1515903Z [1m[92m   Compiling[0m tinyvec_macros v0.1.1
Gate Tests (Rust)	Clippy	2026-01-13T21:53:02.3096348Z [1m[92m    Checking[0m strength_reduce v0.2.4
Gate Tests (Rust)	Clippy	2026-01-13T21:53:02.3806300Z [1m[92m    Checking[0m leb128fmt v0.1.0
Gate Tests (Rust)	Clippy	2026-01-13T21:53:02.5396593Z [1m[92m    Checking[0m boxcar v0.2.14
Gate Tests (Rust)	Clippy	2026-01-13T21:53:02.6568619Z [1m[92m   Compiling[0m wasmparser v0.243.0
Gate Tests (Rust)	Clippy	2026-01-13T21:53:02.6728020Z [1m[92m   Compiling[0m crc-catalog v2.4.0
Gate Tests (Rust)	Clippy	2026-01-13T21:53:02.7225332Z [1m[92m   Compiling[0m crc v3.4.0
Gate Tests (Rust)	Clippy	2026-01-13T21:53:02.8177712Z [1m[92m    Checking[0m polars-dtype v0.52.0
Gate Tests (Rust)	Clippy	2026-01-13T21:53:03.2019820Z [1m[92m   Compiling[0m tinyvec v1.10.0
Gate Tests (Rust)	Clippy	2026-01-13T21:53:03.4954821Z [1m[92m    Checking[0m tracing-subscriber v0.3.22
Gate Tests (Rust)	Clippy	2026-01-13T21:53:04.2760591Z [1m[92m    Checking[0m hyper v0.14.32
Gate Tests (Rust)	Clippy	2026-01-13T21:53:05.1928258Z [1m[92m    Checking[0m aws-smithy-types v1.3.5
Gate Tests (Rust)	Clippy	2026-01-13T21:53:05.9251655Z [1m[92m   Compiling[0m webpki-roots v0.26.11
Gate Tests (Rust)	Clippy	2026-01-13T21:53:05.9644484Z [1m[92m   Compiling[0m cranelift-codegen v0.127.0
Gate Tests (Rust)	Clippy	2026-01-13T21:53:06.8080436Z [1m[92m   Compiling[0m futures-intrusive v0.5.0
Gate Tests (Rust)	Clippy	2026-01-13T21:53:07.5042878Z [1m[92m   Compiling[0m hashlink v0.10.0
Gate Tests (Rust)	Clippy	2026-01-13T21:53:08.3751129Z [1m[92m    Checking[0m async-channel v2.5.0
Gate Tests (Rust)	Clippy	2026-01-13T21:53:08.5024773Z [1m[92m   Compiling[0m crossbeam-queue v0.3.12
Gate Tests (Rust)	Clippy	2026-01-13T21:53:08.5950956Z [1m[92m    Checking[0m polling v3.11.0
Gate Tests (Rust)	Clippy	2026-01-13T21:53:08.7330317Z [1m[92m    Checking[0m piper v0.2.4
Gate Tests (Rust)	Clippy	2026-01-13T21:53:08.8347401Z [1m[92m    Checking[0m sha1 v0.10.6
Gate Tests (Rust)	Clippy	2026-01-13T21:53:08.9454460Z [1m[92m   Compiling[0m zstd-sys v2.0.16+zstd.1.5.7
Gate Tests (Rust)	Clippy	2026-01-13T21:53:08.9876173Z [1m[92m    Checking[0m wasmtime-internal-math v40.0.0
Gate Tests (Rust)	Clippy	2026-01-13T21:53:09.0446204Z [1m[92m   Compiling[0m polars-core v0.52.0
Gate Tests (Rust)	Clippy	2026-01-13T21:53:09.2622115Z [1m[92m   Compiling[0m unicode-xid v0.2.6
Gate Tests (Rust)	Clippy	2026-01-13T21:53:09.3066983Z [1m[92m    Checking[0m lexical-util v1.0.7
Gate Tests (Rust)	Clippy	2026-01-13T21:53:09.3901717Z [1m[92m    Checking[0m utf-8 v0.7.6
Gate Tests (Rust)	Clippy	2026-01-13T21:53:09.4634771Z [1m[92m   Compiling[0m object v0.37.3
Gate Tests (Rust)	Clippy	2026-01-13T21:53:09.6281775Z [1m[92m    Checking[0m arbitrary v1.4.2
Gate Tests (Rust)	Clippy	2026-01-13T21:53:10.0846791Z [1m[92m   Compiling[0m sqlx-core v0.8.6
Gate Tests (Rust)	Clippy	2026-01-13T21:53:10.1923687Z [1m[92m    Checking[0m cranelift-control v0.127.0
Gate Tests (Rust)	Clippy	2026-01-13T21:53:10.3658098Z [1m[92m    Checking[0m tungstenite v0.28.0
Gate Tests (Rust)	Clippy	2026-01-13T21:53:14.9904033Z [1m[92m    Checking[0m blocking v1.6.2
Gate Tests (Rust)	Clippy	2026-01-13T21:53:21.9791274Z [1m[92m    Checking[0m polars-row v0.52.0
Gate Tests (Rust)	Clippy	2026-01-13T21:53:22.4396683Z [1m[92m   Compiling[0m unicode-normalization v0.1.25
Gate Tests (Rust)	Clippy	2026-01-13T21:53:22.8574527Z [1m[92m    Checking[0m async-executor v1.13.3
Gate Tests (Rust)	Clippy	2026-01-13T21:53:22.9927051Z [1m[92m    Checking[0m cranelift-bforest v0.127.0
Gate Tests (Rust)	Clippy	2026-01-13T21:53:23.1279172Z [1m[92m    Checking[0m async-lock v3.4.2
Gate Tests (Rust)	Clippy	2026-01-13T21:53:23.1791624Z [1m[92m    Checking[0m regalloc2 v0.13.4
Gate Tests (Rust)	Clippy	2026-01-13T21:53:23.3626533Z [1m[92m   Compiling[0m spin v0.9.8
Gate Tests (Rust)	Clippy	2026-01-13T21:53:23.5699939Z [1m[92m    Checking[0m rand_distr v0.5.1
Gate Tests (Rust)	Clippy	2026-01-13T21:53:23.9913424Z [1m[92m   Compiling[0m unicode-properties v0.1.4
Gate Tests (Rust)	Clippy	2026-01-13T21:53:24.1432786Z [1m[92m   Compiling[0m wasm-encoder v0.243.0
Gate Tests (Rust)	Clippy	2026-01-13T21:53:24.4339438Z [1m[92m   Compiling[0m unicode-bidi v0.3.18
Gate Tests (Rust)	Clippy	2026-01-13T21:53:24.5116387Z [1m[92m    Checking[0m xxhash-rust v0.8.15
Gate Tests (Rust)	Clippy	2026-01-13T21:53:24.6470802Z [1m[92m   Compiling[0m base64ct v1.8.2
Gate Tests (Rust)	Clippy	2026-01-13T21:53:24.8019676Z [1m[92m    Checking[0m event-listener v2.5.3
Gate Tests (Rust)	Clippy	2026-01-13T21:53:24.8529493Z [1m[92m   Compiling[0m pem-rfc7468 v0.7.0
Gate Tests (Rust)	Clippy	2026-01-13T21:53:24.8653340Z [1m[92m    Checking[0m async-channel v1.9.0
Gate Tests (Rust)	Clippy	2026-01-13T21:53:25.0670135Z [1m[92m   Compiling[0m stringprep v0.1.5
Gate Tests (Rust)	Clippy	2026-01-13T21:53:29.8942101Z [1m[92m   Compiling[0m hkdf v0.12.4
Gate Tests (Rust)	Clippy	2026-01-13T21:53:29.9773472Z [1m[92m    Checking[0m async-global-executor v2.4.1
Gate Tests (Rust)	Clippy	2026-01-13T21:53:30.0904220Z [1m[92m   Compiling[0m flume v0.11.1
Gate Tests (Rust)	Clippy	2026-01-13T21:53:30.5770046Z [1m[92m    Checking[0m tokio-tungstenite v0.28.0
Gate Tests (Rust)	Clippy	2026-01-13T21:53:31.1668883Z [1m[92m    Checking[0m arrow-select v57.1.0
Gate Tests (Rust)	Clippy	2026-01-13T21:53:34.1186304Z [1m[92m   Compiling[0m md-5 v0.10.6
Gate Tests (Rust)	Clippy	2026-01-13T21:53:34.1287591Z [1m[92m    Checking[0m tokio-rustls v0.26.4
Gate Tests (Rust)	Clippy	2026-01-13T21:53:34.2040927Z [1m[92m    Checking[0m axum-core v0.5.6
Gate Tests (Rust)	Clippy	2026-01-13T21:53:34.3171900Z [1m[92m    Checking[0m hyper-rustls v0.27.7
Gate Tests (Rust)	Clippy	2026-01-13T21:53:34.3883886Z [1m[92m    Checking[0m aws-smithy-async v1.2.7
Gate Tests (Rust)	Clippy	2026-01-13T21:53:34.4606929Z [1m[92m    Checking[0m reqwest v0.12.28
Gate Tests (Rust)	Clippy	2026-01-13T21:53:34.5504282Z [1m[92m    Checking[0m cobs v0.3.0
Gate Tests (Rust)	Clippy	2026-01-13T21:53:34.9658954Z [1m[92m   Compiling[0m axum-macros v0.5.0
Gate Tests (Rust)	Clippy	2026-01-13T21:53:35.4507727Z [1m[92m    Checking[0m kv-log-macro v1.0.7
Gate Tests (Rust)	Clippy	2026-01-13T21:53:35.4857224Z [1m[92m   Compiling[0m polars-ops v0.52.0
Gate Tests (Rust)	Clippy	2026-01-13T21:53:35.4925061Z [1m[92m    Checking[0m serde_path_to_error v0.1.20
Gate Tests (Rust)	Clippy	2026-01-13T21:53:35.5801841Z [1m[92m    Checking[0m matchit v0.8.4
Gate Tests (Rust)	Clippy	2026-01-13T21:53:35.7456268Z [1m[92m   Compiling[0m zstd-safe v7.2.4
Gate Tests (Rust)	Clippy	2026-01-13T21:53:35.7505468Z [1m[92m   Compiling[0m whoami v1.6.1
Gate Tests (Rust)	Clippy	2026-01-13T21:53:35.8480141Z [1m[92m   Compiling[0m cpp_demangle v0.4.5
Gate Tests (Rust)	Clippy	2026-01-13T21:53:36.1506497Z [1m[92m   Compiling[0m simd-adler32 v0.3.8
Gate Tests (Rust)	Clippy	2026-01-13T21:53:36.1783944Z [1m[92m    Checking[0m bitflags v1.3.2
Gate Tests (Rust)	Clippy	2026-01-13T21:53:36.2906334Z [1m[92m   Compiling[0m dotenvy v0.15.7
Gate Tests (Rust)	Clippy	2026-01-13T21:53:36.3878897Z [1m[92m    Checking[0m fixedbitset v0.4.2
Gate Tests (Rust)	Clippy	2026-01-13T21:53:36.4906123Z [1m[92m   Compiling[0m adler2 v2.0.1
Gate Tests (Rust)	Clippy	2026-01-13T21:53:36.5559497Z [1m[92m   Compiling[0m miniz_oxide v0.8.9
Gate Tests (Rust)	Clippy	2026-01-13T21:53:36.5600044Z [1m[92m    Checking[0m petgraph v0.6.5
Gate Tests (Rust)	Clippy	2026-01-13T21:53:36.5956681Z [1m[92m    Checking[0m axum v0.8.8
Gate Tests (Rust)	Clippy	2026-01-13T21:53:37.1613347Z [1m[92m   Compiling[0m sqlx-postgres v0.8.6
Gate Tests (Rust)	Clippy	2026-01-13T21:53:38.2254286Z [1m[92m    Checking[0m async-std v1.13.2
Gate Tests (Rust)	Clippy	2026-01-13T21:53:40.2184600Z [1m[92m    Checking[0m postcard v1.1.3
Gate Tests (Rust)	Clippy	2026-01-13T21:53:40.5018569Z [1m[92m    Checking[0m aws-smithy-runtime-api v1.9.3
Gate Tests (Rust)	Clippy	2026-01-13T21:53:41.4088658Z [1m[92m   Compiling[0m ureq-proto v0.5.3
Gate Tests (Rust)	Clippy	2026-01-13T21:53:41.4182659Z [1m[92m   Compiling[0m sqlx-sqlite v0.8.6
Gate Tests (Rust)	Clippy	2026-01-13T21:53:43.3638109Z [1m[92m   Compiling[0m xattr v1.6.1
Gate Tests (Rust)	Clippy	2026-01-13T21:53:43.6948709Z [1m[92m   Compiling[0m der v0.7.10
Gate Tests (Rust)	Clippy	2026-01-13T21:53:44.0135930Z [1m[92m    Checking[0m lexical-write-integer v1.0.6
Gate Tests (Rust)	Clippy	2026-01-13T21:53:44.2387632Z [1m[92m    Checking[0m lexical-parse-integer v1.0.6
Gate Tests (Rust)	Clippy	2026-01-13T21:53:44.3707435Z [1m[92m    Checking[0m wasm-encoder v0.244.0
Gate Tests (Rust)	Clippy	2026-01-13T21:53:44.9241027Z [1m[92m   Compiling[0m socks v0.3.4
Gate Tests (Rust)	Clippy	2026-01-13T21:53:45.1066014Z [1m[92m   Compiling[0m webpki-root-certs v1.0.5
Gate Tests (Rust)	Clippy	2026-01-13T21:53:45.1412769Z [1m[92m   Compiling[0m polars-plan v0.52.0
Gate Tests (Rust)	Clippy	2026-01-13T21:53:45.2548744Z [1m[92m    Checking[0m arc-swap v1.8.0
Gate Tests (Rust)	Clippy	2026-01-13T21:53:45.3239556Z [1m[92m   Compiling[0m filetime v0.2.26
Gate Tests (Rust)	Clippy	2026-01-13T21:53:45.4326659Z [1m[92m    Checking[0m combine v4.6.7
Gate Tests (Rust)	Clippy	2026-01-13T21:53:45.4426176Z [1m[92m    Checking[0m opentelemetry v0.31.0
Gate Tests (Rust)	Clippy	2026-01-13T21:53:45.4548006Z [1m[92m    Checking[0m itertools v0.13.0
Gate Tests (Rust)	Clippy	2026-01-13T21:53:45.9766991Z [1m[92m   Compiling[0m recursive-proc-macro-impl v0.1.1
Gate Tests (Rust)	Clippy	2026-01-13T21:53:46.1977363Z [1m[92m    Checking[0m bitmaps v2.1.0
Gate Tests (Rust)	Clippy	2026-01-13T21:53:46.6377605Z [1m[92m    Checking[0m argminmax v0.6.3
Gate Tests (Rust)	Clippy	2026-01-13T21:53:46.8046211Z [1m[92m    Checking[0m crossbeam-channel v0.5.15
Gate Tests (Rust)	Clippy	2026-01-13T21:53:47.1304586Z [1m[92m   Compiling[0m ittapi-sys v0.4.0
Gate Tests (Rust)	Clippy	2026-01-13T21:53:47.2603209Z [1m[92m   Compiling[0m im-rc v15.1.0
Gate Tests (Rust)	Clippy	2026-01-13T21:53:47.2885684Z [1m[92m   Compiling[0m wasmtime-internal-unwinder v40.0.0
Gate Tests (Rust)	Clippy	2026-01-13T21:53:47.3722143Z [1m[92m    Checking[0m winnow v0.7.14
Gate Tests (Rust)	Clippy	2026-01-13T21:53:47.6936411Z [1m[92m   Compiling[0m id-arena v2.2.1
Gate Tests (Rust)	Clippy	2026-01-13T21:53:47.7825471Z [1m[92m    Checking[0m sha1_smol v1.0.1
Gate Tests (Rust)	Clippy	2026-01-13T21:53:48.1269664Z [1m[92m    Checking[0m termcolor v1.4.1
Gate Tests (Rust)	Clippy	2026-01-13T21:53:48.2931047Z [1m[92m    Checking[0m unicode-width v0.2.2
Gate Tests (Rust)	Clippy	2026-01-13T21:53:48.4713420Z [1m[92m    Checking[0m wast v244.0.0
Gate Tests (Rust)	Clippy	2026-01-13T21:53:48.6982520Z [1m[92m    Checking[0m toml_parser v1.0.6+spec-1.1.0
Gate Tests (Rust)	Clippy	2026-01-13T21:53:49.0006109Z [1m[92m   Compiling[0m wit-parser v0.243.0
Gate Tests (Rust)	Clippy	2026-01-13T21:53:49.1821281Z [1m[92m    Checking[0m redis v0.27.6
Gate Tests (Rust)	Clippy	2026-01-13T21:53:51.7491020Z [1m[92m    Checking[0m wasmprinter v0.243.0
Gate Tests (Rust)	Clippy	2026-01-13T21:53:52.9676568Z [1m[92m   Compiling[0m ureq v3.1.4
Gate Tests (Rust)	Clippy	2026-01-13T21:53:54.2288153Z [1m[92m    Checking[0m sized-chunks v0.6.5
Gate Tests (Rust)	Clippy	2026-01-13T21:53:54.4192988Z [1m[92m    Checking[0m recursive v0.1.1
Gate Tests (Rust)	Clippy	2026-01-13T21:53:54.4616147Z [1m[92m   Compiling[0m pyo3-build-config v0.24.2
Gate Tests (Rust)	Clippy	2026-01-13T21:53:54.6944271Z [1m[92m   Compiling[0m tar v0.4.44
Gate Tests (Rust)	Clippy	2026-01-13T21:53:55.1309561Z [1m[92m   Compiling[0m flate2 v1.1.8
Gate Tests (Rust)	Clippy	2026-01-13T21:53:55.1393294Z [1m[92m    Checking[0m lexical-parse-float v1.0.6
Gate Tests (Rust)	Clippy	2026-01-13T21:53:55.3959567Z [1m[92m    Checking[0m lexical-write-float v1.0.6
Gate Tests (Rust)	Clippy	2026-01-13T21:53:55.5027570Z [1m[92m   Compiling[0m sqlx-macros-core v0.8.6
Gate Tests (Rust)	Clippy	2026-01-13T21:53:55.5957361Z [1m[92m    Checking[0m polars-io v0.52.0
Gate Tests (Rust)	Clippy	2026-01-13T21:53:55.8253706Z [1m[92m   Compiling[0m prost-derive v0.14.3
Gate Tests (Rust)	Clippy	2026-01-13T21:53:56.3234629Z [1m[92m   Compiling[0m wasmtime-internal-jit-debug v40.0.0
Gate Tests (Rust)	Clippy	2026-01-13T21:53:56.4720204Z [1m[92m   Compiling[0m wasmtime-internal-fiber v40.0.0
Gate Tests (Rust)	Clippy	2026-01-13T21:53:56.7209665Z [1m[92m   Compiling[0m curve25519-dalek v4.1.3
Gate Tests (Rust)	Clippy	2026-01-13T21:53:56.8591046Z [1m[92m   Compiling[0m rust_decimal_macros v1.39.0
Gate Tests (Rust)	Clippy	2026-01-13T21:53:56.9354288Z [1m[92m    Checking[0m rand_xoshiro v0.6.0
Gate Tests (Rust)	Clippy	2026-01-13T21:53:57.1237437Z [1m[92m   Compiling[0m polars-expr v0.52.0
Gate Tests (Rust)	Clippy	2026-01-13T21:53:57.1343378Z [1m[92m    Checking[0m toml_datetime v0.7.5+spec-1.1.0
Gate Tests (Rust)	Clippy	2026-01-13T21:53:57.1948429Z [1m[92m    Checking[0m serde_spanned v1.0.4
Gate Tests (Rust)	Clippy	2026-01-13T21:53:57.2248159Z [1m[92m   Compiling[0m matrixmultiply v0.3.10
Gate Tests (Rust)	Clippy	2026-01-13T21:53:57.2800751Z [1m[92m   Compiling[0m indexmap v1.9.3
Gate Tests (Rust)	Clippy	2026-01-13T21:53:57.2959577Z [1m[92m    Checking[0m dirs-sys-next v0.1.2
Gate Tests (Rust)	Clippy	2026-01-13T21:53:57.3638187Z [1m[92m    Checking[0m unsafe-libyaml v0.2.11
Gate Tests (Rust)	Clippy	2026-01-13T21:53:57.3707161Z [1m[92m    Checking[0m rustc-demangle v0.1.26
Gate Tests (Rust)	Clippy	2026-01-13T21:53:57.3873730Z [1m[92m   Compiling[0m protobuf v3.7.2
Gate Tests (Rust)	Clippy	2026-01-13T21:53:57.4595872Z [1m[92m   Compiling[0m wasmtime-internal-component-macro v40.0.0
Gate Tests (Rust)	Clippy	2026-01-13T21:53:57.5443909Z [1m[92m    Checking[0m wasmtime-internal-component-util v40.0.0
Gate Tests (Rust)	Clippy	2026-01-13T21:53:57.5693024Z [1m[92m   Compiling[0m wasmtime-internal-cache v40.0.0
Gate Tests (Rust)	Clippy	2026-01-13T21:53:57.6886435Z [1m[92m    Checking[0m toml_writer v1.0.6+spec-1.1.0
Gate Tests (Rust)	Clippy	2026-01-13T21:53:57.7354732Z [1m[92m   Compiling[0m rustls v0.21.12
Gate Tests (Rust)	Clippy	2026-01-13T21:53:57.7659309Z [1m[92m    Checking[0m pqcrypto-traits v0.3.5
Gate Tests (Rust)	Clippy	2026-01-13T21:53:57.8352314Z [1m[92m    Checking[0m toml v0.9.10+spec-1.1.0
Gate Tests (Rust)	Clippy	2026-01-13T21:53:57.8583846Z [1m[92m    Checking[0m wasmtime-environ v40.0.0
Gate Tests (Rust)	Clippy	2026-01-13T21:53:57.9336849Z [1m[92m    Checking[0m serde_yaml v0.9.34+deprecated
Gate Tests (Rust)	Clippy	2026-01-13T21:53:58.6107537Z [1m[92m    Checking[0m directories-next v2.0.0
Gate Tests (Rust)	Clippy	2026-01-13T21:53:58.6821123Z [1m[92m    Checking[0m prost v0.14.3
Gate Tests (Rust)	Clippy	2026-01-13T21:53:58.8650845Z [1m[92m   Compiling[0m sqlx-macros v0.8.6
Gate Tests (Rust)	Clippy	2026-01-13T21:53:58.9689158Z [1m[92m    Checking[0m agentkern-governance v0.1.0 (/home/runner/work/agentkern/agentkern/packages/foundation/governance)
Gate Tests (Rust)	Clippy	2026-01-13T21:54:02.4198290Z [1m[92m    Checking[0m lexical-core v1.0.6
Gate Tests (Rust)	Clippy	2026-01-13T21:54:02.4808251Z [1m[92m    Checking[0m zstd v0.13.3
Gate Tests (Rust)	Clippy	2026-01-13T21:54:02.6306416Z [1m[92m   Compiling[0m ort-sys v2.0.0-rc.10
Gate Tests (Rust)	Clippy	2026-01-13T21:54:03.2272356Z [1m[92m    Checking[0m wat v1.244.0
Gate Tests (Rust)	Clippy	2026-01-13T21:54:03.2286174Z [1m[92m   Compiling[0m wasmtime-internal-wit-bindgen v40.0.0
Gate Tests (Rust)	Clippy	2026-01-13T21:54:03.3148592Z [1m[92m    Checking[0m opentelemetry_sdk v0.31.0
Gate Tests (Rust)	Clippy	2026-01-13T21:54:03.8506412Z [1m[92m    Checking[0m cranelift-frontend v0.127.0
Gate Tests (Rust)	Clippy	2026-01-13T21:54:04.2556575Z [1m[92m    Checking[0m cranelift-native v0.127.0
Gate Tests (Rust)	Clippy	2026-01-13T21:54:04.3117193Z [1m[92m    Checking[0m arrow-ord v57.1.0
Gate Tests (Rust)	Clippy	2026-01-13T21:54:04.7391262Z [1m[92m   Compiling[0m wasmtime v40.0.0
Gate Tests (Rust)	Clippy	2026-01-13T21:54:04.8349582Z [1m[92m    Checking[0m tonic v0.14.2
Gate Tests (Rust)	Clippy	2026-01-13T21:54:04.8612341Z [1m[92m    Checking[0m protobuf-support v3.7.2
Gate Tests (Rust)	Clippy	2026-01-13T21:54:04.8954647Z [1m[92m   Compiling[0m flatbuffers v25.12.19
Gate Tests (Rust)	Clippy	2026-01-13T21:54:05.0138010Z [1m[92m    Checking[0m rustls-webpki v0.101.7
Gate Tests (Rust)	Clippy	2026-01-13T21:54:05.0502342Z [1m[92m    Checking[0m sct v0.7.1
Gate Tests (Rust)	Clippy	2026-01-13T21:54:05.3358678Z [1m[92m    Checking[0m inout v0.1.4
Gate Tests (Rust)	Clippy	2026-01-13T21:54:05.4126402Z [1m[92m   Compiling[0m curve25519-dalek-derive v0.1.1
Gate Tests (Rust)	Clippy	2026-01-13T21:54:05.4719975Z [1m[92m    Checking[0m debugid v0.8.0
Gate Tests (Rust)	Clippy	2026-01-13T21:54:05.6179817Z [1m[92m    Checking[0m hashbrown v0.12.3
Gate Tests (Rust)	Clippy	2026-01-13T21:54:05.6242763Z [1m[92m   Compiling[0m crunchy v0.2.4
Gate Tests (Rust)	Clippy	2026-01-13T21:54:05.7725672Z [1m[92m    Checking[0m bit-vec v0.6.3
Gate Tests (Rust)	Clippy	2026-01-13T21:54:05.8865931Z [1m[92m   Compiling[0m prometheus v0.14.0
Gate Tests (Rust)	Clippy	2026-01-13T21:54:05.9134805Z [1m[92m    Checking[0m rawpointer v0.2.1
Gate Tests (Rust)	Clippy	2026-01-13T21:54:05.9603065Z [1m[92m   Compiling[0m io-uring v0.6.4
Gate Tests (Rust)	Clippy	2026-01-13T21:54:06.0534490Z [1m[92m    Checking[0m signature v2.2.0
Gate Tests (Rust)	Clippy	2026-01-13T21:54:06.0631565Z [1m[92m    Checking[0m urlencoding v2.1.3
Gate Tests (Rust)	Clippy	2026-01-13T21:54:06.0685938Z [1m[92m    Checking[0m wasm-compose v0.243.0
Gate Tests (Rust)	Clippy	2026-01-13T21:54:06.1154143Z [1m[92m    Checking[0m ed25519 v2.2.3
Gate Tests (Rust)	Clippy	2026-01-13T21:54:06.4042732Z [1m[92m    Checking[0m wasmtime-internal-cranelift v40.0.0
Gate Tests (Rust)	Clippy	2026-01-13T21:54:06.4789025Z [1m[92m    Checking[0m bit-set v0.5.3
Gate Tests (Rust)	Clippy	2026-01-13T21:54:06.5959089Z [1m[92m    Checking[0m fxprof-processed-profile v0.8.1
Gate Tests (Rust)	Clippy	2026-01-13T21:54:07.1984757Z [1m[92m    Checking[0m tonic-prost v0.14.2
Gate Tests (Rust)	Clippy	2026-01-13T21:54:07.2705773Z [1m[92m    Checking[0m cipher v0.4.4
Gate Tests (Rust)	Clippy	2026-01-13T21:54:08.7279780Z [1m[92m    Checking[0m arrow-cast v57.1.0
Gate Tests (Rust)	Clippy	2026-01-13T21:54:09.7239154Z [1m[92m    Checking[0m ittapi v0.4.0
Gate Tests (Rust)	Clippy	2026-01-13T21:54:10.1402678Z [1m[92m    Checking[0m sqlx v0.8.6
Gate Tests (Rust)	Clippy	2026-01-13T21:54:10.3273143Z [1m[92m    Checking[0m rslock v0.5.1
Gate Tests (Rust)	Clippy	2026-01-13T21:54:10.3500760Z [1m[92m    Checking[0m addr2line v0.25.1
Gate Tests (Rust)	Clippy	2026-01-13T21:54:10.5257096Z [1m[92m   Compiling[0m pqcrypto-kyber v0.8.1
Gate Tests (Rust)	Clippy	2026-01-13T21:54:10.5311706Z [1m[92m   Compiling[0m pqcrypto-dilithium v0.5.0
Gate Tests (Rust)	Clippy	2026-01-13T21:54:10.6211381Z [1m[92m    Checking[0m tempfile v3.24.0
Gate Tests (Rust)	Clippy	2026-01-13T21:54:10.7522802Z [1m[92m    Checking[0m memfd v0.6.5
Gate Tests (Rust)	Clippy	2026-01-13T21:54:10.7583736Z [1m[92m    Checking[0m wasmtime-internal-jit-icache-coherence v40.0.0
Gate Tests (Rust)	Clippy	2026-01-13T21:54:10.7977039Z [1m[92m    Checking[0m universal-hash v0.5.1
Gate Tests (Rust)	Clippy	2026-01-13T21:54:10.8086275Z [1m[92m   Compiling[0m polars-lazy v0.52.0
Gate Tests (Rust)	Clippy	2026-01-13T21:54:10.8458524Z [1m[92m    Checking[0m csv-core v0.1.13
Gate Tests (Rust)	Clippy	2026-01-13T21:54:10.8678744Z [1m[92m   Compiling[0m tiny-keccak v2.0.2
Gate Tests (Rust)	Clippy	2026-01-13T21:54:10.9076418Z [1m[92m    Checking[0m base64 v0.21.7
Gate Tests (Rust)	Clippy	2026-01-13T21:54:10.9735667Z [1m[92m    Checking[0m minimal-lexical v0.2.1
Gate Tests (Rust)	Clippy	2026-01-13T21:54:10.9812012Z [1m[92m    Checking[0m opaque-debug v0.3.1
Gate Tests (Rust)	Clippy	2026-01-13T21:54:11.0139314Z [1m[92m    Checking[0m matchit v0.7.3
Gate Tests (Rust)	Clippy	2026-01-13T21:54:11.1187925Z [1m[92m    Checking[0m wasmtime-internal-slab v40.0.0
Gate Tests (Rust)	Clippy	2026-01-13T21:54:11.1285667Z [1m[92m    Checking[0m nom v7.1.3
Gate Tests (Rust)	Clippy	2026-01-13T21:54:11.1727218Z [1m[92m    Checking[0m polyval v0.6.2
Gate Tests (Rust)	Clippy	2026-01-13T21:54:11.2851299Z [1m[92m    Checking[0m csv v1.4.0
Gate Tests (Rust)	Clippy	2026-01-13T21:54:12.4095505Z [1m[92m    Checking[0m agentkern-treasury v0.1.0 (/home/runner/work/agentkern/agentkern/packages/pillars/treasury)
Gate Tests (Rust)	Clippy	2026-01-13T21:54:14.0556180Z [1m[92m    Checking[0m polars-mem-engine v0.52.0
Gate Tests (Rust)	Clippy	2026-01-13T21:54:15.0687439Z [1m[92m    Checking[0m tokio-rustls v0.24.1
Gate Tests (Rust)	Clippy	2026-01-13T21:54:15.3847187Z [1m[92m    Checking[0m ed25519-dalek v2.2.0
Gate Tests (Rust)	Clippy	2026-01-13T21:54:15.4797448Z [1m[92m    Checking[0m opentelemetry-proto v0.31.0
Gate Tests (Rust)	Clippy	2026-01-13T21:54:16.1414099Z [1m[92m    Checking[0m fancy-regex v0.13.0
Gate Tests (Rust)	Clippy	2026-01-13T21:54:16.4944201Z [1m[92m    Checking[0m ndarray v0.16.1
Gate Tests (Rust)	Clippy	2026-01-13T21:54:18.6091853Z [1m[92m    Checking[0m tower v0.4.13
Gate Tests (Rust)	Clippy	2026-01-13T21:54:19.7686714Z [1m[92m    Checking[0m opentelemetry-http v0.31.0
Gate Tests (Rust)	Clippy	2026-01-13T21:54:20.0272574Z [1m[92m    Checking[0m env_logger v0.8.4
Gate Tests (Rust)	Clippy	2026-01-13T21:54:20.1605698Z [1m[92m    Checking[0m bstr v1.12.1
Gate Tests (Rust)	Clippy	2026-01-13T21:54:20.3841348Z [1m[92m    Checking[0m bb8 v0.8.6
Gate Tests (Rust)	Clippy	2026-01-13T21:54:20.4682075Z [1m[92m    Checking[0m num-rational v0.4.2
Gate Tests (Rust)	Clippy	2026-01-13T21:54:20.5721951Z [1m[92m    Checking[0m actix-rt v2.11.0
Gate Tests (Rust)	Clippy	2026-01-13T21:54:20.6881355Z [1m[92m   Compiling[0m async-stream-impl v0.3.6
Gate Tests (Rust)	Clippy	2026-01-13T21:54:20.6889515Z [1m[92m   Compiling[0m actix-macros v0.2.4
Gate Tests (Rust)	Clippy	2026-01-13T21:54:20.9312007Z [1m[92m   Compiling[0m actix_derive v0.6.2
Gate Tests (Rust)	Clippy	2026-01-13T21:54:21.0422397Z [1m[92m    Checking[0m num-iter v0.1.45
Gate Tests (Rust)	Clippy	2026-01-13T21:54:21.0867834Z [1m[92m   Compiling[0m polars v0.52.0
Gate Tests (Rust)	Clippy	2026-01-13T21:54:21.1573085Z [1m[92m    Checking[0m socket2 v0.4.10
Gate Tests (Rust)	Clippy	2026-01-13T21:54:21.1806893Z [1m[92m    Checking[0m rustc-hash v1.1.0
Gate Tests (Rust)	Clippy	2026-01-13T21:54:21.2219948Z [1m[92m    Checking[0m smallvec v2.0.0-alpha.10
Gate Tests (Rust)	Clippy	2026-01-13T21:54:21.3346079Z [1m[92m    Checking[0m utf8parse v0.2.2
Gate Tests (Rust)	Clippy	2026-01-13T21:54:21.3596322Z [1m[92m    Checking[0m tokio-uring v0.5.0
Gate Tests (Rust)	Clippy	2026-01-13T21:54:21.3862369Z [1m[92m    Checking[0m anstyle-parse v0.2.7
Gate Tests (Rust)	Clippy	2026-01-13T21:54:21.4935285Z [1m[92m    Checking[0m ort v2.0.0-rc.10
Gate Tests (Rust)	Clippy	2026-01-13T21:54:21.8653263Z [1m[92m    Checking[0m tiktoken-rs v0.9.1
Gate Tests (Rust)	Clippy	2026-01-13T21:54:22.1777446Z [1m[92m    Checking[0m actix v0.13.5
Gate Tests (Rust)	Clippy	2026-01-13T21:54:22.5542631Z [1m[92m    Checking[0m num v0.4.3
Gate Tests (Rust)	Clippy	2026-01-13T21:54:22.5831988Z [1m[92m    Checking[0m async-stream v0.3.6
Gate Tests (Rust)	Clippy	2026-01-13T21:54:22.6520778Z [1m[92m    Checking[0m bb8-redis v0.17.0
Gate Tests (Rust)	Clippy	2026-01-13T21:54:22.7773367Z [1m[92m    Checking[0m quickcheck v1.0.3
Gate Tests (Rust)	Clippy	2026-01-13T21:54:22.8023020Z [1m[92m    Checking[0m opentelemetry-otlp v0.31.0
Gate Tests (Rust)	Clippy	2026-01-13T21:54:23.1461454Z [1m[92m    Checking[0m arrow-ipc v57.1.0
Gate Tests (Rust)	Clippy	2026-01-13T21:54:23.2196247Z [1m[92m    Checking[0m hyper-rustls v0.24.2
Gate Tests (Rust)	Clippy	2026-01-13T21:54:23.3652565Z [1m[92m    Checking[0m agentkern-pulse v0.1.0 (/home/runner/work/agentkern/agentkern/packages/foundation/pulse)
Gate Tests (Rust)	Clippy	2026-01-13T21:54:23.7457013Z [1m[92m    Checking[0m rusticata-macros v4.1.0
Gate Tests (Rust)	Clippy	2026-01-13T21:54:23.8067347Z [1m[92m    Checking[0m arrow-csv v57.1.0
Gate Tests (Rust)	Clippy	2026-01-13T21:54:24.0350669Z [1m[92m    Checking[0m ghash v0.5.1
Gate Tests (Rust)	Clippy	2026-01-13T21:54:24.0556458Z [1m[92m    Checking[0m arrow-json v57.1.0
Gate Tests (Rust)	Clippy	2026-01-13T21:54:24.0976923Z [1m[92m    Checking[0m ctr v0.9.2
Gate Tests (Rust)	Clippy	2026-01-13T21:54:24.2039394Z [1m[92m    Checking[0m aes v0.8.4
Gate Tests (Rust)	Clippy	2026-01-13T21:54:24.4544658Z [1m[92m    Checking[0m tracing-opentelemetry v0.32.0
Gate Tests (Rust)	Clippy	2026-01-13T21:54:24.4851164Z [1m[92m    Checking[0m aws-smithy-http v0.62.6
Gate Tests (Rust)	Clippy	2026-01-13T21:54:24.6336433Z [1m[92m    Checking[0m aws-credential-types v1.2.11
Gate Tests (Rust)	Clippy	2026-01-13T21:54:24.6638687Z [1m[92m    Checking[0m arrow-string v57.1.0
Gate Tests (Rust)	Clippy	2026-01-13T21:54:24.7929183Z [1m[92m    Checking[0m arrow-row v57.1.0
Gate Tests (Rust)	Clippy	2026-01-13T21:54:25.0169263Z [1m[92m    Checking[0m arrow-arith v57.1.0
Gate Tests (Rust)	Clippy	2026-01-13T21:54:25.1446751Z [1m[92m   Compiling[0m aws-types v1.3.11
Gate Tests (Rust)	Clippy	2026-01-13T21:54:25.2486573Z [1m[92m    Checking[0m agentkern-parsers v0.1.0 (/home/runner/work/agentkern/agentkern/packages/foundation/parsers)
Gate Tests (Rust)	Clippy	2026-01-13T21:54:25.5621624Z [1m[92m    Checking[0m aead v0.5.2
Gate Tests (Rust)	Clippy	2026-01-13T21:54:25.6200027Z [1m[92m    Checking[0m agentkern-multitenancy v0.1.0 (/home/runner/work/agentkern/agentkern/ee/multitenancy)
Gate Tests (Rust)	Clippy	2026-01-13T21:54:25.6796324Z [1m[92m   Compiling[0m asn1-rs-impl v0.2.0
Gate Tests (Rust)	Clippy	2026-01-13T21:54:25.8596720Z [1m[92m   Compiling[0m asn1-rs-derive v0.5.1
Gate Tests (Rust)	Clippy	2026-01-13T21:54:25.9108720Z [1m[92m    Checking[0m rmp v0.8.15
Gate Tests (Rust)	Clippy	2026-01-13T21:54:26.0846245Z [1m[92m   Compiling[0m napi-build v2.3.1
Gate Tests (Rust)	Clippy	2026-01-13T21:54:26.1906501Z [1m[92m    Checking[0m colorchoice v1.0.4
Gate Tests (Rust)	Clippy	2026-01-13T21:54:26.2349119Z [1m[92m    Checking[0m deunicode v1.6.2
Gate Tests (Rust)	Clippy	2026-01-13T21:54:26.3278514Z [1m[92m    Checking[0m anstyle v1.0.13
Gate Tests (Rust)	Clippy	2026-01-13T21:54:26.3690297Z [1m[92m    Checking[0m anstyle-query v1.1.5
Gate Tests (Rust)	Clippy	2026-01-13T21:54:26.4133671Z [1m[92m    Checking[0m is_terminal_polyfill v1.70.2
Gate Tests (Rust)	Clippy	2026-01-13T21:54:26.4490863Z [1m[92m    Checking[0m asn1-rs v0.6.2
Gate Tests (Rust)	Clippy	2026-01-13T21:54:26.4570736Z [1m[92m    Checking[0m anstream v0.6.21
Gate Tests (Rust)	Clippy	2026-01-13T21:54:26.6111235Z [1m[92m    Checking[0m rmp-serde v1.3.1
Gate Tests (Rust)	Clippy	2026-01-13T21:54:26.9009739Z [1m[92m    Checking[0m aes-gcm v0.10.3
Gate Tests (Rust)	Clippy	2026-01-13T21:54:26.9678924Z [1m[92m    Checking[0m arrow v57.1.0
Gate Tests (Rust)	Clippy	2026-01-13T21:54:27.1186017Z [1m[92m    Checking[0m aws-smithy-http-client v1.1.5
Gate Tests (Rust)	Clippy	2026-01-13T21:54:27.2838067Z [1m[92m    Checking[0m crdts v7.3.2
Gate Tests (Rust)	Clippy	2026-01-13T21:54:27.5880806Z [1m[92m    Checking[0m aws-smithy-observability v0.1.5
Gate Tests (Rust)	Clippy	2026-01-13T21:54:27.6679067Z [1m[92m   Compiling[0m axum-core v0.3.4
Gate Tests (Rust)	Clippy	2026-01-13T21:54:27.7389013Z [1m[92m   Compiling[0m pastey v0.1.1
Gate Tests (Rust)	Clippy	2026-01-13T21:54:28.0283156Z [1m[92m   Compiling[0m dtor-proc-macro v0.0.6
Gate Tests (Rust)	Clippy	2026-01-13T21:54:28.0916242Z [1m[92m    Checking[0m clap_lex v0.7.6
Gate Tests (Rust)	Clippy	2026-01-13T21:54:28.1883730Z [1m[92m   Compiling[0m oid-registry v0.7.1
Gate Tests (Rust)	Clippy	2026-01-13T21:54:28.1948218Z [1m[92m    Checking[0m strsim v0.11.1
Gate Tests (Rust)	Clippy	2026-01-13T21:54:28.2738014Z [1m[92m    Checking[0m clap_builder v4.5.54
Gate Tests (Rust)	Clippy	2026-01-13T21:54:28.4074064Z [1m[92m    Checking[0m base64urlsafedata v0.5.4
Gate Tests (Rust)	Clippy	2026-01-13T21:54:28.5033314Z [1m[92m    Checking[0m agentkern-synapse v0.1.0 (/home/runner/work/agentkern/agentkern/packages/pillars/synapse)
Gate Tests (Rust)	Clippy	2026-01-13T21:54:29.5489367Z [1m[92m    Checking[0m aws-smithy-runtime v1.9.5
Gate Tests (Rust)	Clippy	2026-01-13T21:54:31.5009803Z [1m[92m    Checking[0m aws-sigv4 v1.3.7
Gate Tests (Rust)	Clippy	2026-01-13T21:54:31.7376433Z [1m[92m   Compiling[0m derive_more-impl v1.0.0
Gate Tests (Rust)	Clippy	2026-01-13T21:54:31.9613130Z [1m[92m   Compiling[0m prost-derive v0.13.5
Gate Tests (Rust)	Clippy	2026-01-13T21:54:33.2364887Z [1m[92m   Compiling[0m itertools v0.10.5
Gate Tests (Rust)	Clippy	2026-01-13T21:54:33.2827079Z [1m[92m    Checking[0m axum-core v0.4.5
Gate Tests (Rust)	Clippy	2026-01-13T21:54:33.7543827Z [1m[92m   Compiling[0m clap_derive v4.5.49
Gate Tests (Rust)	Clippy	2026-01-13T21:54:34.4024650Z [1m[92m   Compiling[0m axum v0.6.20
Gate Tests (Rust)	Clippy	2026-01-13T21:54:34.5013810Z [1m[92m    Checking[0m quick-xml v0.37.5
Gate Tests (Rust)	Clippy	2026-01-13T21:54:35.0170989Z [1m[92m    Checking[0m agentkern-gate v0.1.0 (/home/runner/work/agentkern/agentkern/packages/pillars/gate)
Gate Tests (Rust)	Clippy	2026-01-13T21:54:35.0545110Z [1m[92m    Checking[0m anyerror v0.1.13
Gate Tests (Rust)	Clippy	2026-01-13T21:54:35.1588460Z [1m[92m   Compiling[0m webauthn-attestation-ca v0.5.4
Gate Tests (Rust)	Clippy	2026-01-13T21:54:35.2777886Z [1m[92m    Checking[0m utf8-width v0.1.8
Gate Tests (Rust)	Clippy	2026-01-13T21:54:35.3199164Z [1m[92m    Checking[0m byte-unit v5.2.0
Gate Tests (Rust)	Clippy	2026-01-13T21:54:35.4707354Z [1m[92m    Checking[0m clap v4.5.54
Gate Tests (Rust)	Clippy	2026-01-13T21:54:35.4932667Z [1m[92m    Checking[0m agentkern-connectors-ee v0.1.0 (/home/runner/work/agentkern/agentkern/ee/connectors)
Gate Tests (Rust)	Clippy	2026-01-13T21:54:35.5045171Z [1m[92m    Checking[0m validit v0.2.5
Gate Tests (Rust)	Clippy	2026-01-13T21:54:35.5099954Z [1m[92m    Checking[0m axum v0.7.9
Gate Tests (Rust)	Clippy	2026-01-13T21:54:35.5740290Z [1m[92m   Compiling[0m prost-derive v0.12.6
Gate Tests (Rust)	Clippy	2026-01-13T21:54:35.7614461Z [1m[91merror[E0425][0m[1m: cannot find value `key` in this scope[0m
Gate Tests (Rust)	Clippy	2026-01-13T21:54:35.7620251Z    [1m[94m--> [0mpackages/pillars/gate/src/cache.rs:109:50
Gate Tests (Rust)	Clippy	2026-01-13T21:54:35.7621382Z     [1m[94m|[0m
Gate Tests (Rust)	Clippy	2026-01-13T21:54:35.7667614Z  [1m[94m97[0m [1m[94m|[0m     pub async fn check(&self, _key: &str) -> (bool, u64, bool) {
Gate Tests (Rust)	Clippy	2026-01-13T21:54:35.7669365Z     [1m[94m|[0m                               [1m[94m----[0m [1m[94m`_key` defined here[0m
Gate Tests (Rust)	Clippy	2026-01-13T21:54:35.7670759Z [1m[94m...[0m
Gate Tests (Rust)	Clippy	2026-01-13T21:54:35.7671748Z [1m[94m109[0m [1m[94m|[0m                 let redis_key = format!("rl:{}", key);
Gate Tests (Rust)	Clippy	2026-01-13T21:54:35.7672608Z     [1m[94m|[0m                                                  [1m[91m^^^[0m
Gate Tests (Rust)	Clippy	2026-01-13T21:54:35.7673155Z     [1m[94m|[0m
Gate Tests (Rust)	Clippy	2026-01-13T21:54:35.7674342Z [1m[96mhelp[0m: the leading underscore in `_key` marks it as unused, consider renaming it to `key`
Gate Tests (Rust)	Clippy	2026-01-13T21:54:35.7675348Z     [1m[94m|[0m
Gate Tests (Rust)	Clippy	2026-01-13T21:54:35.7676038Z  [1m[94m97[0m [91m- [0m    pub async fn check(&self, [91m_key[0m: &str) -> (bool, u64, bool) {
Gate Tests (Rust)	Clippy	2026-01-13T21:54:35.7677030Z  [1m[94m97[0m [92m+ [0m    pub async fn check(&self, [92mkey[0m: &str) -> (bool, u64, bool) {
Gate Tests (Rust)	Clippy	2026-01-13T21:54:35.7677708Z     [1m[94m|[0m
Gate Tests (Rust)	Clippy	2026-01-13T21:54:35.7677885Z 
Gate Tests (Rust)	Clippy	2026-01-13T21:54:36.2377873Z [1m[92m    Checking[0m derive_more v1.0.0
Gate Tests (Rust)	Clippy	2026-01-13T21:54:36.2967300Z [1m[92m    Checking[0m prost v0.13.5
Gate Tests (Rust)	Clippy	2026-01-13T21:54:36.5865417Z [1m[92m    Checking[0m aws-runtime v1.5.17
Gate Tests (Rust)	Clippy	2026-01-13T21:54:37.5335570Z [1m[92m    Checking[0m der-parser v9.0.0
Gate Tests (Rust)	Clippy	2026-01-13T21:54:37.9292969Z [1m[92m    Checking[0m opentelemetry v0.22.0
Gate Tests (Rust)	Clippy	2026-01-13T21:54:38.2625921Z [1m[91merror[0m[1m: unused import: `SignedMessage`[0m
Gate Tests (Rust)	Clippy	2026-01-13T21:54:38.2626905Z    [1m[94m--> [0mpackages/pillars/gate/src/crypto_agility.rs:499:71
Gate Tests (Rust)	Clippy	2026-01-13T21:54:38.2627569Z     [1m[94m|[0m
Gate Tests (Rust)	Clippy	2026-01-13T21:54:38.2634894Z [1m[94m499[0m [1m[94m|[0m             use pqcrypto_traits::sign::{DetachedSignature, PublicKey, SignedMessage};
Gate Tests (Rust)	Clippy	2026-01-13T21:54:38.2636281Z     [1m[94m|[0m                                                                       [1m[91m^^^^^^^^^^^^^[0m
Gate Tests (Rust)	Clippy	2026-01-13T21:54:38.2636937Z     [1m[94m|[0m
Gate Tests (Rust)	Clippy	2026-01-13T21:54:38.2637557Z     [1m[94m= [0m[1mnote[0m: `-D unused-imports` implied by `-D warnings`
Gate Tests (Rust)	Clippy	2026-01-13T21:54:38.2638485Z     [1m[94m= [0m[1mhelp[0m: to override `-D warnings` add `#[allow(unused_imports)]`
Gate Tests (Rust)	Clippy	2026-01-13T21:54:38.2639356Z 
Gate Tests (Rust)	Clippy	2026-01-13T21:54:38.3686216Z [1m[92m    Checking[0m aws-smithy-json v0.61.9
Gate Tests (Rust)	Clippy	2026-01-13T21:54:38.5699446Z [1m[92m   Compiling[0m pqcrypto-mlkem v0.1.1
Gate Tests (Rust)	Clippy	2026-01-13T21:54:38.7907102Z [1m[92m   Compiling[0m openraft-macros v0.9.21
Gate Tests (Rust)	Clippy	2026-01-13T21:54:38.8121989Z [1m[92m    Checking[0m tracing-futures v0.2.5
Gate Tests (Rust)	Clippy	2026-01-13T21:54:38.8552912Z [1m[92m    Checking[0m hyper-timeout v0.5.2
Gate Tests (Rust)	Clippy	2026-01-13T21:54:38.8586168Z [1m[91merror[0m[1m: unused variable: `e`[0m
Gate Tests (Rust)	Clippy	2026-01-13T21:54:38.8587572Z    [1m[94m--> [0mpackages/pillars/gate/src/crypto_agility.rs:511:27
Gate Tests (Rust)	Clippy	2026-01-13T21:54:38.8588655Z     [1m[94m|[0m
Gate Tests (Rust)	Clippy	2026-01-13T21:54:38.8589855Z [1m[94m511[0m [1m[94m|[0m                 .map_err(|e| CryptoError::VerificationFailed)?;
Gate Tests (Rust)	Clippy	2026-01-13T21:54:38.8591401Z     [1m[94m|[0m                           [1m[91m^[0m [1m[91mhelp: if this is intentional, prefix it with an underscore: `_e`[0m
Gate Tests (Rust)	Clippy	2026-01-13T21:54:38.8592547Z     [1m[94m|[0m
Gate Tests (Rust)	Clippy	2026-01-13T21:54:38.8593486Z     [1m[94m= [0m[1mnote[0m: `-D unused-variables` implied by `-D warnings`
Gate Tests (Rust)	Clippy	2026-01-13T21:54:38.8595221Z     [1m[94m= [0m[1mhelp[0m: to override `-D warnings` add `#[allow(unused_variables)]`
Gate Tests (Rust)	Clippy	2026-01-13T21:54:38.8596058Z 
Gate Tests (Rust)	Clippy	2026-01-13T21:54:38.8852443Z [1m[92m    Checking[0m tokio-io-timeout v1.2.1
Gate Tests (Rust)	Clippy	2026-01-13T21:54:38.9845921Z [1m[92m    Checking[0m ordered-float v4.6.0
Gate Tests (Rust)	Clippy	2026-01-13T21:54:39.0087308Z [1m[92m   Compiling[0m webauthn-rs-core v0.5.4
Gate Tests (Rust)	Clippy	2026-01-13T21:54:39.1277610Z [1m[92m    Checking[0m maplit v1.0.2
Gate Tests (Rust)	Clippy	2026-01-13T21:54:39.1691777Z [1m[92m   Compiling[0m ctor-proc-macro v0.0.7
Gate Tests (Rust)	Clippy	2026-01-13T21:54:39.2867822Z [1m[92m    Checking[0m regex-lite v0.1.8
Gate Tests (Rust)	Clippy	2026-01-13T21:54:39.3476344Z [1m[92m    Checking[0m sync_wrapper v0.1.2
Gate Tests (Rust)	Clippy	2026-01-13T21:54:39.3734654Z [1m[92m    Checking[0m openraft v0.9.21
Gate Tests (Rust)	Clippy	2026-01-13T21:54:39.7163779Z [1m[92m    Checking[0m opentelemetry_sdk v0.22.1
Gate Tests (Rust)	Clippy	2026-01-13T21:54:40.0407434Z [1mFor more information about this error, try `rustc --explain E0425`.[0m
Gate Tests (Rust)	Clippy	2026-01-13T21:54:40.0565313Z [1m[91merror[0m: could not compile `agentkern-gate` (lib) due to 3 previous errors
Gate Tests (Rust)	Clippy	2026-01-13T21:54:40.0570930Z [1m[33mwarning[0m: build failed, waiting for other jobs to finish...
Gate Tests (Rust)	Clippy	2026-01-13T21:54:45.2803576Z ##[error]Process completed with exit code 101.
Gate Tests (Rust)	Post Run actions/checkout@v6	﻿2026-01-13T21:54:45.2913396Z Post job cleanup.
Gate Tests (Rust)	Post Run actions/checkout@v6	2026-01-13T21:54:45.3712273Z [command]/usr/bin/git version
Gate Tests (Rust)	Post Run actions/checkout@v6	2026-01-13T21:54:45.3752950Z git version 2.52.0
Gate Tests (Rust)	Post Run actions/checkout@v6	2026-01-13T21:54:45.3822576Z Temporarily overriding HOME='/home/runner/work/_temp/b3d7c02a-b811-45e0-a33a-513bc10c2e1d' before making global git config changes
Gate Tests (Rust)	Post Run actions/checkout@v6	2026-01-13T21:54:45.3823494Z Adding repository directory to the temporary git global config as a safe directory
Gate Tests (Rust)	Post Run actions/checkout@v6	2026-01-13T21:54:45.3828829Z [command]/usr/bin/git config --global --add safe.directory /home/runner/work/agentkern/agentkern
Gate Tests (Rust)	Post Run actions/checkout@v6	2026-01-13T21:54:45.3862165Z Removing SSH command configuration
Gate Tests (Rust)	Post Run actions/checkout@v6	2026-01-13T21:54:45.3869603Z [command]/usr/bin/git config --local --name-only --get-regexp core\.sshCommand
Gate Tests (Rust)	Post Run actions/checkout@v6	2026-01-13T21:54:45.3904284Z [command]/usr/bin/git submodule foreach --recursive sh -c "git config --local --name-only --get-regexp 'core\.sshCommand' && git config --local --unset-all 'core.sshCommand' || :"
Gate Tests (Rust)	Post Run actions/checkout@v6	2026-01-13T21:54:45.4130840Z Removing HTTP extra header
Gate Tests (Rust)	Post Run actions/checkout@v6	2026-01-13T21:54:45.4138467Z [command]/usr/bin/git config --local --name-only --get-regexp http\.https\:\/\/github\.com\/\.extraheader
Gate Tests (Rust)	Post Run actions/checkout@v6	2026-01-13T21:54:45.4172637Z [command]/usr/bin/git submodule foreach --recursive sh -c "git config --local --name-only --get-regexp 'http\.https\:\/\/github\.com\/\.extraheader' && git config --local --unset-all 'http.https://github.com/.extraheader' || :"
Gate Tests (Rust)	Post Run actions/checkout@v6	2026-01-13T21:54:45.4397813Z Removing includeIf entries pointing to credentials config files
Gate Tests (Rust)	Post Run actions/checkout@v6	2026-01-13T21:54:45.4405327Z [command]/usr/bin/git config --local --name-only --get-regexp ^includeIf\.gitdir:
Gate Tests (Rust)	Post Run actions/checkout@v6	2026-01-13T21:54:45.4430563Z includeif.gitdir:/home/runner/work/agentkern/agentkern/.git.path
Gate Tests (Rust)	Post Run actions/checkout@v6	2026-01-13T21:54:45.4431289Z includeif.gitdir:/home/runner/work/agentkern/agentkern/.git/worktrees/*.path
Gate Tests (Rust)	Post Run actions/checkout@v6	2026-01-13T21:54:45.4431734Z includeif.gitdir:/github/workspace/.git.path
Gate Tests (Rust)	Post Run actions/checkout@v6	2026-01-13T21:54:45.4432081Z includeif.gitdir:/github/workspace/.git/worktrees/*.path
Gate Tests (Rust)	Post Run actions/checkout@v6	2026-01-13T21:54:45.4442185Z [command]/usr/bin/git config --local --get-all includeif.gitdir:/home/runner/work/agentkern/agentkern/.git.path
Gate Tests (Rust)	Post Run actions/checkout@v6	2026-01-13T21:54:45.4465489Z /home/runner/work/_temp/git-credentials-05af2f73-a07e-4776-8635-105322c15cf2.config
Gate Tests (Rust)	Post Run actions/checkout@v6	2026-01-13T21:54:45.4476637Z [command]/usr/bin/git config --local --unset includeif.gitdir:/home/runner/work/agentkern/agentkern/.git.path /home/runner/work/_temp/git-credentials-05af2f73-a07e-4776-8635-105322c15cf2.config
Gate Tests (Rust)	Post Run actions/checkout@v6	2026-01-13T21:54:45.4509714Z [command]/usr/bin/git config --local --get-all includeif.gitdir:/home/runner/work/agentkern/agentkern/.git/worktrees/*.path
Gate Tests (Rust)	Post Run actions/checkout@v6	2026-01-13T21:54:45.4531538Z /home/runner/work/_temp/git-credentials-05af2f73-a07e-4776-8635-105322c15cf2.config
Gate Tests (Rust)	Post Run actions/checkout@v6	2026-01-13T21:54:45.4540850Z [command]/usr/bin/git config --local --unset includeif.gitdir:/home/runner/work/agentkern/agentkern/.git/worktrees/*.path /home/runner/work/_temp/git-credentials-05af2f73-a07e-4776-8635-105322c15cf2.config
Gate Tests (Rust)	Post Run actions/checkout@v6	2026-01-13T21:54:45.4572317Z [command]/usr/bin/git config --local --get-all includeif.gitdir:/github/workspace/.git.path
Gate Tests (Rust)	Post Run actions/checkout@v6	2026-01-13T21:54:45.4593401Z /github/runner_temp/git-credentials-05af2f73-a07e-4776-8635-105322c15cf2.config
Gate Tests (Rust)	Post Run actions/checkout@v6	2026-01-13T21:54:45.4601607Z [command]/usr/bin/git config --local --unset includeif.gitdir:/github/workspace/.git.path /github/runner_temp/git-credentials-05af2f73-a07e-4776-8635-105322c15cf2.config
Gate Tests (Rust)	Post Run actions/checkout@v6	2026-01-13T21:54:45.4631733Z [command]/usr/bin/git config --local --get-all includeif.gitdir:/github/workspace/.git/worktrees/*.path
Gate Tests (Rust)	Post Run actions/checkout@v6	2026-01-13T21:54:45.4652638Z /github/runner_temp/git-credentials-05af2f73-a07e-4776-8635-105322c15cf2.config
Gate Tests (Rust)	Post Run actions/checkout@v6	2026-01-13T21:54:45.4662070Z [command]/usr/bin/git config --local --unset includeif.gitdir:/github/workspace/.git/worktrees/*.path /github/runner_temp/git-credentials-05af2f73-a07e-4776-8635-105322c15cf2.config
Gate Tests (Rust)	Post Run actions/checkout@v6	2026-01-13T21:54:45.4693290Z [command]/usr/bin/git submodule foreach --recursive git config --local --show-origin --name-only --get-regexp remote.origin.url
Gate Tests (Rust)	Post Run actions/checkout@v6	2026-01-13T21:54:45.4914495Z Removing credentials config '/home/runner/work/_temp/git-credentials-05af2f73-a07e-4776-8635-105322c15cf2.config'
Gate Tests (Rust)	Complete job	﻿2026-01-13T21:54:45.5042974Z Cleaning up orphan processes
Docker Build (Rust Server)	Set up job	﻿2026-01-13T21:51:26.0757862Z Current runner version: '2.330.0'
Docker Build (Rust Server)	Set up job	2026-01-13T21:51:26.0781568Z ##[group]Runner Image Provisioner
Docker Build (Rust Server)	Set up job	2026-01-13T21:51:26.0782881Z Hosted Compute Agent
Docker Build (Rust Server)	Set up job	2026-01-13T21:51:26.0783636Z Version: 20251211.462
Docker Build (Rust Server)	Set up job	2026-01-13T21:51:26.0784247Z Commit: 6cbad8c2bb55d58165063d031ccabf57e2d2db61
Docker Build (Rust Server)	Set up job	2026-01-13T21:51:26.0785030Z Build Date: 2025-12-11T16:28:49Z
Docker Build (Rust Server)	Set up job	2026-01-13T21:51:26.0785653Z Worker ID: {9823f944-a5a1-49a0-8f50-fa9be150f40a}
Docker Build (Rust Server)	Set up job	2026-01-13T21:51:26.0786304Z ##[endgroup]
Docker Build (Rust Server)	Set up job	2026-01-13T21:51:26.0786766Z ##[group]Operating System
Docker Build (Rust Server)	Set up job	2026-01-13T21:51:26.0787413Z Ubuntu
Docker Build (Rust Server)	Set up job	2026-01-13T21:51:26.0787838Z 24.04.3
Docker Build (Rust Server)	Set up job	2026-01-13T21:51:26.0788459Z LTS
Docker Build (Rust Server)	Set up job	2026-01-13T21:51:26.0788947Z ##[endgroup]
Docker Build (Rust Server)	Set up job	2026-01-13T21:51:26.0789515Z ##[group]Runner Image
Docker Build (Rust Server)	Set up job	2026-01-13T21:51:26.0790031Z Image: ubuntu-24.04
Docker Build (Rust Server)	Set up job	2026-01-13T21:51:26.0790555Z Version: 20260105.202.1
Docker Build (Rust Server)	Set up job	2026-01-13T21:51:26.0791536Z Included Software: https://github.com/actions/runner-images/blob/ubuntu24/20260105.202/images/ubuntu/Ubuntu2404-Readme.md
Docker Build (Rust Server)	Set up job	2026-01-13T21:51:26.0792905Z Image Release: https://github.com/actions/runner-images/releases/tag/ubuntu24%2F20260105.202
Docker Build (Rust Server)	Set up job	2026-01-13T21:51:26.0794101Z ##[endgroup]
Docker Build (Rust Server)	Set up job	2026-01-13T21:51:26.0795154Z ##[group]GITHUB_TOKEN Permissions
Docker Build (Rust Server)	Set up job	2026-01-13T21:51:26.0797217Z Contents: read
Docker Build (Rust Server)	Set up job	2026-01-13T21:51:26.0797764Z Metadata: read
Docker Build (Rust Server)	Set up job	2026-01-13T21:51:26.0798460Z Packages: read
Docker Build (Rust Server)	Set up job	2026-01-13T21:51:26.0798972Z ##[endgroup]
Docker Build (Rust Server)	Set up job	2026-01-13T21:51:26.0800954Z Secret source: Actions
Docker Build (Rust Server)	Set up job	2026-01-13T21:51:26.0801951Z Prepare workflow directory
Docker Build (Rust Server)	Set up job	2026-01-13T21:51:26.1337133Z Prepare all required actions
Docker Build (Rust Server)	Set up job	2026-01-13T21:51:26.1390902Z Getting action download info
Docker Build (Rust Server)	Set up job	2026-01-13T21:51:26.4449426Z Download action repository 'actions/checkout@v6' (SHA:8e8c483db84b4bee98b60c0593521ed34d9990e8)
Docker Build (Rust Server)	Set up job	2026-01-13T21:51:26.5730625Z Download action repository 'docker/setup-buildx-action@v3' (SHA:8d2750c68a42422c14e847fe6c8ac0403b4cbd6f)
Docker Build (Rust Server)	Set up job	2026-01-13T21:51:26.9077109Z Download action repository 'docker/build-push-action@v6' (SHA:263435318d21b8e681c14492fe198d362a7d2c83)
Docker Build (Rust Server)	Set up job	2026-01-13T21:51:27.3573363Z Complete job name: Docker Build (Rust Server)
Docker Build (Rust Server)	Run actions/checkout@v6	﻿2026-01-13T21:51:27.4229012Z ##[group]Run actions/checkout@v6
Docker Build (Rust Server)	Run actions/checkout@v6	2026-01-13T21:51:27.4229864Z with:
Docker Build (Rust Server)	Run actions/checkout@v6	2026-01-13T21:51:27.4230265Z   repository: AgentKern/agentkern
Docker Build (Rust Server)	Run actions/checkout@v6	2026-01-13T21:51:27.4230903Z   token: ***
Docker Build (Rust Server)	Run actions/checkout@v6	2026-01-13T21:51:27.4231272Z   ssh-strict: true
Docker Build (Rust Server)	Run actions/checkout@v6	2026-01-13T21:51:27.4231654Z   ssh-user: git
Docker Build (Rust Server)	Run actions/checkout@v6	2026-01-13T21:51:27.4232034Z   persist-credentials: true
Docker Build (Rust Server)	Run actions/checkout@v6	2026-01-13T21:51:27.4232473Z   clean: true
Docker Build (Rust Server)	Run actions/checkout@v6	2026-01-13T21:51:27.4232850Z   sparse-checkout-cone-mode: true
Docker Build (Rust Server)	Run actions/checkout@v6	2026-01-13T21:51:27.4233317Z   fetch-depth: 1
Docker Build (Rust Server)	Run actions/checkout@v6	2026-01-13T21:51:27.4233681Z   fetch-tags: false
Docker Build (Rust Server)	Run actions/checkout@v6	2026-01-13T21:51:27.4234064Z   show-progress: true
Docker Build (Rust Server)	Run actions/checkout@v6	2026-01-13T21:51:27.4234457Z   lfs: false
Docker Build (Rust Server)	Run actions/checkout@v6	2026-01-13T21:51:27.4234809Z   submodules: false
Docker Build (Rust Server)	Run actions/checkout@v6	2026-01-13T21:51:27.4235205Z   set-safe-directory: true
Docker Build (Rust Server)	Run actions/checkout@v6	2026-01-13T21:51:27.4235814Z env:
Docker Build (Rust Server)	Run actions/checkout@v6	2026-01-13T21:51:27.4236178Z   CARGO_TERM_COLOR: always
Docker Build (Rust Server)	Run actions/checkout@v6	2026-01-13T21:51:27.4236606Z   RUST_VERSION: stable
Docker Build (Rust Server)	Run actions/checkout@v6	2026-01-13T21:51:27.4237005Z   PNPM_VERSION: 9
Docker Build (Rust Server)	Run actions/checkout@v6	2026-01-13T21:51:27.4237381Z   PYO3_PYTHON: python3
Docker Build (Rust Server)	Run actions/checkout@v6	2026-01-13T21:51:27.4237794Z ##[endgroup]
Docker Build (Rust Server)	Run actions/checkout@v6	2026-01-13T21:51:27.5136631Z Syncing repository: AgentKern/agentkern
Docker Build (Rust Server)	Run actions/checkout@v6	2026-01-13T21:51:27.5138791Z ##[group]Getting Git version info
Docker Build (Rust Server)	Run actions/checkout@v6	2026-01-13T21:51:27.5139696Z Working directory is '/home/runner/work/agentkern/agentkern'
Docker Build (Rust Server)	Run actions/checkout@v6	2026-01-13T21:51:27.5140767Z [command]/usr/bin/git version
Docker Build (Rust Server)	Run actions/checkout@v6	2026-01-13T21:51:27.5209798Z git version 2.52.0
Docker Build (Rust Server)	Run actions/checkout@v6	2026-01-13T21:51:27.5229696Z ##[endgroup]
Docker Build (Rust Server)	Run actions/checkout@v6	2026-01-13T21:51:27.5242997Z Temporarily overriding HOME='/home/runner/work/_temp/792165ba-30b5-4807-8641-0d7e2d192afc' before making global git config changes
Docker Build (Rust Server)	Run actions/checkout@v6	2026-01-13T21:51:27.5244414Z Adding repository directory to the temporary git global config as a safe directory
Docker Build (Rust Server)	Run actions/checkout@v6	2026-01-13T21:51:27.5247877Z [command]/usr/bin/git config --global --add safe.directory /home/runner/work/agentkern/agentkern
Docker Build (Rust Server)	Run actions/checkout@v6	2026-01-13T21:51:27.5286190Z Deleting the contents of '/home/runner/work/agentkern/agentkern'
Docker Build (Rust Server)	Run actions/checkout@v6	2026-01-13T21:51:27.5290040Z ##[group]Initializing the repository
Docker Build (Rust Server)	Run actions/checkout@v6	2026-01-13T21:51:27.5294426Z [command]/usr/bin/git init /home/runner/work/agentkern/agentkern
Docker Build (Rust Server)	Run actions/checkout@v6	2026-01-13T21:51:27.5408271Z hint: Using 'master' as the name for the initial branch. This default branch name
Docker Build (Rust Server)	Run actions/checkout@v6	2026-01-13T21:51:27.5410028Z hint: will change to "main" in Git 3.0. To configure the initial branch name
Docker Build (Rust Server)	Run actions/checkout@v6	2026-01-13T21:51:27.5411729Z hint: to use in all of your new repositories, which will suppress this warning,
Docker Build (Rust Server)	Run actions/checkout@v6	2026-01-13T21:51:27.5413055Z hint: call:
Docker Build (Rust Server)	Run actions/checkout@v6	2026-01-13T21:51:27.5413834Z hint:
Docker Build (Rust Server)	Run actions/checkout@v6	2026-01-13T21:51:27.5414586Z hint: 	git config --global init.defaultBranch <name>
Docker Build (Rust Server)	Run actions/checkout@v6	2026-01-13T21:51:27.5415285Z hint:
Docker Build (Rust Server)	Run actions/checkout@v6	2026-01-13T21:51:27.5415938Z hint: Names commonly chosen instead of 'master' are 'main', 'trunk' and
Docker Build (Rust Server)	Run actions/checkout@v6	2026-01-13T21:51:27.5416897Z hint: 'development'. The just-created branch can be renamed via this command:
Docker Build (Rust Server)	Run actions/checkout@v6	2026-01-13T21:51:27.5417734Z hint:
Docker Build (Rust Server)	Run actions/checkout@v6	2026-01-13T21:51:27.5418436Z hint: 	git branch -m <name>
Docker Build (Rust Server)	Run actions/checkout@v6	2026-01-13T21:51:27.5419150Z hint:
Docker Build (Rust Server)	Run actions/checkout@v6	2026-01-13T21:51:27.5420217Z hint: Disable this message with "git config set advice.defaultBranchName false"
Docker Build (Rust Server)	Run actions/checkout@v6	2026-01-13T21:51:27.5421317Z Initialized empty Git repository in /home/runner/work/agentkern/agentkern/.git/
Docker Build (Rust Server)	Run actions/checkout@v6	2026-01-13T21:51:27.5423886Z [command]/usr/bin/git remote add origin https://github.com/AgentKern/agentkern
Docker Build (Rust Server)	Run actions/checkout@v6	2026-01-13T21:51:27.5490316Z ##[endgroup]
Docker Build (Rust Server)	Run actions/checkout@v6	2026-01-13T21:51:27.5491247Z ##[group]Disabling automatic garbage collection
Docker Build (Rust Server)	Run actions/checkout@v6	2026-01-13T21:51:27.5493749Z [command]/usr/bin/git config --local gc.auto 0
Docker Build (Rust Server)	Run actions/checkout@v6	2026-01-13T21:51:27.5522755Z ##[endgroup]
Docker Build (Rust Server)	Run actions/checkout@v6	2026-01-13T21:51:27.5524203Z ##[group]Setting up auth
Docker Build (Rust Server)	Run actions/checkout@v6	2026-01-13T21:51:27.5525040Z Removing SSH command configuration
Docker Build (Rust Server)	Run actions/checkout@v6	2026-01-13T21:51:27.5531221Z [command]/usr/bin/git config --local --name-only --get-regexp core\.sshCommand
Docker Build (Rust Server)	Run actions/checkout@v6	2026-01-13T21:51:27.5562979Z [command]/usr/bin/git submodule foreach --recursive sh -c "git config --local --name-only --get-regexp 'core\.sshCommand' && git config --local --unset-all 'core.sshCommand' || :"
Docker Build (Rust Server)	Run actions/checkout@v6	2026-01-13T21:51:27.5916334Z Removing HTTP extra header
Docker Build (Rust Server)	Run actions/checkout@v6	2026-01-13T21:51:27.5920700Z [command]/usr/bin/git config --local --name-only --get-regexp http\.https\:\/\/github\.com\/\.extraheader
Docker Build (Rust Server)	Run actions/checkout@v6	2026-01-13T21:51:27.5950163Z [command]/usr/bin/git submodule foreach --recursive sh -c "git config --local --name-only --get-regexp 'http\.https\:\/\/github\.com\/\.extraheader' && git config --local --unset-all 'http.https://github.com/.extraheader' || :"
Docker Build (Rust Server)	Run actions/checkout@v6	2026-01-13T21:51:27.6161418Z Removing includeIf entries pointing to credentials config files
Docker Build (Rust Server)	Run actions/checkout@v6	2026-01-13T21:51:27.6166755Z [command]/usr/bin/git config --local --name-only --get-regexp ^includeIf\.gitdir:
Docker Build (Rust Server)	Run actions/checkout@v6	2026-01-13T21:51:27.6200174Z [command]/usr/bin/git submodule foreach --recursive git config --local --show-origin --name-only --get-regexp remote.origin.url
Docker Build (Rust Server)	Run actions/checkout@v6	2026-01-13T21:51:27.6421417Z [command]/usr/bin/git config --file /home/runner/work/_temp/git-credentials-c62be19c-2c8d-42e1-8418-d45b42939262.config http.https://github.com/.extraheader AUTHORIZATION: basic ***
Docker Build (Rust Server)	Run actions/checkout@v6	2026-01-13T21:51:27.6457568Z [command]/usr/bin/git config --local includeIf.gitdir:/home/runner/work/agentkern/agentkern/.git.path /home/runner/work/_temp/git-credentials-c62be19c-2c8d-42e1-8418-d45b42939262.config
Docker Build (Rust Server)	Run actions/checkout@v6	2026-01-13T21:51:27.6487702Z [command]/usr/bin/git config --local includeIf.gitdir:/home/runner/work/agentkern/agentkern/.git/worktrees/*.path /home/runner/work/_temp/git-credentials-c62be19c-2c8d-42e1-8418-d45b42939262.config
Docker Build (Rust Server)	Run actions/checkout@v6	2026-01-13T21:51:27.6518189Z [command]/usr/bin/git config --local includeIf.gitdir:/github/workspace/.git.path /github/runner_temp/git-credentials-c62be19c-2c8d-42e1-8418-d45b42939262.config
Docker Build (Rust Server)	Run actions/checkout@v6	2026-01-13T21:51:27.6548820Z [command]/usr/bin/git config --local includeIf.gitdir:/github/workspace/.git/worktrees/*.path /github/runner_temp/git-credentials-c62be19c-2c8d-42e1-8418-d45b42939262.config
Docker Build (Rust Server)	Run actions/checkout@v6	2026-01-13T21:51:27.6575944Z ##[endgroup]
Docker Build (Rust Server)	Run actions/checkout@v6	2026-01-13T21:51:27.6576957Z ##[group]Fetching the repository
Docker Build (Rust Server)	Run actions/checkout@v6	2026-01-13T21:51:27.6582971Z [command]/usr/bin/git -c protocol.version=2 fetch --no-tags --prune --no-recurse-submodules --depth=1 origin +eeb13ac6b3513e8c396c4f2952bf179147fc8147:refs/remotes/origin/main
Docker Build (Rust Server)	Run actions/checkout@v6	2026-01-13T21:51:27.9722870Z From https://github.com/AgentKern/agentkern
Docker Build (Rust Server)	Run actions/checkout@v6	2026-01-13T21:51:27.9724651Z  * [new ref]         eeb13ac6b3513e8c396c4f2952bf179147fc8147 -> origin/main
Docker Build (Rust Server)	Run actions/checkout@v6	2026-01-13T21:51:27.9753476Z ##[endgroup]
Docker Build (Rust Server)	Run actions/checkout@v6	2026-01-13T21:51:27.9754916Z ##[group]Determining the checkout info
Docker Build (Rust Server)	Run actions/checkout@v6	2026-01-13T21:51:27.9756300Z ##[endgroup]
Docker Build (Rust Server)	Run actions/checkout@v6	2026-01-13T21:51:27.9761626Z [command]/usr/bin/git sparse-checkout disable
Docker Build (Rust Server)	Run actions/checkout@v6	2026-01-13T21:51:27.9803349Z [command]/usr/bin/git config --local --unset-all extensions.worktreeConfig
Docker Build (Rust Server)	Run actions/checkout@v6	2026-01-13T21:51:27.9831110Z ##[group]Checking out the ref
Docker Build (Rust Server)	Run actions/checkout@v6	2026-01-13T21:51:27.9834097Z [command]/usr/bin/git checkout --progress --force -B main refs/remotes/origin/main
Docker Build (Rust Server)	Run actions/checkout@v6	2026-01-13T21:51:28.0211809Z Switched to a new branch 'main'
Docker Build (Rust Server)	Run actions/checkout@v6	2026-01-13T21:51:28.0214012Z branch 'main' set up to track 'origin/main'.
Docker Build (Rust Server)	Run actions/checkout@v6	2026-01-13T21:51:28.0221355Z ##[endgroup]
Docker Build (Rust Server)	Run actions/checkout@v6	2026-01-13T21:51:28.0254731Z [command]/usr/bin/git log -1 --format=%H
Docker Build (Rust Server)	Run actions/checkout@v6	2026-01-13T21:51:28.0277138Z eeb13ac6b3513e8c396c4f2952bf179147fc8147
Docker Build (Rust Server)	Set up Docker Buildx	﻿2026-01-13T21:51:28.0613354Z ##[group]Run docker/setup-buildx-action@v3
Docker Build (Rust Server)	Set up Docker Buildx	2026-01-13T21:51:28.0614747Z with:
Docker Build (Rust Server)	Set up Docker Buildx	2026-01-13T21:51:28.0615677Z   driver: docker-container
Docker Build (Rust Server)	Set up Docker Buildx	2026-01-13T21:51:28.0616669Z   use: true
Docker Build (Rust Server)	Set up Docker Buildx	2026-01-13T21:51:28.0617487Z   keep-state: false
Docker Build (Rust Server)	Set up Docker Buildx	2026-01-13T21:51:28.0618573Z   cache-binary: true
Docker Build (Rust Server)	Set up Docker Buildx	2026-01-13T21:51:28.0619579Z   cleanup: true
Docker Build (Rust Server)	Set up Docker Buildx	2026-01-13T21:51:28.0620401Z   install: false
Docker Build (Rust Server)	Set up Docker Buildx	2026-01-13T21:51:28.0621265Z env:
Docker Build (Rust Server)	Set up Docker Buildx	2026-01-13T21:51:28.0622081Z   CARGO_TERM_COLOR: always
Docker Build (Rust Server)	Set up Docker Buildx	2026-01-13T21:51:28.0623075Z   RUST_VERSION: stable
Docker Build (Rust Server)	Set up Docker Buildx	2026-01-13T21:51:28.0623979Z   PNPM_VERSION: 9
Docker Build (Rust Server)	Set up Docker Buildx	2026-01-13T21:51:28.0624876Z   PYO3_PYTHON: python3
Docker Build (Rust Server)	Set up Docker Buildx	2026-01-13T21:51:28.0625780Z ##[endgroup]
Docker Build (Rust Server)	Set up Docker Buildx	2026-01-13T21:51:28.3337083Z ##[group]Docker info
Docker Build (Rust Server)	Set up Docker Buildx	2026-01-13T21:51:28.3366161Z [command]/usr/bin/docker version
Docker Build (Rust Server)	Set up Docker Buildx	2026-01-13T21:51:28.4355587Z Client: Docker Engine - Community
Docker Build (Rust Server)	Set up Docker Buildx	2026-01-13T21:51:28.4359024Z  Version:           28.0.4
Docker Build (Rust Server)	Set up Docker Buildx	2026-01-13T21:51:28.4359701Z  API version:       1.48
Docker Build (Rust Server)	Set up Docker Buildx	2026-01-13T21:51:28.4360256Z  Go version:        go1.23.7
Docker Build (Rust Server)	Set up Docker Buildx	2026-01-13T21:51:28.4360649Z  Git commit:        b8034c0
Docker Build (Rust Server)	Set up Docker Buildx	2026-01-13T21:51:28.4361096Z  Built:             Tue Mar 25 15:07:16 2025
Docker Build (Rust Server)	Set up Docker Buildx	2026-01-13T21:51:28.4361488Z  OS/Arch:           linux/amd64
Docker Build (Rust Server)	Set up Docker Buildx	2026-01-13T21:51:28.4361830Z  Context:           default
Docker Build (Rust Server)	Set up Docker Buildx	2026-01-13T21:51:28.4362041Z 
Docker Build (Rust Server)	Set up Docker Buildx	2026-01-13T21:51:28.4362196Z Server: Docker Engine - Community
Docker Build (Rust Server)	Set up Docker Buildx	2026-01-13T21:51:28.4362552Z  Engine:
Docker Build (Rust Server)	Set up Docker Buildx	2026-01-13T21:51:28.4362830Z   Version:          28.0.4
Docker Build (Rust Server)	Set up Docker Buildx	2026-01-13T21:51:28.4363203Z   API version:      1.48 (minimum version 1.24)
Docker Build (Rust Server)	Set up Docker Buildx	2026-01-13T21:51:28.4363593Z   Go version:       go1.23.7
Docker Build (Rust Server)	Set up Docker Buildx	2026-01-13T21:51:28.4364202Z   Git commit:       6430e49
Docker Build (Rust Server)	Set up Docker Buildx	2026-01-13T21:51:28.4364889Z   Built:            Tue Mar 25 15:07:16 2025
Docker Build (Rust Server)	Set up Docker Buildx	2026-01-13T21:51:28.4365587Z   OS/Arch:          linux/amd64
Docker Build (Rust Server)	Set up Docker Buildx	2026-01-13T21:51:28.4366207Z   Experimental:     false
Docker Build (Rust Server)	Set up Docker Buildx	2026-01-13T21:51:28.4366803Z  containerd:
Docker Build (Rust Server)	Set up Docker Buildx	2026-01-13T21:51:28.4367319Z   Version:          v2.2.1
Docker Build (Rust Server)	Set up Docker Buildx	2026-01-13T21:51:28.4368254Z   GitCommit:        dea7da592f5d1d2b7755e3a161be07f43fad8f75
Docker Build (Rust Server)	Set up Docker Buildx	2026-01-13T21:51:28.4368999Z  runc:
Docker Build (Rust Server)	Set up Docker Buildx	2026-01-13T21:51:28.4369508Z   Version:          1.3.4
Docker Build (Rust Server)	Set up Docker Buildx	2026-01-13T21:51:28.4370120Z   GitCommit:        v1.3.4-0-gd6d73eb8
Docker Build (Rust Server)	Set up Docker Buildx	2026-01-13T21:51:28.4370745Z  docker-init:
Docker Build (Rust Server)	Set up Docker Buildx	2026-01-13T21:51:28.4371266Z   Version:          0.19.0
Docker Build (Rust Server)	Set up Docker Buildx	2026-01-13T21:51:28.4371843Z   GitCommit:        de40ad0
Docker Build (Rust Server)	Set up Docker Buildx	2026-01-13T21:51:28.4410054Z [command]/usr/bin/docker info
Docker Build (Rust Server)	Set up Docker Buildx	2026-01-13T21:51:30.9754223Z Client: Docker Engine - Community
Docker Build (Rust Server)	Set up Docker Buildx	2026-01-13T21:51:30.9755641Z  Version:    28.0.4
Docker Build (Rust Server)	Set up Docker Buildx	2026-01-13T21:51:30.9755990Z  Context:    default
Docker Build (Rust Server)	Set up Docker Buildx	2026-01-13T21:51:30.9756221Z  Debug Mode: false
Docker Build (Rust Server)	Set up Docker Buildx	2026-01-13T21:51:30.9756410Z  Plugins:
Docker Build (Rust Server)	Set up Docker Buildx	2026-01-13T21:51:30.9756605Z   buildx: Docker Buildx (Docker Inc.)
Docker Build (Rust Server)	Set up Docker Buildx	2026-01-13T21:51:30.9756849Z     Version:  v0.30.1
Docker Build (Rust Server)	Set up Docker Buildx	2026-01-13T21:51:30.9757173Z     Path:     /usr/libexec/docker/cli-plugins/docker-buildx
Docker Build (Rust Server)	Set up Docker Buildx	2026-01-13T21:51:30.9757499Z   compose: Docker Compose (Docker Inc.)
Docker Build (Rust Server)	Set up Docker Buildx	2026-01-13T21:51:30.9757748Z     Version:  v2.38.2
Docker Build (Rust Server)	Set up Docker Buildx	2026-01-13T21:51:30.9758223Z     Path:     /usr/libexec/docker/cli-plugins/docker-compose
Docker Build (Rust Server)	Set up Docker Buildx	2026-01-13T21:51:30.9758513Z 
Docker Build (Rust Server)	Set up Docker Buildx	2026-01-13T21:51:30.9758649Z Server:
Docker Build (Rust Server)	Set up Docker Buildx	2026-01-13T21:51:30.9759225Z  Containers: 0
Docker Build (Rust Server)	Set up Docker Buildx	2026-01-13T21:51:30.9759403Z   Running: 0
Docker Build (Rust Server)	Set up Docker Buildx	2026-01-13T21:51:30.9759623Z   Paused: 0
Docker Build (Rust Server)	Set up Docker Buildx	2026-01-13T21:51:30.9759790Z   Stopped: 0
Docker Build (Rust Server)	Set up Docker Buildx	2026-01-13T21:51:30.9759968Z  Images: 0
Docker Build (Rust Server)	Set up Docker Buildx	2026-01-13T21:51:30.9760140Z  Server Version: 28.0.4
Docker Build (Rust Server)	Set up Docker Buildx	2026-01-13T21:51:30.9760363Z  Storage Driver: overlay2
Docker Build (Rust Server)	Set up Docker Buildx	2026-01-13T21:51:30.9760581Z   Backing Filesystem: extfs
Docker Build (Rust Server)	Set up Docker Buildx	2026-01-13T21:51:30.9760807Z   Supports d_type: true
Docker Build (Rust Server)	Set up Docker Buildx	2026-01-13T21:51:30.9761014Z   Using metacopy: false
Docker Build (Rust Server)	Set up Docker Buildx	2026-01-13T21:51:30.9761220Z   Native Overlay Diff: false
Docker Build (Rust Server)	Set up Docker Buildx	2026-01-13T21:51:30.9761444Z   userxattr: false
Docker Build (Rust Server)	Set up Docker Buildx	2026-01-13T21:51:30.9761638Z  Logging Driver: json-file
Docker Build (Rust Server)	Set up Docker Buildx	2026-01-13T21:51:30.9761866Z  Cgroup Driver: systemd
Docker Build (Rust Server)	Set up Docker Buildx	2026-01-13T21:51:30.9762079Z  Cgroup Version: 2
Docker Build (Rust Server)	Set up Docker Buildx	2026-01-13T21:51:30.9762265Z  Plugins:
Docker Build (Rust Server)	Set up Docker Buildx	2026-01-13T21:51:30.9762512Z   Volume: local
Docker Build (Rust Server)	Set up Docker Buildx	2026-01-13T21:51:30.9762867Z   Network: bridge host ipvlan macvlan null overlay
Docker Build (Rust Server)	Set up Docker Buildx	2026-01-13T21:51:30.9764778Z   Log: awslogs fluentd gcplogs gelf journald json-file local splunk syslog
Docker Build (Rust Server)	Set up Docker Buildx	2026-01-13T21:51:30.9765804Z  Swarm: inactive
Docker Build (Rust Server)	Set up Docker Buildx	2026-01-13T21:51:30.9766165Z  Runtimes: io.containerd.runc.v2 runc
Docker Build (Rust Server)	Set up Docker Buildx	2026-01-13T21:51:30.9766579Z  Default Runtime: runc
Docker Build (Rust Server)	Set up Docker Buildx	2026-01-13T21:51:30.9766924Z  Init Binary: docker-init
Docker Build (Rust Server)	Set up Docker Buildx	2026-01-13T21:51:30.9767389Z  containerd version: dea7da592f5d1d2b7755e3a161be07f43fad8f75
Docker Build (Rust Server)	Set up Docker Buildx	2026-01-13T21:51:30.9767939Z  runc version: v1.3.4-0-gd6d73eb8
Docker Build (Rust Server)	Set up Docker Buildx	2026-01-13T21:51:30.9768507Z  init version: de40ad0
Docker Build (Rust Server)	Set up Docker Buildx	2026-01-13T21:51:30.9768850Z  Security Options:
Docker Build (Rust Server)	Set up Docker Buildx	2026-01-13T21:51:30.9769180Z   apparmor
Docker Build (Rust Server)	Set up Docker Buildx	2026-01-13T21:51:30.9769443Z   seccomp
Docker Build (Rust Server)	Set up Docker Buildx	2026-01-13T21:51:30.9769609Z    Profile: builtin
Docker Build (Rust Server)	Set up Docker Buildx	2026-01-13T21:51:30.9769877Z   cgroupns
Docker Build (Rust Server)	Set up Docker Buildx	2026-01-13T21:51:30.9770125Z  Kernel Version: 6.11.0-1018-azure
Docker Build (Rust Server)	Set up Docker Buildx	2026-01-13T21:51:30.9770374Z  Operating System: Ubuntu 24.04.3 LTS
Docker Build (Rust Server)	Set up Docker Buildx	2026-01-13T21:51:30.9770667Z  OSType: linux
Docker Build (Rust Server)	Set up Docker Buildx	2026-01-13T21:51:30.9770844Z  Architecture: x86_64
Docker Build (Rust Server)	Set up Docker Buildx	2026-01-13T21:51:30.9771034Z  CPUs: 4
Docker Build (Rust Server)	Set up Docker Buildx	2026-01-13T21:51:30.9771197Z  Total Memory: 15.62GiB
Docker Build (Rust Server)	Set up Docker Buildx	2026-01-13T21:51:30.9771443Z  Name: runnervmi13qx
Docker Build (Rust Server)	Set up Docker Buildx	2026-01-13T21:51:30.9771679Z  ID: cad06968-cefe-42f1-8413-b84e8b052c72
Docker Build (Rust Server)	Set up Docker Buildx	2026-01-13T21:51:30.9771952Z  Docker Root Dir: /var/lib/docker
Docker Build (Rust Server)	Set up Docker Buildx	2026-01-13T21:51:30.9772170Z  Debug Mode: false
Docker Build (Rust Server)	Set up Docker Buildx	2026-01-13T21:51:30.9772358Z  Username: githubactions
Docker Build (Rust Server)	Set up Docker Buildx	2026-01-13T21:51:30.9772562Z  Experimental: false
Docker Build (Rust Server)	Set up Docker Buildx	2026-01-13T21:51:30.9772747Z  Insecure Registries:
Docker Build (Rust Server)	Set up Docker Buildx	2026-01-13T21:51:30.9776618Z   ::1/128
Docker Build (Rust Server)	Set up Docker Buildx	2026-01-13T21:51:30.9776836Z   127.0.0.0/8
Docker Build (Rust Server)	Set up Docker Buildx	2026-01-13T21:51:30.9777045Z  Live Restore Enabled: false
Docker Build (Rust Server)	Set up Docker Buildx	2026-01-13T21:51:30.9777209Z 
Docker Build (Rust Server)	Set up Docker Buildx	2026-01-13T21:51:30.9778318Z ##[endgroup]
Docker Build (Rust Server)	Set up Docker Buildx	2026-01-13T21:51:31.1039051Z ##[group]Buildx version
Docker Build (Rust Server)	Set up Docker Buildx	2026-01-13T21:51:31.1066806Z [command]/usr/bin/docker buildx version
Docker Build (Rust Server)	Set up Docker Buildx	2026-01-13T21:51:31.1737501Z github.com/docker/buildx v0.30.1 9e66234aa13328a5e75b75aa5574e1ca6d6d9c01
Docker Build (Rust Server)	Set up Docker Buildx	2026-01-13T21:51:31.1771402Z ##[endgroup]
Docker Build (Rust Server)	Set up Docker Buildx	2026-01-13T21:51:31.1944742Z ##[group]Inspecting default docker context
Docker Build (Rust Server)	Set up Docker Buildx	2026-01-13T21:51:31.2108657Z [
Docker Build (Rust Server)	Set up Docker Buildx	2026-01-13T21:51:31.2108990Z   {
Docker Build (Rust Server)	Set up Docker Buildx	2026-01-13T21:51:31.2109278Z     "Name": "default",
Docker Build (Rust Server)	Set up Docker Buildx	2026-01-13T21:51:31.2109704Z     "Metadata": {},
Docker Build (Rust Server)	Set up Docker Buildx	2026-01-13T21:51:31.2110070Z     "Endpoints": {
Docker Build (Rust Server)	Set up Docker Buildx	2026-01-13T21:51:31.2110389Z       "docker": {
Docker Build (Rust Server)	Set up Docker Buildx	2026-01-13T21:51:31.2110747Z         "Host": "unix:///var/run/docker.sock",
Docker Build (Rust Server)	Set up Docker Buildx	2026-01-13T21:51:31.2111249Z         "SkipTLSVerify": false
Docker Build (Rust Server)	Set up Docker Buildx	2026-01-13T21:51:31.2111628Z       }
Docker Build (Rust Server)	Set up Docker Buildx	2026-01-13T21:51:31.2111902Z     },
Docker Build (Rust Server)	Set up Docker Buildx	2026-01-13T21:51:31.2112183Z     "TLSMaterial": {},
Docker Build (Rust Server)	Set up Docker Buildx	2026-01-13T21:51:31.2112535Z     "Storage": {
Docker Build (Rust Server)	Set up Docker Buildx	2026-01-13T21:51:31.2112880Z       "MetadataPath": "<IN MEMORY>",
Docker Build (Rust Server)	Set up Docker Buildx	2026-01-13T21:51:31.2113374Z       "TLSPath": "<IN MEMORY>"
Docker Build (Rust Server)	Set up Docker Buildx	2026-01-13T21:51:31.2113763Z     }
Docker Build (Rust Server)	Set up Docker Buildx	2026-01-13T21:51:31.2114079Z   }
Docker Build (Rust Server)	Set up Docker Buildx	2026-01-13T21:51:31.2114343Z ]
Docker Build (Rust Server)	Set up Docker Buildx	2026-01-13T21:51:31.2115160Z ##[endgroup]
Docker Build (Rust Server)	Set up Docker Buildx	2026-01-13T21:51:31.2115811Z ##[group]Creating a new builder instance
Docker Build (Rust Server)	Set up Docker Buildx	2026-01-13T21:51:31.3454324Z [command]/usr/bin/docker buildx create --name builder-ea1178b5-cdd4-46bb-bbeb-a1fcda6f229c --driver docker-container --buildkitd-flags --allow-insecure-entitlement security.insecure --allow-insecure-entitlement network.host --use
Docker Build (Rust Server)	Set up Docker Buildx	2026-01-13T21:51:31.4194574Z builder-ea1178b5-cdd4-46bb-bbeb-a1fcda6f229c
Docker Build (Rust Server)	Set up Docker Buildx	2026-01-13T21:51:31.4231100Z ##[endgroup]
Docker Build (Rust Server)	Set up Docker Buildx	2026-01-13T21:51:31.4231839Z ##[group]Booting builder
Docker Build (Rust Server)	Set up Docker Buildx	2026-01-13T21:51:31.4270548Z [command]/usr/bin/docker buildx inspect --bootstrap --builder builder-ea1178b5-cdd4-46bb-bbeb-a1fcda6f229c
Docker Build (Rust Server)	Set up Docker Buildx	2026-01-13T21:51:31.4884021Z #1 [internal] booting buildkit
Docker Build (Rust Server)	Set up Docker Buildx	2026-01-13T21:51:31.6389438Z #1 pulling image moby/buildkit:buildx-stable-1
Docker Build (Rust Server)	Set up Docker Buildx	2026-01-13T21:51:35.1458334Z #1 pulling image moby/buildkit:buildx-stable-1 3.7s done
Docker Build (Rust Server)	Set up Docker Buildx	2026-01-13T21:51:35.2963150Z #1 creating container buildx_buildkit_builder-ea1178b5-cdd4-46bb-bbeb-a1fcda6f229c0
Docker Build (Rust Server)	Set up Docker Buildx	2026-01-13T21:51:35.4040989Z #1 creating container buildx_buildkit_builder-ea1178b5-cdd4-46bb-bbeb-a1fcda6f229c0 0.3s done
Docker Build (Rust Server)	Set up Docker Buildx	2026-01-13T21:51:35.4097971Z #1 DONE 3.9s
Docker Build (Rust Server)	Set up Docker Buildx	2026-01-13T21:51:35.4421524Z Name:          builder-ea1178b5-cdd4-46bb-bbeb-a1fcda6f229c
Docker Build (Rust Server)	Set up Docker Buildx	2026-01-13T21:51:35.4423551Z Driver:        docker-container
Docker Build (Rust Server)	Set up Docker Buildx	2026-01-13T21:51:35.4423982Z Last Activity: 2026-01-13 21:51:31 +0000 UTC
Docker Build (Rust Server)	Set up Docker Buildx	2026-01-13T21:51:35.4424674Z 
Docker Build (Rust Server)	Set up Docker Buildx	2026-01-13T21:51:35.4424804Z Nodes:
Docker Build (Rust Server)	Set up Docker Buildx	2026-01-13T21:51:35.4427674Z Name:                  builder-ea1178b5-cdd4-46bb-bbeb-a1fcda6f229c0
Docker Build (Rust Server)	Set up Docker Buildx	2026-01-13T21:51:35.4428510Z Endpoint:              unix:///var/run/docker.sock
Docker Build (Rust Server)	Set up Docker Buildx	2026-01-13T21:51:35.4429083Z Status:                running
Docker Build (Rust Server)	Set up Docker Buildx	2026-01-13T21:51:35.4429970Z BuildKit daemon flags: --allow-insecure-entitlement security.insecure --allow-insecure-entitlement network.host
Docker Build (Rust Server)	Set up Docker Buildx	2026-01-13T21:51:35.4430858Z BuildKit version:      v0.26.3
Docker Build (Rust Server)	Set up Docker Buildx	2026-01-13T21:51:35.4431422Z Platforms:             linux/amd64, linux/amd64/v2, linux/amd64/v3, linux/386
Docker Build (Rust Server)	Set up Docker Buildx	2026-01-13T21:51:35.4431971Z Labels:
Docker Build (Rust Server)	Set up Docker Buildx	2026-01-13T21:51:35.4432349Z  org.mobyproject.buildkit.worker.executor:         oci
Docker Build (Rust Server)	Set up Docker Buildx	2026-01-13T21:51:35.4433005Z  org.mobyproject.buildkit.worker.hostname:         9bbd755f5d42
Docker Build (Rust Server)	Set up Docker Buildx	2026-01-13T21:51:35.4433676Z  org.mobyproject.buildkit.worker.network:          host
Docker Build (Rust Server)	Set up Docker Buildx	2026-01-13T21:51:35.4434327Z  org.mobyproject.buildkit.worker.oci.process-mode: sandbox
Docker Build (Rust Server)	Set up Docker Buildx	2026-01-13T21:51:35.4434992Z  org.mobyproject.buildkit.worker.selinux.enabled:  false
Docker Build (Rust Server)	Set up Docker Buildx	2026-01-13T21:51:35.4435653Z  org.mobyproject.buildkit.worker.snapshotter:      overlayfs
Docker Build (Rust Server)	Set up Docker Buildx	2026-01-13T21:51:35.4436182Z GC Policy rule#0:
Docker Build (Rust Server)	Set up Docker Buildx	2026-01-13T21:51:35.4436478Z  All:            false
Docker Build (Rust Server)	Set up Docker Buildx	2026-01-13T21:51:35.4437005Z  Filters:        type==source.local,type==exec.cachemount,type==source.git.checkout
Docker Build (Rust Server)	Set up Docker Buildx	2026-01-13T21:51:35.4437634Z  Keep Duration:  48h0m0s
Docker Build (Rust Server)	Set up Docker Buildx	2026-01-13T21:51:35.4437967Z  Max Used Space: 488.3MiB
Docker Build (Rust Server)	Set up Docker Buildx	2026-01-13T21:51:35.4438444Z GC Policy rule#1:
Docker Build (Rust Server)	Set up Docker Buildx	2026-01-13T21:51:35.4438721Z  All:            false
Docker Build (Rust Server)	Set up Docker Buildx	2026-01-13T21:51:35.4439023Z  Keep Duration:  1440h0m0s
Docker Build (Rust Server)	Set up Docker Buildx	2026-01-13T21:51:35.4439356Z  Reserved Space: 7.451GiB
Docker Build (Rust Server)	Set up Docker Buildx	2026-01-13T21:51:35.4439678Z  Max Used Space: 54.02GiB
Docker Build (Rust Server)	Set up Docker Buildx	2026-01-13T21:51:35.4440010Z  Min Free Space: 13.97GiB
Docker Build (Rust Server)	Set up Docker Buildx	2026-01-13T21:51:35.4440331Z GC Policy rule#2:
Docker Build (Rust Server)	Set up Docker Buildx	2026-01-13T21:51:35.4440606Z  All:            false
Docker Build (Rust Server)	Set up Docker Buildx	2026-01-13T21:51:35.4440906Z  Reserved Space: 7.451GiB
Docker Build (Rust Server)	Set up Docker Buildx	2026-01-13T21:51:35.4441235Z  Max Used Space: 54.02GiB
Docker Build (Rust Server)	Set up Docker Buildx	2026-01-13T21:51:35.4441567Z  Min Free Space: 13.97GiB
Docker Build (Rust Server)	Set up Docker Buildx	2026-01-13T21:51:35.4441901Z GC Policy rule#3:
Docker Build (Rust Server)	Set up Docker Buildx	2026-01-13T21:51:35.4442171Z  All:            true
Docker Build (Rust Server)	Set up Docker Buildx	2026-01-13T21:51:35.4442475Z  Reserved Space: 7.451GiB
Docker Build (Rust Server)	Set up Docker Buildx	2026-01-13T21:51:35.4442797Z  Max Used Space: 54.02GiB
Docker Build (Rust Server)	Set up Docker Buildx	2026-01-13T21:51:35.4443105Z  Min Free Space: 13.97GiB
Docker Build (Rust Server)	Set up Docker Buildx	2026-01-13T21:51:35.4477130Z ##[endgroup]
Docker Build (Rust Server)	Set up Docker Buildx	2026-01-13T21:51:35.5319211Z ##[group]Inspect builder
Docker Build (Rust Server)	Set up Docker Buildx	2026-01-13T21:51:35.5321626Z {
Docker Build (Rust Server)	Set up Docker Buildx	2026-01-13T21:51:35.5321892Z   "nodes": [
Docker Build (Rust Server)	Set up Docker Buildx	2026-01-13T21:51:35.5322205Z     {
Docker Build (Rust Server)	Set up Docker Buildx	2026-01-13T21:51:35.5322551Z       "name": "builder-ea1178b5-cdd4-46bb-bbeb-a1fcda6f229c0",
Docker Build (Rust Server)	Set up Docker Buildx	2026-01-13T21:51:35.5323076Z       "endpoint": "unix:///var/run/docker.sock",
Docker Build (Rust Server)	Set up Docker Buildx	2026-01-13T21:51:35.5323494Z       "status": "running",
Docker Build (Rust Server)	Set up Docker Buildx	2026-01-13T21:51:35.5324363Z       "buildkitd-flags": "--allow-insecure-entitlement security.insecure --allow-insecure-entitlement network.host",
Docker Build (Rust Server)	Set up Docker Buildx	2026-01-13T21:51:35.5325279Z       "buildkit": "v0.26.3",
Docker Build (Rust Server)	Set up Docker Buildx	2026-01-13T21:51:35.5325770Z       "platforms": "linux/amd64,linux/amd64/v2,linux/amd64/v3,linux/386",
Docker Build (Rust Server)	Set up Docker Buildx	2026-01-13T21:51:35.5326361Z       "features": {
Docker Build (Rust Server)	Set up Docker Buildx	2026-01-13T21:51:35.5327154Z         "Automatically load images to the Docker Engine image store": true,
Docker Build (Rust Server)	Set up Docker Buildx	2026-01-13T21:51:35.5327763Z         "Cache export": true,
Docker Build (Rust Server)	Set up Docker Buildx	2026-01-13T21:51:35.5328758Z         "Direct push": true,
Docker Build (Rust Server)	Set up Docker Buildx	2026-01-13T21:51:35.5329140Z         "Docker exporter": true,
Docker Build (Rust Server)	Set up Docker Buildx	2026-01-13T21:51:35.5329531Z         "Multi-platform build": true,
Docker Build (Rust Server)	Set up Docker Buildx	2026-01-13T21:51:35.5329932Z         "OCI exporter": true
Docker Build (Rust Server)	Set up Docker Buildx	2026-01-13T21:51:35.5330267Z       },
Docker Build (Rust Server)	Set up Docker Buildx	2026-01-13T21:51:35.5330506Z       "labels": {
Docker Build (Rust Server)	Set up Docker Buildx	2026-01-13T21:51:35.5330910Z         "org.mobyproject.buildkit.worker.executor": "oci",
Docker Build (Rust Server)	Set up Docker Buildx	2026-01-13T21:51:35.5331537Z         "org.mobyproject.buildkit.worker.hostname": "9bbd755f5d42",
Docker Build (Rust Server)	Set up Docker Buildx	2026-01-13T21:51:35.5332135Z         "org.mobyproject.buildkit.worker.network": "host",
Docker Build (Rust Server)	Set up Docker Buildx	2026-01-13T21:51:35.5332817Z         "org.mobyproject.buildkit.worker.oci.process-mode": "sandbox",
Docker Build (Rust Server)	Set up Docker Buildx	2026-01-13T21:51:35.5333567Z         "org.mobyproject.buildkit.worker.selinux.enabled": "false",
Docker Build (Rust Server)	Set up Docker Buildx	2026-01-13T21:51:35.5334659Z         "org.mobyproject.buildkit.worker.snapshotter": "overlayfs"
Docker Build (Rust Server)	Set up Docker Buildx	2026-01-13T21:51:35.5335317Z       },
Docker Build (Rust Server)	Set up Docker Buildx	2026-01-13T21:51:35.5335590Z       "gcPolicy": [
Docker Build (Rust Server)	Set up Docker Buildx	2026-01-13T21:51:35.5335887Z         {
Docker Build (Rust Server)	Set up Docker Buildx	2026-01-13T21:51:35.5336157Z           "all": false,
Docker Build (Rust Server)	Set up Docker Buildx	2026-01-13T21:51:35.5336474Z           "filter": [
Docker Build (Rust Server)	Set up Docker Buildx	2026-01-13T21:51:35.5336814Z             "type==source.local",
Docker Build (Rust Server)	Set up Docker Buildx	2026-01-13T21:51:35.5337205Z             "type==exec.cachemount",
Docker Build (Rust Server)	Set up Docker Buildx	2026-01-13T21:51:35.5337621Z             "type==source.git.checkout"
Docker Build (Rust Server)	Set up Docker Buildx	2026-01-13T21:51:35.5337950Z           ],
Docker Build (Rust Server)	Set up Docker Buildx	2026-01-13T21:51:35.5338455Z           "keepDuration": "48h0m0s",
Docker Build (Rust Server)	Set up Docker Buildx	2026-01-13T21:51:35.5338694Z           "maxUsedSpace": "488.3MiB"
Docker Build (Rust Server)	Set up Docker Buildx	2026-01-13T21:51:35.5338908Z         },
Docker Build (Rust Server)	Set up Docker Buildx	2026-01-13T21:51:35.5339057Z         {
Docker Build (Rust Server)	Set up Docker Buildx	2026-01-13T21:51:35.5339202Z           "all": false,
Docker Build (Rust Server)	Set up Docker Buildx	2026-01-13T21:51:35.5339677Z           "keepDuration": "1440h0m0s",
Docker Build (Rust Server)	Set up Docker Buildx	2026-01-13T21:51:35.5340094Z           "reservedSpace": "7.451GiB",
Docker Build (Rust Server)	Set up Docker Buildx	2026-01-13T21:51:35.5340537Z           "maxUsedSpace": "54.02GiB",
Docker Build (Rust Server)	Set up Docker Buildx	2026-01-13T21:51:35.5340968Z           "minFreeSpace": "13.97GiB"
Docker Build (Rust Server)	Set up Docker Buildx	2026-01-13T21:51:35.5341369Z         },
Docker Build (Rust Server)	Set up Docker Buildx	2026-01-13T21:51:35.5341561Z         {
Docker Build (Rust Server)	Set up Docker Buildx	2026-01-13T21:51:35.5341722Z           "all": false,
Docker Build (Rust Server)	Set up Docker Buildx	2026-01-13T21:51:35.5341918Z           "reservedSpace": "7.451GiB",
Docker Build (Rust Server)	Set up Docker Buildx	2026-01-13T21:51:35.5342169Z           "maxUsedSpace": "54.02GiB",
Docker Build (Rust Server)	Set up Docker Buildx	2026-01-13T21:51:35.5342398Z           "minFreeSpace": "13.97GiB"
Docker Build (Rust Server)	Set up Docker Buildx	2026-01-13T21:51:35.5342600Z         },
Docker Build (Rust Server)	Set up Docker Buildx	2026-01-13T21:51:35.5342749Z         {
Docker Build (Rust Server)	Set up Docker Buildx	2026-01-13T21:51:35.5342893Z           "all": true,
Docker Build (Rust Server)	Set up Docker Buildx	2026-01-13T21:51:35.5343086Z           "reservedSpace": "7.451GiB",
Docker Build (Rust Server)	Set up Docker Buildx	2026-01-13T21:51:35.5343316Z           "maxUsedSpace": "54.02GiB",
Docker Build (Rust Server)	Set up Docker Buildx	2026-01-13T21:51:35.5343540Z           "minFreeSpace": "13.97GiB"
Docker Build (Rust Server)	Set up Docker Buildx	2026-01-13T21:51:35.5343740Z         }
Docker Build (Rust Server)	Set up Docker Buildx	2026-01-13T21:51:35.5343892Z       ]
Docker Build (Rust Server)	Set up Docker Buildx	2026-01-13T21:51:35.5344031Z     }
Docker Build (Rust Server)	Set up Docker Buildx	2026-01-13T21:51:35.5344175Z   ],
Docker Build (Rust Server)	Set up Docker Buildx	2026-01-13T21:51:35.5344395Z   "name": "builder-ea1178b5-cdd4-46bb-bbeb-a1fcda6f229c",
Docker Build (Rust Server)	Set up Docker Buildx	2026-01-13T21:51:35.5344706Z   "driver": "docker-container",
Docker Build (Rust Server)	Set up Docker Buildx	2026-01-13T21:51:35.5344956Z   "lastActivity": "2026-01-13T21:51:31.000Z"
Docker Build (Rust Server)	Set up Docker Buildx	2026-01-13T21:51:35.5345196Z }
Docker Build (Rust Server)	Set up Docker Buildx	2026-01-13T21:51:35.5345600Z ##[endgroup]
Docker Build (Rust Server)	Set up Docker Buildx	2026-01-13T21:51:35.5345905Z ##[group]BuildKit version
Docker Build (Rust Server)	Set up Docker Buildx	2026-01-13T21:51:35.5346165Z builder-ea1178b5-cdd4-46bb-bbeb-a1fcda6f229c0: v0.26.3
Docker Build (Rust Server)	Set up Docker Buildx	2026-01-13T21:51:35.5346574Z ##[endgroup]
Docker Build (Rust Server)	Build agentkern-server Docker Image	﻿2026-01-13T21:51:35.5549755Z ##[group]Run docker/build-push-action@v6
Docker Build (Rust Server)	Build agentkern-server Docker Image	2026-01-13T21:51:35.5550041Z with:
Docker Build (Rust Server)	Build agentkern-server Docker Image	2026-01-13T21:51:35.5550210Z   context: .
Docker Build (Rust Server)	Build agentkern-server Docker Image	2026-01-13T21:51:35.5550386Z   file: apps/server/Dockerfile
Docker Build (Rust Server)	Build agentkern-server Docker Image	2026-01-13T21:51:35.5550607Z   push: false
Docker Build (Rust Server)	Build agentkern-server Docker Image	2026-01-13T21:51:35.5550861Z   tags: agentkern/server:eeb13ac6b3513e8c396c4f2952bf179147fc8147
Docker Build (Rust Server)	Build agentkern-server Docker Image	2026-01-13T21:51:35.5551192Z   cache-from: type=gha
Docker Build (Rust Server)	Build agentkern-server Docker Image	2026-01-13T21:51:35.5551396Z   cache-to: type=gha,mode=max
Docker Build (Rust Server)	Build agentkern-server Docker Image	2026-01-13T21:51:35.5551598Z   load: false
Docker Build (Rust Server)	Build agentkern-server Docker Image	2026-01-13T21:51:35.5551767Z   no-cache: false
Docker Build (Rust Server)	Build agentkern-server Docker Image	2026-01-13T21:51:35.5551939Z   pull: false
Docker Build (Rust Server)	Build agentkern-server Docker Image	2026-01-13T21:51:35.5552293Z   github-token: ***
Docker Build (Rust Server)	Build agentkern-server Docker Image	2026-01-13T21:51:35.5552467Z env:
Docker Build (Rust Server)	Build agentkern-server Docker Image	2026-01-13T21:51:35.5552631Z   CARGO_TERM_COLOR: always
Docker Build (Rust Server)	Build agentkern-server Docker Image	2026-01-13T21:51:35.5553003Z   RUST_VERSION: stable
Docker Build (Rust Server)	Build agentkern-server Docker Image	2026-01-13T21:51:35.5553187Z   PNPM_VERSION: 9
Docker Build (Rust Server)	Build agentkern-server Docker Image	2026-01-13T21:51:35.5553366Z   PYO3_PYTHON: python3
Docker Build (Rust Server)	Build agentkern-server Docker Image	2026-01-13T21:51:35.5553543Z ##[endgroup]
Docker Build (Rust Server)	Build agentkern-server Docker Image	2026-01-13T21:51:35.8284622Z ##[group]GitHub Actions runtime token ACs
Docker Build (Rust Server)	Build agentkern-server Docker Image	2026-01-13T21:51:35.8294537Z refs/heads/main: read/write
Docker Build (Rust Server)	Build agentkern-server Docker Image	2026-01-13T21:51:35.8295948Z ##[endgroup]
Docker Build (Rust Server)	Build agentkern-server Docker Image	2026-01-13T21:51:35.8296432Z ##[group]Docker info
Docker Build (Rust Server)	Build agentkern-server Docker Image	2026-01-13T21:51:35.8348653Z [command]/usr/bin/docker version
Docker Build (Rust Server)	Build agentkern-server Docker Image	2026-01-13T21:51:35.8532717Z Client: Docker Engine - Community
Docker Build (Rust Server)	Build agentkern-server Docker Image	2026-01-13T21:51:35.8538799Z  Version:           28.0.4
Docker Build (Rust Server)	Build agentkern-server Docker Image	2026-01-13T21:51:35.8539216Z  API version:       1.48
Docker Build (Rust Server)	Build agentkern-server Docker Image	2026-01-13T21:51:35.8539557Z  Go version:        go1.23.7
Docker Build (Rust Server)	Build agentkern-server Docker Image	2026-01-13T21:51:35.8539895Z  Git commit:        b8034c0
Docker Build (Rust Server)	Build agentkern-server Docker Image	2026-01-13T21:51:35.8540270Z  Built:             Tue Mar 25 15:07:16 2025
Docker Build (Rust Server)	Build agentkern-server Docker Image	2026-01-13T21:51:35.8540693Z  OS/Arch:           linux/amd64
Docker Build (Rust Server)	Build agentkern-server Docker Image	2026-01-13T21:51:35.8541054Z  Context:           default
Docker Build (Rust Server)	Build agentkern-server Docker Image	2026-01-13T21:51:35.8541274Z 
Docker Build (Rust Server)	Build agentkern-server Docker Image	2026-01-13T21:51:35.8541419Z Server: Docker Engine - Community
Docker Build (Rust Server)	Build agentkern-server Docker Image	2026-01-13T21:51:35.8541810Z  Engine:
Docker Build (Rust Server)	Build agentkern-server Docker Image	2026-01-13T21:51:35.8542062Z   Version:          28.0.4
Docker Build (Rust Server)	Build agentkern-server Docker Image	2026-01-13T21:51:35.8542438Z   API version:      1.48 (minimum version 1.24)
Docker Build (Rust Server)	Build agentkern-server Docker Image	2026-01-13T21:51:35.8542877Z   Go version:       go1.23.7
Docker Build (Rust Server)	Build agentkern-server Docker Image	2026-01-13T21:51:35.8543220Z   Git commit:       6430e49
Docker Build (Rust Server)	Build agentkern-server Docker Image	2026-01-13T21:51:35.8543590Z   Built:            Tue Mar 25 15:07:16 2025
Docker Build (Rust Server)	Build agentkern-server Docker Image	2026-01-13T21:51:35.8544000Z   OS/Arch:          linux/amd64
Docker Build (Rust Server)	Build agentkern-server Docker Image	2026-01-13T21:51:35.8544359Z   Experimental:     false
Docker Build (Rust Server)	Build agentkern-server Docker Image	2026-01-13T21:51:35.8544694Z  containerd:
Docker Build (Rust Server)	Build agentkern-server Docker Image	2026-01-13T21:51:35.8544966Z   Version:          v2.2.1
Docker Build (Rust Server)	Build agentkern-server Docker Image	2026-01-13T21:51:35.8545395Z   GitCommit:        dea7da592f5d1d2b7755e3a161be07f43fad8f75
Docker Build (Rust Server)	Build agentkern-server Docker Image	2026-01-13T21:51:35.8545878Z  runc:
Docker Build (Rust Server)	Build agentkern-server Docker Image	2026-01-13T21:51:35.8546131Z   Version:          1.3.4
Docker Build (Rust Server)	Build agentkern-server Docker Image	2026-01-13T21:51:35.8546476Z   GitCommit:        v1.3.4-0-gd6d73eb8
Docker Build (Rust Server)	Build agentkern-server Docker Image	2026-01-13T21:51:35.8546854Z  docker-init:
Docker Build (Rust Server)	Build agentkern-server Docker Image	2026-01-13T21:51:35.8547130Z   Version:          0.19.0
Docker Build (Rust Server)	Build agentkern-server Docker Image	2026-01-13T21:51:35.8547471Z   GitCommit:        de40ad0
Docker Build (Rust Server)	Build agentkern-server Docker Image	2026-01-13T21:51:35.8589161Z [command]/usr/bin/docker info
Docker Build (Rust Server)	Build agentkern-server Docker Image	2026-01-13T21:51:35.9314510Z Client: Docker Engine - Community
Docker Build (Rust Server)	Build agentkern-server Docker Image	2026-01-13T21:51:35.9315244Z  Version:    28.0.4
Docker Build (Rust Server)	Build agentkern-server Docker Image	2026-01-13T21:51:35.9315667Z  Context:    default
Docker Build (Rust Server)	Build agentkern-server Docker Image	2026-01-13T21:51:35.9316247Z  Debug Mode: false
Docker Build (Rust Server)	Build agentkern-server Docker Image	2026-01-13T21:51:35.9316826Z  Plugins:
Docker Build (Rust Server)	Build agentkern-server Docker Image	2026-01-13T21:51:35.9317158Z   buildx: Docker Buildx (Docker Inc.)
Docker Build (Rust Server)	Build agentkern-server Docker Image	2026-01-13T21:51:35.9317606Z     Version:  v0.30.1
Docker Build (Rust Server)	Build agentkern-server Docker Image	2026-01-13T21:51:35.9318311Z     Path:     /usr/libexec/docker/cli-plugins/docker-buildx
Docker Build (Rust Server)	Build agentkern-server Docker Image	2026-01-13T21:51:35.9318876Z   compose: Docker Compose (Docker Inc.)
Docker Build (Rust Server)	Build agentkern-server Docker Image	2026-01-13T21:51:35.9319279Z     Version:  v2.38.2
Docker Build (Rust Server)	Build agentkern-server Docker Image	2026-01-13T21:51:35.9319696Z     Path:     /usr/libexec/docker/cli-plugins/docker-compose
Docker Build (Rust Server)	Build agentkern-server Docker Image	2026-01-13T21:51:35.9320076Z 
Docker Build (Rust Server)	Build agentkern-server Docker Image	2026-01-13T21:51:35.9320191Z Server:
Docker Build (Rust Server)	Build agentkern-server Docker Image	2026-01-13T21:51:35.9320447Z  Containers: 1
Docker Build (Rust Server)	Build agentkern-server Docker Image	2026-01-13T21:51:35.9320729Z   Running: 1
Docker Build (Rust Server)	Build agentkern-server Docker Image	2026-01-13T21:51:35.9320995Z   Paused: 0
Docker Build (Rust Server)	Build agentkern-server Docker Image	2026-01-13T21:51:35.9321256Z   Stopped: 0
Docker Build (Rust Server)	Build agentkern-server Docker Image	2026-01-13T21:51:35.9321517Z  Images: 1
Docker Build (Rust Server)	Build agentkern-server Docker Image	2026-01-13T21:51:35.9321789Z  Server Version: 28.0.4
Docker Build (Rust Server)	Build agentkern-server Docker Image	2026-01-13T21:51:35.9322139Z  Storage Driver: overlay2
Docker Build (Rust Server)	Build agentkern-server Docker Image	2026-01-13T21:51:35.9322487Z   Backing Filesystem: extfs
Docker Build (Rust Server)	Build agentkern-server Docker Image	2026-01-13T21:51:35.9322838Z   Supports d_type: true
Docker Build (Rust Server)	Build agentkern-server Docker Image	2026-01-13T21:51:35.9323165Z   Using metacopy: false
Docker Build (Rust Server)	Build agentkern-server Docker Image	2026-01-13T21:51:35.9323493Z   Native Overlay Diff: false
Docker Build (Rust Server)	Build agentkern-server Docker Image	2026-01-13T21:51:35.9323831Z   userxattr: false
Docker Build (Rust Server)	Build agentkern-server Docker Image	2026-01-13T21:51:35.9324530Z  Logging Driver: json-file
Docker Build (Rust Server)	Build agentkern-server Docker Image	2026-01-13T21:51:35.9324854Z  Cgroup Driver: systemd
Docker Build (Rust Server)	Build agentkern-server Docker Image	2026-01-13T21:51:35.9325170Z  Cgroup Version: 2
Docker Build (Rust Server)	Build agentkern-server Docker Image	2026-01-13T21:51:35.9325444Z  Plugins:
Docker Build (Rust Server)	Build agentkern-server Docker Image	2026-01-13T21:51:35.9325702Z   Volume: local
Docker Build (Rust Server)	Build agentkern-server Docker Image	2026-01-13T21:51:35.9326043Z   Network: bridge host ipvlan macvlan null overlay
Docker Build (Rust Server)	Build agentkern-server Docker Image	2026-01-13T21:51:35.9326669Z   Log: awslogs fluentd gcplogs gelf journald json-file local splunk syslog
Docker Build (Rust Server)	Build agentkern-server Docker Image	2026-01-13T21:51:35.9327214Z  Swarm: inactive
Docker Build (Rust Server)	Build agentkern-server Docker Image	2026-01-13T21:51:35.9327524Z  Runtimes: io.containerd.runc.v2 runc
Docker Build (Rust Server)	Build agentkern-server Docker Image	2026-01-13T21:51:35.9327924Z  Default Runtime: runc
Docker Build (Rust Server)	Build agentkern-server Docker Image	2026-01-13T21:51:35.9328401Z  Init Binary: docker-init
Docker Build (Rust Server)	Build agentkern-server Docker Image	2026-01-13T21:51:35.9328854Z  containerd version: dea7da592f5d1d2b7755e3a161be07f43fad8f75
Docker Build (Rust Server)	Build agentkern-server Docker Image	2026-01-13T21:51:35.9329597Z  runc version: v1.3.4-0-gd6d73eb8
Docker Build (Rust Server)	Build agentkern-server Docker Image	2026-01-13T21:51:35.9329991Z  init version: de40ad0
Docker Build (Rust Server)	Build agentkern-server Docker Image	2026-01-13T21:51:35.9330307Z  Security Options:
Docker Build (Rust Server)	Build agentkern-server Docker Image	2026-01-13T21:51:35.9330598Z   apparmor
Docker Build (Rust Server)	Build agentkern-server Docker Image	2026-01-13T21:51:35.9330848Z   seccomp
Docker Build (Rust Server)	Build agentkern-server Docker Image	2026-01-13T21:51:35.9331107Z    Profile: builtin
Docker Build (Rust Server)	Build agentkern-server Docker Image	2026-01-13T21:51:35.9331407Z   cgroupns
Docker Build (Rust Server)	Build agentkern-server Docker Image	2026-01-13T21:51:35.9331685Z  Kernel Version: 6.11.0-1018-azure
Docker Build (Rust Server)	Build agentkern-server Docker Image	2026-01-13T21:51:35.9332061Z  Operating System: Ubuntu 24.04.3 LTS
Docker Build (Rust Server)	Build agentkern-server Docker Image	2026-01-13T21:51:35.9332442Z  OSType: linux
Docker Build (Rust Server)	Build agentkern-server Docker Image	2026-01-13T21:51:35.9332722Z  Architecture: x86_64
Docker Build (Rust Server)	Build agentkern-server Docker Image	2026-01-13T21:51:35.9333025Z  CPUs: 4
Docker Build (Rust Server)	Build agentkern-server Docker Image	2026-01-13T21:51:35.9333294Z  Total Memory: 15.62GiB
Docker Build (Rust Server)	Build agentkern-server Docker Image	2026-01-13T21:51:35.9333598Z  Name: runnervmi13qx
Docker Build (Rust Server)	Build agentkern-server Docker Image	2026-01-13T21:51:35.9333934Z  ID: cad06968-cefe-42f1-8413-b84e8b052c72
Docker Build (Rust Server)	Build agentkern-server Docker Image	2026-01-13T21:51:35.9334361Z  Docker Root Dir: /var/lib/docker
Docker Build (Rust Server)	Build agentkern-server Docker Image	2026-01-13T21:51:35.9334752Z  Debug Mode: false
Docker Build (Rust Server)	Build agentkern-server Docker Image	2026-01-13T21:51:35.9335062Z  Username: githubactions
Docker Build (Rust Server)	Build agentkern-server Docker Image	2026-01-13T21:51:35.9335416Z  Experimental: false
Docker Build (Rust Server)	Build agentkern-server Docker Image	2026-01-13T21:51:35.9335752Z  Insecure Registries:
Docker Build (Rust Server)	Build agentkern-server Docker Image	2026-01-13T21:51:35.9336184Z   ::1/128
Docker Build (Rust Server)	Build agentkern-server Docker Image	2026-01-13T21:51:35.9336471Z   127.0.0.0/8
Docker Build (Rust Server)	Build agentkern-server Docker Image	2026-01-13T21:51:35.9336789Z  Live Restore Enabled: false
Docker Build (Rust Server)	Build agentkern-server Docker Image	2026-01-13T21:51:35.9337043Z 
Docker Build (Rust Server)	Build agentkern-server Docker Image	2026-01-13T21:51:35.9340053Z ##[endgroup]
Docker Build (Rust Server)	Build agentkern-server Docker Image	2026-01-13T21:51:35.9341590Z ##[group]Proxy configuration
Docker Build (Rust Server)	Build agentkern-server Docker Image	2026-01-13T21:51:35.9344379Z No proxy configuration found
Docker Build (Rust Server)	Build agentkern-server Docker Image	2026-01-13T21:51:35.9345069Z ##[endgroup]
Docker Build (Rust Server)	Build agentkern-server Docker Image	2026-01-13T21:51:35.9995419Z ##[group]Buildx version
Docker Build (Rust Server)	Build agentkern-server Docker Image	2026-01-13T21:51:36.0024109Z [command]/usr/bin/docker buildx version
Docker Build (Rust Server)	Build agentkern-server Docker Image	2026-01-13T21:51:36.0530393Z github.com/docker/buildx v0.30.1 9e66234aa13328a5e75b75aa5574e1ca6d6d9c01
Docker Build (Rust Server)	Build agentkern-server Docker Image	2026-01-13T21:51:36.0567792Z ##[endgroup]
Docker Build (Rust Server)	Build agentkern-server Docker Image	2026-01-13T21:51:36.0568971Z ##[group]Builder info
Docker Build (Rust Server)	Build agentkern-server Docker Image	2026-01-13T21:51:36.1601197Z {
Docker Build (Rust Server)	Build agentkern-server Docker Image	2026-01-13T21:51:36.1601470Z   "nodes": [
Docker Build (Rust Server)	Build agentkern-server Docker Image	2026-01-13T21:51:36.1601669Z     {
Docker Build (Rust Server)	Build agentkern-server Docker Image	2026-01-13T21:51:36.1601947Z       "name": "builder-ea1178b5-cdd4-46bb-bbeb-a1fcda6f229c0",
Docker Build (Rust Server)	Build agentkern-server Docker Image	2026-01-13T21:51:36.1602326Z       "endpoint": "unix:///var/run/docker.sock",
Docker Build (Rust Server)	Build agentkern-server Docker Image	2026-01-13T21:51:36.1602644Z       "status": "running",
Docker Build (Rust Server)	Build agentkern-server Docker Image	2026-01-13T21:51:36.1603161Z       "buildkitd-flags": "--allow-insecure-entitlement security.insecure --allow-insecure-entitlement network.host",
Docker Build (Rust Server)	Build agentkern-server Docker Image	2026-01-13T21:51:36.1603690Z       "buildkit": "v0.26.3",
Docker Build (Rust Server)	Build agentkern-server Docker Image	2026-01-13T21:51:36.1604014Z       "platforms": "linux/amd64,linux/amd64/v2,linux/amd64/v3,linux/386",
Docker Build (Rust Server)	Build agentkern-server Docker Image	2026-01-13T21:51:36.1604367Z       "features": {
Docker Build (Rust Server)	Build agentkern-server Docker Image	2026-01-13T21:51:36.1604669Z         "Automatically load images to the Docker Engine image store": true,
Docker Build (Rust Server)	Build agentkern-server Docker Image	2026-01-13T21:51:36.1605023Z         "Cache export": true,
Docker Build (Rust Server)	Build agentkern-server Docker Image	2026-01-13T21:51:36.1605264Z         "Direct push": true,
Docker Build (Rust Server)	Build agentkern-server Docker Image	2026-01-13T21:51:36.1605492Z         "Docker exporter": true,
Docker Build (Rust Server)	Build agentkern-server Docker Image	2026-01-13T21:51:36.1605731Z         "Multi-platform build": true,
Docker Build (Rust Server)	Build agentkern-server Docker Image	2026-01-13T21:51:36.1605985Z         "OCI exporter": true
Docker Build (Rust Server)	Build agentkern-server Docker Image	2026-01-13T21:51:36.1606188Z       },
Docker Build (Rust Server)	Build agentkern-server Docker Image	2026-01-13T21:51:36.1606354Z       "labels": {
Docker Build (Rust Server)	Build agentkern-server Docker Image	2026-01-13T21:51:36.1606618Z         "org.mobyproject.buildkit.worker.executor": "oci",
Docker Build (Rust Server)	Build agentkern-server Docker Image	2026-01-13T21:51:36.1607012Z         "org.mobyproject.buildkit.worker.hostname": "9bbd755f5d42",
Docker Build (Rust Server)	Build agentkern-server Docker Image	2026-01-13T21:51:36.1607408Z         "org.mobyproject.buildkit.worker.network": "host",
Docker Build (Rust Server)	Build agentkern-server Docker Image	2026-01-13T21:51:36.1607806Z         "org.mobyproject.buildkit.worker.oci.process-mode": "sandbox",
Docker Build (Rust Server)	Build agentkern-server Docker Image	2026-01-13T21:51:36.1608748Z         "org.mobyproject.buildkit.worker.selinux.enabled": "false",
Docker Build (Rust Server)	Build agentkern-server Docker Image	2026-01-13T21:51:36.1609444Z         "org.mobyproject.buildkit.worker.snapshotter": "overlayfs"
Docker Build (Rust Server)	Build agentkern-server Docker Image	2026-01-13T21:51:36.1609765Z       },
Docker Build (Rust Server)	Build agentkern-server Docker Image	2026-01-13T21:51:36.1609937Z       "gcPolicy": [
Docker Build (Rust Server)	Build agentkern-server Docker Image	2026-01-13T21:51:36.1610122Z         {
Docker Build (Rust Server)	Build agentkern-server Docker Image	2026-01-13T21:51:36.1610291Z           "all": false,
Docker Build (Rust Server)	Build agentkern-server Docker Image	2026-01-13T21:51:36.1610480Z           "filter": [
Docker Build (Rust Server)	Build agentkern-server Docker Image	2026-01-13T21:51:36.1610687Z             "type==source.local",
Docker Build (Rust Server)	Build agentkern-server Docker Image	2026-01-13T21:51:36.1610923Z             "type==exec.cachemount",
Docker Build (Rust Server)	Build agentkern-server Docker Image	2026-01-13T21:51:36.1611179Z             "type==source.git.checkout"
Docker Build (Rust Server)	Build agentkern-server Docker Image	2026-01-13T21:51:36.1611420Z           ],
Docker Build (Rust Server)	Build agentkern-server Docker Image	2026-01-13T21:51:36.1611596Z           "keepDuration": "48h0m0s",
Docker Build (Rust Server)	Build agentkern-server Docker Image	2026-01-13T21:51:36.1611834Z           "maxUsedSpace": "488.3MiB"
Docker Build (Rust Server)	Build agentkern-server Docker Image	2026-01-13T21:51:36.1612182Z         },
Docker Build (Rust Server)	Build agentkern-server Docker Image	2026-01-13T21:51:36.1612348Z         {
Docker Build (Rust Server)	Build agentkern-server Docker Image	2026-01-13T21:51:36.1612506Z           "all": false,
Docker Build (Rust Server)	Build agentkern-server Docker Image	2026-01-13T21:51:36.1612710Z           "keepDuration": "1440h0m0s",
Docker Build (Rust Server)	Build agentkern-server Docker Image	2026-01-13T21:51:36.1612951Z           "reservedSpace": "7.451GiB",
Docker Build (Rust Server)	Build agentkern-server Docker Image	2026-01-13T21:51:36.1613193Z           "maxUsedSpace": "54.02GiB",
Docker Build (Rust Server)	Build agentkern-server Docker Image	2026-01-13T21:51:36.1613430Z           "minFreeSpace": "13.97GiB"
Docker Build (Rust Server)	Build agentkern-server Docker Image	2026-01-13T21:51:36.1613648Z         },
Docker Build (Rust Server)	Build agentkern-server Docker Image	2026-01-13T21:51:36.1613804Z         {
Docker Build (Rust Server)	Build agentkern-server Docker Image	2026-01-13T21:51:36.1613968Z           "all": false,
Docker Build (Rust Server)	Build agentkern-server Docker Image	2026-01-13T21:51:36.1614165Z           "reservedSpace": "7.451GiB",
Docker Build (Rust Server)	Build agentkern-server Docker Image	2026-01-13T21:51:36.1614396Z           "maxUsedSpace": "54.02GiB",
Docker Build (Rust Server)	Build agentkern-server Docker Image	2026-01-13T21:51:36.1614632Z           "minFreeSpace": "13.97GiB"
Docker Build (Rust Server)	Build agentkern-server Docker Image	2026-01-13T21:51:36.1614849Z         },
Docker Build (Rust Server)	Build agentkern-server Docker Image	2026-01-13T21:51:36.1615005Z         {
Docker Build (Rust Server)	Build agentkern-server Docker Image	2026-01-13T21:51:36.1615162Z           "all": true,
Docker Build (Rust Server)	Build agentkern-server Docker Image	2026-01-13T21:51:36.1615361Z           "reservedSpace": "7.451GiB",
Docker Build (Rust Server)	Build agentkern-server Docker Image	2026-01-13T21:51:36.1615597Z           "maxUsedSpace": "54.02GiB",
Docker Build (Rust Server)	Build agentkern-server Docker Image	2026-01-13T21:51:36.1615838Z           "minFreeSpace": "13.97GiB"
Docker Build (Rust Server)	Build agentkern-server Docker Image	2026-01-13T21:51:36.1616050Z         }
Docker Build (Rust Server)	Build agentkern-server Docker Image	2026-01-13T21:51:36.1616209Z       ]
Docker Build (Rust Server)	Build agentkern-server Docker Image	2026-01-13T21:51:36.1616361Z     }
Docker Build (Rust Server)	Build agentkern-server Docker Image	2026-01-13T21:51:36.1616516Z   ],
Docker Build (Rust Server)	Build agentkern-server Docker Image	2026-01-13T21:51:36.1616741Z   "name": "builder-ea1178b5-cdd4-46bb-bbeb-a1fcda6f229c",
Docker Build (Rust Server)	Build agentkern-server Docker Image	2026-01-13T21:51:36.1617062Z   "driver": "docker-container",
Docker Build (Rust Server)	Build agentkern-server Docker Image	2026-01-13T21:51:36.1617313Z   "lastActivity": "2026-01-13T21:51:31.000Z"
Docker Build (Rust Server)	Build agentkern-server Docker Image	2026-01-13T21:51:36.1617554Z }
Docker Build (Rust Server)	Build agentkern-server Docker Image	2026-01-13T21:51:36.1618569Z ##[endgroup]
Docker Build (Rust Server)	Build agentkern-server Docker Image	2026-01-13T21:51:36.3137111Z [command]/usr/bin/docker buildx build --cache-from type=gha --cache-to type=gha,mode=max --file apps/server/Dockerfile --iidfile /home/runner/work/_temp/docker-actions-toolkit-HrUCaE/build-iidfile-f6d3bcab5f.txt --attest type=provenance,mode=max,builder-id=https://github.com/AgentKern/agentkern/actions/runs/20973851447/attempts/1 --tag agentkern/server:eeb13ac6b3513e8c396c4f2952bf179147fc8147 --metadata-file /home/runner/work/_temp/docker-actions-toolkit-HrUCaE/build-metadata-2cfa6a91e6.json .
Docker Build (Rust Server)	Build agentkern-server Docker Image	2026-01-13T21:51:36.6887913Z #0 building with "builder-ea1178b5-cdd4-46bb-bbeb-a1fcda6f229c" instance using docker-container driver
Docker Build (Rust Server)	Build agentkern-server Docker Image	2026-01-13T21:51:36.6888987Z 
Docker Build (Rust Server)	Build agentkern-server Docker Image	2026-01-13T21:51:36.6889165Z #1 [internal] load build definition from Dockerfile
Docker Build (Rust Server)	Build agentkern-server Docker Image	2026-01-13T21:51:36.6889577Z #1 transferring dockerfile: 957B done
Docker Build (Rust Server)	Build agentkern-server Docker Image	2026-01-13T21:51:36.6889927Z #1 DONE 0.0s
Docker Build (Rust Server)	Build agentkern-server Docker Image	2026-01-13T21:51:36.6890075Z 
Docker Build (Rust Server)	Build agentkern-server Docker Image	2026-01-13T21:51:36.6890271Z #2 [auth] library/rust:pull token for registry-1.docker.io
Docker Build (Rust Server)	Build agentkern-server Docker Image	2026-01-13T21:51:36.6890668Z #2 DONE 0.0s
Docker Build (Rust Server)	Build agentkern-server Docker Image	2026-01-13T21:51:36.6890815Z 
Docker Build (Rust Server)	Build agentkern-server Docker Image	2026-01-13T21:51:36.6891003Z #3 [auth] library/debian:pull token for registry-1.docker.io
Docker Build (Rust Server)	Build agentkern-server Docker Image	2026-01-13T21:51:36.6891417Z #3 DONE 0.0s
Docker Build (Rust Server)	Build agentkern-server Docker Image	2026-01-13T21:51:36.6891559Z 
Docker Build (Rust Server)	Build agentkern-server Docker Image	2026-01-13T21:51:36.6891776Z #4 [internal] load metadata for docker.io/library/rust:1.92-bookworm
Docker Build (Rust Server)	Build agentkern-server Docker Image	2026-01-13T21:51:36.7838757Z #4 ...
Docker Build (Rust Server)	Build agentkern-server Docker Image	2026-01-13T21:51:36.7839142Z 
Docker Build (Rust Server)	Build agentkern-server Docker Image	2026-01-13T21:51:36.7840663Z #5 [internal] load metadata for docker.io/library/debian:bookworm-slim
Docker Build (Rust Server)	Build agentkern-server Docker Image	2026-01-13T21:51:36.7841303Z #5 DONE 0.3s
Docker Build (Rust Server)	Build agentkern-server Docker Image	2026-01-13T21:51:36.8844287Z 
Docker Build (Rust Server)	Build agentkern-server Docker Image	2026-01-13T21:51:36.8845181Z #4 [internal] load metadata for docker.io/library/rust:1.92-bookworm
Docker Build (Rust Server)	Build agentkern-server Docker Image	2026-01-13T21:51:36.8847339Z #4 DONE 0.4s
Docker Build (Rust Server)	Build agentkern-server Docker Image	2026-01-13T21:51:36.8847536Z 
Docker Build (Rust Server)	Build agentkern-server Docker Image	2026-01-13T21:51:36.8847704Z #6 [internal] load .dockerignore
Docker Build (Rust Server)	Build agentkern-server Docker Image	2026-01-13T21:51:36.8848299Z #6 transferring context:
Docker Build (Rust Server)	Build agentkern-server Docker Image	2026-01-13T21:51:37.0394395Z #6 transferring context: 102B done
Docker Build (Rust Server)	Build agentkern-server Docker Image	2026-01-13T21:51:37.0396109Z #6 DONE 0.0s
Docker Build (Rust Server)	Build agentkern-server Docker Image	2026-01-13T21:51:37.0396323Z 
Docker Build (Rust Server)	Build agentkern-server Docker Image	2026-01-13T21:51:37.0397019Z #7 [builder 1/9] FROM docker.io/library/rust:1.92-bookworm@sha256:e90e846de4124376164ddfbaab4b0774c7bdeef5e738866295e5a90a34a307a2
Docker Build (Rust Server)	Build agentkern-server Docker Image	2026-01-13T21:51:37.0398680Z #7 resolve docker.io/library/rust:1.92-bookworm@sha256:e90e846de4124376164ddfbaab4b0774c7bdeef5e738866295e5a90a34a307a2 done
Docker Build (Rust Server)	Build agentkern-server Docker Image	2026-01-13T21:51:37.0399627Z #7 DONE 0.0s
Docker Build (Rust Server)	Build agentkern-server Docker Image	2026-01-13T21:51:37.0399808Z 
Docker Build (Rust Server)	Build agentkern-server Docker Image	2026-01-13T21:51:37.0400461Z #8 [stage-1 1/4] FROM docker.io/library/debian:bookworm-slim@sha256:94c4d598b5987d76c38408657aae7118b101662595bf5eefe478e093a0bed2f6
Docker Build (Rust Server)	Build agentkern-server Docker Image	2026-01-13T21:51:37.0401473Z #8 resolve docker.io/library/debian:bookworm-slim@sha256:94c4d598b5987d76c38408657aae7118b101662595bf5eefe478e093a0bed2f6 done
Docker Build (Rust Server)	Build agentkern-server Docker Image	2026-01-13T21:51:37.0402285Z #8 DONE 0.0s
Docker Build (Rust Server)	Build agentkern-server Docker Image	2026-01-13T21:51:37.0402392Z 
Docker Build (Rust Server)	Build agentkern-server Docker Image	2026-01-13T21:51:37.0402538Z #9 importing cache manifest from gha:1504493106206097568
Docker Build (Rust Server)	Build agentkern-server Docker Image	2026-01-13T21:51:37.0402857Z #9 DONE 0.1s
Docker Build (Rust Server)	Build agentkern-server Docker Image	2026-01-13T21:51:37.0402987Z 
Docker Build (Rust Server)	Build agentkern-server Docker Image	2026-01-13T21:51:37.0403074Z #10 [internal] load build context
Docker Build (Rust Server)	Build agentkern-server Docker Image	2026-01-13T21:51:37.0403326Z #10 transferring context: 2.29MB 0.1s done
Docker Build (Rust Server)	Build agentkern-server Docker Image	2026-01-13T21:51:37.1519366Z #10 DONE 0.1s
Docker Build (Rust Server)	Build agentkern-server Docker Image	2026-01-13T21:51:37.1519660Z 
Docker Build (Rust Server)	Build agentkern-server Docker Image	2026-01-13T21:51:37.1519843Z #11 [builder 5/9] COPY packages ./packages
Docker Build (Rust Server)	Build agentkern-server Docker Image	2026-01-13T21:51:37.1520318Z #11 CACHED
Docker Build (Rust Server)	Build agentkern-server Docker Image	2026-01-13T21:51:37.1520487Z 
Docker Build (Rust Server)	Build agentkern-server Docker Image	2026-01-13T21:51:37.1520635Z #12 [builder 2/9] WORKDIR /app
Docker Build (Rust Server)	Build agentkern-server Docker Image	2026-01-13T21:51:37.1520933Z #12 CACHED
Docker Build (Rust Server)	Build agentkern-server Docker Image	2026-01-13T21:51:37.1521229Z 
Docker Build (Rust Server)	Build agentkern-server Docker Image	2026-01-13T21:51:37.1522310Z #13 [builder 3/9] RUN apt-get update && apt-get install -y protobuf-compiler libssl-dev pkg-config build-essential clang cmake && rm -rf /var/lib/apt/lists/*
Docker Build (Rust Server)	Build agentkern-server Docker Image	2026-01-13T21:51:37.1523560Z #13 CACHED
Docker Build (Rust Server)	Build agentkern-server Docker Image	2026-01-13T21:51:37.1523681Z 
Docker Build (Rust Server)	Build agentkern-server Docker Image	2026-01-13T21:51:37.1523904Z #14 [builder 4/9] COPY Cargo.toml Cargo.lock ./
Docker Build (Rust Server)	Build agentkern-server Docker Image	2026-01-13T21:51:37.1524441Z #14 CACHED
Docker Build (Rust Server)	Build agentkern-server Docker Image	2026-01-13T21:51:37.1524620Z 
Docker Build (Rust Server)	Build agentkern-server Docker Image	2026-01-13T21:51:37.1524726Z #15 [builder 6/9] COPY ee ./ee
Docker Build (Rust Server)	Build agentkern-server Docker Image	2026-01-13T21:51:37.1525423Z #15 sha256:f97429a86faa8831b744cb78edc62de84c39ad0e0c1c014c759079cf1b765a04 51.68kB / 51.68kB 0.0s done
Docker Build (Rust Server)	Build agentkern-server Docker Image	2026-01-13T21:51:37.2819431Z #15 sha256:dbfdc4b867c08cb79ea02ebbbcb0f001266ca9be31b40764195f5fdd410036ab 93B / 93B 0.0s done
Docker Build (Rust Server)	Build agentkern-server Docker Image	2026-01-13T21:51:37.2820348Z #15 sha256:a9affef6796f13b115a8de9c807dc05ae45a84b897e029d6f2e5dfb66f73a32f 77.44kB / 77.44kB 0.0s done
Docker Build (Rust Server)	Build agentkern-server Docker Image	2026-01-13T21:51:37.2821194Z #15 sha256:ed524f49dbce66b40bca7881a2ee7ecb557157368b4041444dd02dc90d3a41a0 371.77kB / 371.77kB 0.1s done
Docker Build (Rust Server)	Build agentkern-server Docker Image	2026-01-13T21:51:37.2822004Z #15 sha256:4cea849954a2c3e24089a45f78897782d55ca96b79f5fed9b5d1020ec57cab0d 4.19MB / 203.16MB 0.2s
Docker Build (Rust Server)	Build agentkern-server Docker Image	2026-01-13T21:51:37.4368723Z #15 sha256:f138b01f909eb710bafd1025dc956dc8bff39d450ee8d850660604bf5a07bfc7 2.10MB / 213.22MB 0.2s
Docker Build (Rust Server)	Build agentkern-server Docker Image	2026-01-13T21:51:37.4370046Z #15 sha256:4925cf9d8be888d2b942e0479d921815942727632813c006bad6a067e6363663 12.58MB / 211.49MB 0.2s
Docker Build (Rust Server)	Build agentkern-server Docker Image	2026-01-13T21:51:37.4370878Z #15 sha256:fd1872fa12cc6b1145803f1a0679ca26cc65fa1b4e0ee389bfb30267594736b6 13.63MB / 64.40MB 0.2s
Docker Build (Rust Server)	Build agentkern-server Docker Image	2026-01-13T21:51:37.5896084Z #15 sha256:4925cf9d8be888d2b942e0479d921815942727632813c006bad6a067e6363663 50.33MB / 211.49MB 0.3s
Docker Build (Rust Server)	Build agentkern-server Docker Image	2026-01-13T21:51:37.7315403Z #15 sha256:fd1872fa12cc6b1145803f1a0679ca26cc65fa1b4e0ee389bfb30267594736b6 36.70MB / 64.40MB 0.3s
Docker Build (Rust Server)	Build agentkern-server Docker Image	2026-01-13T21:51:37.7316630Z #15 sha256:4cea849954a2c3e24089a45f78897782d55ca96b79f5fed9b5d1020ec57cab0d 17.83MB / 203.16MB 0.6s
Docker Build (Rust Server)	Build agentkern-server Docker Image	2026-01-13T21:51:37.7317750Z #15 sha256:4925cf9d8be888d2b942e0479d921815942727632813c006bad6a067e6363663 73.40MB / 211.49MB 0.5s
Docker Build (Rust Server)	Build agentkern-server Docker Image	2026-01-13T21:51:37.7318916Z #15 sha256:fd1872fa12cc6b1145803f1a0679ca26cc65fa1b4e0ee389bfb30267594736b6 64.40MB / 64.40MB 0.5s done
Docker Build (Rust Server)	Build agentkern-server Docker Image	2026-01-13T21:51:37.8820228Z #15 sha256:f138b01f909eb710bafd1025dc956dc8bff39d450ee8d850660604bf5a07bfc7 16.78MB / 213.22MB 0.6s
Docker Build (Rust Server)	Build agentkern-server Docker Image	2026-01-13T21:51:37.8821586Z #15 sha256:4925cf9d8be888d2b942e0479d921815942727632813c006bad6a067e6363663 106.95MB / 211.49MB 0.6s
Docker Build (Rust Server)	Build agentkern-server Docker Image	2026-01-13T21:51:37.8822658Z #15 sha256:64538a062a61add8dc8b290fa69475e8902eb839c497a5f5dcd5a950422e493c 5.24MB / 24.04MB 0.2s
Docker Build (Rust Server)	Build agentkern-server Docker Image	2026-01-13T21:51:38.0345150Z #15 sha256:4925cf9d8be888d2b942e0479d921815942727632813c006bad6a067e6363663 126.88MB / 211.49MB 0.8s
Docker Build (Rust Server)	Build agentkern-server Docker Image	2026-01-13T21:51:38.0346367Z #15 sha256:64538a062a61add8dc8b290fa69475e8902eb839c497a5f5dcd5a950422e493c 11.53MB / 24.04MB 0.3s
Docker Build (Rust Server)	Build agentkern-server Docker Image	2026-01-13T21:51:38.1812906Z #15 sha256:4cea849954a2c3e24089a45f78897782d55ca96b79f5fed9b5d1020ec57cab0d 30.41MB / 203.16MB 1.1s
Docker Build (Rust Server)	Build agentkern-server Docker Image	2026-01-13T21:51:38.1820044Z #15 sha256:f138b01f909eb710bafd1025dc956dc8bff39d450ee8d850660604bf5a07bfc7 28.31MB / 213.22MB 0.9s
Docker Build (Rust Server)	Build agentkern-server Docker Image	2026-01-13T21:51:38.1822929Z #15 sha256:4925cf9d8be888d2b942e0479d921815942727632813c006bad6a067e6363663 147.85MB / 211.49MB 0.9s
Docker Build (Rust Server)	Build agentkern-server Docker Image	2026-01-13T21:51:38.1827522Z #15 sha256:64538a062a61add8dc8b290fa69475e8902eb839c497a5f5dcd5a950422e493c 17.83MB / 24.04MB 0.5s
Docker Build (Rust Server)	Build agentkern-server Docker Image	2026-01-13T21:51:38.3327954Z #15 sha256:4925cf9d8be888d2b942e0479d921815942727632813c006bad6a067e6363663 187.70MB / 211.49MB 1.1s
Docker Build (Rust Server)	Build agentkern-server Docker Image	2026-01-13T21:51:38.3329368Z #15 sha256:64538a062a61add8dc8b290fa69475e8902eb839c497a5f5dcd5a950422e493c 24.04MB / 24.04MB 0.6s done
Docker Build (Rust Server)	Build agentkern-server Docker Image	2026-01-13T21:51:38.4820375Z #15 sha256:4cea849954a2c3e24089a45f78897782d55ca96b79f5fed9b5d1020ec57cab0d 40.89MB / 203.16MB 1.4s
Docker Build (Rust Server)	Build agentkern-server Docker Image	2026-01-13T21:51:38.4821800Z #15 sha256:f138b01f909eb710bafd1025dc956dc8bff39d450ee8d850660604bf5a07bfc7 41.94MB / 213.22MB 1.2s
Docker Build (Rust Server)	Build agentkern-server Docker Image	2026-01-13T21:51:38.4822852Z #15 sha256:4925cf9d8be888d2b942e0479d921815942727632813c006bad6a067e6363663 211.49MB / 211.49MB 1.2s
Docker Build (Rust Server)	Build agentkern-server Docker Image	2026-01-13T21:51:38.4823759Z #15 sha256:c1be109a62df95316ceac87ea501079f32e17f36b636865a860841b7db06100c 4.19MB / 48.48MB 0.2s
Docker Build (Rust Server)	Build agentkern-server Docker Image	2026-01-13T21:51:38.6316562Z #15 sha256:4925cf9d8be888d2b942e0479d921815942727632813c006bad6a067e6363663 211.49MB / 211.49MB 1.4s done
Docker Build (Rust Server)	Build agentkern-server Docker Image	2026-01-13T21:51:38.6318156Z #15 sha256:c1be109a62df95316ceac87ea501079f32e17f36b636865a860841b7db06100c 20.97MB / 48.48MB 0.3s
Docker Build (Rust Server)	Build agentkern-server Docker Image	2026-01-13T21:51:38.7424831Z #15 sha256:f138b01f909eb710bafd1025dc956dc8bff39d450ee8d850660604bf5a07bfc7 55.57MB / 213.22MB 1.5s
Docker Build (Rust Server)	Build agentkern-server Docker Image	2026-01-13T21:51:38.7426092Z #15 sha256:c1be109a62df95316ceac87ea501079f32e17f36b636865a860841b7db06100c 48.48MB / 48.48MB 0.5s done
Docker Build (Rust Server)	Build agentkern-server Docker Image	2026-01-13T21:51:38.9313984Z #15 sha256:4cea849954a2c3e24089a45f78897782d55ca96b79f5fed9b5d1020ec57cab0d 51.38MB / 203.16MB 1.8s
Docker Build (Rust Server)	Build agentkern-server Docker Image	2026-01-13T21:51:38.9315154Z #15 extracting sha256:c1be109a62df95316ceac87ea501079f32e17f36b636865a860841b7db06100c
Docker Build (Rust Server)	Build agentkern-server Docker Image	2026-01-13T21:51:39.0813540Z #15 sha256:f138b01f909eb710bafd1025dc956dc8bff39d450ee8d850660604bf5a07bfc7 67.11MB / 213.22MB 1.8s
Docker Build (Rust Server)	Build agentkern-server Docker Image	2026-01-13T21:51:39.3816089Z #15 sha256:4cea849954a2c3e24089a45f78897782d55ca96b79f5fed9b5d1020ec57cab0d 65.01MB / 203.16MB 2.3s
Docker Build (Rust Server)	Build agentkern-server Docker Image	2026-01-13T21:51:39.3817328Z #15 sha256:f138b01f909eb710bafd1025dc956dc8bff39d450ee8d850660604bf5a07bfc7 79.69MB / 213.22MB 2.1s
Docker Build (Rust Server)	Build agentkern-server Docker Image	2026-01-13T21:51:39.6813806Z #15 sha256:4cea849954a2c3e24089a45f78897782d55ca96b79f5fed9b5d1020ec57cab0d 75.50MB / 203.16MB 2.6s
Docker Build (Rust Server)	Build agentkern-server Docker Image	2026-01-13T21:51:39.6815073Z #15 sha256:f138b01f909eb710bafd1025dc956dc8bff39d450ee8d850660604bf5a07bfc7 92.27MB / 213.22MB 2.4s
Docker Build (Rust Server)	Build agentkern-server Docker Image	2026-01-13T21:51:39.9813805Z #15 sha256:4cea849954a2c3e24089a45f78897782d55ca96b79f5fed9b5d1020ec57cab0d 87.03MB / 203.16MB 2.9s
Docker Build (Rust Server)	Build agentkern-server Docker Image	2026-01-13T21:51:39.9815155Z #15 sha256:f138b01f909eb710bafd1025dc956dc8bff39d450ee8d850660604bf5a07bfc7 104.86MB / 213.22MB 2.7s
Docker Build (Rust Server)	Build agentkern-server Docker Image	2026-01-13T21:51:39.9816348Z #15 extracting sha256:c1be109a62df95316ceac87ea501079f32e17f36b636865a860841b7db06100c 1.2s done
Docker Build (Rust Server)	Build agentkern-server Docker Image	2026-01-13T21:51:39.9817428Z #15 extracting sha256:64538a062a61add8dc8b290fa69475e8902eb839c497a5f5dcd5a950422e493c
Docker Build (Rust Server)	Build agentkern-server Docker Image	2026-01-13T21:51:40.2813159Z #15 sha256:f138b01f909eb710bafd1025dc956dc8bff39d450ee8d850660604bf5a07bfc7 117.44MB / 213.22MB 3.0s
Docker Build (Rust Server)	Build agentkern-server Docker Image	2026-01-13T21:51:40.4313661Z #15 sha256:4cea849954a2c3e24089a45f78897782d55ca96b79f5fed9b5d1020ec57cab0d 101.71MB / 203.16MB 3.3s
Docker Build (Rust Server)	Build agentkern-server Docker Image	2026-01-13T21:51:40.4315375Z #15 extracting sha256:64538a062a61add8dc8b290fa69475e8902eb839c497a5f5dcd5a950422e493c 0.4s done
Docker Build (Rust Server)	Build agentkern-server Docker Image	2026-01-13T21:51:40.4316462Z #15 extracting sha256:fd1872fa12cc6b1145803f1a0679ca26cc65fa1b4e0ee389bfb30267594736b6
Docker Build (Rust Server)	Build agentkern-server Docker Image	2026-01-13T21:51:40.5814152Z #15 sha256:f138b01f909eb710bafd1025dc956dc8bff39d450ee8d850660604bf5a07bfc7 131.07MB / 213.22MB 3.3s
Docker Build (Rust Server)	Build agentkern-server Docker Image	2026-01-13T21:51:40.8812145Z #15 sha256:4cea849954a2c3e24089a45f78897782d55ca96b79f5fed9b5d1020ec57cab0d 113.25MB / 203.16MB 3.8s
Docker Build (Rust Server)	Build agentkern-server Docker Image	2026-01-13T21:51:40.8817246Z #15 sha256:f138b01f909eb710bafd1025dc956dc8bff39d450ee8d850660604bf5a07bfc7 144.70MB / 213.22MB 3.6s
Docker Build (Rust Server)	Build agentkern-server Docker Image	2026-01-13T21:51:41.1813162Z #15 sha256:f138b01f909eb710bafd1025dc956dc8bff39d450ee8d850660604bf5a07bfc7 157.29MB / 213.22MB 3.9s
Docker Build (Rust Server)	Build agentkern-server Docker Image	2026-01-13T21:51:41.3318930Z #15 sha256:4cea849954a2c3e24089a45f78897782d55ca96b79f5fed9b5d1020ec57cab0d 125.83MB / 203.16MB 4.2s
Docker Build (Rust Server)	Build agentkern-server Docker Image	2026-01-13T21:51:41.6314779Z #15 sha256:4cea849954a2c3e24089a45f78897782d55ca96b79f5fed9b5d1020ec57cab0d 138.41MB / 203.16MB 4.5s
Docker Build (Rust Server)	Build agentkern-server Docker Image	2026-01-13T21:51:41.6316065Z #15 sha256:f138b01f909eb710bafd1025dc956dc8bff39d450ee8d850660604bf5a07bfc7 173.02MB / 213.22MB 4.4s
Docker Build (Rust Server)	Build agentkern-server Docker Image	2026-01-13T21:51:41.9319398Z #15 sha256:4cea849954a2c3e24089a45f78897782d55ca96b79f5fed9b5d1020ec57cab0d 150.99MB / 203.16MB 4.8s
Docker Build (Rust Server)	Build agentkern-server Docker Image	2026-01-13T21:51:41.9320660Z #15 sha256:f138b01f909eb710bafd1025dc956dc8bff39d450ee8d850660604bf5a07bfc7 184.55MB / 213.22MB 4.7s
Docker Build (Rust Server)	Build agentkern-server Docker Image	2026-01-13T21:51:41.9321857Z #15 extracting sha256:fd1872fa12cc6b1145803f1a0679ca26cc65fa1b4e0ee389bfb30267594736b6 1.5s done
Docker Build (Rust Server)	Build agentkern-server Docker Image	2026-01-13T21:51:41.9322936Z #15 extracting sha256:4925cf9d8be888d2b942e0479d921815942727632813c006bad6a067e6363663
Docker Build (Rust Server)	Build agentkern-server Docker Image	2026-01-13T21:51:42.2314526Z #15 sha256:f138b01f909eb710bafd1025dc956dc8bff39d450ee8d850660604bf5a07bfc7 198.18MB / 213.22MB 5.0s
Docker Build (Rust Server)	Build agentkern-server Docker Image	2026-01-13T21:51:42.3815388Z #15 sha256:4cea849954a2c3e24089a45f78897782d55ca96b79f5fed9b5d1020ec57cab0d 164.63MB / 203.16MB 5.3s
Docker Build (Rust Server)	Build agentkern-server Docker Image	2026-01-13T21:51:42.5313910Z #15 sha256:f138b01f909eb710bafd1025dc956dc8bff39d450ee8d850660604bf5a07bfc7 212.86MB / 213.22MB 5.3s
Docker Build (Rust Server)	Build agentkern-server Docker Image	2026-01-13T21:51:42.6425955Z #15 sha256:f138b01f909eb710bafd1025dc956dc8bff39d450ee8d850660604bf5a07bfc7 213.22MB / 213.22MB 5.5s done
Docker Build (Rust Server)	Build agentkern-server Docker Image	2026-01-13T21:51:42.8317775Z #15 sha256:4cea849954a2c3e24089a45f78897782d55ca96b79f5fed9b5d1020ec57cab0d 180.36MB / 203.16MB 5.7s
Docker Build (Rust Server)	Build agentkern-server Docker Image	2026-01-13T21:51:43.1316788Z #15 sha256:4cea849954a2c3e24089a45f78897782d55ca96b79f5fed9b5d1020ec57cab0d 190.84MB / 203.16MB 6.0s
Docker Build (Rust Server)	Build agentkern-server Docker Image	2026-01-13T21:51:43.5817285Z #15 sha256:4cea849954a2c3e24089a45f78897782d55ca96b79f5fed9b5d1020ec57cab0d 203.16MB / 203.16MB 6.5s
Docker Build (Rust Server)	Build agentkern-server Docker Image	2026-01-13T21:51:43.9018831Z #15 sha256:4cea849954a2c3e24089a45f78897782d55ca96b79f5fed9b5d1020ec57cab0d 203.16MB / 203.16MB 6.6s done
Docker Build (Rust Server)	Build agentkern-server Docker Image	2026-01-13T21:51:45.7841918Z #15 extracting sha256:4925cf9d8be888d2b942e0479d921815942727632813c006bad6a067e6363663 4.0s done
Docker Build (Rust Server)	Build agentkern-server Docker Image	2026-01-13T21:51:45.7842849Z #15 DONE 8.7s
Docker Build (Rust Server)	Build agentkern-server Docker Image	2026-01-13T21:51:45.9346330Z 
Docker Build (Rust Server)	Build agentkern-server Docker Image	2026-01-13T21:51:45.9347080Z #15 [builder 6/9] COPY ee ./ee
Docker Build (Rust Server)	Build agentkern-server Docker Image	2026-01-13T21:51:45.9347889Z #15 extracting sha256:f138b01f909eb710bafd1025dc956dc8bff39d450ee8d850660604bf5a07bfc7
Docker Build (Rust Server)	Build agentkern-server Docker Image	2026-01-13T21:51:48.2213165Z #15 extracting sha256:f138b01f909eb710bafd1025dc956dc8bff39d450ee8d850660604bf5a07bfc7 2.4s done
Docker Build (Rust Server)	Build agentkern-server Docker Image	2026-01-13T21:51:48.2214145Z #15 DONE 11.2s
Docker Build (Rust Server)	Build agentkern-server Docker Image	2026-01-13T21:51:48.3752120Z 
Docker Build (Rust Server)	Build agentkern-server Docker Image	2026-01-13T21:51:48.3752526Z #15 [builder 6/9] COPY ee ./ee
Docker Build (Rust Server)	Build agentkern-server Docker Image	2026-01-13T21:51:48.3753327Z #15 extracting sha256:dbfdc4b867c08cb79ea02ebbbcb0f001266ca9be31b40764195f5fdd410036ab done
Docker Build (Rust Server)	Build agentkern-server Docker Image	2026-01-13T21:51:48.3754407Z #15 extracting sha256:4cea849954a2c3e24089a45f78897782d55ca96b79f5fed9b5d1020ec57cab0d
Docker Build (Rust Server)	Build agentkern-server Docker Image	2026-01-13T21:51:51.7640858Z #15 extracting sha256:4cea849954a2c3e24089a45f78897782d55ca96b79f5fed9b5d1020ec57cab0d 3.5s done
Docker Build (Rust Server)	Build agentkern-server Docker Image	2026-01-13T21:51:51.7641573Z #15 DONE 14.7s
Docker Build (Rust Server)	Build agentkern-server Docker Image	2026-01-13T21:51:51.9867426Z 
Docker Build (Rust Server)	Build agentkern-server Docker Image	2026-01-13T21:51:51.9867962Z #15 [builder 6/9] COPY ee ./ee
Docker Build (Rust Server)	Build agentkern-server Docker Image	2026-01-13T21:51:51.9868937Z #15 extracting sha256:f97429a86faa8831b744cb78edc62de84c39ad0e0c1c014c759079cf1b765a04 done
Docker Build (Rust Server)	Build agentkern-server Docker Image	2026-01-13T21:51:51.9870049Z #15 extracting sha256:ed524f49dbce66b40bca7881a2ee7ecb557157368b4041444dd02dc90d3a41a0 0.0s done
Docker Build (Rust Server)	Build agentkern-server Docker Image	2026-01-13T21:51:51.9871095Z #15 extracting sha256:a9affef6796f13b115a8de9c807dc05ae45a84b897e029d6f2e5dfb66f73a32f 0.0s done
Docker Build (Rust Server)	Build agentkern-server Docker Image	2026-01-13T21:51:51.9871635Z #15 DONE 14.8s
Docker Build (Rust Server)	Build agentkern-server Docker Image	2026-01-13T21:51:51.9871757Z 
Docker Build (Rust Server)	Build agentkern-server Docker Image	2026-01-13T21:51:51.9871858Z #16 [builder 7/9] COPY sdks ./sdks
Docker Build (Rust Server)	Build agentkern-server Docker Image	2026-01-13T21:51:55.2582756Z #16 DONE 3.4s
Docker Build (Rust Server)	Build agentkern-server Docker Image	2026-01-13T21:51:55.4010632Z 
Docker Build (Rust Server)	Build agentkern-server Docker Image	2026-01-13T21:51:55.4011774Z #17 [builder 8/9] COPY apps/server ./apps/server
Docker Build (Rust Server)	Build agentkern-server Docker Image	2026-01-13T21:51:55.4012580Z #17 DONE 0.0s
Docker Build (Rust Server)	Build agentkern-server Docker Image	2026-01-13T21:51:55.4012766Z 
Docker Build (Rust Server)	Build agentkern-server Docker Image	2026-01-13T21:51:55.4013230Z #18 [builder 9/9] RUN cargo build -p agentkern-server --release
Docker Build (Rust Server)	Build agentkern-server Docker Image	2026-01-13T21:51:55.4014089Z #18 0.109 warning: profiles for the non root package will be ignored, specify profiles at the workspace root:
Docker Build (Rust Server)	Build agentkern-server Docker Image	2026-01-13T21:51:55.4014958Z #18 0.109 package:   /app/packages/sdk-node/Cargo.toml
Docker Build (Rust Server)	Build agentkern-server Docker Image	2026-01-13T21:51:55.4015491Z #18 0.109 workspace: /app/Cargo.toml
Docker Build (Rust Server)	Build agentkern-server Docker Image	2026-01-13T21:51:55.5897810Z #18 0.147     Updating crates.io index
Docker Build (Rust Server)	Build agentkern-server Docker Image	2026-01-13T21:51:57.4082518Z #18 2.116  Downloading crates ...
Docker Build (Rust Server)	Build agentkern-server Docker Image	2026-01-13T21:51:57.5549482Z #18 2.263   Downloaded aead v0.5.2
Docker Build (Rust Server)	Build agentkern-server Docker Image	2026-01-13T21:51:57.6589981Z #18 2.268   Downloaded adler2 v2.0.1
Docker Build (Rust Server)	Build agentkern-server Docker Image	2026-01-13T21:51:57.6590806Z #18 2.271   Downloaded arrayvec v0.7.6
Docker Build (Rust Server)	Build agentkern-server Docker Image	2026-01-13T21:51:57.6591293Z #18 2.275   Downloaded futures-io v0.3.31
Docker Build (Rust Server)	Build agentkern-server Docker Image	2026-01-13T21:51:57.6591741Z #18 2.277   Downloaded failsafe v1.3.0
Docker Build (Rust Server)	Build agentkern-server Docker Image	2026-01-13T21:51:57.6592174Z #18 2.282   Downloaded generic-array v0.14.7
Docker Build (Rust Server)	Build agentkern-server Docker Image	2026-01-13T21:51:57.6592663Z #18 2.285   Downloaded aho-corasick v1.1.4
Docker Build (Rust Server)	Build agentkern-server Docker Image	2026-01-13T21:51:57.6593135Z #18 2.293   Downloaded polyval v0.6.2
Docker Build (Rust Server)	Build agentkern-server Docker Image	2026-01-13T21:51:57.6593624Z #18 2.296   Downloaded cfg-if v1.0.4
Docker Build (Rust Server)	Build agentkern-server Docker Image	2026-01-13T21:51:57.6593976Z #18 2.299   Downloaded async-trait v0.1.89
Docker Build (Rust Server)	Build agentkern-server Docker Image	2026-01-13T21:51:57.6594426Z #18 2.307   Downloaded crossbeam-channel v0.5.15
Docker Build (Rust Server)	Build agentkern-server Docker Image	2026-01-13T21:51:57.6594733Z #18 2.314   Downloaded pastey v0.1.1
Docker Build (Rust Server)	Build agentkern-server Docker Image	2026-01-13T21:51:57.6595024Z #18 2.318   Downloaded base64urlsafedata v0.5.4
Docker Build (Rust Server)	Build agentkern-server Docker Image	2026-01-13T21:51:57.6595361Z #18 2.321   Downloaded futures-executor v0.3.31
Docker Build (Rust Server)	Build agentkern-server Docker Image	2026-01-13T21:51:57.6595647Z #18 2.324   Downloaded lock_api v0.4.14
Docker Build (Rust Server)	Build agentkern-server Docker Image	2026-01-13T21:51:57.6595916Z #18 2.327   Downloaded matchit v0.7.3
Docker Build (Rust Server)	Build agentkern-server Docker Image	2026-01-13T21:51:57.6596193Z #18 2.332   Downloaded rawpointer v0.2.1
Docker Build (Rust Server)	Build agentkern-server Docker Image	2026-01-13T21:51:57.6596462Z #18 2.334   Downloaded getrandom v0.2.16
Docker Build (Rust Server)	Build agentkern-server Docker Image	2026-01-13T21:51:57.6596727Z #18 2.339   Downloaded pkcs1 v0.7.5
Docker Build (Rust Server)	Build agentkern-server Docker Image	2026-01-13T21:51:57.6596981Z #18 2.343   Downloaded dotenvy v0.15.7
Docker Build (Rust Server)	Build agentkern-server Docker Image	2026-01-13T21:51:57.6597236Z #18 2.348   Downloaded bstr v1.12.1
Docker Build (Rust Server)	Build agentkern-server Docker Image	2026-01-13T21:51:57.6597497Z #18 2.360   Downloaded cpufeatures v0.2.17
Docker Build (Rust Server)	Build agentkern-server Docker Image	2026-01-13T21:51:57.6597786Z #18 2.363   Downloaded hyper-rustls v0.27.7
Docker Build (Rust Server)	Build agentkern-server Docker Image	2026-01-13T21:51:57.6598244Z #18 2.367   Downloaded axum-core v0.3.4
Docker Build (Rust Server)	Build agentkern-server Docker Image	2026-01-13T21:51:57.7635914Z #18 2.371   Downloaded async-stream v0.3.6
Docker Build (Rust Server)	Build agentkern-server Docker Image	2026-01-13T21:51:57.7636509Z #18 2.375   Downloaded displaydoc v0.2.5
Docker Build (Rust Server)	Build agentkern-server Docker Image	2026-01-13T21:51:57.7637007Z #18 2.381   Downloaded instant v0.1.13
Docker Build (Rust Server)	Build agentkern-server Docker Image	2026-01-13T21:51:57.7638209Z #18 2.385   Downloaded http-body v0.4.6
Docker Build (Rust Server)	Build agentkern-server Docker Image	2026-01-13T21:51:57.7638698Z #18 2.389   Downloaded ort v2.0.0-rc.10
Docker Build (Rust Server)	Build agentkern-server Docker Image	2026-01-13T21:51:57.7639217Z #18 2.400   Downloaded pin-project-lite v0.2.16
Docker Build (Rust Server)	Build agentkern-server Docker Image	2026-01-13T21:51:57.7639773Z #18 2.410   Downloaded iana-time-zone v0.1.64
Docker Build (Rust Server)	Build agentkern-server Docker Image	2026-01-13T21:51:57.7640209Z #18 2.416   Downloaded pin-utils v0.1.0
Docker Build (Rust Server)	Build agentkern-server Docker Image	2026-01-13T21:51:57.7640583Z #18 2.419   Downloaded bytecheck v0.6.12
Docker Build (Rust Server)	Build agentkern-server Docker Image	2026-01-13T21:51:57.7640876Z #18 2.422   Downloaded ptr_meta v0.1.4
Docker Build (Rust Server)	Build agentkern-server Docker Image	2026-01-13T21:51:57.7641284Z #18 2.424   Downloaded pem v3.0.6
Docker Build (Rust Server)	Build agentkern-server Docker Image	2026-01-13T21:51:57.7641557Z #18 2.427   Downloaded proc-macro-crate v3.4.0
Docker Build (Rust Server)	Build agentkern-server Docker Image	2026-01-13T21:51:57.7641937Z #18 2.431   Downloaded parking v2.2.1
Docker Build (Rust Server)	Build agentkern-server Docker Image	2026-01-13T21:51:57.7642255Z #18 2.433   Downloaded rand_chacha v0.3.1
Docker Build (Rust Server)	Build agentkern-server Docker Image	2026-01-13T21:51:57.7642569Z #18 2.436   Downloaded pin-project-internal v1.1.10
Docker Build (Rust Server)	Build agentkern-server Docker Image	2026-01-13T21:51:57.7643006Z #18 2.440   Downloaded md-5 v0.10.6
Docker Build (Rust Server)	Build agentkern-server Docker Image	2026-01-13T21:51:57.7643274Z #18 2.444   Downloaded scopeguard v1.2.0
Docker Build (Rust Server)	Build agentkern-server Docker Image	2026-01-13T21:51:57.7643624Z #18 2.447   Downloaded seahash v4.1.0
Docker Build (Rust Server)	Build agentkern-server Docker Image	2026-01-13T21:51:57.7643954Z #18 2.453   Downloaded serde_path_to_error v0.1.20
Docker Build (Rust Server)	Build agentkern-server Docker Image	2026-01-13T21:51:57.7644273Z #18 2.457   Downloaded serde_urlencoded v0.7.1
Docker Build (Rust Server)	Build agentkern-server Docker Image	2026-01-13T21:51:57.7644676Z #18 2.461   Downloaded serde v1.0.228
Docker Build (Rust Server)	Build agentkern-server Docker Image	2026-01-13T21:51:57.7644937Z #18 2.466   Downloaded rand v0.9.2
Docker Build (Rust Server)	Build agentkern-server Docker Image	2026-01-13T21:51:57.7645214Z #18 2.472   Downloaded axum v0.8.8
Docker Build (Rust Server)	Build agentkern-server Docker Image	2026-01-13T21:51:57.8654777Z #18 2.486   Downloaded zerofrom v0.1.6
Docker Build (Rust Server)	Build agentkern-server Docker Image	2026-01-13T21:51:57.8655299Z #18 2.489   Downloaded tower v0.4.13
Docker Build (Rust Server)	Build agentkern-server Docker Image	2026-01-13T21:51:57.8655783Z #18 2.507   Downloaded serde_yaml v0.9.34+deprecated
Docker Build (Rust Server)	Build agentkern-server Docker Image	2026-01-13T21:51:57.8656592Z #18 2.513   Downloaded unicode-bidi v0.3.18
Docker Build (Rust Server)	Build agentkern-server Docker Image	2026-01-13T21:51:57.8656877Z #18 2.517   Downloaded sqlx-macros v0.8.6
Docker Build (Rust Server)	Build agentkern-server Docker Image	2026-01-13T21:51:57.8657180Z #18 2.519   Downloaded stable_deref_trait v1.2.1
Docker Build (Rust Server)	Build agentkern-server Docker Image	2026-01-13T21:51:57.8657484Z #18 2.521   Downloaded synstructure v0.13.2
Docker Build (Rust Server)	Build agentkern-server Docker Image	2026-01-13T21:51:57.8657768Z #18 2.523   Downloaded sqlx-sqlite v0.8.6
Docker Build (Rust Server)	Build agentkern-server Docker Image	2026-01-13T21:51:57.8658297Z #18 2.531   Downloaded want v0.3.1
Docker Build (Rust Server)	Build agentkern-server Docker Image	2026-01-13T21:51:57.8658574Z #18 2.533   Downloaded tokio-macros v2.6.0
Docker Build (Rust Server)	Build agentkern-server Docker Image	2026-01-13T21:51:57.8658853Z #18 2.538   Downloaded yoke-derive v0.8.1
Docker Build (Rust Server)	Build agentkern-server Docker Image	2026-01-13T21:51:57.8659136Z #18 2.543   Downloaded ureq-proto v0.5.3
Docker Build (Rust Server)	Build agentkern-server Docker Image	2026-01-13T21:51:57.8659425Z #18 2.552   Downloaded zerovec-derive v0.11.2
Docker Build (Rust Server)	Build agentkern-server Docker Image	2026-01-13T21:51:57.8659887Z #18 2.558   Downloaded x509-parser v0.16.0
Docker Build (Rust Server)	Build agentkern-server Docker Image	2026-01-13T21:51:57.8660161Z #18 2.567   Downloaded zerotrie v0.2.3
Docker Build (Rust Server)	Build agentkern-server Docker Image	2026-01-13T21:51:57.8660420Z #18 2.574   Downloaded winnow v0.7.14
Docker Build (Rust Server)	Build agentkern-server Docker Image	2026-01-13T21:51:57.9719832Z #18 2.589   Downloaded zerocopy v0.8.31
Docker Build (Rust Server)	Build agentkern-server Docker Image	2026-01-13T21:51:57.9720990Z #18 2.627   Downloaded zmij v1.0.12
Docker Build (Rust Server)	Build agentkern-server Docker Image	2026-01-13T21:51:57.9721498Z #18 2.631   Downloaded webauthn-rs v0.5.4
Docker Build (Rust Server)	Build agentkern-server Docker Image	2026-01-13T21:51:57.9722000Z #18 2.633   Downloaded unicode-properties v0.1.4
Docker Build (Rust Server)	Build agentkern-server Docker Image	2026-01-13T21:51:57.9722584Z #18 2.637   Downloaded webauthn-attestation-ca v0.5.4
Docker Build (Rust Server)	Build agentkern-server Docker Image	2026-01-13T21:51:57.9723101Z #18 2.639   Downloaded sha1 v0.10.6
Docker Build (Rust Server)	Build agentkern-server Docker Image	2026-01-13T21:51:57.9723512Z #18 2.642   Downloaded zeroize v1.8.2
Docker Build (Rust Server)	Build agentkern-server Docker Image	2026-01-13T21:51:57.9723951Z #18 2.644   Downloaded tower-http v0.6.8
Docker Build (Rust Server)	Build agentkern-server Docker Image	2026-01-13T21:51:57.9724397Z #18 2.657   Downloaded zerovec v0.11.5
Docker Build (Rust Server)	Build agentkern-server Docker Image	2026-01-13T21:51:57.9724825Z #18 2.665   Downloaded tower v0.5.2
Docker Build (Rust Server)	Build agentkern-server Docker Image	2026-01-13T21:51:57.9725314Z #18 2.680   Downloaded tracing-opentelemetry v0.23.0
Docker Build (Rust Server)	Build agentkern-server Docker Image	2026-01-13T21:51:58.1286763Z #18 2.686   Downloaded signature v2.2.0
Docker Build (Rust Server)	Build agentkern-server Docker Image	2026-01-13T21:51:58.1287857Z #18 2.688   Downloaded sharded-slab v0.1.7
Docker Build (Rust Server)	Build agentkern-server Docker Image	2026-01-13T21:51:58.1288560Z #18 2.693   Downloaded tinyvec_macros v0.1.1
Docker Build (Rust Server)	Build agentkern-server Docker Image	2026-01-13T21:51:58.1289063Z #18 2.694   Downloaded tracing-core v0.1.36
Docker Build (Rust Server)	Build agentkern-server Docker Image	2026-01-13T21:51:58.1289511Z #18 2.699   Downloaded tokio v1.49.0
Docker Build (Rust Server)	Build agentkern-server Docker Image	2026-01-13T21:51:58.1290014Z #18 2.758   Downloaded tokio-native-tls v0.3.1
Docker Build (Rust Server)	Build agentkern-server Docker Image	2026-01-13T21:51:58.1290480Z #18 2.761   Downloaded slab v0.4.11
Docker Build (Rust Server)	Build agentkern-server Docker Image	2026-01-13T21:51:58.1290915Z #18 2.763   Downloaded simple_asn1 v0.6.3
Docker Build (Rust Server)	Build agentkern-server Docker Image	2026-01-13T21:51:58.1291385Z #18 2.765   Downloaded webpki-roots v0.26.11
Docker Build (Rust Server)	Build agentkern-server Docker Image	2026-01-13T21:51:58.1291878Z #18 2.767   Downloaded tracing-attributes v0.1.31
Docker Build (Rust Server)	Build agentkern-server Docker Image	2026-01-13T21:51:58.1292394Z #18 2.771   Downloaded linux-raw-sys v0.11.0
Docker Build (Rust Server)	Build agentkern-server Docker Image	2026-01-13T21:51:58.1292895Z #18 2.837   Downloaded opentelemetry-proto v0.5.0
Docker Build (Rust Server)	Build agentkern-server Docker Image	2026-01-13T21:51:58.2564511Z #18 2.847   Downloaded h2 v0.3.27
Docker Build (Rust Server)	Build agentkern-server Docker Image	2026-01-13T21:51:58.2565025Z #18 2.857   Downloaded sqlx-postgres v0.8.6
Docker Build (Rust Server)	Build agentkern-server Docker Image	2026-01-13T21:51:58.2565749Z #18 2.869   Downloaded writeable v0.6.2
Docker Build (Rust Server)	Build agentkern-server Docker Image	2026-01-13T21:51:58.2566334Z #18 2.873   Downloaded libc v0.2.180
Docker Build (Rust Server)	Build agentkern-server Docker Image	2026-01-13T21:51:58.2566697Z #18 2.924   Downloaded utf-8 v0.7.6
Docker Build (Rust Server)	Build agentkern-server Docker Image	2026-01-13T21:51:58.2567179Z #18 2.926   Downloaded universal-hash v0.5.1
Docker Build (Rust Server)	Build agentkern-server Docker Image	2026-01-13T21:51:58.2567648Z #18 2.928   Downloaded rustix v1.1.3
Docker Build (Rust Server)	Build agentkern-server Docker Image	2026-01-13T21:51:58.2568338Z #18 2.965   Downloaded rusticata-macros v4.1.0
Docker Build (Rust Server)	Build agentkern-server Docker Image	2026-01-13T21:51:58.3648398Z #18 2.968   Downloaded tokio-io-timeout v1.2.1
Docker Build (Rust Server)	Build agentkern-server Docker Image	2026-01-13T21:51:58.3649076Z #18 2.969   Downloaded thread_local v1.1.9
Docker Build (Rust Server)	Build agentkern-server Docker Image	2026-01-13T21:51:58.3649671Z #18 2.972   Downloaded thiserror v1.0.69
Docker Build (Rust Server)	Build agentkern-server Docker Image	2026-01-13T21:51:58.3650247Z #18 2.981   Downloaded sync_wrapper v1.0.2
Docker Build (Rust Server)	Build agentkern-server Docker Image	2026-01-13T21:51:58.3650812Z #18 2.982   Downloaded subtle v2.6.1
Docker Build (Rust Server)	Build agentkern-server Docker Image	2026-01-13T21:51:58.3651264Z #18 2.984   Downloaded rustls v0.23.36
Docker Build (Rust Server)	Build agentkern-server Docker Image	2026-01-13T21:51:58.3651716Z #18 3.000   Downloaded ring v0.17.14
Docker Build (Rust Server)	Build agentkern-server Docker Image	2026-01-13T21:51:58.3652160Z #18 3.052   Downloaded tracing v0.1.44
Docker Build (Rust Server)	Build agentkern-server Docker Image	2026-01-13T21:51:58.3652630Z #18 3.073   Downloaded tokio-rustls v0.26.4
Docker Build (Rust Server)	Build agentkern-server Docker Image	2026-01-13T21:51:58.4950484Z #18 3.077   Downloaded openssl v0.10.75
Docker Build (Rust Server)	Build agentkern-server Docker Image	2026-01-13T21:51:58.4951141Z #18 3.090   Downloaded ndarray v0.16.1
Docker Build (Rust Server)	Build agentkern-server Docker Image	2026-01-13T21:51:58.4951664Z #18 3.108   Downloaded tokio-tungstenite v0.28.0
Docker Build (Rust Server)	Build agentkern-server Docker Image	2026-01-13T21:51:58.4952180Z #18 3.111   Downloaded webpki-roots v1.0.5
Docker Build (Rust Server)	Build agentkern-server Docker Image	2026-01-13T21:51:58.4952648Z #18 3.115   Downloaded time v0.3.44
Docker Build (Rust Server)	Build agentkern-server Docker Image	2026-01-13T21:51:58.4953289Z #18 3.126   Downloaded vcpkg v0.2.15
Docker Build (Rust Server)	Build agentkern-server Docker Image	2026-01-13T21:51:58.4953705Z #18 3.203   Downloaded syn v2.0.113
Docker Build (Rust Server)	Build agentkern-server Docker Image	2026-01-13T21:51:58.5966183Z #18 3.217   Downloaded ipnet v2.11.0
Docker Build (Rust Server)	Build agentkern-server Docker Image	2026-01-13T21:51:58.5966945Z #18 3.219   Downloaded ureq v3.1.4
Docker Build (Rust Server)	Build agentkern-server Docker Image	2026-01-13T21:51:58.5967400Z #18 3.226   Downloaded tokio-util v0.7.18
Docker Build (Rust Server)	Build agentkern-server Docker Image	2026-01-13T21:51:58.5967848Z #18 3.236   Downloaded tower-layer v0.3.3
Docker Build (Rust Server)	Build agentkern-server Docker Image	2026-01-13T21:51:58.5968480Z #18 3.238   Downloaded tokio-stream v0.1.18
Docker Build (Rust Server)	Build agentkern-server Docker Image	2026-01-13T21:51:58.5968789Z #18 3.244   Downloaded syn v1.0.109
Docker Build (Rust Server)	Build agentkern-server Docker Image	2026-01-13T21:51:58.5969078Z #18 3.256   Downloaded sqlx v0.8.6
Docker Build (Rust Server)	Build agentkern-server Docker Image	2026-01-13T21:51:58.5969351Z #18 3.276   Downloaded hyper v0.14.32
Docker Build (Rust Server)	Build agentkern-server Docker Image	2026-01-13T21:51:58.5969858Z #18 3.286   Downloaded h2 v0.4.13
Docker Build (Rust Server)	Build agentkern-server Docker Image	2026-01-13T21:51:58.5970120Z #18 3.294   Downloaded glob v0.3.3
Docker Build (Rust Server)	Build agentkern-server Docker Image	2026-01-13T21:51:58.5970375Z #18 3.297   Downloaded uuid v1.19.0
Docker Build (Rust Server)	Build agentkern-server Docker Image	2026-01-13T21:51:58.5970678Z #18 3.300   Downloaded unsafe-libyaml v0.2.11
Docker Build (Rust Server)	Build agentkern-server Docker Image	2026-01-13T21:51:58.5970981Z #18 3.305   Downloaded typenum v1.19.0
Docker Build (Rust Server)	Build agentkern-server Docker Image	2026-01-13T21:51:58.7012246Z #18 3.309   Downloaded toml_edit v0.23.10+spec-1.0.0
Docker Build (Rust Server)	Build agentkern-server Docker Image	2026-01-13T21:51:58.7012872Z #18 3.314   Downloaded serde_json v1.0.149
Docker Build (Rust Server)	Build agentkern-server Docker Image	2026-01-13T21:51:58.7013199Z #18 3.324   Downloaded rust_decimal v1.39.0
Docker Build (Rust Server)	Build agentkern-server Docker Image	2026-01-13T21:51:58.7013532Z #18 3.333   Downloaded icu_properties_data v2.1.2
Docker Build (Rust Server)	Build agentkern-server Docker Image	2026-01-13T21:51:58.7013852Z #18 3.347   Downloaded hashbrown v0.16.1
Docker Build (Rust Server)	Build agentkern-server Docker Image	2026-01-13T21:51:58.7014146Z #18 3.354   Downloaded hashbrown v0.15.5
Docker Build (Rust Server)	Build agentkern-server Docker Image	2026-01-13T21:51:58.7014445Z #18 3.361   Downloaded webpki-root-certs v1.0.5
Docker Build (Rust Server)	Build agentkern-server Docker Image	2026-01-13T21:51:58.7014771Z #18 3.365   Downloaded unicode-ident v1.0.22
Docker Build (Rust Server)	Build agentkern-server Docker Image	2026-01-13T21:51:58.7015094Z #18 3.369   Downloaded toml_parser v1.0.6+spec-1.1.0
Docker Build (Rust Server)	Build agentkern-server Docker Image	2026-01-13T21:51:58.7015445Z #18 3.372   Downloaded sqlx-core v0.8.6
Docker Build (Rust Server)	Build agentkern-server Docker Image	2026-01-13T21:51:58.7015722Z #18 3.382   Downloaded rkyv v0.7.46
Docker Build (Rust Server)	Build agentkern-server Docker Image	2026-01-13T21:51:58.7016010Z #18 3.394   Downloaded opentelemetry_sdk v0.22.1
Docker Build (Rust Server)	Build agentkern-server Docker Image	2026-01-13T21:51:58.7016347Z #18 3.404   Downloaded num-bigint-dig v0.8.6
Docker Build (Rust Server)	Build agentkern-server Docker Image	2026-01-13T21:51:58.7016639Z #18 3.409   Downloaded num-bigint v0.4.6
Docker Build (Rust Server)	Build agentkern-server Docker Image	2026-01-13T21:51:58.8054194Z #18 3.416   Downloaded mio v1.1.1
Docker Build (Rust Server)	Build agentkern-server Docker Image	2026-01-13T21:51:58.8054768Z #18 3.424   Downloaded memchr v2.7.6
Docker Build (Rust Server)	Build agentkern-server Docker Image	2026-01-13T21:51:58.8055317Z #18 3.431   Downloaded libm v0.2.15
Docker Build (Rust Server)	Build agentkern-server Docker Image	2026-01-13T21:51:58.8055649Z #18 3.448   Downloaded itertools v0.10.5
Docker Build (Rust Server)	Build agentkern-server Docker Image	2026-01-13T21:51:58.8055960Z #18 3.457   Downloaded iri-string v0.7.10
Docker Build (Rust Server)	Build agentkern-server Docker Image	2026-01-13T21:51:58.8056271Z #18 3.468   Downloaded indexmap v2.12.1
Docker Build (Rust Server)	Build agentkern-server Docker Image	2026-01-13T21:51:58.8056603Z #18 3.474   Downloaded icu_normalizer_data v2.1.1
Docker Build (Rust Server)	Build agentkern-server Docker Image	2026-01-13T21:51:58.8056950Z #18 3.477   Downloaded http v0.2.12
Docker Build (Rust Server)	Build agentkern-server Docker Image	2026-01-13T21:51:58.8057242Z #18 3.482   Downloaded hashbrown v0.12.3
Docker Build (Rust Server)	Build agentkern-server Docker Image	2026-01-13T21:51:58.8057567Z #18 3.487   Downloaded zerofrom-derive v0.1.6
Docker Build (Rust Server)	Build agentkern-server Docker Image	2026-01-13T21:51:58.8057925Z #18 3.488   Downloaded zerocopy-derive v0.8.31
Docker Build (Rust Server)	Build agentkern-server Docker Image	2026-01-13T21:51:58.8058571Z #18 3.498   Downloaded wyz v0.5.1
Docker Build (Rust Server)	Build agentkern-server Docker Image	2026-01-13T21:51:58.8058856Z #18 3.499   Downloaded whoami v1.6.1
Docker Build (Rust Server)	Build agentkern-server Docker Image	2026-01-13T21:51:58.8059167Z #18 3.503   Downloaded webauthn-rs-core v0.5.4
Docker Build (Rust Server)	Build agentkern-server Docker Image	2026-01-13T21:51:58.8059517Z #18 3.506   Downloaded tower-service v0.3.3
Docker Build (Rust Server)	Build agentkern-server Docker Image	2026-01-13T21:51:58.8059833Z #18 3.508   Downloaded percent-encoding v2.3.2
Docker Build (Rust Server)	Build agentkern-server Docker Image	2026-01-13T21:51:58.8060153Z #18 3.509   Downloaded opentelemetry v0.22.0
Docker Build (Rust Server)	Build agentkern-server Docker Image	2026-01-13T21:51:58.8060461Z #18 3.514   Downloaded minimal-lexical v0.2.1
Docker Build (Rust Server)	Build agentkern-server Docker Image	2026-01-13T21:51:58.9109148Z #18 3.520   Downloaded jsonwebtoken v9.3.1
Docker Build (Rust Server)	Build agentkern-server Docker Image	2026-01-13T21:51:58.9111846Z #18 3.526   Downloaded icu_collections v2.1.1
Docker Build (Rust Server)	Build agentkern-server Docker Image	2026-01-13T21:51:58.9112473Z #18 3.535   Downloaded try-lock v0.2.5
Docker Build (Rust Server)	Build agentkern-server Docker Image	2026-01-13T21:51:58.9112823Z #18 3.536   Downloaded tinyvec v1.10.0
Docker Build (Rust Server)	Build agentkern-server Docker Image	2026-01-13T21:51:58.9113118Z #18 3.540   Downloaded tinystr v0.8.2
Docker Build (Rust Server)	Build agentkern-server Docker Image	2026-01-13T21:51:58.9113440Z #18 3.543   Downloaded thiserror-impl v1.0.69
Docker Build (Rust Server)	Build agentkern-server Docker Image	2026-01-13T21:51:58.9113768Z #18 3.544   Downloaded socket2 v0.5.10
Docker Build (Rust Server)	Build agentkern-server Docker Image	2026-01-13T21:51:58.9114077Z #18 3.547   Downloaded parking_lot_core v0.9.12
Docker Build (Rust Server)	Build agentkern-server Docker Image	2026-01-13T21:51:58.9114403Z #18 3.550   Downloaded ort-sys v2.0.0-rc.10
Docker Build (Rust Server)	Build agentkern-server Docker Image	2026-01-13T21:51:58.9114703Z #18 3.552   Downloaded ordered-float v4.6.0
Docker Build (Rust Server)	Build agentkern-server Docker Image	2026-01-13T21:51:58.9115002Z #18 3.554   Downloaded once_cell v1.21.3
Docker Build (Rust Server)	Build agentkern-server Docker Image	2026-01-13T21:51:58.9115502Z #18 3.558   Downloaded nom v7.1.3
Docker Build (Rust Server)	Build agentkern-server Docker Image	2026-01-13T21:51:58.9115770Z #18 3.566   Downloaded native-tls v0.2.14
Docker Build (Rust Server)	Build agentkern-server Docker Image	2026-01-13T21:51:58.9116069Z #18 3.570   Downloaded matrixmultiply v0.3.10
Docker Build (Rust Server)	Build agentkern-server Docker Image	2026-01-13T21:51:58.9116374Z #18 3.575   Downloaded log v0.4.29
Docker Build (Rust Server)	Build agentkern-server Docker Image	2026-01-13T21:51:58.9116651Z #18 3.578   Downloaded icu_locale_core v2.1.1
Docker Build (Rust Server)	Build agentkern-server Docker Image	2026-01-13T21:51:58.9116948Z #18 3.589   Downloaded hmac v0.12.1
Docker Build (Rust Server)	Build agentkern-server Docker Image	2026-01-13T21:51:58.9117221Z #18 3.591   Downloaded hashlink v0.10.0
Docker Build (Rust Server)	Build agentkern-server Docker Image	2026-01-13T21:51:58.9117695Z #18 3.594   Downloaded xattr v1.6.1
Docker Build (Rust Server)	Build agentkern-server Docker Image	2026-01-13T21:51:58.9118363Z #18 3.597   Downloaded webauthn-rs-proto v0.5.4
Docker Build (Rust Server)	Build agentkern-server Docker Image	2026-01-13T21:51:58.9118940Z #18 3.599   Downloaded toml_datetime v0.7.5+spec-1.1.0
Docker Build (Rust Server)	Build agentkern-server Docker Image	2026-01-13T21:51:58.9119821Z #18 3.600   Downloaded spin v0.9.8
Docker Build (Rust Server)	Build agentkern-server Docker Image	2026-01-13T21:51:58.9120267Z #18 3.604   Downloaded smallvec v1.15.1
Docker Build (Rust Server)	Build agentkern-server Docker Image	2026-01-13T21:51:58.9120784Z #18 3.607   Downloaded signal-hook-registry v1.4.8
Docker Build (Rust Server)	Build agentkern-server Docker Image	2026-01-13T21:51:58.9121355Z #18 3.608   Downloaded rustls-pki-types v1.13.2
Docker Build (Rust Server)	Build agentkern-server Docker Image	2026-01-13T21:51:58.9121949Z #18 3.612   Downloaded openssl-sys v0.9.111
Docker Build (Rust Server)	Build agentkern-server Docker Image	2026-01-13T21:51:58.9122460Z #18 3.619   Downloaded openssl-macros v0.1.1
Docker Build (Rust Server)	Build agentkern-server Docker Image	2026-01-13T21:51:59.0183309Z #18 3.621   Downloaded miniz_oxide v0.8.9
Docker Build (Rust Server)	Build agentkern-server Docker Image	2026-01-13T21:51:59.0183838Z #18 3.624   Downloaded indexmap v1.9.3
Docker Build (Rust Server)	Build agentkern-server Docker Image	2026-01-13T21:51:59.0184300Z #18 3.628   Downloaded half v2.7.1
Docker Build (Rust Server)	Build agentkern-server Docker Image	2026-01-13T21:51:59.0184739Z #18 3.632   Downloaded thiserror-impl v2.0.17
Docker Build (Rust Server)	Build agentkern-server Docker Image	2026-01-13T21:51:59.0185072Z #18 3.634   Downloaded sync_wrapper v0.1.2
Docker Build (Rust Server)	Build agentkern-server Docker Image	2026-01-13T21:51:59.0185392Z #18 3.635   Downloaded sqlx-macros-core v0.8.6
Docker Build (Rust Server)	Build agentkern-server Docker Image	2026-01-13T21:51:59.0185695Z #18 3.638   Downloaded spki v0.7.3
Docker Build (Rust Server)	Build agentkern-server Docker Image	2026-01-13T21:51:59.0185984Z #18 3.641   Downloaded smallvec v2.0.0-alpha.10
Docker Build (Rust Server)	Build agentkern-server Docker Image	2026-01-13T21:51:59.0186309Z #18 3.643   Downloaded simdutf8 v0.1.5
Docker Build (Rust Server)	Build agentkern-server Docker Image	2026-01-13T21:51:59.0186596Z #18 3.647   Downloaded tiktoken-rs v0.9.1
Docker Build (Rust Server)	Build agentkern-server Docker Image	2026-01-13T21:51:59.0186879Z #18 3.687   Downloaded shlex v1.3.0
Docker Build (Rust Server)	Build agentkern-server Docker Image	2026-01-13T21:51:59.0187147Z #18 3.689   Downloaded sha2 v0.10.9
Docker Build (Rust Server)	Build agentkern-server Docker Image	2026-01-13T21:51:59.0187411Z #18 3.693   Downloaded num-conv v0.1.0
Docker Build (Rust Server)	Build agentkern-server Docker Image	2026-01-13T21:51:59.0187706Z #18 3.694   Downloaded matchit v0.8.4
Docker Build (Rust Server)	Build agentkern-server Docker Image	2026-01-13T21:51:59.0187978Z #18 3.697   Downloaded litemap v0.8.1
Docker Build (Rust Server)	Build agentkern-server Docker Image	2026-01-13T21:51:59.0188470Z #18 3.700   Downloaded hyper-timeout v0.4.1
Docker Build (Rust Server)	Build agentkern-server Docker Image	2026-01-13T21:51:59.0188775Z #18 3.702   Downloaded version_check v0.9.5
Docker Build (Rust Server)	Build agentkern-server Docker Image	2026-01-13T21:51:59.0189072Z #18 3.703   Downloaded utf8_iter v1.0.4
Docker Build (Rust Server)	Build agentkern-server Docker Image	2026-01-13T21:51:59.0189347Z #18 3.705   Downloaded url v2.5.8
Docker Build (Rust Server)	Build agentkern-server Docker Image	2026-01-13T21:51:59.0189615Z #18 3.708   Downloaded untrusted v0.9.0
Docker Build (Rust Server)	Build agentkern-server Docker Image	2026-01-13T21:51:59.0189939Z #18 3.711   Downloaded unicode-normalization v0.1.25
Docker Build (Rust Server)	Build agentkern-server Docker Image	2026-01-13T21:51:59.0190296Z #18 3.715   Downloaded tracing-subscriber v0.3.22
Docker Build (Rust Server)	Build agentkern-server Docker Image	2026-01-13T21:51:59.0190636Z #18 3.727   Downloaded tracing-log v0.2.0
Docker Build (Rust Server)	Build agentkern-server Docker Image	2026-01-13T21:51:59.1199821Z #18 3.729   Downloaded rand_core v0.9.3
Docker Build (Rust Server)	Build agentkern-server Docker Image	2026-01-13T21:51:59.1200424Z #18 3.730   Downloaded num-traits v0.2.19
Docker Build (Rust Server)	Build agentkern-server Docker Image	2026-01-13T21:51:59.1200859Z #18 3.734   Downloaded matchers v0.2.0
Docker Build (Rust Server)	Build agentkern-server Docker Image	2026-01-13T21:51:59.1201294Z #18 3.736   Downloaded icu_properties v2.1.2
Docker Build (Rust Server)	Build agentkern-server Docker Image	2026-01-13T21:51:59.1201927Z #18 3.738   Downloaded rustc_version v0.4.1
Docker Build (Rust Server)	Build agentkern-server Docker Image	2026-01-13T21:51:59.1202395Z #18 3.740   Downloaded socks v0.3.4
Docker Build (Rust Server)	Build agentkern-server Docker Image	2026-01-13T21:51:59.1202935Z #18 3.742   Downloaded httpdate v1.0.3
Docker Build (Rust Server)	Build agentkern-server Docker Image	2026-01-13T21:51:59.1203406Z #18 3.744   Downloaded tungstenite v0.28.0
Docker Build (Rust Server)	Build agentkern-server Docker Image	2026-01-13T21:51:59.1203874Z #18 3.748   Downloaded tonic v0.11.0
Docker Build (Rust Server)	Build agentkern-server Docker Image	2026-01-13T21:51:59.1204142Z #18 3.756   Downloaded time-macros v0.2.24
Docker Build (Rust Server)	Build agentkern-server Docker Image	2026-01-13T21:51:59.1204420Z #18 3.760   Downloaded time-core v0.1.6
Docker Build (Rust Server)	Build agentkern-server Docker Image	2026-01-13T21:51:59.1204696Z #18 3.761   Downloaded thiserror v2.0.17
Docker Build (Rust Server)	Build agentkern-server Docker Image	2026-01-13T21:51:59.1204990Z #18 3.770   Downloaded regex-automata v0.4.13
Docker Build (Rust Server)	Build agentkern-server Docker Image	2026-01-13T21:51:59.1205277Z #18 3.789   Downloaded pem-rfc7468 v0.7.0
Docker Build (Rust Server)	Build agentkern-server Docker Image	2026-01-13T21:51:59.1205583Z #18 3.792   Downloaded nu-ansi-term v0.50.3
Docker Build (Rust Server)	Build agentkern-server Docker Image	2026-01-13T21:51:59.1205848Z #18 3.795   Downloaded httparse v1.10.1
Docker Build (Rust Server)	Build agentkern-server Docker Image	2026-01-13T21:51:59.1206108Z #18 3.800   Downloaded encoding_rs v0.8.35
Docker Build (Rust Server)	Build agentkern-server Docker Image	2026-01-13T21:51:59.1206367Z #18 3.823   Downloaded parking_lot v0.12.5
Docker Build (Rust Server)	Build agentkern-server Docker Image	2026-01-13T21:51:59.1206624Z #18 3.826   Downloaded num-integer v0.1.46
Docker Build (Rust Server)	Build agentkern-server Docker Image	2026-01-13T21:51:59.1207106Z #18 3.828   Downloaded hyper-tls v0.6.0
Docker Build (Rust Server)	Build agentkern-server Docker Image	2026-01-13T21:51:59.2279945Z #18 3.831   Downloaded tar v0.4.44
Docker Build (Rust Server)	Build agentkern-server Docker Image	2026-01-13T21:51:59.2280656Z #18 3.834   Downloaded sqlx-mysql v0.8.6
Docker Build (Rust Server)	Build agentkern-server Docker Image	2026-01-13T21:51:59.2281189Z #18 3.842   Downloaded socket2 v0.6.1
Docker Build (Rust Server)	Build agentkern-server Docker Image	2026-01-13T21:51:59.2281709Z #18 3.845   Downloaded reqwest v0.12.28
Docker Build (Rust Server)	Build agentkern-server Docker Image	2026-01-13T21:51:59.2282450Z #18 3.851   Downloaded regex-syntax v0.8.8
Docker Build (Rust Server)	Build agentkern-server Docker Image	2026-01-13T21:51:59.2283042Z #18 3.860   Downloaded regex v1.12.2
Docker Build (Rust Server)	Build agentkern-server Docker Image	2026-01-13T21:51:59.2283626Z #18 3.868   Downloaded quinn-proto v0.11.13
Docker Build (Rust Server)	Build agentkern-server Docker Image	2026-01-13T21:51:59.2284032Z #18 3.876   Downloaded protobuf v3.7.2
Docker Build (Rust Server)	Build agentkern-server Docker Image	2026-01-13T21:51:59.2284538Z #18 3.890   Downloaded deunicode v1.6.2
Docker Build (Rust Server)	Build agentkern-server Docker Image	2026-01-13T21:51:59.2285137Z #18 3.894   Downloaded curve25519-dalek v4.1.3
Docker Build (Rust Server)	Build agentkern-server Docker Image	2026-01-13T21:51:59.2285468Z #18 3.904   Downloaded chrono v0.4.42
Docker Build (Rust Server)	Build agentkern-server Docker Image	2026-01-13T21:51:59.2285752Z #18 3.913   Downloaded bitvec v1.0.1
Docker Build (Rust Server)	Build agentkern-server Docker Image	2026-01-13T21:51:59.2286045Z #18 3.936   Downloaded yoke v0.8.1
Docker Build (Rust Server)	Build agentkern-server Docker Image	2026-01-13T21:51:59.3321275Z #18 3.939   Downloaded urlencoding v2.1.3
Docker Build (Rust Server)	Build agentkern-server Docker Image	2026-01-13T21:51:59.3321806Z #18 3.941   Downloaded tap v1.0.1
Docker Build (Rust Server)	Build agentkern-server Docker Image	2026-01-13T21:51:59.3322223Z #18 3.942   Downloaded stringprep v0.1.5
Docker Build (Rust Server)	Build agentkern-server Docker Image	2026-01-13T21:51:59.3322616Z #18 3.944   Downloaded simd-adler32 v0.3.8
Docker Build (Rust Server)	Build agentkern-server Docker Image	2026-01-13T21:51:59.3322924Z #18 3.947   Downloaded futures-util v0.3.31
Docker Build (Rust Server)	Build agentkern-server Docker Image	2026-01-13T21:51:59.3323224Z #18 3.965   Downloaded rustls-webpki v0.103.8
Docker Build (Rust Server)	Build agentkern-server Docker Image	2026-01-13T21:51:59.3323514Z #18 3.969   Downloaded rsa v0.9.10
Docker Build (Rust Server)	Build agentkern-server Docker Image	2026-01-13T21:51:59.3323767Z #18 3.976   Downloaded rand v0.8.5
Docker Build (Rust Server)	Build agentkern-server Docker Image	2026-01-13T21:51:59.3324007Z #18 3.980   Downloaded quinn v0.11.9
Docker Build (Rust Server)	Build agentkern-server Docker Image	2026-01-13T21:51:59.3324276Z #18 3.985   Downloaded prometheus v0.14.0
Docker Build (Rust Server)	Build agentkern-server Docker Image	2026-01-13T21:51:59.3324550Z #18 3.991   Downloaded futures v0.3.31
Docker Build (Rust Server)	Build agentkern-server Docker Image	2026-01-13T21:51:59.3324839Z #18 3.998   Downloaded fancy-regex v0.13.0
Docker Build (Rust Server)	Build agentkern-server Docker Image	2026-01-13T21:51:59.3325118Z #18 4.003   Downloaded ed25519-dalek v2.2.0
Docker Build (Rust Server)	Build agentkern-server Docker Image	2026-01-13T21:51:59.3325390Z #18 4.007   Downloaded der v0.7.10
Docker Build (Rust Server)	Build agentkern-server Docker Image	2026-01-13T21:51:59.3325634Z #18 4.014   Downloaded bytes v1.11.0
Docker Build (Rust Server)	Build agentkern-server Docker Image	2026-01-13T21:51:59.3325913Z #18 4.020   Downloaded serde_derive v1.0.228
Docker Build (Rust Server)	Build agentkern-server Docker Image	2026-01-13T21:51:59.3326197Z #18 4.024   Downloaded serde_core v1.0.228
Docker Build (Rust Server)	Build agentkern-server Docker Image	2026-01-13T21:51:59.3326469Z #18 4.028   Downloaded serde_cbor_2 v0.13.0
Docker Build (Rust Server)	Build agentkern-server Docker Image	2026-01-13T21:51:59.3326737Z #18 4.032   Downloaded ryu v1.0.22
Docker Build (Rust Server)	Build agentkern-server Docker Image	2026-01-13T21:51:59.3326990Z #18 4.036   Downloaded proc-macro2 v1.0.105
Docker Build (Rust Server)	Build agentkern-server Docker Image	2026-01-13T21:51:59.3327272Z #18 4.040   Downloaded pkg-config v0.3.32
Docker Build (Rust Server)	Build agentkern-server Docker Image	2026-01-13T21:51:59.4621943Z #18 4.043   Downloaded getrandom v0.3.4
Docker Build (Rust Server)	Build agentkern-server Docker Image	2026-01-13T21:51:59.4622581Z #18 4.047   Downloaded flume v0.11.1
Docker Build (Rust Server)	Build agentkern-server Docker Image	2026-01-13T21:51:59.4623037Z #18 4.052   Downloaded der-parser v9.0.0
Docker Build (Rust Server)	Build agentkern-server Docker Image	2026-01-13T21:51:59.4623543Z #18 4.056   Downloaded data-encoding v2.9.0
Docker Build (Rust Server)	Build agentkern-server Docker Image	2026-01-13T21:51:59.4623918Z #18 4.058   Downloaded borsh v1.6.0
Docker Build (Rust Server)	Build agentkern-server Docker Image	2026-01-13T21:51:59.4624203Z #18 4.068   Downloaded bigdecimal v0.4.10
Docker Build (Rust Server)	Build agentkern-server Docker Image	2026-01-13T21:51:59.4624621Z #18 4.074   Downloaded base64 v0.22.1
Docker Build (Rust Server)	Build agentkern-server Docker Image	2026-01-13T21:51:59.4624893Z #18 4.079   Downloaded base64 v0.21.7
Docker Build (Rust Server)	Build agentkern-server Docker Image	2026-01-13T21:51:59.4625207Z #18 4.084   Downloaded semver v1.0.27
Docker Build (Rust Server)	Build agentkern-server Docker Image	2026-01-13T21:51:59.4625561Z #18 4.088   Downloaded rmp-serde v1.3.1
Docker Build (Rust Server)	Build agentkern-server Docker Image	2026-01-13T21:51:59.4625822Z #18 4.090   Downloaded rmp v0.8.15
Docker Build (Rust Server)	Build agentkern-server Docker Image	2026-01-13T21:51:59.4626196Z #18 4.096   Downloaded rkyv_derive v0.7.46
Docker Build (Rust Server)	Build agentkern-server Docker Image	2026-01-13T21:51:59.4626499Z #18 4.098   Downloaded rand_chacha v0.9.0
Docker Build (Rust Server)	Build agentkern-server Docker Image	2026-01-13T21:51:59.4626774Z #18 4.099   Downloaded quinn-udp v0.5.14
Docker Build (Rust Server)	Build agentkern-server Docker Image	2026-01-13T21:51:59.4627188Z #18 4.102   Downloaded event-listener v5.4.1
Docker Build (Rust Server)	Build agentkern-server Docker Image	2026-01-13T21:51:59.4627491Z #18 4.104   Downloaded crossbeam-utils v0.8.21
Docker Build (Rust Server)	Build agentkern-server Docker Image	2026-01-13T21:51:59.4627927Z #18 4.109   Downloaded libsqlite3-sys v0.30.1
Docker Build (Rust Server)	Build agentkern-server Docker Image	2026-01-13T21:51:59.4628373Z #18 4.170   Downloaded crc32fast v1.5.0
Docker Build (Rust Server)	Build agentkern-server Docker Image	2026-01-13T21:51:59.5621668Z #18 4.173   Downloaded const-oid v0.9.6
Docker Build (Rust Server)	Build agentkern-server Docker Image	2026-01-13T21:51:59.5622834Z #18 4.176   Downloaded concurrent-queue v2.5.0
Docker Build (Rust Server)	Build agentkern-server Docker Image	2026-01-13T21:51:59.5623511Z #18 4.178   Downloaded axum v0.6.20
Docker Build (Rust Server)	Build agentkern-server Docker Image	2026-01-13T21:51:59.5623961Z #18 4.188   Downloaded rustversion v1.0.22
Docker Build (Rust Server)	Build agentkern-server Docker Image	2026-01-13T21:51:59.5624444Z #18 4.192   Downloaded rustc-hash v2.1.1
Docker Build (Rust Server)	Build agentkern-server Docker Image	2026-01-13T21:51:59.5624956Z #18 4.193   Downloaded rust_decimal_macros v1.39.0
Docker Build (Rust Server)	Build agentkern-server Docker Image	2026-01-13T21:51:59.5625805Z #18 4.195   Downloaded rend v0.4.2
Docker Build (Rust Server)	Build agentkern-server Docker Image	2026-01-13T21:51:59.5626257Z #18 4.197   Downloaded rand_core v0.6.4
Docker Build (Rust Server)	Build agentkern-server Docker Image	2026-01-13T21:51:59.5626708Z #18 4.199   Downloaded quote v1.0.43
Docker Build (Rust Server)	Build agentkern-server Docker Image	2026-01-13T21:51:59.5627137Z #18 4.203   Downloaded protobuf-support v3.7.2
Docker Build (Rust Server)	Build agentkern-server Docker Image	2026-01-13T21:51:59.5627554Z #18 4.205   Downloaded prost-derive v0.12.6
Docker Build (Rust Server)	Build agentkern-server Docker Image	2026-01-13T21:51:59.5627933Z #18 4.207   Downloaded prost v0.12.6
Docker Build (Rust Server)	Build agentkern-server Docker Image	2026-01-13T21:51:59.5628465Z #18 4.209   Downloaded pkcs8 v0.10.2
Docker Build (Rust Server)	Build agentkern-server Docker Image	2026-01-13T21:51:59.5628768Z #18 4.213   Downloaded foldhash v0.1.5
Docker Build (Rust Server)	Build agentkern-server Docker Image	2026-01-13T21:51:59.5629181Z #18 4.215   Downloaded fnv v1.0.7
Docker Build (Rust Server)	Build agentkern-server Docker Image	2026-01-13T21:51:59.5629482Z #18 4.216   Downloaded rustc-hash v1.1.0
Docker Build (Rust Server)	Build agentkern-server Docker Image	2026-01-13T21:51:59.5630105Z #18 4.217   Downloaded radium v0.7.0
Docker Build (Rust Server)	Build agentkern-server Docker Image	2026-01-13T21:51:59.5630423Z #18 4.218   Downloaded ppv-lite86 v0.2.21
Docker Build (Rust Server)	Build agentkern-server Docker Image	2026-01-13T21:51:59.5630847Z #18 4.220   Downloaded ghash v0.5.1
Docker Build (Rust Server)	Build agentkern-server Docker Image	2026-01-13T21:51:59.5631150Z #18 4.222   Downloaded find-msvc-tools v0.1.6
Docker Build (Rust Server)	Build agentkern-server Docker Image	2026-01-13T21:51:59.5631534Z #18 4.224   Downloaded filetime v0.2.26
Docker Build (Rust Server)	Build agentkern-server Docker Image	2026-01-13T21:51:59.5631889Z #18 4.227   Downloaded errno v0.3.14
Docker Build (Rust Server)	Build agentkern-server Docker Image	2026-01-13T21:51:59.5632216Z #18 4.229   Downloaded curve25519-dalek-derive v0.1.1
Docker Build (Rust Server)	Build agentkern-server Docker Image	2026-01-13T21:51:59.5632702Z #18 4.231   Downloaded opentelemetry-otlp v0.15.0
Docker Build (Rust Server)	Build agentkern-server Docker Image	2026-01-13T21:51:59.5633036Z #18 4.234   Downloaded mime v0.3.17
Docker Build (Rust Server)	Build agentkern-server Docker Image	2026-01-13T21:51:59.5633449Z #18 4.235   Downloaded ptr_meta_derive v0.1.4
Docker Build (Rust Server)	Build agentkern-server Docker Image	2026-01-13T21:51:59.5633778Z #18 4.236   Downloaded oid-registry v0.7.1
Docker Build (Rust Server)	Build agentkern-server Docker Image	2026-01-13T21:51:59.5634213Z #18 4.238   Downloaded icu_normalizer v2.1.1
Docker Build (Rust Server)	Build agentkern-server Docker Image	2026-01-13T21:51:59.5634506Z #18 4.243   Downloaded cipher v0.4.4
Docker Build (Rust Server)	Build agentkern-server Docker Image	2026-01-13T21:51:59.5634787Z #18 4.245   Downloaded borsh-derive v1.6.0
Docker Build (Rust Server)	Build agentkern-server Docker Image	2026-01-13T21:51:59.5635210Z #18 4.249   Downloaded idna_adapter v1.2.1
Docker Build (Rust Server)	Build agentkern-server Docker Image	2026-01-13T21:51:59.5635495Z #18 4.250   Downloaded crypto-common v0.1.7
Docker Build (Rust Server)	Build agentkern-server Docker Image	2026-01-13T21:51:59.5635863Z #18 4.252   Downloaded powerfmt v0.2.0
Docker Build (Rust Server)	Build agentkern-server Docker Image	2026-01-13T21:51:59.5636162Z #18 4.253   Downloaded potential_utf v0.1.4
Docker Build (Rust Server)	Build agentkern-server Docker Image	2026-01-13T21:51:59.5636434Z #18 4.255   Downloaded axum-macros v0.5.0
Docker Build (Rust Server)	Build agentkern-server Docker Image	2026-01-13T21:51:59.5636831Z #18 4.270   Downloaded autocfg v1.5.0
Docker Build (Rust Server)	Build agentkern-server Docker Image	2026-01-13T21:51:59.6653412Z #18 4.273   Downloaded atoi v2.0.0
Docker Build (Rust Server)	Build agentkern-server Docker Image	2026-01-13T21:51:59.6654374Z #18 4.275   Downloaded equivalent v1.0.2
Docker Build (Rust Server)	Build agentkern-server Docker Image	2026-01-13T21:51:59.6655100Z #18 4.277   Downloaded bytecheck_derive v0.6.12
Docker Build (Rust Server)	Build agentkern-server Docker Image	2026-01-13T21:51:59.6655673Z #18 4.278   Downloaded futures-core v0.3.31
Docker Build (Rust Server)	Build agentkern-server Docker Image	2026-01-13T21:51:59.6656002Z #18 4.280   Downloaded funty v2.0.0
Docker Build (Rust Server)	Build agentkern-server Docker Image	2026-01-13T21:51:59.6656305Z #18 4.281   Downloaded form_urlencoded v1.2.2
Docker Build (Rust Server)	Build agentkern-server Docker Image	2026-01-13T21:51:59.6656655Z #18 4.282   Downloaded foreign-types v0.3.2
Docker Build (Rust Server)	Build agentkern-server Docker Image	2026-01-13T21:51:59.6656978Z #18 4.283   Downloaded crossbeam-queue v0.3.12
Docker Build (Rust Server)	Build agentkern-server Docker Image	2026-01-13T21:51:59.6657316Z #18 4.285   Downloaded atomic-waker v1.1.2
Docker Build (Rust Server)	Build agentkern-server Docker Image	2026-01-13T21:51:59.6657620Z #18 4.287   Downloaded pin-project v1.1.10
Docker Build (Rust Server)	Build agentkern-server Docker Image	2026-01-13T21:51:59.6658260Z #18 4.306   Downloaded opentelemetry-semantic-conventions v0.14.0
Docker Build (Rust Server)	Build agentkern-server Docker Image	2026-01-13T21:51:59.6658751Z #18 4.308   Downloaded openssl-probe v0.1.6
Docker Build (Rust Server)	Build agentkern-server Docker Image	2026-01-13T21:51:59.6659059Z #18 4.310   Downloaded num-complex v0.4.6
Docker Build (Rust Server)	Build agentkern-server Docker Image	2026-01-13T21:51:59.6659362Z #18 4.312   Downloaded hyper v1.8.1
Docker Build (Rust Server)	Build agentkern-server Docker Image	2026-01-13T21:51:59.6659630Z #18 4.321   Downloaded http v1.4.0
Docker Build (Rust Server)	Build agentkern-server Docker Image	2026-01-13T21:51:59.6659894Z #18 4.326   Downloaded home v0.5.12
Docker Build (Rust Server)	Build agentkern-server Docker Image	2026-01-13T21:51:59.6660168Z #18 4.327   Downloaded opaque-debug v0.3.1
Docker Build (Rust Server)	Build agentkern-server Docker Image	2026-01-13T21:51:59.6660465Z #18 4.328   Downloaded lru-slab v0.1.2
Docker Build (Rust Server)	Build agentkern-server Docker Image	2026-01-13T21:51:59.6660744Z #18 4.330   Downloaded lazy_static v1.5.0
Docker Build (Rust Server)	Build agentkern-server Docker Image	2026-01-13T21:51:59.6661028Z #18 4.332   Downloaded itoa v1.0.17
Docker Build (Rust Server)	Build agentkern-server Docker Image	2026-01-13T21:51:59.6661293Z #18 4.334   Downloaded http-body v1.0.1
Docker Build (Rust Server)	Build agentkern-server Docker Image	2026-01-13T21:51:59.6661609Z #18 4.336   Downloaded futures-sink v0.3.31
Docker Build (Rust Server)	Build agentkern-server Docker Image	2026-01-13T21:51:59.6661897Z #18 4.337   Downloaded hex v0.4.3
Docker Build (Rust Server)	Build agentkern-server Docker Image	2026-01-13T21:51:59.6662165Z #18 4.339   Downloaded heck v0.5.0
Docker Build (Rust Server)	Build agentkern-server Docker Image	2026-01-13T21:51:59.6662422Z #18 4.341   Downloaded inout v0.1.4
Docker Build (Rust Server)	Build agentkern-server Docker Image	2026-01-13T21:51:59.6662702Z #18 4.343   Downloaded icu_provider v2.1.1
Docker Build (Rust Server)	Build agentkern-server Docker Image	2026-01-13T21:51:59.6662997Z #18 4.346   Downloaded bitflags v1.3.2
Docker Build (Rust Server)	Build agentkern-server Docker Image	2026-01-13T21:51:59.6663271Z #18 4.350   Downloaded base64ct v1.8.2
Docker Build (Rust Server)	Build agentkern-server Docker Image	2026-01-13T21:51:59.6663770Z #18 4.354   Downloaded cfg_aliases v0.2.1
Docker Build (Rust Server)	Build agentkern-server Docker Image	2026-01-13T21:51:59.6664056Z #18 4.355   Downloaded deranged v0.5.5
Docker Build (Rust Server)	Build agentkern-server Docker Image	2026-01-13T21:51:59.6664332Z #18 4.357   Downloaded ctr v0.9.2
Docker Build (Rust Server)	Build agentkern-server Docker Image	2026-01-13T21:51:59.6664585Z #18 4.361   Downloaded idna v1.1.0
Docker Build (Rust Server)	Build agentkern-server Docker Image	2026-01-13T21:51:59.6664855Z #18 4.365   Downloaded hyper-util v0.1.19
Docker Build (Rust Server)	Build agentkern-server Docker Image	2026-01-13T21:51:59.6665157Z #18 4.374   Downloaded http-body-util v0.1.3
Docker Build (Rust Server)	Build agentkern-server Docker Image	2026-01-13T21:51:59.8976981Z #18 4.376   Downloaded hkdf v0.12.4
Docker Build (Rust Server)	Build agentkern-server Docker Image	2026-01-13T21:51:59.8977531Z #18 4.379   Downloaded foreign-types-shared v0.1.1
Docker Build (Rust Server)	Build agentkern-server Docker Image	2026-01-13T21:51:59.8978164Z #18 4.380   Downloaded async-stream-impl v0.3.6
Docker Build (Rust Server)	Build agentkern-server Docker Image	2026-01-13T21:51:59.8978635Z #18 4.381   Downloaded asn1-rs-impl v0.2.0
Docker Build (Rust Server)	Build agentkern-server Docker Image	2026-01-13T21:51:59.8979364Z #18 4.382   Downloaded futures-macro v0.3.31
Docker Build (Rust Server)	Build agentkern-server Docker Image	2026-01-13T21:51:59.8979823Z #18 4.384   Downloaded futures-intrusive v0.5.0
Docker Build (Rust Server)	Build agentkern-server Docker Image	2026-01-13T21:51:59.8980266Z #18 4.390   Downloaded flate2 v1.1.8
Docker Build (Rust Server)	Build agentkern-server Docker Image	2026-01-13T21:51:59.8980662Z #18 4.396   Downloaded ed25519 v2.2.3
Docker Build (Rust Server)	Build agentkern-server Docker Image	2026-01-13T21:51:59.8981083Z #18 4.399   Downloaded futures-task v0.3.31
Docker Build (Rust Server)	Build agentkern-server Docker Image	2026-01-13T21:51:59.8981503Z #18 4.400   Downloaded digest v0.10.7
Docker Build (Rust Server)	Build agentkern-server Docker Image	2026-01-13T21:51:59.8981915Z #18 4.403   Downloaded asn1-rs-derive v0.5.1
Docker Build (Rust Server)	Build agentkern-server Docker Image	2026-01-13T21:51:59.8982331Z #18 4.404   Downloaded axum-core v0.5.6
Docker Build (Rust Server)	Build agentkern-server Docker Image	2026-01-13T21:51:59.8982732Z #18 4.407   Downloaded num-iter v0.1.45
Docker Build (Rust Server)	Build agentkern-server Docker Image	2026-01-13T21:51:59.8983128Z #18 4.409   Downloaded either v1.15.0
Docker Build (Rust Server)	Build agentkern-server Docker Image	2026-01-13T21:51:59.8983508Z #18 4.411   Downloaded crc v3.4.0
Docker Build (Rust Server)	Build agentkern-server Docker Image	2026-01-13T21:51:59.8983892Z #18 4.413   Downloaded cc v1.2.51
Docker Build (Rust Server)	Build agentkern-server Docker Image	2026-01-13T21:51:59.8984247Z #18 4.417   Downloaded asn1-rs v0.6.2
Docker Build (Rust Server)	Build agentkern-server Docker Image	2026-01-13T21:51:59.8984643Z #18 4.426   Downloaded crc-catalog v2.4.0
Docker Build (Rust Server)	Build agentkern-server Docker Image	2026-01-13T21:51:59.8985055Z #18 4.427   Downloaded block-buffer v0.10.4
Docker Build (Rust Server)	Build agentkern-server Docker Image	2026-01-13T21:51:59.8985475Z #18 4.429   Downloaded bitflags v2.10.0
Docker Build (Rust Server)	Build agentkern-server Docker Image	2026-01-13T21:51:59.8985869Z #18 4.434   Downloaded bit-set v0.5.3
Docker Build (Rust Server)	Build agentkern-server Docker Image	2026-01-13T21:51:59.8986248Z #18 4.436   Downloaded backoff v0.4.0
Docker Build (Rust Server)	Build agentkern-server Docker Image	2026-01-13T21:51:59.8986634Z #18 4.439   Downloaded aes-gcm v0.10.3
Docker Build (Rust Server)	Build agentkern-server Docker Image	2026-01-13T21:51:59.8987017Z #18 4.443   Downloaded aes v0.8.4
Docker Build (Rust Server)	Build agentkern-server Docker Image	2026-01-13T21:51:59.8987412Z #18 4.448   Downloaded futures-channel v0.3.31
Docker Build (Rust Server)	Build agentkern-server Docker Image	2026-01-13T21:51:59.8987860Z #18 4.450   Downloaded allocator-api2 v0.2.21
Docker Build (Rust Server)	Build agentkern-server Docker Image	2026-01-13T21:51:59.8988485Z #18 4.453   Downloaded byteorder v1.5.0
Docker Build (Rust Server)	Build agentkern-server Docker Image	2026-01-13T21:51:59.8988884Z #18 4.456   Downloaded bit-vec v0.6.3
Docker Build (Rust Server)	Build agentkern-server Docker Image	2026-01-13T21:51:59.8989280Z #18 4.457   Downloaded anyhow v1.0.100
Docker Build (Rust Server)	Build agentkern-server Docker Image	2026-01-13T21:51:59.8989672Z #18 4.463   Downloaded ahash v0.7.8
Docker Build (Rust Server)	Build agentkern-server Docker Image	2026-01-13T21:51:59.8990075Z #18 4.606    Compiling proc-macro2 v1.0.105
Docker Build (Rust Server)	Build agentkern-server Docker Image	2026-01-13T21:51:59.8990489Z #18 4.606    Compiling quote v1.0.43
Docker Build (Rust Server)	Build agentkern-server Docker Image	2026-01-13T21:52:00.0101189Z #18 4.606    Compiling unicode-ident v1.0.22
Docker Build (Rust Server)	Build agentkern-server Docker Image	2026-01-13T21:52:00.0103046Z #18 4.606    Compiling libc v0.2.180
Docker Build (Rust Server)	Build agentkern-server Docker Image	2026-01-13T21:52:00.0103522Z #18 4.678    Compiling cfg-if v1.0.4
Docker Build (Rust Server)	Build agentkern-server Docker Image	2026-01-13T21:52:00.1900494Z #18 4.718    Compiling serde v1.0.228
Docker Build (Rust Server)	Build agentkern-server Docker Image	2026-01-13T21:52:00.1903263Z #18 4.770    Compiling serde_core v1.0.228
Docker Build (Rust Server)	Build agentkern-server Docker Image	2026-01-13T21:52:00.3412139Z #18 4.898    Compiling autocfg v1.5.0
Docker Build (Rust Server)	Build agentkern-server Docker Image	2026-01-13T21:52:00.6400866Z #18 5.195    Compiling find-msvc-tools v0.1.6
Docker Build (Rust Server)	Build agentkern-server Docker Image	2026-01-13T21:52:00.9378649Z #18 5.525    Compiling shlex v1.3.0
Docker Build (Rust Server)	Build agentkern-server Docker Image	2026-01-13T21:52:00.9417600Z #18 5.610    Compiling syn v2.0.113
Docker Build (Rust Server)	Build agentkern-server Docker Image	2026-01-13T21:52:01.0936905Z #18 5.646    Compiling cc v1.2.51
Docker Build (Rust Server)	Build agentkern-server Docker Image	2026-01-13T21:52:01.4992600Z #18 6.055    Compiling memchr v2.7.6
Docker Build (Rust Server)	Build agentkern-server Docker Image	2026-01-13T21:52:02.4515885Z #18 6.954    Compiling pin-project-lite v0.2.16
Docker Build (Rust Server)	Build agentkern-server Docker Image	2026-01-13T21:52:02.4516444Z #18 7.009    Compiling typenum v1.19.0
Docker Build (Rust Server)	Build agentkern-server Docker Image	2026-01-13T21:52:02.7006137Z #18 7.207    Compiling version_check v0.9.5
Docker Build (Rust Server)	Build agentkern-server Docker Image	2026-01-13T21:52:02.7006788Z #18 7.306    Compiling parking_lot_core v0.9.12
Docker Build (Rust Server)	Build agentkern-server Docker Image	2026-01-13T21:52:02.8176211Z #18 7.408    Compiling itoa v1.0.17
Docker Build (Rust Server)	Build agentkern-server Docker Image	2026-01-13T21:52:02.8177206Z #18 7.430    Compiling getrandom v0.2.16
Docker Build (Rust Server)	Build agentkern-server Docker Image	2026-01-13T21:52:02.8179430Z #18 7.436    Compiling generic-array v0.14.7
Docker Build (Rust Server)	Build agentkern-server Docker Image	2026-01-13T21:52:02.8179942Z #18 7.526    Compiling once_cell v1.21.3
Docker Build (Rust Server)	Build agentkern-server Docker Image	2026-01-13T21:52:02.9962763Z #18 7.603    Compiling bytes v1.11.0
Docker Build (Rust Server)	Build agentkern-server Docker Image	2026-01-13T21:52:02.9965295Z #18 7.613    Compiling futures-core v0.3.31
Docker Build (Rust Server)	Build agentkern-server Docker Image	2026-01-13T21:52:03.1951047Z #18 7.702    Compiling scopeguard v1.2.0
Docker Build (Rust Server)	Build agentkern-server Docker Image	2026-01-13T21:52:03.1951664Z #18 7.709    Compiling log v0.4.29
Docker Build (Rust Server)	Build agentkern-server Docker Image	2026-01-13T21:52:03.1952147Z #18 7.752    Compiling lock_api v0.4.14
Docker Build (Rust Server)	Build agentkern-server Docker Image	2026-01-13T21:52:03.1970162Z #18 7.905    Compiling rand_core v0.6.4
Docker Build (Rust Server)	Build agentkern-server Docker Image	2026-01-13T21:52:03.3790643Z #18 7.957    Compiling pkg-config v0.3.32
Docker Build (Rust Server)	Build agentkern-server Docker Image	2026-01-13T21:52:03.5305137Z #18 8.087    Compiling vcpkg v0.2.15
Docker Build (Rust Server)	Build agentkern-server Docker Image	2026-01-13T21:52:03.8093383Z #18 8.412    Compiling tracing-core v0.1.36
Docker Build (Rust Server)	Build agentkern-server Docker Image	2026-01-13T21:52:03.9781270Z #18 8.517    Compiling errno v0.3.14
Docker Build (Rust Server)	Build agentkern-server Docker Image	2026-01-13T21:52:03.9784807Z #18 8.616    Compiling num-traits v0.2.19
Docker Build (Rust Server)	Build agentkern-server Docker Image	2026-01-13T21:52:04.2211061Z #18 8.686    Compiling futures-sink v0.3.31
Docker Build (Rust Server)	Build agentkern-server Docker Image	2026-01-13T21:52:04.2213043Z #18 8.748    Compiling signal-hook-registry v1.4.8
Docker Build (Rust Server)	Build agentkern-server Docker Image	2026-01-13T21:52:04.2214300Z #18 8.778    Compiling socket2 v0.6.1
Docker Build (Rust Server)	Build agentkern-server Docker Image	2026-01-13T21:52:04.6509133Z #18 9.206    Compiling synstructure v0.13.2
Docker Build (Rust Server)	Build agentkern-server Docker Image	2026-01-13T21:52:04.8665754Z #18 9.423    Compiling mio v1.1.1
Docker Build (Rust Server)	Build agentkern-server Docker Image	2026-01-13T21:52:05.9249540Z #18 10.63    Compiling slab v0.4.11
Docker Build (Rust Server)	Build agentkern-server Docker Image	2026-01-13T21:52:06.1742770Z #18 10.77    Compiling futures-channel v0.3.31
Docker Build (Rust Server)	Build agentkern-server Docker Image	2026-01-13T21:52:06.1743722Z #18 10.78    Compiling pin-utils v0.1.0
Docker Build (Rust Server)	Build agentkern-server Docker Image	2026-01-13T21:52:06.3932112Z #18 10.88    Compiling futures-io v0.3.31
Docker Build (Rust Server)	Build agentkern-server Docker Image	2026-01-13T21:52:06.3964675Z #18 10.93    Compiling serde_derive v1.0.228
Docker Build (Rust Server)	Build agentkern-server Docker Image	2026-01-13T21:52:06.3965422Z #18 10.97    Compiling zerofrom-derive v0.1.6
Docker Build (Rust Server)	Build agentkern-server Docker Image	2026-01-13T21:52:06.5479375Z #18 11.10    Compiling yoke-derive v0.8.1
Docker Build (Rust Server)	Build agentkern-server Docker Image	2026-01-13T21:52:06.8324705Z #18 11.39    Compiling tracing-attributes v0.1.31
Docker Build (Rust Server)	Build agentkern-server Docker Image	2026-01-13T21:52:07.2392162Z #18 11.95    Compiling displaydoc v0.2.5
Docker Build (Rust Server)	Build agentkern-server Docker Image	2026-01-13T21:52:07.4965140Z #18 12.05    Compiling zerovec-derive v0.11.2
Docker Build (Rust Server)	Build agentkern-server Docker Image	2026-01-13T21:52:07.8929993Z #18 12.44    Compiling tokio-macros v2.6.0
Docker Build (Rust Server)	Build agentkern-server Docker Image	2026-01-13T21:52:07.8930612Z #18 12.45    Compiling tracing v0.1.44
Docker Build (Rust Server)	Build agentkern-server Docker Image	2026-01-13T21:52:08.2316053Z #18 12.81    Compiling futures-macro v0.3.31
Docker Build (Rust Server)	Build agentkern-server Docker Image	2026-01-13T21:52:08.3518818Z #18 12.94    Compiling futures-task v0.3.31
Docker Build (Rust Server)	Build agentkern-server Docker Image	2026-01-13T21:52:08.3520531Z #18 13.00    Compiling zerocopy v0.8.31
Docker Build (Rust Server)	Build agentkern-server Docker Image	2026-01-13T21:52:08.5042911Z #18 13.06    Compiling zerocopy-derive v0.8.31
Docker Build (Rust Server)	Build agentkern-server Docker Image	2026-01-13T21:52:08.7319139Z #18 13.25    Compiling icu_normalizer_data v2.1.1
Docker Build (Rust Server)	Build agentkern-server Docker Image	2026-01-13T21:52:08.7323491Z #18 13.34    Compiling zmij v1.0.12
Docker Build (Rust Server)	Build agentkern-server Docker Image	2026-01-13T21:52:08.8569448Z #18 13.44    Compiling futures-util v0.3.31
Docker Build (Rust Server)	Build agentkern-server Docker Image	2026-01-13T21:52:08.8570351Z #18 13.47    Compiling icu_properties_data v2.1.2
Docker Build (Rust Server)	Build agentkern-server Docker Image	2026-01-13T21:52:09.0977357Z #18 13.56    Compiling crypto-common v0.1.7
Docker Build (Rust Server)	Build agentkern-server Docker Image	2026-01-13T21:52:09.3734205Z #18 13.65    Compiling openssl-sys v0.9.111
Docker Build (Rust Server)	Build agentkern-server Docker Image	2026-01-13T21:52:09.3734793Z #18 13.97    Compiling subtle v2.6.1
Docker Build (Rust Server)	Build agentkern-server Docker Image	2026-01-13T21:52:09.5259627Z #18 14.08    Compiling thiserror v2.0.17
Docker Build (Rust Server)	Build agentkern-server Docker Image	2026-01-13T21:52:09.7411616Z #18 14.45    Compiling smallvec v1.15.1
Docker Build (Rust Server)	Build agentkern-server Docker Image	2026-01-13T21:52:09.9824372Z #18 14.54    Compiling serde_json v1.0.149
Docker Build (Rust Server)	Build agentkern-server Docker Image	2026-01-13T21:52:10.3636459Z #18 14.92    Compiling parking_lot v0.12.5
Docker Build (Rust Server)	Build agentkern-server Docker Image	2026-01-13T21:52:11.1448974Z #18 15.85    Compiling tokio v1.49.0
Docker Build (Rust Server)	Build agentkern-server Docker Image	2026-01-13T21:52:11.6639564Z #18 16.22    Compiling thiserror-impl v2.0.17
Docker Build (Rust Server)	Build agentkern-server Docker Image	2026-01-13T21:52:11.8368874Z #18 16.39    Compiling crossbeam-utils v0.8.21
Docker Build (Rust Server)	Build agentkern-server Docker Image	2026-01-13T21:52:12.0345522Z #18 16.55    Compiling equivalent v1.0.2
Docker Build (Rust Server)	Build agentkern-server Docker Image	2026-01-13T21:52:12.0346114Z #18 16.59    Compiling ppv-lite86 v0.2.21
Docker Build (Rust Server)	Build agentkern-server Docker Image	2026-01-13T21:52:12.3460091Z #18 16.92    Compiling zerofrom v0.1.6
Docker Build (Rust Server)	Build agentkern-server Docker Image	2026-01-13T21:52:12.3460747Z #18 16.97    Compiling percent-encoding v2.3.2
Docker Build (Rust Server)	Build agentkern-server Docker Image	2026-01-13T21:52:12.3461311Z #18 17.01    Compiling stable_deref_trait v1.2.1
Docker Build (Rust Server)	Build agentkern-server Docker Image	2026-01-13T21:52:12.4969228Z #18 17.05    Compiling yoke v0.8.1
Docker Build (Rust Server)	Build agentkern-server Docker Image	2026-01-13T21:52:12.6385471Z #18 17.21    Compiling hashbrown v0.16.1
Docker Build (Rust Server)	Build agentkern-server Docker Image	2026-01-13T21:52:12.8439610Z #18 17.35    Compiling fnv v1.0.7
Docker Build (Rust Server)	Build agentkern-server Docker Image	2026-01-13T21:52:12.8440382Z #18 17.40    Compiling zerovec v0.11.5
Docker Build (Rust Server)	Build agentkern-server Docker Image	2026-01-13T21:52:13.1396064Z #18 17.70    Compiling getrandom v0.3.4
Docker Build (Rust Server)	Build agentkern-server Docker Image	2026-01-13T21:52:13.3240944Z #18 17.88    Compiling indexmap v2.12.1
Docker Build (Rust Server)	Build agentkern-server Docker Image	2026-01-13T21:52:13.8370816Z #18 18.43    Compiling block-buffer v0.10.4
Docker Build (Rust Server)	Build agentkern-server Docker Image	2026-01-13T21:52:13.8371699Z #18 18.55    Compiling httparse v1.10.1
Docker Build (Rust Server)	Build agentkern-server Docker Image	2026-01-13T21:52:13.9768836Z #18 18.60    Compiling rustls v0.23.36
Docker Build (Rust Server)	Build agentkern-server Docker Image	2026-01-13T21:52:14.1282663Z #18 18.68    Compiling cpufeatures v0.2.17
Docker Build (Rust Server)	Build agentkern-server Docker Image	2026-01-13T21:52:14.1283260Z #18 18.72    Compiling openssl v0.10.75
Docker Build (Rust Server)	Build agentkern-server Docker Image	2026-01-13T21:52:14.1287638Z #18 18.73    Compiling zeroize v1.8.2
Docker Build (Rust Server)	Build agentkern-server Docker Image	2026-01-13T21:52:14.1288610Z #18 18.74    Compiling tower-service v0.3.3
Docker Build (Rust Server)	Build agentkern-server Docker Image	2026-01-13T21:52:14.2800734Z #18 18.84    Compiling digest v0.10.7
Docker Build (Rust Server)	Build agentkern-server Docker Image	2026-01-13T21:52:14.5472933Z #18 19.07    Compiling tinystr v0.8.2
Docker Build (Rust Server)	Build agentkern-server Docker Image	2026-01-13T21:52:14.5475436Z #18 19.10    Compiling writeable v0.6.2
Docker Build (Rust Server)	Build agentkern-server Docker Image	2026-01-13T21:52:14.6919175Z #18 19.29    Compiling litemap v0.8.1
Docker Build (Rust Server)	Build agentkern-server Docker Image	2026-01-13T21:52:14.8891815Z #18 19.40    Compiling rustls-pki-types v1.13.2
Docker Build (Rust Server)	Build agentkern-server Docker Image	2026-01-13T21:52:14.8892848Z #18 19.44    Compiling icu_locale_core v2.1.1
Docker Build (Rust Server)	Build agentkern-server Docker Image	2026-01-13T21:52:16.1569018Z #18 20.71    Compiling tokio-util v0.7.18
Docker Build (Rust Server)	Build agentkern-server Docker Image	2026-01-13T21:52:17.1185666Z #18 21.72    Compiling potential_utf v0.1.4
Docker Build (Rust Server)	Build agentkern-server Docker Image	2026-01-13T21:52:17.2710853Z #18 21.83    Compiling zerotrie v0.2.3
Docker Build (Rust Server)	Build agentkern-server Docker Image	2026-01-13T21:52:17.6518470Z #18 22.21    Compiling openssl-macros v0.1.1
Docker Build (Rust Server)	Build agentkern-server Docker Image	2026-01-13T21:52:17.7813451Z #18 22.38    Compiling thiserror v1.0.69
Docker Build (Rust Server)	Build agentkern-server Docker Image	2026-01-13T21:52:17.7814230Z #18 22.40    Compiling icu_provider v2.1.1
Docker Build (Rust Server)	Build agentkern-server Docker Image	2026-01-13T21:52:17.7814855Z #18 22.49    Compiling icu_collections v2.1.1
Docker Build (Rust Server)	Build agentkern-server Docker Image	2026-01-13T21:52:18.2109165Z #18 22.76    Compiling thiserror-impl v1.0.69
Docker Build (Rust Server)	Build agentkern-server Docker Image	2026-01-13T21:52:18.2109764Z #18 22.77    Compiling http v1.4.0
Docker Build (Rust Server)	Build agentkern-server Docker Image	2026-01-13T21:52:18.6635178Z #18 23.22    Compiling ring v0.17.14
Docker Build (Rust Server)	Build agentkern-server Docker Image	2026-01-13T21:52:19.1441906Z #18 23.69    Compiling libm v0.2.15
Docker Build (Rust Server)	Build agentkern-server Docker Image	2026-01-13T21:52:19.1442501Z #18 23.79    Compiling try-lock v0.2.5
Docker Build (Rust Server)	Build agentkern-server Docker Image	2026-01-13T21:52:19.2961110Z #18 23.85    Compiling base64 v0.22.1
Docker Build (Rust Server)	Build agentkern-server Docker Image	2026-01-13T21:52:19.7648820Z #18 24.32    Compiling want v0.3.1
Docker Build (Rust Server)	Build agentkern-server Docker Image	2026-01-13T21:52:20.1030808Z #18 24.67    Compiling num-integer v0.1.46
Docker Build (Rust Server)	Build agentkern-server Docker Image	2026-01-13T21:52:20.2541457Z #18 24.81    Compiling httpdate v1.0.3
Docker Build (Rust Server)	Build agentkern-server Docker Image	2026-01-13T21:52:20.5891720Z #18 25.15    Compiling bitflags v2.10.0
Docker Build (Rust Server)	Build agentkern-server Docker Image	2026-01-13T21:52:20.8273448Z #18 25.30    Compiling icu_properties v2.1.2
Docker Build (Rust Server)	Build agentkern-server Docker Image	2026-01-13T21:52:20.8274021Z #18 25.38    Compiling icu_normalizer v2.1.1
Docker Build (Rust Server)	Build agentkern-server Docker Image	2026-01-13T21:52:22.6254581Z #18 27.18    Compiling form_urlencoded v1.2.2
Docker Build (Rust Server)	Build agentkern-server Docker Image	2026-01-13T21:52:22.8320561Z #18 27.39    Compiling rand_chacha v0.3.1
Docker Build (Rust Server)	Build agentkern-server Docker Image	2026-01-13T21:52:23.1527770Z #18 27.71    Compiling bigdecimal v0.4.10
Docker Build (Rust Server)	Build agentkern-server Docker Image	2026-01-13T21:52:23.3363595Z #18 27.86    Compiling native-tls v0.2.14
Docker Build (Rust Server)	Build agentkern-server Docker Image	2026-01-13T21:52:23.3364242Z #18 27.96    Compiling tower-layer v0.3.3
Docker Build (Rust Server)	Build agentkern-server Docker Image	2026-01-13T21:52:23.4881810Z #18 28.04    Compiling untrusted v0.9.0
Docker Build (Rust Server)	Build agentkern-server Docker Image	2026-01-13T21:52:23.6984727Z #18 28.25    Compiling rand v0.8.5
Docker Build (Rust Server)	Build agentkern-server Docker Image	2026-01-13T21:52:24.2445322Z #18 28.80    Compiling idna_adapter v1.2.1
Docker Build (Rust Server)	Build agentkern-server Docker Image	2026-01-13T21:52:24.5001527Z #18 29.09    Compiling either v1.15.0
Docker Build (Rust Server)	Build agentkern-server Docker Image	2026-01-13T21:52:24.7277203Z #18 29.21    Compiling utf8_iter v1.0.4
Docker Build (Rust Server)	Build agentkern-server Docker Image	2026-01-13T21:52:24.7279553Z #18 29.28    Compiling anyhow v1.0.100
Docker Build (Rust Server)	Build agentkern-server Docker Image	2026-01-13T21:52:24.7394358Z #18 29.45    Compiling idna v1.1.0
Docker Build (Rust Server)	Build agentkern-server Docker Image	2026-01-13T21:52:25.3100062Z #18 29.87    Compiling num-bigint v0.4.6
Docker Build (Rust Server)	Build agentkern-server Docker Image	2026-01-13T21:52:25.9281678Z #18 30.39    Compiling http-body v1.0.1
Docker Build (Rust Server)	Build agentkern-server Docker Image	2026-01-13T21:52:25.9282294Z #18 30.48    Compiling uuid v1.19.0
Docker Build (Rust Server)	Build agentkern-server Docker Image	2026-01-13T21:52:26.8738742Z #18 31.43    Compiling aho-corasick v1.1.4
Docker Build (Rust Server)	Build agentkern-server Docker Image	2026-01-13T21:52:27.3428949Z #18 31.90    Compiling regex-syntax v0.8.8
Docker Build (Rust Server)	Build agentkern-server Docker Image	2026-01-13T21:52:29.2841173Z #18 33.84    Compiling regex-automata v0.4.13
Docker Build (Rust Server)	Build agentkern-server Docker Image	2026-01-13T21:52:33.2763240Z #18 37.83    Compiling rustls-webpki v0.103.8
Docker Build (Rust Server)	Build agentkern-server Docker Image	2026-01-13T21:52:33.8931922Z #18 38.45    Compiling sha2 v0.10.9
Docker Build (Rust Server)	Build agentkern-server Docker Image	2026-01-13T21:52:35.0227539Z #18 39.58    Compiling url v2.5.8
Docker Build (Rust Server)	Build agentkern-server Docker Image	2026-01-13T21:52:35.8910940Z #18 40.45    Compiling rand_core v0.9.3
Docker Build (Rust Server)	Build agentkern-server Docker Image	2026-01-13T21:52:35.9557472Z #18 40.66    Compiling byteorder v1.5.0
Docker Build (Rust Server)	Build agentkern-server Docker Image	2026-01-13T21:52:36.2447648Z #18 40.85    Compiling lazy_static v1.5.0
Docker Build (Rust Server)	Build agentkern-server Docker Image	2026-01-13T21:52:36.3957333Z #18 40.95    Compiling mime v0.3.17
Docker Build (Rust Server)	Build agentkern-server Docker Image	2026-01-13T21:52:36.7082367Z #18 41.42    Compiling rand_chacha v0.9.0
Docker Build (Rust Server)	Build agentkern-server Docker Image	2026-01-13T21:52:37.7348856Z #18 42.44    Compiling webpki-roots v1.0.5
Docker Build (Rust Server)	Build agentkern-server Docker Image	2026-01-13T21:52:37.9646574Z #18 42.52    Compiling tokio-stream v0.1.18
Docker Build (Rust Server)	Build agentkern-server Docker Image	2026-01-13T21:52:38.2111584Z #18 42.77    Compiling async-trait v0.1.89
Docker Build (Rust Server)	Build agentkern-server Docker Image	2026-01-13T21:52:38.2489123Z #18 42.96    Compiling libsqlite3-sys v0.30.1
Docker Build (Rust Server)	Build agentkern-server Docker Image	2026-01-13T21:52:38.4562853Z #18 43.16    Compiling atomic-waker v1.1.2
Docker Build (Rust Server)	Build agentkern-server Docker Image	2026-01-13T21:52:38.8403178Z #18 43.55    Compiling foreign-types-shared v0.1.1
Docker Build (Rust Server)	Build agentkern-server Docker Image	2026-01-13T21:52:39.0345401Z #18 43.59    Compiling iana-time-zone v0.1.64
Docker Build (Rust Server)	Build agentkern-server Docker Image	2026-01-13T21:52:39.4187819Z #18 44.00    Compiling chrono v0.4.42
Docker Build (Rust Server)	Build agentkern-server Docker Image	2026-01-13T21:52:39.4188614Z #18 44.13    Compiling foreign-types v0.3.2
Docker Build (Rust Server)	Build agentkern-server Docker Image	2026-01-13T21:52:41.2964378Z #18 46.00    Compiling h2 v0.4.13
Docker Build (Rust Server)	Build agentkern-server Docker Image	2026-01-13T21:52:43.7109651Z #18 48.27    Compiling rand v0.9.2
Docker Build (Rust Server)	Build agentkern-server Docker Image	2026-01-13T21:52:45.7074425Z #18 50.26    Compiling futures-executor v0.3.31
Docker Build (Rust Server)	Build agentkern-server Docker Image	2026-01-13T21:52:46.3360304Z #18 51.04    Compiling ryu v1.0.22
Docker Build (Rust Server)	Build agentkern-server Docker Image	2026-01-13T21:52:46.4535479Z #18 51.16    Compiling allocator-api2 v0.2.21
Docker Build (Rust Server)	Build agentkern-server Docker Image	2026-01-13T21:52:46.8781002Z #18 51.48    Compiling foldhash v0.1.5
Docker Build (Rust Server)	Build agentkern-server Docker Image	2026-01-13T21:52:47.0289957Z #18 51.59    Compiling data-encoding v2.9.0
Docker Build (Rust Server)	Build agentkern-server Docker Image	2026-01-13T21:52:49.6407697Z #18 54.20    Compiling hashbrown v0.15.5
Docker Build (Rust Server)	Build agentkern-server Docker Image	2026-01-13T21:52:50.7085799Z #18 55.26    Compiling hyper v1.8.1
Docker Build (Rust Server)	Build agentkern-server Docker Image	2026-01-13T21:52:56.2981283Z #18 60.85    Compiling concurrent-queue v2.5.0
Docker Build (Rust Server)	Build agentkern-server Docker Image	2026-01-13T21:52:56.4571362Z #18 61.01    Compiling http-body-util v0.1.3
Docker Build (Rust Server)	Build agentkern-server Docker Image	2026-01-13T21:52:57.5241057Z #18 62.02    Compiling sync_wrapper v1.0.2
Docker Build (Rust Server)	Build agentkern-server Docker Image	2026-01-13T21:52:57.5241621Z #18 62.08    Compiling ipnet v2.11.0
Docker Build (Rust Server)	Build agentkern-server Docker Image	2026-01-13T21:52:58.6176077Z #18 63.17    Compiling parking v2.2.1
Docker Build (Rust Server)	Build agentkern-server Docker Image	2026-01-13T21:52:58.6177652Z #18 63.26    Compiling num-conv v0.1.0
Docker Build (Rust Server)	Build agentkern-server Docker Image	2026-01-13T21:52:58.7342848Z #18 63.32    Compiling time-core v0.1.6
Docker Build (Rust Server)	Build agentkern-server Docker Image	2026-01-13T21:52:58.7343920Z #18 63.36    Compiling powerfmt v0.2.0
Docker Build (Rust Server)	Build agentkern-server Docker Image	2026-01-13T21:52:58.7344658Z #18 63.37    Compiling rustix v1.1.3
Docker Build (Rust Server)	Build agentkern-server Docker Image	2026-01-13T21:52:58.8573995Z #18 63.44    Compiling tinyvec_macros v0.1.1
Docker Build (Rust Server)	Build agentkern-server Docker Image	2026-01-13T21:52:58.8579662Z #18 63.48    Compiling crc-catalog v2.4.0
Docker Build (Rust Server)	Build agentkern-server Docker Image	2026-01-13T21:52:58.8581467Z #18 63.54    Compiling rustversion v1.0.22
Docker Build (Rust Server)	Build agentkern-server Docker Image	2026-01-13T21:52:58.8581947Z #18 63.54    Compiling crc v3.4.0
Docker Build (Rust Server)	Build agentkern-server Docker Image	2026-01-13T21:52:58.9706207Z #18 63.56    Compiling deranged v0.5.5
Docker Build (Rust Server)	Build agentkern-server Docker Image	2026-01-13T21:52:58.9707274Z #18 63.68    Compiling tinyvec v1.10.0
Docker Build (Rust Server)	Build agentkern-server Docker Image	2026-01-13T21:52:59.0958569Z #18 63.70    Compiling time-macros v0.2.24
Docker Build (Rust Server)	Build agentkern-server Docker Image	2026-01-13T21:52:59.2465840Z #18 63.80    Compiling event-listener v5.4.1
Docker Build (Rust Server)	Build agentkern-server Docker Image	2026-01-13T21:52:59.9665386Z #18 64.67    Compiling hyper-util v0.1.19
Docker Build (Rust Server)	Build agentkern-server Docker Image	2026-01-13T21:53:00.5058614Z #18 65.06    Compiling webpki-roots v0.26.11
Docker Build (Rust Server)	Build agentkern-server Docker Image	2026-01-13T21:53:01.6352997Z #18 66.19    Compiling futures-intrusive v0.5.0
Docker Build (Rust Server)	Build agentkern-server Docker Image	2026-01-13T21:53:02.3987469Z #18 66.95    Compiling hashlink v0.10.0
Docker Build (Rust Server)	Build agentkern-server Docker Image	2026-01-13T21:53:02.6584948Z #18 67.21    Compiling serde_urlencoded v0.7.1
Docker Build (Rust Server)	Build agentkern-server Docker Image	2026-01-13T21:53:02.8763350Z #18 67.43    Compiling crossbeam-queue v0.3.12
Docker Build (Rust Server)	Build agentkern-server Docker Image	2026-01-13T21:53:03.5451961Z #18 68.11    Compiling linux-raw-sys v0.11.0
Docker Build (Rust Server)	Build agentkern-server Docker Image	2026-01-13T21:53:03.5453126Z #18 68.25    Compiling crc32fast v1.5.0
Docker Build (Rust Server)	Build agentkern-server Docker Image	2026-01-13T21:53:03.6773372Z #18 68.39    Compiling base64ct v1.8.2
Docker Build (Rust Server)	Build agentkern-server Docker Image	2026-01-13T21:53:04.0389278Z #18 68.60    Compiling pem-rfc7468 v0.7.0
Docker Build (Rust Server)	Build agentkern-server Docker Image	2026-01-13T21:53:04.2451821Z #18 68.80    Compiling sqlx-core v0.8.6
Docker Build (Rust Server)	Build agentkern-server Docker Image	2026-01-13T21:53:05.6025798Z #18 70.31    Compiling time v0.3.44
Docker Build (Rust Server)	Build agentkern-server Docker Image	2026-01-13T21:53:07.6095717Z #18 72.32    Compiling unicode-normalization v0.1.25
Docker Build (Rust Server)	Build agentkern-server Docker Image	2026-01-13T21:53:08.0290589Z #18 72.58    Compiling tower v0.5.2
Docker Build (Rust Server)	Build agentkern-server Docker Image	2026-01-13T21:53:08.4615844Z #18 73.02    Compiling spin v0.9.8
Docker Build (Rust Server)	Build agentkern-server Docker Image	2026-01-13T21:53:08.6129167Z #18 73.17    Compiling atoi v2.0.0
Docker Build (Rust Server)	Build agentkern-server Docker Image	2026-01-13T21:53:09.0392731Z #18 73.50    Compiling hmac v0.12.1
Docker Build (Rust Server)	Build agentkern-server Docker Image	2026-01-13T21:53:09.0393763Z #18 73.59    Compiling sha1 v0.10.6
Docker Build (Rust Server)	Build agentkern-server Docker Image	2026-01-13T21:53:09.2591441Z #18 73.82    Compiling http v0.2.12
Docker Build (Rust Server)	Build agentkern-server Docker Image	2026-01-13T21:53:09.4484419Z #18 74.00    Compiling rust_decimal v1.39.0
Docker Build (Rust Server)	Build agentkern-server Docker Image	2026-01-13T21:53:09.7127229Z #18 74.29    Compiling utf-8 v0.7.6
Docker Build (Rust Server)	Build agentkern-server Docker Image	2026-01-13T21:53:09.7130422Z #18 74.42    Compiling hex v0.4.3
Docker Build (Rust Server)	Build agentkern-server Docker Image	2026-01-13T21:53:09.8689653Z #18 74.43    Compiling simd-adler32 v0.3.8
Docker Build (Rust Server)	Build agentkern-server Docker Image	2026-01-13T21:53:09.9596441Z #18 74.67    Compiling minimal-lexical v0.2.1
Docker Build (Rust Server)	Build agentkern-server Docker Image	2026-01-13T21:53:10.1437515Z #18 74.70    Compiling openssl-probe v0.1.6
Docker Build (Rust Server)	Build agentkern-server Docker Image	2026-01-13T21:53:10.1524824Z #18 74.86    Compiling semver v1.0.27
Docker Build (Rust Server)	Build agentkern-server Docker Image	2026-01-13T21:53:10.3783362Z #18 74.94    Compiling unicode-bidi v0.3.18
Docker Build (Rust Server)	Build agentkern-server Docker Image	2026-01-13T21:53:10.5083620Z #18 75.10    Compiling adler2 v2.0.1
Docker Build (Rust Server)	Build agentkern-server Docker Image	2026-01-13T21:53:10.5086834Z #18 75.22    Compiling unicode-properties v0.1.4
Docker Build (Rust Server)	Build agentkern-server Docker Image	2026-01-13T21:53:10.6610487Z #18 75.37    Compiling base64 v0.21.7
Docker Build (Rust Server)	Build agentkern-server Docker Image	2026-01-13T21:53:10.8559513Z #18 75.41    Compiling stringprep v0.1.5
Docker Build (Rust Server)	Build agentkern-server Docker Image	2026-01-13T21:53:11.2857264Z #18 75.83    Compiling miniz_oxide v0.8.9
Docker Build (Rust Server)	Build agentkern-server Docker Image	2026-01-13T21:53:11.2858284Z #18 75.84    Compiling rustc_version v0.4.1
Docker Build (Rust Server)	Build agentkern-server Docker Image	2026-01-13T21:53:11.5040195Z #18 76.06    Compiling nom v7.1.3
Docker Build (Rust Server)	Build agentkern-server Docker Image	2026-01-13T21:53:11.8804368Z #18 76.59    Compiling tungstenite v0.28.0
Docker Build (Rust Server)	Build agentkern-server Docker Image	2026-01-13T21:53:12.2632507Z #18 76.82    Compiling ureq-proto v0.5.3
Docker Build (Rust Server)	Build agentkern-server Docker Image	2026-01-13T21:53:12.8695312Z #18 77.43    Compiling hkdf v0.12.4
Docker Build (Rust Server)	Build agentkern-server Docker Image	2026-01-13T21:53:13.4249775Z #18 77.98    Compiling flume v0.11.1
Docker Build (Rust Server)	Build agentkern-server Docker Image	2026-01-13T21:53:14.1356944Z #18 78.84    Compiling xattr v1.6.1
Docker Build (Rust Server)	Build agentkern-server Docker Image	2026-01-13T21:53:14.6079716Z #18 79.31    Compiling der v0.7.10
Docker Build (Rust Server)	Build agentkern-server Docker Image	2026-01-13T21:53:15.2794080Z #18 79.99    Compiling socks v0.3.4
Docker Build (Rust Server)	Build agentkern-server Docker Image	2026-01-13T21:53:16.1720793Z #18 80.71    Compiling md-5 v0.10.6
Docker Build (Rust Server)	Build agentkern-server Docker Image	2026-01-13T21:53:16.1721408Z #18 80.73    Compiling webpki-root-certs v1.0.5
Docker Build (Rust Server)	Build agentkern-server Docker Image	2026-01-13T21:53:16.3653444Z #18 81.07    Compiling filetime v0.2.26
Docker Build (Rust Server)	Build agentkern-server Docker Image	2026-01-13T21:53:16.7430355Z #18 81.29    Compiling iri-string v0.7.10
Docker Build (Rust Server)	Build agentkern-server Docker Image	2026-01-13T21:53:17.0349313Z #18 81.59    Compiling whoami v1.6.1
Docker Build (Rust Server)	Build agentkern-server Docker Image	2026-01-13T21:53:17.0868292Z #18 81.79    Compiling dotenvy v0.15.7
Docker Build (Rust Server)	Build agentkern-server Docker Image	2026-01-13T21:53:17.5533775Z #18 82.04    Compiling home v0.5.12
Docker Build (Rust Server)	Build agentkern-server Docker Image	2026-01-13T21:53:17.5535774Z #18 82.11    Compiling arrayvec v0.7.6
Docker Build (Rust Server)	Build agentkern-server Docker Image	2026-01-13T21:53:18.3190103Z #18 82.87    Compiling sqlx-sqlite v0.8.6
Docker Build (Rust Server)	Build agentkern-server Docker Image	2026-01-13T21:53:18.6264078Z #18 83.18    Compiling tower-http v0.6.8
Docker Build (Rust Server)	Build agentkern-server Docker Image	2026-01-13T21:53:19.6512722Z #18 84.21    Compiling sqlx-postgres v0.8.6
Docker Build (Rust Server)	Build agentkern-server Docker Image	2026-01-13T21:53:19.8573369Z #18 84.41    Compiling ureq v3.1.4
Docker Build (Rust Server)	Build agentkern-server Docker Image	2026-01-13T21:53:21.5471917Z #18 86.10    Compiling tar v0.4.44
Docker Build (Rust Server)	Build agentkern-server Docker Image	2026-01-13T21:53:22.1998992Z #18 86.91    Compiling flate2 v1.1.8
Docker Build (Rust Server)	Build agentkern-server Docker Image	2026-01-13T21:53:22.4194260Z #18 86.98    Compiling rusticata-macros v4.1.0
Docker Build (Rust Server)	Build agentkern-server Docker Image	2026-01-13T21:53:22.5969180Z #18 87.15    Compiling tokio-tungstenite v0.28.0
Docker Build (Rust Server)	Build agentkern-server Docker Image	2026-01-13T21:53:22.8172170Z #18 87.40    Compiling curve25519-dalek v4.1.3
Docker Build (Rust Server)	Build agentkern-server Docker Image	2026-01-13T21:53:22.9692566Z #18 87.52    Compiling http-body v0.4.6
Docker Build (Rust Server)	Build agentkern-server Docker Image	2026-01-13T21:53:23.1820273Z #18 87.74    Compiling axum-core v0.5.6
Docker Build (Rust Server)	Build agentkern-server Docker Image	2026-01-13T21:53:25.3160009Z #18 89.87    Compiling sharded-slab v0.1.7
Docker Build (Rust Server)	Build agentkern-server Docker Image	2026-01-13T21:53:25.9545187Z #18 90.51    Compiling regex v1.12.2
Docker Build (Rust Server)	Build agentkern-server Docker Image	2026-01-13T21:53:26.2597075Z #18 90.82    Compiling matchers v0.2.0
Docker Build (Rust Server)	Build agentkern-server Docker Image	2026-01-13T21:53:26.4600624Z #18 91.02    Compiling axum-macros v0.5.0
Docker Build (Rust Server)	Build agentkern-server Docker Image	2026-01-13T21:53:26.9356535Z #18 91.53    Compiling asn1-rs-impl v0.2.0
Docker Build (Rust Server)	Build agentkern-server Docker Image	2026-01-13T21:53:27.0429730Z #18 91.64    Compiling pin-project-internal v1.1.10
Docker Build (Rust Server)	Build agentkern-server Docker Image	2026-01-13T21:53:27.1955110Z #18 91.75    Compiling asn1-rs-derive v0.5.1
Docker Build (Rust Server)	Build agentkern-server Docker Image	2026-01-13T21:53:27.6180602Z #18 92.33    Compiling tracing-log v0.2.0
Docker Build (Rust Server)	Build agentkern-server Docker Image	2026-01-13T21:53:27.9261839Z #18 92.50    Compiling serde_path_to_error v0.1.20
Docker Build (Rust Server)	Build agentkern-server Docker Image	2026-01-13T21:53:27.9369053Z #18 92.58    Compiling matrixmultiply v0.3.10
Docker Build (Rust Server)	Build agentkern-server Docker Image	2026-01-13T21:53:28.1297038Z #18 92.63    Compiling indexmap v1.9.3
Docker Build (Rust Server)	Build agentkern-server Docker Image	2026-01-13T21:53:28.1298385Z #18 92.69    Compiling thread_local v1.1.9
Docker Build (Rust Server)	Build agentkern-server Docker Image	2026-01-13T21:53:28.2235570Z #18 92.93    Compiling heck v0.5.0
Docker Build (Rust Server)	Build agentkern-server Docker Image	2026-01-13T21:53:28.3811271Z #18 92.94    Compiling matchit v0.8.4
Docker Build (Rust Server)	Build agentkern-server Docker Image	2026-01-13T21:53:28.5349431Z #18 93.09    Compiling nu-ansi-term v0.50.3
Docker Build (Rust Server)	Build agentkern-server Docker Image	2026-01-13T21:53:28.8979358Z #18 93.61    Compiling tracing-subscriber v0.3.22
Docker Build (Rust Server)	Build agentkern-server Docker Image	2026-01-13T21:53:29.5792141Z #18 94.14    Compiling axum v0.8.8
Docker Build (Rust Server)	Build agentkern-server Docker Image	2026-01-13T21:53:31.3944229Z #18 95.95    Compiling sqlx-macros-core v0.8.6
Docker Build (Rust Server)	Build agentkern-server Docker Image	2026-01-13T21:53:32.9309380Z #18 97.64    Compiling pin-project v1.1.10
Docker Build (Rust Server)	Build agentkern-server Docker Image	2026-01-13T21:53:33.3683758Z #18 97.93    Compiling asn1-rs v0.6.2
Docker Build (Rust Server)	Build agentkern-server Docker Image	2026-01-13T21:53:34.9154035Z #18 99.47    Compiling ort-sys v2.0.0-rc.10
Docker Build (Rust Server)	Build agentkern-server Docker Image	2026-01-13T21:53:35.4209788Z #18 100.0    Compiling tokio-native-tls v0.3.1
Docker Build (Rust Server)	Build agentkern-server Docker Image	2026-01-13T21:53:35.5753557Z #18 100.1    Compiling h2 v0.3.27
Docker Build (Rust Server)	Build agentkern-server Docker Image	2026-01-13T21:53:36.5626839Z #18 101.3    Compiling axum-core v0.3.4
Docker Build (Rust Server)	Build agentkern-server Docker Image	2026-01-13T21:53:36.7978369Z #18 101.4    Compiling tokio-rustls v0.26.4
Docker Build (Rust Server)	Build agentkern-server Docker Image	2026-01-13T21:53:36.9298942Z #18 101.6    Compiling inout v0.1.4
Docker Build (Rust Server)	Build agentkern-server Docker Image	2026-01-13T21:53:37.1704289Z #18 101.7    Compiling curve25519-dalek-derive v0.1.1
Docker Build (Rust Server)	Build agentkern-server Docker Image	2026-01-13T21:53:37.1706546Z #18 101.7    Compiling socket2 v0.5.10
Docker Build (Rust Server)	Build agentkern-server Docker Image	2026-01-13T21:53:38.2925835Z #18 102.9    Compiling hashbrown v0.12.3
Docker Build (Rust Server)	Build agentkern-server Docker Image	2026-01-13T21:53:38.5309459Z #18 103.0    Compiling signature v2.2.0
Docker Build (Rust Server)	Build agentkern-server Docker Image	2026-01-13T21:53:38.5310647Z #18 103.1    Compiling pastey v0.1.1
Docker Build (Rust Server)	Build agentkern-server Docker Image	2026-01-13T21:53:38.9324859Z #18 103.4    Compiling rawpointer v0.2.1
Docker Build (Rust Server)	Build agentkern-server Docker Image	2026-01-13T21:53:38.9327227Z #18 103.5    Compiling bit-vec v0.6.3
Docker Build (Rust Server)	Build agentkern-server Docker Image	2026-01-13T21:53:39.1384581Z #18 103.7    Compiling oid-registry v0.7.1
Docker Build (Rust Server)	Build agentkern-server Docker Image	2026-01-13T21:53:39.3609877Z #18 103.9    Compiling protobuf v3.7.2
Docker Build (Rust Server)	Build agentkern-server Docker Image	2026-01-13T21:53:39.4962723Z #18 104.1    Compiling bit-set v0.5.3
Docker Build (Rust Server)	Build agentkern-server Docker Image	2026-01-13T21:53:39.4963305Z #18 104.2    Compiling hyper v0.14.32
Docker Build (Rust Server)	Build agentkern-server Docker Image	2026-01-13T21:53:47.6158820Z #18 112.3    Compiling base64urlsafedata v0.5.4
Docker Build (Rust Server)	Build agentkern-server Docker Image	2026-01-13T21:53:47.9013306Z #18 112.5    Compiling ed25519 v2.2.3
Docker Build (Rust Server)	Build agentkern-server Docker Image	2026-01-13T21:53:48.2647345Z #18 112.8    Compiling cipher v0.4.4
Docker Build (Rust Server)	Build agentkern-server Docker Image	2026-01-13T21:53:48.7382006Z #18 113.3    Compiling hyper-rustls v0.27.7
Docker Build (Rust Server)	Build agentkern-server Docker Image	2026-01-13T21:53:49.2594248Z #18 113.8    Compiling hyper-tls v0.6.0
Docker Build (Rust Server)	Build agentkern-server Docker Image	2026-01-13T21:53:51.5946039Z #18 116.2    Compiling sqlx-macros v0.8.6
Docker Build (Rust Server)	Build agentkern-server Docker Image	2026-01-13T21:53:52.2768839Z #18 116.7    Compiling axum v0.6.20
Docker Build (Rust Server)	Build agentkern-server Docker Image	2026-01-13T21:53:52.2788943Z #18 116.8    Compiling itertools v0.10.5
Docker Build (Rust Server)	Build agentkern-server Docker Image	2026-01-13T21:53:52.8217240Z #18 117.4    Compiling protobuf-support v3.7.2
Docker Build (Rust Server)	Build agentkern-server Docker Image	2026-01-13T21:53:53.4382175Z #18 117.9    Compiling universal-hash v0.5.1
Docker Build (Rust Server)	Build agentkern-server Docker Image	2026-01-13T21:53:53.4383020Z #18 118.0    Compiling rust_decimal_macros v1.39.0
Docker Build (Rust Server)	Build agentkern-server Docker Image	2026-01-13T21:53:53.6806417Z #18 118.2    Compiling num-complex v0.4.6
Docker Build (Rust Server)	Build agentkern-server Docker Image	2026-01-13T21:53:53.9570623Z #18 118.5    Compiling encoding_rs v0.8.35
Docker Build (Rust Server)	Build agentkern-server Docker Image	2026-01-13T21:53:54.0719983Z #18 118.7    Compiling webauthn-attestation-ca v0.5.4
Docker Build (Rust Server)	Build agentkern-server Docker Image	2026-01-13T21:53:54.2024214Z #18 118.8    Compiling prometheus v0.14.0
Docker Build (Rust Server)	Build agentkern-server Docker Image	2026-01-13T21:53:54.2026328Z #18 118.9    Compiling opaque-debug v0.3.1
Docker Build (Rust Server)	Build agentkern-server Docker Image	2026-01-13T21:53:54.3534090Z #18 118.9    Compiling urlencoding v2.1.3
Docker Build (Rust Server)	Build agentkern-server Docker Image	2026-01-13T21:53:54.5277802Z #18 119.1    Compiling opentelemetry v0.22.0
Docker Build (Rust Server)	Build agentkern-server Docker Image	2026-01-13T21:53:56.8534011Z #18 121.4    Compiling reqwest v0.12.28
Docker Build (Rust Server)	Build agentkern-server Docker Image	2026-01-13T21:53:59.2747935Z #18 123.8    Compiling polyval v0.6.2
Docker Build (Rust Server)	Build agentkern-server Docker Image	2026-01-13T21:53:59.5115883Z #18 124.1    Compiling ndarray v0.16.1
Docker Build (Rust Server)	Build agentkern-server Docker Image	2026-01-13T21:54:03.6811765Z #18 128.2    Compiling agentkern-governance v0.1.0 (/app/packages/foundation/governance)
Docker Build (Rust Server)	Build agentkern-server Docker Image	2026-01-13T21:54:08.7220368Z #18 133.4    Compiling prost-derive v0.12.6
Docker Build (Rust Server)	Build agentkern-server Docker Image	2026-01-13T21:54:13.0871923Z #18 137.6    Compiling ed25519-dalek v2.2.0
Docker Build (Rust Server)	Build agentkern-server Docker Image	2026-01-13T21:54:13.4990163Z #18 138.1    Compiling tower v0.4.13
Docker Build (Rust Server)	Build agentkern-server Docker Image	2026-01-13T21:54:14.6841672Z #18 139.2    Compiling fancy-regex v0.13.0
Docker Build (Rust Server)	Build agentkern-server Docker Image	2026-01-13T21:54:15.4526189Z #18 140.0    Compiling der-parser v9.0.0
Docker Build (Rust Server)	Build agentkern-server Docker Image	2026-01-13T21:54:16.8788775Z #18 141.4    Compiling bstr v1.12.1
Docker Build (Rust Server)	Build agentkern-server Docker Image	2026-01-13T21:54:17.8429533Z #18 142.6    Compiling crossbeam-channel v0.5.15
Docker Build (Rust Server)	Build agentkern-server Docker Image	2026-01-13T21:54:18.4942451Z #18 143.1    Compiling tokio-io-timeout v1.2.1
Docker Build (Rust Server)	Build agentkern-server Docker Image	2026-01-13T21:54:18.6471398Z #18 143.2    Compiling half v2.7.1
Docker Build (Rust Server)	Build agentkern-server Docker Image	2026-01-13T21:54:18.6473530Z #18 143.2    Compiling async-stream-impl v0.3.6
Docker Build (Rust Server)	Build agentkern-server Docker Image	2026-01-13T21:54:18.8146693Z #18 143.5    Compiling ordered-float v4.6.0
Docker Build (Rust Server)	Build agentkern-server Docker Image	2026-01-13T21:54:18.9732476Z #18 143.6    Compiling webauthn-rs-core v0.5.4
Docker Build (Rust Server)	Build agentkern-server Docker Image	2026-01-13T21:54:19.1259319Z #18 143.7    Compiling glob v0.3.3
Docker Build (Rust Server)	Build agentkern-server Docker Image	2026-01-13T21:54:19.3155747Z #18 143.9    Compiling unsafe-libyaml v0.2.11
Docker Build (Rust Server)	Build agentkern-server Docker Image	2026-01-13T21:54:20.0499194Z #18 144.7    Compiling bitflags v1.3.2
Docker Build (Rust Server)	Build agentkern-server Docker Image	2026-01-13T21:54:20.0500344Z #18 144.7    Compiling rustc-hash v1.1.0
Docker Build (Rust Server)	Build agentkern-server Docker Image	2026-01-13T21:54:20.2022297Z #18 144.8    Compiling smallvec v2.0.0-alpha.10
Docker Build (Rust Server)	Build agentkern-server Docker Image	2026-01-13T21:54:20.4614626Z #18 145.0    Compiling sync_wrapper v0.1.2
Docker Build (Rust Server)	Build agentkern-server Docker Image	2026-01-13T21:54:20.4615793Z #18 145.0    Compiling matchit v0.7.3
Docker Build (Rust Server)	Build agentkern-server Docker Image	2026-01-13T21:54:21.8860479Z #18 146.4    Compiling ort v2.0.0-rc.10
Docker Build (Rust Server)	Build agentkern-server Docker Image	2026-01-13T21:54:25.3540373Z #18 149.9    Compiling tiktoken-rs v0.9.1
Docker Build (Rust Server)	Build agentkern-server Docker Image	2026-01-13T21:54:28.3752332Z #18 152.9    Compiling serde_yaml v0.9.34+deprecated
Docker Build (Rust Server)	Build agentkern-server Docker Image	2026-01-13T21:54:29.0492555Z #18 153.6    Compiling opentelemetry_sdk v0.22.1
Docker Build (Rust Server)	Build agentkern-server Docker Image	2026-01-13T21:54:32.5847086Z #18 157.1    Compiling async-stream v0.3.6
Docker Build (Rust Server)	Build agentkern-server Docker Image	2026-01-13T21:54:32.5847691Z #18 157.1    Compiling serde_cbor_2 v0.13.0
Docker Build (Rust Server)	Build agentkern-server Docker Image	2026-01-13T21:54:33.5742443Z #18 158.2    Compiling hyper-timeout v0.4.1
Docker Build (Rust Server)	Build agentkern-server Docker Image	2026-01-13T21:54:33.7264224Z #18 158.3    Compiling x509-parser v0.16.0
Docker Build (Rust Server)	Build agentkern-server Docker Image	2026-01-13T21:54:38.2863328Z #18 162.8    Compiling sqlx v0.8.6
Docker Build (Rust Server)	Build agentkern-server Docker Image	2026-01-13T21:54:38.8117019Z #18 163.4    Compiling agentkern-treasury v0.1.0 (/app/packages/pillars/treasury)
Docker Build (Rust Server)	Build agentkern-server Docker Image	2026-01-13T21:54:42.0964250Z #18 166.7    Compiling prost v0.12.6
Docker Build (Rust Server)	Build agentkern-server Docker Image	2026-01-13T21:54:44.5591374Z #18 169.0    Compiling ghash v0.5.1
Docker Build (Rust Server)	Build agentkern-server Docker Image	2026-01-13T21:54:44.5592437Z #18 169.1    Compiling aes v0.8.4
Docker Build (Rust Server)	Build agentkern-server Docker Image	2026-01-13T21:54:45.7174148Z #18 170.3    Compiling ctr v0.9.2
Docker Build (Rust Server)	Build agentkern-server Docker Image	2026-01-13T21:54:45.8750863Z #18 170.4    Compiling webauthn-rs-proto v0.5.4
Docker Build (Rust Server)	Build agentkern-server Docker Image	2026-01-13T21:54:46.9129091Z #18 171.5    Compiling agentkern-parsers v0.1.0 (/app/packages/foundation/parsers)
Docker Build (Rust Server)	Build agentkern-server Docker Image	2026-01-13T21:54:47.2810671Z #18 171.8    Compiling agentkern-multitenancy v0.1.0 (/app/ee/multitenancy)
Docker Build (Rust Server)	Build agentkern-server Docker Image	2026-01-13T21:54:47.4393900Z #18 172.0    Compiling aead v0.5.2
Docker Build (Rust Server)	Build agentkern-server Docker Image	2026-01-13T21:54:47.5915248Z #18 172.1    Compiling rmp v0.8.15
Docker Build (Rust Server)	Build agentkern-server Docker Image	2026-01-13T21:54:47.9339072Z #18 172.4    Compiling deunicode v1.6.2
Docker Build (Rust Server)	Build agentkern-server Docker Image	2026-01-13T21:54:47.9341752Z #18 172.5    Compiling rmp-serde v1.3.1
Docker Build (Rust Server)	Build agentkern-server Docker Image	2026-01-13T21:54:48.0881543Z #18 172.6    Compiling aes-gcm v0.10.3
Docker Build (Rust Server)	Build agentkern-server Docker Image	2026-01-13T21:54:48.4552344Z #18 173.0    Compiling tonic v0.11.0
Docker Build (Rust Server)	Build agentkern-server Docker Image	2026-01-13T21:54:48.7000896Z #18 173.3    Compiling agentkern-gate v0.1.0 (/app/packages/pillars/gate)
Docker Build (Rust Server)	Build agentkern-server Docker Image	2026-01-13T21:54:51.9908328Z #18 176.5    Compiling agentkern-pulse v0.1.0 (/app/packages/foundation/pulse)
Docker Build (Rust Server)	Build agentkern-server Docker Image	2026-01-13T21:54:52.5667926Z #18 177.1    Compiling futures v0.3.31
Docker Build (Rust Server)	Build agentkern-server Docker Image	2026-01-13T21:54:52.5671170Z #18 177.1    Compiling agentkern-nexus v0.1.0 (/app/packages/pillars/nexus)
Docker Build (Rust Server)	Build agentkern-server Docker Image	2026-01-13T21:54:59.0200588Z #18 183.7    Compiling agentkern-synapse v0.1.0 (/app/packages/pillars/synapse)
Docker Build (Rust Server)	Build agentkern-server Docker Image	2026-01-13T21:55:03.9602551Z #18 188.5    Compiling webauthn-rs v0.5.4
Docker Build (Rust Server)	Build agentkern-server Docker Image	2026-01-13T21:55:04.6799440Z #18 189.2    Compiling opentelemetry-proto v0.5.0
Docker Build (Rust Server)	Build agentkern-server Docker Image	2026-01-13T21:55:05.9038354Z #18 190.5    Compiling agentkern-crypto v0.1.0 (/app/packages/foundation/crypto)
Docker Build (Rust Server)	Build agentkern-server Docker Image	2026-01-13T21:55:06.3678231Z #18 190.9    Compiling simple_asn1 v0.6.3
Docker Build (Rust Server)	Build agentkern-server Docker Image	2026-01-13T21:55:07.8329175Z #18 192.4    Compiling pem v3.0.6
Docker Build (Rust Server)	Build agentkern-server Docker Image	2026-01-13T21:55:07.9585914Z #18 192.5    Compiling instant v0.1.13
Docker Build (Rust Server)	Build agentkern-server Docker Image	2026-01-13T21:55:07.9586970Z #18 192.6    Compiling opentelemetry-semantic-conventions v0.14.0
Docker Build (Rust Server)	Build agentkern-server Docker Image	2026-01-13T21:55:08.1563914Z #18 192.7    Compiling opentelemetry-otlp v0.15.0
Docker Build (Rust Server)	Build agentkern-server Docker Image	2026-01-13T21:55:08.1566084Z #18 192.8    Compiling backoff v0.4.0
Docker Build (Rust Server)	Build agentkern-server Docker Image	2026-01-13T21:55:08.3081835Z #18 192.9    Compiling jsonwebtoken v9.3.1
Docker Build (Rust Server)	Build agentkern-server Docker Image	2026-01-13T21:55:08.3482499Z #18 193.1    Compiling agentkern-identity v0.1.0 (/app/packages/pillars/identity)
Docker Build (Rust Server)	Build agentkern-server Docker Image	2026-01-13T21:55:08.5181240Z #18 193.2 warning: unused import: `AgentStatus`
Docker Build (Rust Server)	Build agentkern-server Docker Image	2026-01-13T21:55:08.6726154Z #18 193.2   --> packages/pillars/identity/src/api/server.rs:12:21
Docker Build (Rust Server)	Build agentkern-server Docker Image	2026-01-13T21:55:08.6729487Z #18 193.2    |
Docker Build (Rust Server)	Build agentkern-server Docker Image	2026-01-13T21:55:08.6730271Z #18 193.2 12 | use crate::models::{AgentStatus, VerificationKey};
Docker Build (Rust Server)	Build agentkern-server Docker Image	2026-01-13T21:55:08.6731053Z #18 193.2    |                     ^^^^^^^^^^^
Docker Build (Rust Server)	Build agentkern-server Docker Image	2026-01-13T21:55:08.6732645Z #18 193.2    |
Docker Build (Rust Server)	Build agentkern-server Docker Image	2026-01-13T21:55:08.6733189Z #18 193.2    = note: `#[warn(unused_imports)]` (part of `#[warn(unused)]`) on by default
Docker Build (Rust Server)	Build agentkern-server Docker Image	2026-01-13T21:55:08.6733862Z #18 193.2 
Docker Build (Rust Server)	Build agentkern-server Docker Image	2026-01-13T21:55:08.6734202Z #18 193.2 warning: unused import: `uuid::Uuid`
Docker Build (Rust Server)	Build agentkern-server Docker Image	2026-01-13T21:55:08.6734815Z #18 193.2  --> packages/pillars/identity/src/services/manager.rs:5:5
Docker Build (Rust Server)	Build agentkern-server Docker Image	2026-01-13T21:55:08.6735372Z #18 193.2   |
Docker Build (Rust Server)	Build agentkern-server Docker Image	2026-01-13T21:55:08.6735669Z #18 193.2 5 | use uuid::Uuid;
Docker Build (Rust Server)	Build agentkern-server Docker Image	2026-01-13T21:55:08.6736030Z #18 193.2   |     ^^^^^^^^^^
Docker Build (Rust Server)	Build agentkern-server Docker Image	2026-01-13T21:55:08.6736374Z #18 193.2 
Docker Build (Rust Server)	Build agentkern-server Docker Image	2026-01-13T21:55:09.2372541Z #18 193.9 warning: struct `AgentResponse` is never constructed
Docker Build (Rust Server)	Build agentkern-server Docker Image	2026-01-13T21:55:09.2375008Z #18 193.9    --> packages/pillars/identity/src/api/server.rs:144:8
Docker Build (Rust Server)	Build agentkern-server Docker Image	2026-01-13T21:55:09.3890856Z #18 193.9     |
Docker Build (Rust Server)	Build agentkern-server Docker Image	2026-01-13T21:55:09.3891709Z #18 193.9 144 | struct AgentResponse {
Docker Build (Rust Server)	Build agentkern-server Docker Image	2026-01-13T21:55:09.3894764Z #18 193.9     |        ^^^^^^^^^^^^^
Docker Build (Rust Server)	Build agentkern-server Docker Image	2026-01-13T21:55:09.3896450Z #18 193.9     |
Docker Build (Rust Server)	Build agentkern-server Docker Image	2026-01-13T21:55:09.3896972Z #18 193.9     = note: `#[warn(dead_code)]` (part of `#[warn(unused)]`) on by default
Docker Build (Rust Server)	Build agentkern-server Docker Image	2026-01-13T21:55:09.3897577Z #18 193.9 
Docker Build (Rust Server)	Build agentkern-server Docker Image	2026-01-13T21:55:11.5798412Z #18 196.1    Compiling agentkern-arbiter v0.1.0 (/app/packages/pillars/arbiter)
Docker Build (Rust Server)	Build agentkern-server Docker Image	2026-01-13T21:55:11.7615819Z #18 196.3    Compiling tracing-opentelemetry v0.23.0
Docker Build (Rust Server)	Build agentkern-server Docker Image	2026-01-13T21:55:11.9775494Z #18 196.5 warning: unused import: `chrono::Utc`
Docker Build (Rust Server)	Build agentkern-server Docker Image	2026-01-13T21:55:11.9776228Z #18 196.5  --> packages/pillars/arbiter/src/queue_pg.rs:5:5
Docker Build (Rust Server)	Build agentkern-server Docker Image	2026-01-13T21:55:11.9776765Z #18 196.5   |
Docker Build (Rust Server)	Build agentkern-server Docker Image	2026-01-13T21:55:11.9777088Z #18 196.5 5 | use chrono::Utc;
Docker Build (Rust Server)	Build agentkern-server Docker Image	2026-01-13T21:55:11.9777907Z #18 196.5   |     ^^^^^^^^^^^
Docker Build (Rust Server)	Build agentkern-server Docker Image	2026-01-13T21:55:11.9778441Z #18 196.5   |
Docker Build (Rust Server)	Build agentkern-server Docker Image	2026-01-13T21:55:11.9778760Z #18 196.5 note: the lint level is defined here
Docker Build (Rust Server)	Build agentkern-server Docker Image	2026-01-13T21:55:11.9779277Z #18 196.5  --> packages/pillars/arbiter/src/lib.rs:1:9
Docker Build (Rust Server)	Build agentkern-server Docker Image	2026-01-13T21:55:11.9779721Z #18 196.5   |
Docker Build (Rust Server)	Build agentkern-server Docker Image	2026-01-13T21:55:11.9780126Z #18 196.5 1 | #![warn(unused)] // Production: warn on unused code
Docker Build (Rust Server)	Build agentkern-server Docker Image	2026-01-13T21:55:11.9780633Z #18 196.5   |         ^^^^^^
Docker Build (Rust Server)	Build agentkern-server Docker Image	2026-01-13T21:55:11.9781121Z #18 196.5   = note: `#[warn(unused_imports)]` implied by `#[warn(unused)]`
Docker Build (Rust Server)	Build agentkern-server Docker Image	2026-01-13T21:55:11.9781638Z #18 196.5 
Docker Build (Rust Server)	Build agentkern-server Docker Image	2026-01-13T21:55:13.1336604Z #18 197.8 warning: unused variable: `op`
Docker Build (Rust Server)	Build agentkern-server Docker Image	2026-01-13T21:55:13.1337266Z #18 197.8   --> packages/pillars/arbiter/src/api.rs:72:17
Docker Build (Rust Server)	Build agentkern-server Docker Image	2026-01-13T21:55:13.1337769Z #18 197.8    |
Docker Build (Rust Server)	Build agentkern-server Docker Image	2026-01-13T21:55:13.1338387Z #18 197.8 72 |     if let Some(op) = payload["operation"].as_str() {
Docker Build (Rust Server)	Build agentkern-server Docker Image	2026-01-13T21:55:13.1339172Z #18 197.8    |                 ^^ help: if this is intentional, prefix it with an underscore: `_op`
Docker Build (Rust Server)	Build agentkern-server Docker Image	2026-01-13T21:55:13.1339863Z #18 197.8    |
Docker Build (Rust Server)	Build agentkern-server Docker Image	2026-01-13T21:55:13.1340323Z #18 197.8    = note: `#[warn(unused_variables)]` implied by `#[warn(unused)]`
Docker Build (Rust Server)	Build agentkern-server Docker Image	2026-01-13T21:55:13.1340907Z #18 197.8 
Docker Build (Rust Server)	Build agentkern-server Docker Image	2026-01-13T21:55:13.3237702Z #18 197.9    Compiling failsafe v1.3.0
Docker Build (Rust Server)	Build agentkern-server Docker Image	2026-01-13T21:55:14.2743591Z #18 198.8 warning: field `resource` is never read
Docker Build (Rust Server)	Build agentkern-server Docker Image	2026-01-13T21:55:14.2744350Z #18 198.8    --> packages/pillars/arbiter/src/locks_pg.rs:232:5
Docker Build (Rust Server)	Build agentkern-server Docker Image	2026-01-13T21:55:14.2744974Z #18 198.8     |
Docker Build (Rust Server)	Build agentkern-server Docker Image	2026-01-13T21:55:14.2745290Z #18 198.8 230 | struct ExistingLock {
Docker Build (Rust Server)	Build agentkern-server Docker Image	2026-01-13T21:55:14.2745779Z #18 198.8     |        ------------ field in this struct
Docker Build (Rust Server)	Build agentkern-server Docker Image	2026-01-13T21:55:14.2746249Z #18 198.8 231 |     id: Uuid,
Docker Build (Rust Server)	Build agentkern-server Docker Image	2026-01-13T21:55:14.2746613Z #18 198.8 232 |     resource: String,
Docker Build (Rust Server)	Build agentkern-server Docker Image	2026-01-13T21:55:14.2746998Z #18 198.8     |     ^^^^^^^^
Docker Build (Rust Server)	Build agentkern-server Docker Image	2026-01-13T21:55:14.2747336Z #18 198.8     |
Docker Build (Rust Server)	Build agentkern-server Docker Image	2026-01-13T21:55:14.2747677Z #18 198.8 note: the lint level is defined here
Docker Build (Rust Server)	Build agentkern-server Docker Image	2026-01-13T21:55:14.2748413Z #18 198.8    --> packages/pillars/arbiter/src/lib.rs:2:9
Docker Build (Rust Server)	Build agentkern-server Docker Image	2026-01-13T21:55:14.2748911Z #18 198.8     |
Docker Build (Rust Server)	Build agentkern-server Docker Image	2026-01-13T21:55:14.2749326Z #18 198.8   2 | #![warn(dead_code)] // Production: warn on dead code
Docker Build (Rust Server)	Build agentkern-server Docker Image	2026-01-13T21:55:14.2749867Z #18 198.8     |         ^^^^^^^^^
Docker Build (Rust Server)	Build agentkern-server Docker Image	2026-01-13T21:55:14.2750225Z #18 198.8 
Docker Build (Rust Server)	Build agentkern-server Docker Image	2026-01-13T21:55:14.2750549Z #18 198.8 warning: field `id` is never read
Docker Build (Rust Server)	Build agentkern-server Docker Image	2026-01-13T21:55:14.2751112Z #18 198.8    --> packages/pillars/arbiter/src/queue_pg.rs:138:5
Docker Build (Rust Server)	Build agentkern-server Docker Image	2026-01-13T21:55:14.2751634Z #18 198.8     |
Docker Build (Rust Server)	Build agentkern-server Docker Image	2026-01-13T21:55:14.2751934Z #18 198.8 137 | struct QueueRow {
Docker Build (Rust Server)	Build agentkern-server Docker Image	2026-01-13T21:55:14.2752344Z #18 198.8     |        -------- field in this struct
Docker Build (Rust Server)	Build agentkern-server Docker Image	2026-01-13T21:55:14.2752781Z #18 198.8 138 |     id: Uuid,
Docker Build (Rust Server)	Build agentkern-server Docker Image	2026-01-13T21:55:14.2753105Z #18 198.8     |     ^^
Docker Build (Rust Server)	Build agentkern-server Docker Image	2026-01-13T21:55:14.2753404Z #18 198.8 
Docker Build (Rust Server)	Build agentkern-server Docker Image	2026-01-13T21:55:22.8236454Z #18 207.4 warning: `agentkern-identity` (lib) generated 3 warnings (run `cargo fix --lib -p agentkern-identity` to apply 2 suggestions)
Docker Build (Rust Server)	Build agentkern-server Docker Image	2026-01-13T21:55:25.2338248Z #18 209.9 warning: `agentkern-arbiter` (lib) generated 4 warnings (run `cargo fix --lib -p agentkern-arbiter` to apply 2 suggestions)
Docker Build (Rust Server)	Build agentkern-server Docker Image	2026-01-13T21:55:25.4779724Z #18 209.9    Compiling agentkern-server v0.1.0 (/app/apps/server)
Docker Build (Rust Server)	Build agentkern-server Docker Image	2026-01-13T21:55:25.4780606Z #18 210.0 error[E0596]: cannot borrow `migrator` as mutable, as it is not declared as mutable
Docker Build (Rust Server)	Build agentkern-server Docker Image	2026-01-13T21:55:25.4781790Z #18 210.0   --> apps/server/src/bin/migrate.rs:31:5
Docker Build (Rust Server)	Build agentkern-server Docker Image	2026-01-13T21:55:25.4782222Z #18 210.0    |
Docker Build (Rust Server)	Build agentkern-server Docker Image	2026-01-13T21:55:25.4782660Z #18 210.0 31 |     migrator.set_ignore_missing(true).run(&pool).await?;
Docker Build (Rust Server)	Build agentkern-server Docker Image	2026-01-13T21:55:25.4783250Z #18 210.0    |     ^^^^^^^^ cannot borrow as mutable
Docker Build (Rust Server)	Build agentkern-server Docker Image	2026-01-13T21:55:25.4783664Z #18 210.0    |
Docker Build (Rust Server)	Build agentkern-server Docker Image	2026-01-13T21:55:25.4783991Z #18 210.0 help: consider changing this to be mutable
Docker Build (Rust Server)	Build agentkern-server Docker Image	2026-01-13T21:55:25.4784411Z #18 210.0    |
Docker Build (Rust Server)	Build agentkern-server Docker Image	2026-01-13T21:55:25.4784959Z #18 210.0 28 |     let mut migrator = sqlx::migrate!("../../packages/pillars/identity/migrations");
Docker Build (Rust Server)	Build agentkern-server Docker Image	2026-01-13T21:55:25.4785613Z #18 210.0    |         +++
Docker Build (Rust Server)	Build agentkern-server Docker Image	2026-01-13T21:55:25.4785924Z #18 210.0 
Docker Build (Rust Server)	Build agentkern-server Docker Image	2026-01-13T21:55:25.4786478Z #18 210.0 error[E0596]: cannot borrow `arbiter_migrator` as mutable, as it is not declared as mutable
Docker Build (Rust Server)	Build agentkern-server Docker Image	2026-01-13T21:55:25.4787574Z #18 210.0   --> apps/server/src/bin/migrate.rs:36:5
Docker Build (Rust Server)	Build agentkern-server Docker Image	2026-01-13T21:55:25.4788298Z #18 210.0    |
Docker Build (Rust Server)	Build agentkern-server Docker Image	2026-01-13T21:55:25.4788800Z #18 210.0 36 |     arbiter_migrator.set_ignore_missing(true).run(&pool).await?;
Docker Build (Rust Server)	Build agentkern-server Docker Image	2026-01-13T21:55:25.4789499Z #18 210.0    |     ^^^^^^^^^^^^^^^^ cannot borrow as mutable
Docker Build (Rust Server)	Build agentkern-server Docker Image	2026-01-13T21:55:25.4789967Z #18 210.0    |
Docker Build (Rust Server)	Build agentkern-server Docker Image	2026-01-13T21:55:25.4790337Z #18 210.0 help: consider changing this to be mutable
Docker Build (Rust Server)	Build agentkern-server Docker Image	2026-01-13T21:55:25.4790812Z #18 210.0    |
Docker Build (Rust Server)	Build agentkern-server Docker Image	2026-01-13T21:55:25.4791435Z #18 210.0 35 |     let mut arbiter_migrator = sqlx::migrate!("../../packages/pillars/arbiter/migrations");
Docker Build (Rust Server)	Build agentkern-server Docker Image	2026-01-13T21:55:25.4792176Z #18 210.0    |         +++
Docker Build (Rust Server)	Build agentkern-server Docker Image	2026-01-13T21:55:25.4792512Z #18 210.0 
Docker Build (Rust Server)	Build agentkern-server Docker Image	2026-01-13T21:55:25.4792976Z #18 210.0 For more information about this error, try `rustc --explain E0596`.
Docker Build (Rust Server)	Build agentkern-server Docker Image	2026-01-13T21:55:25.4793897Z #18 210.0 error: could not compile `agentkern-server` (bin "migrate") due to 2 previous errors
Docker Build (Rust Server)	Build agentkern-server Docker Image	2026-01-13T21:55:25.4794769Z #18 210.0 warning: build failed, waiting for other jobs to finish...
Docker Build (Rust Server)	Build agentkern-server Docker Image	2026-01-13T21:55:25.4795350Z #18 210.0 warning: unused import: `get`
Docker Build (Rust Server)	Build agentkern-server Docker Image	2026-01-13T21:55:25.4795811Z #18 210.0  --> apps/server/src/main.rs:8:15
Docker Build (Rust Server)	Build agentkern-server Docker Image	2026-01-13T21:55:25.4796234Z #18 210.0   |
Docker Build (Rust Server)	Build agentkern-server Docker Image	2026-01-13T21:55:25.4796542Z #18 210.0 8 |     routing::{get, post},
Docker Build (Rust Server)	Build agentkern-server Docker Image	2026-01-13T21:55:25.4796932Z #18 210.0   |               ^^^
Docker Build (Rust Server)	Build agentkern-server Docker Image	2026-01-13T21:55:25.4797280Z #18 210.0   |
Docker Build (Rust Server)	Build agentkern-server Docker Image	2026-01-13T21:55:25.4797767Z #18 210.0   = note: `#[warn(unused_imports)]` (part of `#[warn(unused)]`) on by default
Docker Build (Rust Server)	Build agentkern-server Docker Image	2026-01-13T21:55:25.4798596Z #18 210.0 
Docker Build (Rust Server)	Build agentkern-server Docker Image	2026-01-13T21:55:25.4799118Z #18 210.0 warning: unused imports: `layer::SubscriberExt` and `util::SubscriberInitExt`
Docker Build (Rust Server)	Build agentkern-server Docker Image	2026-01-13T21:55:25.4799851Z #18 210.0   --> apps/server/src/main.rs:16:26
Docker Build (Rust Server)	Build agentkern-server Docker Image	2026-01-13T21:55:25.4800298Z #18 210.0    |
Docker Build (Rust Server)	Build agentkern-server Docker Image	2026-01-13T21:55:25.4800841Z #18 210.0 16 | use tracing_subscriber::{layer::SubscriberExt, util::SubscriberInitExt};
Docker Build (Rust Server)	Build agentkern-server Docker Image	2026-01-13T21:55:25.4801606Z #18 210.0    |                          ^^^^^^^^^^^^^^^^^^^^  ^^^^^^^^^^^^^^^^^^^^^^^
Docker Build (Rust Server)	Build agentkern-server Docker Image	2026-01-13T21:55:25.4802115Z #18 210.0 
Docker Build (Rust Server)	Build agentkern-server Docker Image	2026-01-13T21:55:25.5672605Z #18 210.3 warning: function `me` is never used
Docker Build (Rust Server)	Build agentkern-server Docker Image	2026-01-13T21:55:25.5673222Z #18 210.3    --> apps/server/src/auth.rs:437:14
Docker Build (Rust Server)	Build agentkern-server Docker Image	2026-01-13T21:55:25.5673667Z #18 210.3     |
Docker Build (Rust Server)	Build agentkern-server Docker Image	2026-01-13T21:55:25.5674396Z #18 210.3 437 | pub async fn me(claims: Option<axum::Extension<Claims>>) -> Result<Json<Claims>, StatusCode> {
Docker Build (Rust Server)	Build agentkern-server Docker Image	2026-01-13T21:55:25.5675009Z #18 210.3     |              ^^
Docker Build (Rust Server)	Build agentkern-server Docker Image	2026-01-13T21:55:25.5675289Z #18 210.3     |
Docker Build (Rust Server)	Build agentkern-server Docker Image	2026-01-13T21:55:25.5675597Z #18 210.3     = note: `#[warn(dead_code)]` (part of `#[warn(unused)]`) on by default
Docker Build (Rust Server)	Build agentkern-server Docker Image	2026-01-13T21:55:25.5676093Z #18 210.3 
Docker Build (Rust Server)	Build agentkern-server Docker Image	2026-01-13T21:55:25.5676336Z #18 210.3 warning: struct `ChaosConfig` is never constructed
Docker Build (Rust Server)	Build agentkern-server Docker Image	2026-01-13T21:55:25.5676802Z #18 210.3   --> apps/server/src/chaos.rs:15:12
Docker Build (Rust Server)	Build agentkern-server Docker Image	2026-01-13T21:55:25.5677058Z #18 210.3    |
Docker Build (Rust Server)	Build agentkern-server Docker Image	2026-01-13T21:55:25.5677261Z #18 210.3 15 | pub struct ChaosConfig {
Docker Build (Rust Server)	Build agentkern-server Docker Image	2026-01-13T21:55:25.5677626Z #18 210.3    |            ^^^^^^^^^^^
Docker Build (Rust Server)	Build agentkern-server Docker Image	2026-01-13T21:55:25.5677866Z #18 210.3 
Docker Build (Rust Server)	Build agentkern-server Docker Image	2026-01-13T21:55:25.5678395Z #18 210.3 warning: associated function `env` is never used
Docker Build (Rust Server)	Build agentkern-server Docker Image	2026-01-13T21:55:25.5678781Z #18 210.3   --> apps/server/src/chaos.rs:22:12
Docker Build (Rust Server)	Build agentkern-server Docker Image	2026-01-13T21:55:25.5679067Z #18 210.3    |
Docker Build (Rust Server)	Build agentkern-server Docker Image	2026-01-13T21:55:25.5679641Z #18 210.3 21 | impl ChaosConfig {
Docker Build (Rust Server)	Build agentkern-server Docker Image	2026-01-13T21:55:25.5679972Z #18 210.3    | ---------------- associated function in this implementation
Docker Build (Rust Server)	Build agentkern-server Docker Image	2026-01-13T21:55:25.5680466Z #18 210.3 22 |     pub fn env() -> Self {
Docker Build (Rust Server)	Build agentkern-server Docker Image	2026-01-13T21:55:25.5680729Z #18 210.3    |            ^^^
Docker Build (Rust Server)	Build agentkern-server Docker Image	2026-01-13T21:55:25.5681023Z #18 210.3 
Docker Build (Rust Server)	Build agentkern-server Docker Image	2026-01-13T21:55:25.5681291Z #18 210.3 warning: struct `ChaosLayer` is never constructed
Docker Build (Rust Server)	Build agentkern-server Docker Image	2026-01-13T21:55:25.5681618Z #18 210.3   --> apps/server/src/chaos.rs:43:12
Docker Build (Rust Server)	Build agentkern-server Docker Image	2026-01-13T21:55:25.5681994Z #18 210.3    |
Docker Build (Rust Server)	Build agentkern-server Docker Image	2026-01-13T21:55:25.5682192Z #18 210.3 43 | pub struct ChaosLayer {
Docker Build (Rust Server)	Build agentkern-server Docker Image	2026-01-13T21:55:25.5682435Z #18 210.3    |            ^^^^^^^^^^
Docker Build (Rust Server)	Build agentkern-server Docker Image	2026-01-13T21:55:25.5682767Z #18 210.3 
Docker Build (Rust Server)	Build agentkern-server Docker Image	2026-01-13T21:55:25.5683158Z #18 210.3 warning: associated function `new` is never used
Docker Build (Rust Server)	Build agentkern-server Docker Image	2026-01-13T21:55:25.5683606Z #18 210.3   --> apps/server/src/chaos.rs:48:12
Docker Build (Rust Server)	Build agentkern-server Docker Image	2026-01-13T21:55:25.5683863Z #18 210.3    |
Docker Build (Rust Server)	Build agentkern-server Docker Image	2026-01-13T21:55:25.5684061Z #18 210.3 47 | impl ChaosLayer {
Docker Build (Rust Server)	Build agentkern-server Docker Image	2026-01-13T21:55:25.5684489Z #18 210.3    | --------------- associated function in this implementation
Docker Build (Rust Server)	Build agentkern-server Docker Image	2026-01-13T21:55:25.5684843Z #18 210.3 48 |     pub fn new() -> Self {
Docker Build (Rust Server)	Build agentkern-server Docker Image	2026-01-13T21:55:25.5685143Z #18 210.3    |            ^^^
Docker Build (Rust Server)	Build agentkern-server Docker Image	2026-01-13T21:55:25.5685424Z #18 210.3 
Docker Build (Rust Server)	Build agentkern-server Docker Image	2026-01-13T21:55:25.5685660Z #18 210.3 warning: struct `ChaosService` is never constructed
Docker Build (Rust Server)	Build agentkern-server Docker Image	2026-01-13T21:55:25.5686080Z #18 210.3   --> apps/server/src/chaos.rs:68:12
Docker Build (Rust Server)	Build agentkern-server Docker Image	2026-01-13T21:55:25.5686358Z #18 210.3    |
Docker Build (Rust Server)	Build agentkern-server Docker Image	2026-01-13T21:55:25.5686560Z #18 210.3 68 | pub struct ChaosService<S> {
Docker Build (Rust Server)	Build agentkern-server Docker Image	2026-01-13T21:55:25.5686905Z #18 210.3    |            ^^^^^^^^^^^^
Docker Build (Rust Server)	Build agentkern-server Docker Image	2026-01-13T21:55:25.5687158Z #18 210.3 
Docker Build (Rust Server)	Build agentkern-server Docker Image	2026-01-13T21:55:25.5687403Z #18 210.3 warning: function `shutdown_telemetry` is never used
Docker Build (Rust Server)	Build agentkern-server Docker Image	2026-01-13T21:55:25.5687865Z #18 210.3   --> apps/server/src/telemetry.rs:54:8
Docker Build (Rust Server)	Build agentkern-server Docker Image	2026-01-13T21:55:25.5688323Z #18 210.3    |
Docker Build (Rust Server)	Build agentkern-server Docker Image	2026-01-13T21:55:25.5688643Z #18 210.3 54 | pub fn shutdown_telemetry() {
Docker Build (Rust Server)	Build agentkern-server Docker Image	2026-01-13T21:55:25.5688896Z #18 210.3    |        ^^^^^^^^^^^^^^^^^^
Docker Build (Rust Server)	Build agentkern-server Docker Image	2026-01-13T21:55:25.5689113Z #18 210.3 
Docker Build (Rust Server)	Build agentkern-server Docker Image	2026-01-13T21:55:33.1492207Z #18 217.9 warning: `agentkern-server` (bin "agentkern-server") generated 9 warnings (run `cargo fix --bin "agentkern-server" -p agentkern-server` to apply 2 suggestions)
Docker Build (Rust Server)	Build agentkern-server Docker Image	2026-01-13T21:55:33.3793865Z #18 ERROR: process "/bin/sh -c cargo build -p agentkern-server --release" did not complete successfully: exit code: 101
Docker Build (Rust Server)	Build agentkern-server Docker Image	2026-01-13T21:55:33.4232086Z ------
Docker Build (Rust Server)	Build agentkern-server Docker Image	2026-01-13T21:55:33.4232772Z  > [builder 9/9] RUN cargo build -p agentkern-server --release:
Docker Build (Rust Server)	Build agentkern-server Docker Image	2026-01-13T21:55:33.4233631Z 210.3 68 | pub struct ChaosService<S> {
Docker Build (Rust Server)	Build agentkern-server Docker Image	2026-01-13T21:55:33.4234185Z 210.3    |            ^^^^^^^^^^^^
Docker Build (Rust Server)	Build agentkern-server Docker Image	2026-01-13T21:55:33.4234640Z 210.3 
Docker Build (Rust Server)	Build agentkern-server Docker Image	2026-01-13T21:55:33.4235114Z 210.3 warning: function `shutdown_telemetry` is never used
Docker Build (Rust Server)	Build agentkern-server Docker Image	2026-01-13T21:55:33.4235885Z 210.3   --> apps/server/src/telemetry.rs:54:8
Docker Build (Rust Server)	Build agentkern-server Docker Image	2026-01-13T21:55:33.4236425Z 210.3    |
Docker Build (Rust Server)	Build agentkern-server Docker Image	2026-01-13T21:55:33.4236808Z 210.3 54 | pub fn shutdown_telemetry() {
Docker Build (Rust Server)	Build agentkern-server Docker Image	2026-01-13T21:55:33.4237340Z 210.3    |        ^^^^^^^^^^^^^^^^^^
Docker Build (Rust Server)	Build agentkern-server Docker Image	2026-01-13T21:55:33.4237785Z 210.3 
Docker Build (Rust Server)	Build agentkern-server Docker Image	2026-01-13T21:55:33.4239276Z 217.9 warning: `agentkern-server` (bin "agentkern-server") generated 9 warnings (run `cargo fix --bin "agentkern-server" -p agentkern-server` to apply 2 suggestions)
Docker Build (Rust Server)	Build agentkern-server Docker Image	2026-01-13T21:55:33.4240721Z ------
Docker Build (Rust Server)	Build agentkern-server Docker Image	2026-01-13T21:55:33.4242190Z WARNING: No output specified with docker-container driver. Build result will only remain in the build cache. To push result image into registry use --push or to load image into docker use --load
Docker Build (Rust Server)	Build agentkern-server Docker Image	2026-01-13T21:55:33.4243623Z Dockerfile:18
Docker Build (Rust Server)	Build agentkern-server Docker Image	2026-01-13T21:55:33.4243901Z --------------------
Docker Build (Rust Server)	Build agentkern-server Docker Image	2026-01-13T21:55:33.4244195Z   16 |     
Docker Build (Rust Server)	Build agentkern-server Docker Image	2026-01-13T21:55:33.4244440Z   17 |     # Build release binary
Docker Build (Rust Server)	Build agentkern-server Docker Image	2026-01-13T21:55:33.4244851Z   18 | >>> RUN cargo build -p agentkern-server --release
Docker Build (Rust Server)	Build agentkern-server Docker Image	2026-01-13T21:55:33.4245352Z   19 |     
Docker Build (Rust Server)	Build agentkern-server Docker Image	2026-01-13T21:55:33.4245626Z   20 |     # Runtime stage
Docker Build (Rust Server)	Build agentkern-server Docker Image	2026-01-13T21:55:33.4245979Z --------------------
Docker Build (Rust Server)	Build agentkern-server Docker Image	2026-01-13T21:55:33.4246737Z ERROR: failed to build: failed to solve: process "/bin/sh -c cargo build -p agentkern-server --release" did not complete successfully: exit code: 101
Docker Build (Rust Server)	Build agentkern-server Docker Image	2026-01-13T21:55:33.4368556Z ##[group]Reference
Docker Build (Rust Server)	Build agentkern-server Docker Image	2026-01-13T21:55:33.5380221Z builder-ea1178b5-cdd4-46bb-bbeb-a1fcda6f229c/builder-ea1178b5-cdd4-46bb-bbeb-a1fcda6f229c0/aeiwdo7e3eagdlom1pif7onmg
Docker Build (Rust Server)	Build agentkern-server Docker Image	2026-01-13T21:55:33.5382133Z ##[endgroup]
Docker Build (Rust Server)	Build agentkern-server Docker Image	2026-01-13T21:55:33.5382835Z ##[group]Check build summary support
Docker Build (Rust Server)	Build agentkern-server Docker Image	2026-01-13T21:55:33.5387477Z Build summary supported!
Docker Build (Rust Server)	Build agentkern-server Docker Image	2026-01-13T21:55:33.5388643Z ##[endgroup]
Docker Build (Rust Server)	Build agentkern-server Docker Image	2026-01-13T21:55:33.5411013Z ##[error]buildx failed with: ERROR: failed to build: failed to solve: process "/bin/sh -c cargo build -p agentkern-server --release" did not complete successfully: exit code: 101
Docker Build (Rust Server)	Post Build agentkern-server Docker Image	﻿2026-01-13T21:55:33.5535838Z Post job cleanup.
Docker Build (Rust Server)	Post Build agentkern-server Docker Image	2026-01-13T21:55:33.8319089Z ##[group]Generating build summary
Docker Build (Rust Server)	Post Build agentkern-server Docker Image	2026-01-13T21:55:33.8324549Z exporting build record to /home/runner/work/_temp/docker-actions-toolkit-vaHqoW/export
Docker Build (Rust Server)	Post Build agentkern-server Docker Image	2026-01-13T21:55:34.0030504Z [command]/usr/bin/docker buildx history export --builder builder-ea1178b5-cdd4-46bb-bbeb-a1fcda6f229c --output /home/runner/work/_temp/docker-actions-toolkit-vaHqoW/export/AgentKern~agentkern~AEIWDO.dockerbuild aeiwdo7e3eagdlom1pif7onmg --finalize
Docker Build (Rust Server)	Post Build agentkern-server Docker Image	2026-01-13T21:55:34.1749111Z Build record written to /home/runner/work/_temp/docker-actions-toolkit-vaHqoW/export/AgentKern~agentkern~AEIWDO.dockerbuild (39.72 KB)
Docker Build (Rust Server)	Post Build agentkern-server Docker Image	2026-01-13T21:55:34.1771406Z Uploading AgentKern~agentkern~AEIWDO.dockerbuild to blob storage
Docker Build (Rust Server)	Post Build agentkern-server Docker Image	2026-01-13T21:55:34.2640861Z Beginning upload of artifact content to blob storage
Docker Build (Rust Server)	Post Build agentkern-server Docker Image	2026-01-13T21:55:34.2742620Z Uploaded bytes 40673
Docker Build (Rust Server)	Post Build agentkern-server Docker Image	2026-01-13T21:55:34.3171465Z Finished uploading artifact content to blob storage!
Docker Build (Rust Server)	Post Build agentkern-server Docker Image	2026-01-13T21:55:34.3177473Z SHA256 hash of uploaded artifact is 1849acf4b125ab0bfa0ce9c10af6d7cef90f888ffeb866fdb28c0a8a38ddd502
Docker Build (Rust Server)	Post Build agentkern-server Docker Image	2026-01-13T21:55:34.3178917Z Finalizing artifact upload
Docker Build (Rust Server)	Post Build agentkern-server Docker Image	2026-01-13T21:55:34.4690699Z Artifact successfully finalized (5118940816)
Docker Build (Rust Server)	Post Build agentkern-server Docker Image	2026-01-13T21:55:34.4693557Z Artifact download URL: https://github.com/AgentKern/agentkern/actions/runs/20973851447/artifacts/5118940816
Docker Build (Rust Server)	Post Build agentkern-server Docker Image	2026-01-13T21:55:34.4725445Z Writing summary
Docker Build (Rust Server)	Post Build agentkern-server Docker Image	2026-01-13T21:55:34.4739755Z ##[endgroup]
Docker Build (Rust Server)	Post Build agentkern-server Docker Image	2026-01-13T21:55:34.4740571Z ##[group]Removing temp folder /home/runner/work/_temp/docker-actions-toolkit-HrUCaE
Docker Build (Rust Server)	Post Build agentkern-server Docker Image	2026-01-13T21:55:34.4747072Z ##[endgroup]
Docker Build (Rust Server)	Post Build agentkern-server Docker Image	2026-01-13T21:55:34.4748512Z ##[group]Post cache
Docker Build (Rust Server)	Post Build agentkern-server Docker Image	2026-01-13T21:55:34.4749349Z State not set
Docker Build (Rust Server)	Post Build agentkern-server Docker Image	2026-01-13T21:55:34.4751007Z ##[endgroup]
Docker Build (Rust Server)	Post Set up Docker Buildx	﻿2026-01-13T21:55:34.4916201Z Post job cleanup.
Docker Build (Rust Server)	Post Set up Docker Buildx	2026-01-13T21:55:34.7932212Z ##[group]Removing builder
Docker Build (Rust Server)	Post Set up Docker Buildx	2026-01-13T21:55:34.9261081Z [command]/usr/bin/docker buildx rm builder-ea1178b5-cdd4-46bb-bbeb-a1fcda6f229c
Docker Build (Rust Server)	Post Set up Docker Buildx	2026-01-13T21:55:36.8577202Z builder-ea1178b5-cdd4-46bb-bbeb-a1fcda6f229c removed
Docker Build (Rust Server)	Post Set up Docker Buildx	2026-01-13T21:55:36.8619225Z ##[endgroup]
Docker Build (Rust Server)	Post Set up Docker Buildx	2026-01-13T21:55:36.8620821Z ##[group]Cleaning up certificates
Docker Build (Rust Server)	Post Set up Docker Buildx	2026-01-13T21:55:36.8626912Z ##[endgroup]
Docker Build (Rust Server)	Post Set up Docker Buildx	2026-01-13T21:55:36.8627552Z ##[group]Post cache
Docker Build (Rust Server)	Post Set up Docker Buildx	2026-01-13T21:55:36.8629934Z State not set
Docker Build (Rust Server)	Post Set up Docker Buildx	2026-01-13T21:55:36.8631497Z ##[endgroup]
Docker Build (Rust Server)	Post Run actions/checkout@v6	﻿2026-01-13T21:55:36.8775263Z Post job cleanup.
Docker Build (Rust Server)	Post Run actions/checkout@v6	2026-01-13T21:55:36.9541197Z [command]/usr/bin/git version
Docker Build (Rust Server)	Post Run actions/checkout@v6	2026-01-13T21:55:36.9607933Z git version 2.52.0
Docker Build (Rust Server)	Post Run actions/checkout@v6	2026-01-13T21:55:36.9645631Z Temporarily overriding HOME='/home/runner/work/_temp/3efdafd1-659d-4bcc-9cf4-782942c23ec7' before making global git config changes
Docker Build (Rust Server)	Post Run actions/checkout@v6	2026-01-13T21:55:36.9646998Z Adding repository directory to the temporary git global config as a safe directory
Docker Build (Rust Server)	Post Run actions/checkout@v6	2026-01-13T21:55:36.9651964Z [command]/usr/bin/git config --global --add safe.directory /home/runner/work/agentkern/agentkern
Docker Build (Rust Server)	Post Run actions/checkout@v6	2026-01-13T21:55:36.9681836Z Removing SSH command configuration
Docker Build (Rust Server)	Post Run actions/checkout@v6	2026-01-13T21:55:36.9688432Z [command]/usr/bin/git config --local --name-only --get-regexp core\.sshCommand
Docker Build (Rust Server)	Post Run actions/checkout@v6	2026-01-13T21:55:36.9721523Z [command]/usr/bin/git submodule foreach --recursive sh -c "git config --local --name-only --get-regexp 'core\.sshCommand' && git config --local --unset-all 'core.sshCommand' || :"
Docker Build (Rust Server)	Post Run actions/checkout@v6	2026-01-13T21:55:36.9952903Z Removing HTTP extra header
Docker Build (Rust Server)	Post Run actions/checkout@v6	2026-01-13T21:55:36.9957686Z [command]/usr/bin/git config --local --name-only --get-regexp http\.https\:\/\/github\.com\/\.extraheader
Docker Build (Rust Server)	Post Run actions/checkout@v6	2026-01-13T21:55:36.9990103Z [command]/usr/bin/git submodule foreach --recursive sh -c "git config --local --name-only --get-regexp 'http\.https\:\/\/github\.com\/\.extraheader' && git config --local --unset-all 'http.https://github.com/.extraheader' || :"
Docker Build (Rust Server)	Post Run actions/checkout@v6	2026-01-13T21:55:37.0205674Z Removing includeIf entries pointing to credentials config files
Docker Build (Rust Server)	Post Run actions/checkout@v6	2026-01-13T21:55:37.0211347Z [command]/usr/bin/git config --local --name-only --get-regexp ^includeIf\.gitdir:
Docker Build (Rust Server)	Post Run actions/checkout@v6	2026-01-13T21:55:37.0233726Z includeif.gitdir:/home/runner/work/agentkern/agentkern/.git.path
Docker Build (Rust Server)	Post Run actions/checkout@v6	2026-01-13T21:55:37.0234578Z includeif.gitdir:/home/runner/work/agentkern/agentkern/.git/worktrees/*.path
Docker Build (Rust Server)	Post Run actions/checkout@v6	2026-01-13T21:55:37.0235280Z includeif.gitdir:/github/workspace/.git.path
Docker Build (Rust Server)	Post Run actions/checkout@v6	2026-01-13T21:55:37.0236206Z includeif.gitdir:/github/workspace/.git/worktrees/*.path
Docker Build (Rust Server)	Post Run actions/checkout@v6	2026-01-13T21:55:37.0244606Z [command]/usr/bin/git config --local --get-all includeif.gitdir:/home/runner/work/agentkern/agentkern/.git.path
Docker Build (Rust Server)	Post Run actions/checkout@v6	2026-01-13T21:55:37.0265420Z /home/runner/work/_temp/git-credentials-c62be19c-2c8d-42e1-8418-d45b42939262.config
Docker Build (Rust Server)	Post Run actions/checkout@v6	2026-01-13T21:55:37.0275359Z [command]/usr/bin/git config --local --unset includeif.gitdir:/home/runner/work/agentkern/agentkern/.git.path /home/runner/work/_temp/git-credentials-c62be19c-2c8d-42e1-8418-d45b42939262.config
Docker Build (Rust Server)	Post Run actions/checkout@v6	2026-01-13T21:55:37.0307653Z [command]/usr/bin/git config --local --get-all includeif.gitdir:/home/runner/work/agentkern/agentkern/.git/worktrees/*.path
Docker Build (Rust Server)	Post Run actions/checkout@v6	2026-01-13T21:55:37.0327916Z /home/runner/work/_temp/git-credentials-c62be19c-2c8d-42e1-8418-d45b42939262.config
Docker Build (Rust Server)	Post Run actions/checkout@v6	2026-01-13T21:55:37.0336951Z [command]/usr/bin/git config --local --unset includeif.gitdir:/home/runner/work/agentkern/agentkern/.git/worktrees/*.path /home/runner/work/_temp/git-credentials-c62be19c-2c8d-42e1-8418-d45b42939262.config
Docker Build (Rust Server)	Post Run actions/checkout@v6	2026-01-13T21:55:37.0367906Z [command]/usr/bin/git config --local --get-all includeif.gitdir:/github/workspace/.git.path
Docker Build (Rust Server)	Post Run actions/checkout@v6	2026-01-13T21:55:37.0390073Z /github/runner_temp/git-credentials-c62be19c-2c8d-42e1-8418-d45b42939262.config
Docker Build (Rust Server)	Post Run actions/checkout@v6	2026-01-13T21:55:37.0398440Z [command]/usr/bin/git config --local --unset includeif.gitdir:/github/workspace/.git.path /github/runner_temp/git-credentials-c62be19c-2c8d-42e1-8418-d45b42939262.config
Docker Build (Rust Server)	Post Run actions/checkout@v6	2026-01-13T21:55:37.0428819Z [command]/usr/bin/git config --local --get-all includeif.gitdir:/github/workspace/.git/worktrees/*.path
Docker Build (Rust Server)	Post Run actions/checkout@v6	2026-01-13T21:55:37.0449381Z /github/runner_temp/git-credentials-c62be19c-2c8d-42e1-8418-d45b42939262.config
Docker Build (Rust Server)	Post Run actions/checkout@v6	2026-01-13T21:55:37.0457711Z [command]/usr/bin/git config --local --unset includeif.gitdir:/github/workspace/.git/worktrees/*.path /github/runner_temp/git-credentials-c62be19c-2c8d-42e1-8418-d45b42939262.config
Docker Build (Rust Server)	Post Run actions/checkout@v6	2026-01-13T21:55:37.0489592Z [command]/usr/bin/git submodule foreach --recursive git config --local --show-origin --name-only --get-regexp remote.origin.url
Docker Build (Rust Server)	Post Run actions/checkout@v6	2026-01-13T21:55:37.0700923Z Removing credentials config '/home/runner/work/_temp/git-credentials-c62be19c-2c8d-42e1-8418-d45b42939262.config'
Docker Build (Rust Server)	Complete job	﻿2026-01-13T21:55:37.0825521Z Cleaning up orphan processes
Identity Tests (Rust)	Set up job	﻿2026-01-13T21:51:26.7981091Z Current runner version: '2.330.0'
Identity Tests (Rust)	Set up job	2026-01-13T21:51:26.8006222Z ##[group]Runner Image Provisioner
Identity Tests (Rust)	Set up job	2026-01-13T21:51:26.8007086Z Hosted Compute Agent
Identity Tests (Rust)	Set up job	2026-01-13T21:51:26.8007825Z Version: 20251211.462
Identity Tests (Rust)	Set up job	2026-01-13T21:51:26.8008458Z Commit: 6cbad8c2bb55d58165063d031ccabf57e2d2db61
Identity Tests (Rust)	Set up job	2026-01-13T21:51:26.8009173Z Build Date: 2025-12-11T16:28:49Z
Identity Tests (Rust)	Set up job	2026-01-13T21:51:26.8009781Z Worker ID: {9d2b80a9-98c4-455b-88b1-3f2be80bc40d}
Identity Tests (Rust)	Set up job	2026-01-13T21:51:26.8010524Z ##[endgroup]
Identity Tests (Rust)	Set up job	2026-01-13T21:51:26.8011025Z ##[group]Operating System
Identity Tests (Rust)	Set up job	2026-01-13T21:51:26.8011583Z Ubuntu
Identity Tests (Rust)	Set up job	2026-01-13T21:51:26.8012098Z 24.04.3
Identity Tests (Rust)	Set up job	2026-01-13T21:51:26.8012530Z LTS
Identity Tests (Rust)	Set up job	2026-01-13T21:51:26.8012987Z ##[endgroup]
Identity Tests (Rust)	Set up job	2026-01-13T21:51:26.8013463Z ##[group]Runner Image
Identity Tests (Rust)	Set up job	2026-01-13T21:51:26.8014093Z Image: ubuntu-24.04
Identity Tests (Rust)	Set up job	2026-01-13T21:51:26.8014575Z Version: 20260105.202.1
Identity Tests (Rust)	Set up job	2026-01-13T21:51:26.8015563Z Included Software: https://github.com/actions/runner-images/blob/ubuntu24/20260105.202/images/ubuntu/Ubuntu2404-Readme.md
Identity Tests (Rust)	Set up job	2026-01-13T21:51:26.8016945Z Image Release: https://github.com/actions/runner-images/releases/tag/ubuntu24%2F20260105.202
Identity Tests (Rust)	Set up job	2026-01-13T21:51:26.8018313Z ##[endgroup]
Identity Tests (Rust)	Set up job	2026-01-13T21:51:26.8019349Z ##[group]GITHUB_TOKEN Permissions
Identity Tests (Rust)	Set up job	2026-01-13T21:51:26.8021086Z Contents: read
Identity Tests (Rust)	Set up job	2026-01-13T21:51:26.8021808Z Metadata: read
Identity Tests (Rust)	Set up job	2026-01-13T21:51:26.8022283Z Packages: read
Identity Tests (Rust)	Set up job	2026-01-13T21:51:26.8022821Z ##[endgroup]
Identity Tests (Rust)	Set up job	2026-01-13T21:51:26.8024928Z Secret source: Actions
Identity Tests (Rust)	Set up job	2026-01-13T21:51:26.8025608Z Prepare workflow directory
Identity Tests (Rust)	Set up job	2026-01-13T21:51:26.8461540Z Prepare all required actions
Identity Tests (Rust)	Set up job	2026-01-13T21:51:26.8498532Z Getting action download info
Identity Tests (Rust)	Set up job	2026-01-13T21:51:27.3507487Z Download action repository 'actions/checkout@v6' (SHA:8e8c483db84b4bee98b60c0593521ed34d9990e8)
Identity Tests (Rust)	Set up job	2026-01-13T21:51:27.5283740Z Download action repository 'actions/cache@v4' (SHA:0057852bfaa89a56745cba8c7296529d2fc39830)
Identity Tests (Rust)	Set up job	2026-01-13T21:51:27.7904812Z Complete job name: Identity Tests (Rust)
Identity Tests (Rust)	Checkout	﻿2026-01-13T21:51:27.8582724Z ##[group]Run actions/checkout@v6
Identity Tests (Rust)	Checkout	2026-01-13T21:51:27.8583655Z with:
Identity Tests (Rust)	Checkout	2026-01-13T21:51:27.8584067Z   repository: AgentKern/agentkern
Identity Tests (Rust)	Checkout	2026-01-13T21:51:27.8584757Z   token: ***
Identity Tests (Rust)	Checkout	2026-01-13T21:51:27.8585135Z   ssh-strict: true
Identity Tests (Rust)	Checkout	2026-01-13T21:51:27.8585524Z   ssh-user: git
Identity Tests (Rust)	Checkout	2026-01-13T21:51:27.8585929Z   persist-credentials: true
Identity Tests (Rust)	Checkout	2026-01-13T21:51:27.8586371Z   clean: true
Identity Tests (Rust)	Checkout	2026-01-13T21:51:27.8586774Z   sparse-checkout-cone-mode: true
Identity Tests (Rust)	Checkout	2026-01-13T21:51:27.8587243Z   fetch-depth: 1
Identity Tests (Rust)	Checkout	2026-01-13T21:51:27.8587807Z   fetch-tags: false
Identity Tests (Rust)	Checkout	2026-01-13T21:51:27.8588204Z   show-progress: true
Identity Tests (Rust)	Checkout	2026-01-13T21:51:27.8588611Z   lfs: false
Identity Tests (Rust)	Checkout	2026-01-13T21:51:27.8588974Z   submodules: false
Identity Tests (Rust)	Checkout	2026-01-13T21:51:27.8589372Z   set-safe-directory: true
Identity Tests (Rust)	Checkout	2026-01-13T21:51:27.8590045Z env:
Identity Tests (Rust)	Checkout	2026-01-13T21:51:27.8590432Z   CARGO_TERM_COLOR: always
Identity Tests (Rust)	Checkout	2026-01-13T21:51:27.8590881Z   RUST_VERSION: stable
Identity Tests (Rust)	Checkout	2026-01-13T21:51:27.8591287Z   PNPM_VERSION: 9
Identity Tests (Rust)	Checkout	2026-01-13T21:51:27.8591687Z   PYO3_PYTHON: python3
Identity Tests (Rust)	Checkout	2026-01-13T21:51:27.8592092Z ##[endgroup]
Identity Tests (Rust)	Checkout	2026-01-13T21:51:27.9498294Z Syncing repository: AgentKern/agentkern
Identity Tests (Rust)	Checkout	2026-01-13T21:51:27.9500072Z ##[group]Getting Git version info
Identity Tests (Rust)	Checkout	2026-01-13T21:51:27.9500839Z Working directory is '/home/runner/work/agentkern/agentkern'
Identity Tests (Rust)	Checkout	2026-01-13T21:51:27.9501782Z [command]/usr/bin/git version
Identity Tests (Rust)	Checkout	2026-01-13T21:51:28.0702244Z git version 2.52.0
Identity Tests (Rust)	Checkout	2026-01-13T21:51:28.0757892Z ##[endgroup]
Identity Tests (Rust)	Checkout	2026-01-13T21:51:28.0772719Z Temporarily overriding HOME='/home/runner/work/_temp/6083a4bb-c125-4757-b840-2c4ce71b0cc1' before making global git config changes
Identity Tests (Rust)	Checkout	2026-01-13T21:51:28.0774726Z Adding repository directory to the temporary git global config as a safe directory
Identity Tests (Rust)	Checkout	2026-01-13T21:51:28.0778653Z [command]/usr/bin/git config --global --add safe.directory /home/runner/work/agentkern/agentkern
Identity Tests (Rust)	Checkout	2026-01-13T21:51:28.0872648Z Deleting the contents of '/home/runner/work/agentkern/agentkern'
Identity Tests (Rust)	Checkout	2026-01-13T21:51:28.0876387Z ##[group]Initializing the repository
Identity Tests (Rust)	Checkout	2026-01-13T21:51:28.0881382Z [command]/usr/bin/git init /home/runner/work/agentkern/agentkern
Identity Tests (Rust)	Checkout	2026-01-13T21:51:28.1739107Z hint: Using 'master' as the name for the initial branch. This default branch name
Identity Tests (Rust)	Checkout	2026-01-13T21:51:28.1740590Z hint: will change to "main" in Git 3.0. To configure the initial branch name
Identity Tests (Rust)	Checkout	2026-01-13T21:51:28.1741622Z hint: to use in all of your new repositories, which will suppress this warning,
Identity Tests (Rust)	Checkout	2026-01-13T21:51:28.1742402Z hint: call:
Identity Tests (Rust)	Checkout	2026-01-13T21:51:28.1742843Z hint:
Identity Tests (Rust)	Checkout	2026-01-13T21:51:28.1743378Z hint: 	git config --global init.defaultBranch <name>
Identity Tests (Rust)	Checkout	2026-01-13T21:51:28.1744021Z hint:
Identity Tests (Rust)	Checkout	2026-01-13T21:51:28.1744629Z hint: Names commonly chosen instead of 'master' are 'main', 'trunk' and
Identity Tests (Rust)	Checkout	2026-01-13T21:51:28.1745628Z hint: 'development'. The just-created branch can be renamed via this command:
Identity Tests (Rust)	Checkout	2026-01-13T21:51:28.1746462Z hint:
Identity Tests (Rust)	Checkout	2026-01-13T21:51:28.1746858Z hint: 	git branch -m <name>
Identity Tests (Rust)	Checkout	2026-01-13T21:51:28.1747581Z hint:
Identity Tests (Rust)	Checkout	2026-01-13T21:51:28.1748274Z hint: Disable this message with "git config set advice.defaultBranchName false"
Identity Tests (Rust)	Checkout	2026-01-13T21:51:28.1800648Z Initialized empty Git repository in /home/runner/work/agentkern/agentkern/.git/
Identity Tests (Rust)	Checkout	2026-01-13T21:51:28.1813278Z [command]/usr/bin/git remote add origin https://github.com/AgentKern/agentkern
Identity Tests (Rust)	Checkout	2026-01-13T21:51:28.1911489Z ##[endgroup]
Identity Tests (Rust)	Checkout	2026-01-13T21:51:28.1912473Z ##[group]Disabling automatic garbage collection
Identity Tests (Rust)	Checkout	2026-01-13T21:51:28.1913207Z [command]/usr/bin/git config --local gc.auto 0
Identity Tests (Rust)	Checkout	2026-01-13T21:51:28.1944542Z ##[endgroup]
Identity Tests (Rust)	Checkout	2026-01-13T21:51:28.1945277Z ##[group]Setting up auth
Identity Tests (Rust)	Checkout	2026-01-13T21:51:28.1946262Z Removing SSH command configuration
Identity Tests (Rust)	Checkout	2026-01-13T21:51:28.1954944Z [command]/usr/bin/git config --local --name-only --get-regexp core\.sshCommand
Identity Tests (Rust)	Checkout	2026-01-13T21:51:28.1992332Z [command]/usr/bin/git submodule foreach --recursive sh -c "git config --local --name-only --get-regexp 'core\.sshCommand' && git config --local --unset-all 'core.sshCommand' || :"
Identity Tests (Rust)	Checkout	2026-01-13T21:51:28.3787142Z Removing HTTP extra header
Identity Tests (Rust)	Checkout	2026-01-13T21:51:28.3791951Z [command]/usr/bin/git config --local --name-only --get-regexp http\.https\:\/\/github\.com\/\.extraheader
Identity Tests (Rust)	Checkout	2026-01-13T21:51:28.3824277Z [command]/usr/bin/git submodule foreach --recursive sh -c "git config --local --name-only --get-regexp 'http\.https\:\/\/github\.com\/\.extraheader' && git config --local --unset-all 'http.https://github.com/.extraheader' || :"
Identity Tests (Rust)	Checkout	2026-01-13T21:51:28.4039972Z Removing includeIf entries pointing to credentials config files
Identity Tests (Rust)	Checkout	2026-01-13T21:51:28.4045439Z [command]/usr/bin/git config --local --name-only --get-regexp ^includeIf\.gitdir:
Identity Tests (Rust)	Checkout	2026-01-13T21:51:28.4076679Z [command]/usr/bin/git submodule foreach --recursive git config --local --show-origin --name-only --get-regexp remote.origin.url
Identity Tests (Rust)	Checkout	2026-01-13T21:51:28.4300389Z [command]/usr/bin/git config --file /home/runner/work/_temp/git-credentials-d5821041-1ec7-4502-b036-7e0ac0cc2c02.config http.https://github.com/.extraheader AUTHORIZATION: basic ***
Identity Tests (Rust)	Checkout	2026-01-13T21:51:28.4337008Z [command]/usr/bin/git config --local includeIf.gitdir:/home/runner/work/agentkern/agentkern/.git.path /home/runner/work/_temp/git-credentials-d5821041-1ec7-4502-b036-7e0ac0cc2c02.config
Identity Tests (Rust)	Checkout	2026-01-13T21:51:28.4369161Z [command]/usr/bin/git config --local includeIf.gitdir:/home/runner/work/agentkern/agentkern/.git/worktrees/*.path /home/runner/work/_temp/git-credentials-d5821041-1ec7-4502-b036-7e0ac0cc2c02.config
Identity Tests (Rust)	Checkout	2026-01-13T21:51:28.4398603Z [command]/usr/bin/git config --local includeIf.gitdir:/github/workspace/.git.path /github/runner_temp/git-credentials-d5821041-1ec7-4502-b036-7e0ac0cc2c02.config
Identity Tests (Rust)	Checkout	2026-01-13T21:51:28.4430681Z [command]/usr/bin/git config --local includeIf.gitdir:/github/workspace/.git/worktrees/*.path /github/runner_temp/git-credentials-d5821041-1ec7-4502-b036-7e0ac0cc2c02.config
Identity Tests (Rust)	Checkout	2026-01-13T21:51:28.4456584Z ##[endgroup]
Identity Tests (Rust)	Checkout	2026-01-13T21:51:28.4458961Z ##[group]Fetching the repository
Identity Tests (Rust)	Checkout	2026-01-13T21:51:28.4468553Z [command]/usr/bin/git -c protocol.version=2 fetch --no-tags --prune --no-recurse-submodules --depth=1 origin +eeb13ac6b3513e8c396c4f2952bf179147fc8147:refs/remotes/origin/main
Identity Tests (Rust)	Checkout	2026-01-13T21:51:29.1525695Z From https://github.com/AgentKern/agentkern
Identity Tests (Rust)	Checkout	2026-01-13T21:51:29.1527940Z  * [new ref]         eeb13ac6b3513e8c396c4f2952bf179147fc8147 -> origin/main
Identity Tests (Rust)	Checkout	2026-01-13T21:51:29.1615984Z ##[endgroup]
Identity Tests (Rust)	Checkout	2026-01-13T21:51:29.1616954Z ##[group]Determining the checkout info
Identity Tests (Rust)	Checkout	2026-01-13T21:51:29.1619364Z ##[endgroup]
Identity Tests (Rust)	Checkout	2026-01-13T21:51:29.1624088Z [command]/usr/bin/git sparse-checkout disable
Identity Tests (Rust)	Checkout	2026-01-13T21:51:29.1723498Z [command]/usr/bin/git config --local --unset-all extensions.worktreeConfig
Identity Tests (Rust)	Checkout	2026-01-13T21:51:29.1755824Z ##[group]Checking out the ref
Identity Tests (Rust)	Checkout	2026-01-13T21:51:29.1761727Z [command]/usr/bin/git checkout --progress --force -B main refs/remotes/origin/main
Identity Tests (Rust)	Checkout	2026-01-13T21:51:29.2200283Z Switched to a new branch 'main'
Identity Tests (Rust)	Checkout	2026-01-13T21:51:29.2201421Z branch 'main' set up to track 'origin/main'.
Identity Tests (Rust)	Checkout	2026-01-13T21:51:29.2208633Z ##[endgroup]
Identity Tests (Rust)	Checkout	2026-01-13T21:51:29.2247943Z [command]/usr/bin/git log -1 --format=%H
Identity Tests (Rust)	Checkout	2026-01-13T21:51:29.2271450Z eeb13ac6b3513e8c396c4f2952bf179147fc8147
Identity Tests (Rust)	Install dependencies	﻿2026-01-13T21:51:29.2451426Z ##[group]Run sudo apt-get update
Identity Tests (Rust)	Install dependencies	2026-01-13T21:51:29.2451887Z [36;1msudo apt-get update[0m
Identity Tests (Rust)	Install dependencies	2026-01-13T21:51:29.2452218Z [36;1msudo apt-get install -y python3-dev[0m
Identity Tests (Rust)	Install dependencies	2026-01-13T21:51:29.2489681Z shell: /usr/bin/bash -e {0}
Identity Tests (Rust)	Install dependencies	2026-01-13T21:51:29.2490019Z env:
Identity Tests (Rust)	Install dependencies	2026-01-13T21:51:29.2490239Z   CARGO_TERM_COLOR: always
Identity Tests (Rust)	Install dependencies	2026-01-13T21:51:29.2490502Z   RUST_VERSION: stable
Identity Tests (Rust)	Install dependencies	2026-01-13T21:51:29.2490748Z   PNPM_VERSION: 9
Identity Tests (Rust)	Install dependencies	2026-01-13T21:51:29.2490975Z   PYO3_PYTHON: python3
Identity Tests (Rust)	Install dependencies	2026-01-13T21:51:29.2491214Z ##[endgroup]
Identity Tests (Rust)	Install dependencies	2026-01-13T21:51:29.3865782Z Get:1 file:/etc/apt/apt-mirrors.txt Mirrorlist [144 B]
Identity Tests (Rust)	Install dependencies	2026-01-13T21:51:29.3989603Z Get:6 https://packages.microsoft.com/repos/azure-cli noble InRelease [3564 B]
Identity Tests (Rust)	Install dependencies	2026-01-13T21:51:29.4249614Z Hit:2 http://azure.archive.ubuntu.com/ubuntu noble InRelease
Identity Tests (Rust)	Install dependencies	2026-01-13T21:51:29.4254811Z Get:7 https://packages.microsoft.com/ubuntu/24.04/prod noble InRelease [3600 B]
Identity Tests (Rust)	Install dependencies	2026-01-13T21:51:29.4318519Z Get:3 http://azure.archive.ubuntu.com/ubuntu noble-updates InRelease [126 kB]
Identity Tests (Rust)	Install dependencies	2026-01-13T21:51:29.4395335Z Get:4 http://azure.archive.ubuntu.com/ubuntu noble-backports InRelease [126 kB]
Identity Tests (Rust)	Install dependencies	2026-01-13T21:51:29.4479364Z Get:5 http://azure.archive.ubuntu.com/ubuntu noble-security InRelease [126 kB]
Identity Tests (Rust)	Install dependencies	2026-01-13T21:51:29.5416199Z Get:8 https://packages.microsoft.com/repos/azure-cli noble/main amd64 Packages [1948 B]
Identity Tests (Rust)	Install dependencies	2026-01-13T21:51:29.6752103Z Get:9 https://packages.microsoft.com/ubuntu/24.04/prod noble/main arm64 Packages [61.3 kB]
Identity Tests (Rust)	Install dependencies	2026-01-13T21:51:29.6813442Z Get:10 https://packages.microsoft.com/ubuntu/24.04/prod noble/main armhf Packages [11.4 kB]
Identity Tests (Rust)	Install dependencies	2026-01-13T21:51:29.6849061Z Get:11 https://packages.microsoft.com/ubuntu/24.04/prod noble/main amd64 Packages [79.7 kB]
Identity Tests (Rust)	Install dependencies	2026-01-13T21:51:29.7249067Z Get:12 http://azure.archive.ubuntu.com/ubuntu noble-updates/main amd64 Packages [1692 kB]
Identity Tests (Rust)	Install dependencies	2026-01-13T21:51:29.7339449Z Get:13 http://azure.archive.ubuntu.com/ubuntu noble-updates/main Translation-en [313 kB]
Identity Tests (Rust)	Install dependencies	2026-01-13T21:51:29.7363975Z Get:14 http://azure.archive.ubuntu.com/ubuntu noble-updates/main amd64 Components [175 kB]
Identity Tests (Rust)	Install dependencies	2026-01-13T21:51:29.7382506Z Get:15 http://azure.archive.ubuntu.com/ubuntu noble-updates/main amd64 c-n-f Metadata [15.9 kB]
Identity Tests (Rust)	Install dependencies	2026-01-13T21:51:29.7394309Z Get:16 http://azure.archive.ubuntu.com/ubuntu noble-updates/universe amd64 Packages [1510 kB]
Identity Tests (Rust)	Install dependencies	2026-01-13T21:51:29.7487727Z Get:17 http://azure.archive.ubuntu.com/ubuntu noble-updates/universe Translation-en [307 kB]
Identity Tests (Rust)	Install dependencies	2026-01-13T21:51:29.7537793Z Get:18 http://azure.archive.ubuntu.com/ubuntu noble-updates/universe amd64 Components [377 kB]
Identity Tests (Rust)	Install dependencies	2026-01-13T21:51:29.7547584Z Get:19 http://azure.archive.ubuntu.com/ubuntu noble-updates/universe amd64 c-n-f Metadata [31.4 kB]
Identity Tests (Rust)	Install dependencies	2026-01-13T21:51:29.7558293Z Get:20 http://azure.archive.ubuntu.com/ubuntu noble-updates/restricted amd64 Packages [2426 kB]
Identity Tests (Rust)	Install dependencies	2026-01-13T21:51:29.7721139Z Get:21 http://azure.archive.ubuntu.com/ubuntu noble-updates/restricted Translation-en [554 kB]
Identity Tests (Rust)	Install dependencies	2026-01-13T21:51:29.8225711Z Get:22 http://azure.archive.ubuntu.com/ubuntu noble-updates/restricted amd64 Components [212 B]
Identity Tests (Rust)	Install dependencies	2026-01-13T21:51:29.8234058Z Get:23 http://azure.archive.ubuntu.com/ubuntu noble-updates/multiverse amd64 Components [940 B]
Identity Tests (Rust)	Install dependencies	2026-01-13T21:51:29.8242140Z Get:24 http://azure.archive.ubuntu.com/ubuntu noble-backports/main amd64 Components [7300 B]
Identity Tests (Rust)	Install dependencies	2026-01-13T21:51:29.8250521Z Get:25 http://azure.archive.ubuntu.com/ubuntu noble-backports/universe amd64 Components [10.5 kB]
Identity Tests (Rust)	Install dependencies	2026-01-13T21:51:29.8259302Z Get:26 http://azure.archive.ubuntu.com/ubuntu noble-backports/restricted amd64 Components [212 B]
Identity Tests (Rust)	Install dependencies	2026-01-13T21:51:29.8269403Z Get:27 http://azure.archive.ubuntu.com/ubuntu noble-backports/multiverse amd64 Components [212 B]
Identity Tests (Rust)	Install dependencies	2026-01-13T21:51:29.8398674Z Get:28 http://azure.archive.ubuntu.com/ubuntu noble-security/main amd64 Packages [1404 kB]
Identity Tests (Rust)	Install dependencies	2026-01-13T21:51:29.8473111Z Get:29 http://azure.archive.ubuntu.com/ubuntu noble-security/main Translation-en [228 kB]
Identity Tests (Rust)	Install dependencies	2026-01-13T21:51:29.8490245Z Get:30 http://azure.archive.ubuntu.com/ubuntu noble-security/main amd64 Components [21.6 kB]
Identity Tests (Rust)	Install dependencies	2026-01-13T21:51:29.8499316Z Get:31 http://azure.archive.ubuntu.com/ubuntu noble-security/main amd64 c-n-f Metadata [9720 B]
Identity Tests (Rust)	Install dependencies	2026-01-13T21:51:29.8508003Z Get:32 http://azure.archive.ubuntu.com/ubuntu noble-security/universe amd64 Packages [920 kB]
Identity Tests (Rust)	Install dependencies	2026-01-13T21:51:29.8558419Z Get:33 http://azure.archive.ubuntu.com/ubuntu noble-security/universe Translation-en [208 kB]
Identity Tests (Rust)	Install dependencies	2026-01-13T21:51:29.8576783Z Get:34 http://azure.archive.ubuntu.com/ubuntu noble-security/universe amd64 Components [71.4 kB]
Identity Tests (Rust)	Install dependencies	2026-01-13T21:51:29.8588930Z Get:35 http://azure.archive.ubuntu.com/ubuntu noble-security/universe amd64 c-n-f Metadata [19.7 kB]
Identity Tests (Rust)	Install dependencies	2026-01-13T21:51:29.9053000Z Get:36 http://azure.archive.ubuntu.com/ubuntu noble-security/restricted amd64 Packages [2302 kB]
Identity Tests (Rust)	Install dependencies	2026-01-13T21:51:29.9214643Z Get:37 http://azure.archive.ubuntu.com/ubuntu noble-security/restricted Translation-en [527 kB]
Identity Tests (Rust)	Install dependencies	2026-01-13T21:51:29.9261057Z Get:38 http://azure.archive.ubuntu.com/ubuntu noble-security/restricted amd64 Components [212 B]
Identity Tests (Rust)	Install dependencies	2026-01-13T21:51:29.9270701Z Get:39 http://azure.archive.ubuntu.com/ubuntu noble-security/multiverse Translation-en [6188 B]
Identity Tests (Rust)	Install dependencies	2026-01-13T21:51:29.9281230Z Get:40 http://azure.archive.ubuntu.com/ubuntu noble-security/multiverse amd64 Components [212 B]
Identity Tests (Rust)	Install dependencies	2026-01-13T21:51:42.0075889Z Fetched 13.7 MB in 2s (7974 kB/s)
Identity Tests (Rust)	Install dependencies	2026-01-13T21:51:42.7863919Z Reading package lists...
Identity Tests (Rust)	Install dependencies	2026-01-13T21:51:42.8192895Z Reading package lists...
Identity Tests (Rust)	Install dependencies	2026-01-13T21:51:43.0441828Z Building dependency tree...
Identity Tests (Rust)	Install dependencies	2026-01-13T21:51:43.0450012Z Reading state information...
Identity Tests (Rust)	Install dependencies	2026-01-13T21:51:43.2595458Z python3-dev is already the newest version (3.12.3-0ubuntu2.1).
Identity Tests (Rust)	Install dependencies	2026-01-13T21:51:43.2596095Z 0 upgraded, 0 newly installed, 0 to remove and 120 not upgraded.
Identity Tests (Rust)	Cache Cargo	﻿2026-01-13T21:51:43.3237194Z ##[group]Run actions/cache@v4
Identity Tests (Rust)	Cache Cargo	2026-01-13T21:51:43.3237795Z with:
Identity Tests (Rust)	Cache Cargo	2026-01-13T21:51:43.3238148Z   path: ~/.cargo/bin/
Identity Tests (Rust)	Cache Cargo	~/.cargo/registry/index/
Identity Tests (Rust)	Cache Cargo	~/.cargo/registry/cache/
Identity Tests (Rust)	Cache Cargo	~/.cargo/git/db/
Identity Tests (Rust)	Cache Cargo	
Identity Tests (Rust)	Cache Cargo	2026-01-13T21:51:43.3238764Z   key: Linux-cargo-identity-5449a273fe4ffd5ba49aae637d7136f1c4d132c3e5f3736f5e2cc73c6b8f6d64
Identity Tests (Rust)	Cache Cargo	2026-01-13T21:51:43.3239232Z   restore-keys: Linux-cargo-
Identity Tests (Rust)	Cache Cargo	
Identity Tests (Rust)	Cache Cargo	2026-01-13T21:51:43.3239467Z   enableCrossOsArchive: false
Identity Tests (Rust)	Cache Cargo	2026-01-13T21:51:43.3239689Z   fail-on-cache-miss: false
Identity Tests (Rust)	Cache Cargo	2026-01-13T21:51:43.3239904Z   lookup-only: false
Identity Tests (Rust)	Cache Cargo	2026-01-13T21:51:43.3240106Z   save-always: false
Identity Tests (Rust)	Cache Cargo	2026-01-13T21:51:43.3240291Z env:
Identity Tests (Rust)	Cache Cargo	2026-01-13T21:51:43.3240446Z   CARGO_TERM_COLOR: always
Identity Tests (Rust)	Cache Cargo	2026-01-13T21:51:43.3240647Z   RUST_VERSION: stable
Identity Tests (Rust)	Cache Cargo	2026-01-13T21:51:43.3240825Z   PNPM_VERSION: 9
Identity Tests (Rust)	Cache Cargo	2026-01-13T21:51:43.3241008Z   PYO3_PYTHON: python3
Identity Tests (Rust)	Cache Cargo	2026-01-13T21:51:43.3241183Z ##[endgroup]
Identity Tests (Rust)	Cache Cargo	2026-01-13T21:51:43.7328374Z Cache hit for: Linux-cargo-identity-5449a273fe4ffd5ba49aae637d7136f1c4d132c3e5f3736f5e2cc73c6b8f6d64
Identity Tests (Rust)	Cache Cargo	2026-01-13T21:51:45.0372951Z Received 4194304 of 89516250 (4.7%), 4.0 MBs/sec
Identity Tests (Rust)	Cache Cargo	2026-01-13T21:51:45.7930371Z Received 89516250 of 89516250 (100.0%), 48.6 MBs/sec
Identity Tests (Rust)	Cache Cargo	2026-01-13T21:51:45.7933741Z Cache Size: ~85 MB (89516250 B)
Identity Tests (Rust)	Cache Cargo	2026-01-13T21:51:45.8035156Z [command]/usr/bin/tar -xf /home/runner/work/_temp/90edf201-05b8-45fe-8a58-48f4a6cd4b6d/cache.tzst -P -C /home/runner/work/agentkern/agentkern --use-compress-program unzstd
Identity Tests (Rust)	Cache Cargo	2026-01-13T21:51:46.1024706Z Cache restored successfully
Identity Tests (Rust)	Cache Cargo	2026-01-13T21:51:46.1279297Z Cache restored from key: Linux-cargo-identity-5449a273fe4ffd5ba49aae637d7136f1c4d132c3e5f3736f5e2cc73c6b8f6d64
Identity Tests (Rust)	Run Identity Tests	﻿2026-01-13T21:51:46.1374995Z ##[group]Run cargo test -p agentkern-identity
Identity Tests (Rust)	Run Identity Tests	2026-01-13T21:51:46.1375379Z [36;1mcargo test -p agentkern-identity[0m
Identity Tests (Rust)	Run Identity Tests	2026-01-13T21:51:46.1408903Z shell: /usr/bin/bash -e {0}
Identity Tests (Rust)	Run Identity Tests	2026-01-13T21:51:46.1409139Z env:
Identity Tests (Rust)	Run Identity Tests	2026-01-13T21:51:46.1409313Z   CARGO_TERM_COLOR: always
Identity Tests (Rust)	Run Identity Tests	2026-01-13T21:51:46.1409531Z   RUST_VERSION: stable
Identity Tests (Rust)	Run Identity Tests	2026-01-13T21:51:46.1409731Z   PNPM_VERSION: 9
Identity Tests (Rust)	Run Identity Tests	2026-01-13T21:51:46.1409919Z   PYO3_PYTHON: python3
Identity Tests (Rust)	Run Identity Tests	2026-01-13T21:51:46.1410106Z ##[endgroup]
Identity Tests (Rust)	Run Identity Tests	2026-01-13T21:51:47.2413385Z [1m[33mwarning[0m: profiles for the non root package will be ignored, specify profiles at the workspace root:
Identity Tests (Rust)	Run Identity Tests	2026-01-13T21:51:47.2414110Z package:   /home/runner/work/agentkern/agentkern/packages/sdk-node/Cargo.toml
Identity Tests (Rust)	Run Identity Tests	2026-01-13T21:51:47.2414578Z workspace: /home/runner/work/agentkern/agentkern/Cargo.toml
Identity Tests (Rust)	Run Identity Tests	2026-01-13T21:51:50.5599979Z [1m[92m   Compiling[0m proc-macro2 v1.0.105
Identity Tests (Rust)	Run Identity Tests	2026-01-13T21:51:50.5600885Z [1m[92m   Compiling[0m unicode-ident v1.0.22
Identity Tests (Rust)	Run Identity Tests	2026-01-13T21:51:50.5601655Z [1m[92m   Compiling[0m quote v1.0.43
Identity Tests (Rust)	Run Identity Tests	2026-01-13T21:51:50.5602346Z [1m[92m   Compiling[0m cfg-if v1.0.4
Identity Tests (Rust)	Run Identity Tests	2026-01-13T21:51:52.0279273Z [1m[92m   Compiling[0m libc v0.2.180
Identity Tests (Rust)	Run Identity Tests	2026-01-13T21:51:52.8317269Z [1m[92m   Compiling[0m serde v1.0.228
Identity Tests (Rust)	Run Identity Tests	2026-01-13T21:51:54.6958734Z [1m[92m   Compiling[0m serde_core v1.0.228
Identity Tests (Rust)	Run Identity Tests	2026-01-13T21:51:54.6969127Z [1m[92m   Compiling[0m memchr v2.7.6
Identity Tests (Rust)	Run Identity Tests	2026-01-13T21:51:55.9039792Z [1m[92m   Compiling[0m pin-project-lite v0.2.16
Identity Tests (Rust)	Run Identity Tests	2026-01-13T21:51:55.9409356Z [1m[92m   Compiling[0m itoa v1.0.17
Identity Tests (Rust)	Run Identity Tests	2026-01-13T21:51:56.0168876Z [1m[92m   Compiling[0m futures-core v0.3.31
Identity Tests (Rust)	Run Identity Tests	2026-01-13T21:51:56.0778872Z [1m[92m   Compiling[0m syn v2.0.113
Identity Tests (Rust)	Run Identity Tests	2026-01-13T21:51:56.0842615Z [1m[92m   Compiling[0m autocfg v1.5.0
Identity Tests (Rust)	Run Identity Tests	2026-01-13T21:51:56.1070408Z [1m[92m   Compiling[0m find-msvc-tools v0.1.6
Identity Tests (Rust)	Run Identity Tests	2026-01-13T21:51:56.3006922Z [1m[92m   Compiling[0m once_cell v1.21.3
Identity Tests (Rust)	Run Identity Tests	2026-01-13T21:51:56.4421034Z [1m[92m   Compiling[0m shlex v1.3.0
Identity Tests (Rust)	Run Identity Tests	2026-01-13T21:51:56.4549346Z [1m[92m   Compiling[0m scopeguard v1.2.0
Identity Tests (Rust)	Run Identity Tests	2026-01-13T21:51:56.4982071Z [1m[92m   Compiling[0m lock_api v0.4.14
Identity Tests (Rust)	Run Identity Tests	2026-01-13T21:51:56.5543395Z [1m[92m   Compiling[0m cc v1.2.51
Identity Tests (Rust)	Run Identity Tests	2026-01-13T21:51:56.6994349Z [1m[92m   Compiling[0m bytes v1.11.0
Identity Tests (Rust)	Run Identity Tests	2026-01-13T21:51:57.2742598Z [1m[92m   Compiling[0m stable_deref_trait v1.2.1
Identity Tests (Rust)	Run Identity Tests	2026-01-13T21:51:57.3055009Z [1m[92m   Compiling[0m parking_lot_core v0.9.12
Identity Tests (Rust)	Run Identity Tests	2026-01-13T21:51:57.3921269Z [1m[92m   Compiling[0m version_check v0.9.5
Identity Tests (Rust)	Run Identity Tests	2026-01-13T21:51:57.4334154Z [1m[92m   Compiling[0m typenum v1.19.0
Identity Tests (Rust)	Run Identity Tests	2026-01-13T21:51:57.6331929Z [1m[92m   Compiling[0m log v0.4.29
Identity Tests (Rust)	Run Identity Tests	2026-01-13T21:51:57.6679374Z [1m[92m   Compiling[0m generic-array v0.14.7
Identity Tests (Rust)	Run Identity Tests	2026-01-13T21:51:57.7638306Z [1m[92m   Compiling[0m socket2 v0.6.1
Identity Tests (Rust)	Run Identity Tests	2026-01-13T21:51:57.7858662Z [1m[92m   Compiling[0m mio v1.1.1
Identity Tests (Rust)	Run Identity Tests	2026-01-13T21:51:58.3038590Z [1m[92m   Compiling[0m writeable v0.6.2
Identity Tests (Rust)	Run Identity Tests	2026-01-13T21:51:58.3124861Z [1m[92m   Compiling[0m litemap v0.8.1
Identity Tests (Rust)	Run Identity Tests	2026-01-13T21:51:58.4330413Z [1m[92m   Compiling[0m pkg-config v0.3.32
Identity Tests (Rust)	Run Identity Tests	2026-01-13T21:51:58.4564066Z [1m[92m   Compiling[0m slab v0.4.11
Identity Tests (Rust)	Run Identity Tests	2026-01-13T21:51:58.5848092Z [1m[92m   Compiling[0m vcpkg v0.2.15
Identity Tests (Rust)	Run Identity Tests	2026-01-13T21:51:58.8991542Z [1m[92m   Compiling[0m icu_normalizer_data v2.1.1
Identity Tests (Rust)	Run Identity Tests	2026-01-13T21:51:58.9977707Z [1m[92m   Compiling[0m tracing-core v0.1.36
Identity Tests (Rust)	Run Identity Tests	2026-01-13T21:51:59.1654441Z [1m[92m   Compiling[0m subtle v2.6.1
Identity Tests (Rust)	Run Identity Tests	2026-01-13T21:51:59.2006213Z [1m[92m   Compiling[0m pin-utils v0.1.0
Identity Tests (Rust)	Run Identity Tests	2026-01-13T21:51:59.2314532Z [1m[92m   Compiling[0m icu_properties_data v2.1.2
Identity Tests (Rust)	Run Identity Tests	2026-01-13T21:51:59.2598632Z [1m[92m   Compiling[0m block-buffer v0.10.4
Identity Tests (Rust)	Run Identity Tests	2026-01-13T21:51:59.3298050Z [1m[92m   Compiling[0m crypto-common v0.1.7
Identity Tests (Rust)	Run Identity Tests	2026-01-13T21:51:59.3646291Z [1m[92m   Compiling[0m futures-task v0.3.31
Identity Tests (Rust)	Run Identity Tests	2026-01-13T21:51:59.3885275Z [1m[92m   Compiling[0m percent-encoding v2.3.2
Identity Tests (Rust)	Run Identity Tests	2026-01-13T21:51:59.4865035Z [1m[92m   Compiling[0m futures-io v0.3.31
Identity Tests (Rust)	Run Identity Tests	2026-01-13T21:51:59.5129912Z [1m[92m   Compiling[0m zmij v1.0.12
Identity Tests (Rust)	Run Identity Tests	2026-01-13T21:51:59.5828478Z [1m[92m   Compiling[0m digest v0.10.7
Identity Tests (Rust)	Run Identity Tests	2026-01-13T21:51:59.6753825Z [1m[92m   Compiling[0m serde_json v1.0.149
Identity Tests (Rust)	Run Identity Tests	2026-01-13T21:51:59.7442641Z [1m[92m   Compiling[0m num-traits v0.2.19
Identity Tests (Rust)	Run Identity Tests	2026-01-13T21:51:59.7659202Z [1m[92m   Compiling[0m errno v0.3.14
Identity Tests (Rust)	Run Identity Tests	2026-01-13T21:51:59.8241552Z [1m[92m   Compiling[0m futures-sink v0.3.31
Identity Tests (Rust)	Run Identity Tests	2026-01-13T21:51:59.8670956Z [1m[92m   Compiling[0m equivalent v1.0.2
Identity Tests (Rust)	Run Identity Tests	2026-01-13T21:51:59.9020692Z [1m[92m   Compiling[0m synstructure v0.13.2
Identity Tests (Rust)	Run Identity Tests	2026-01-13T21:52:00.0521030Z [1m[92m   Compiling[0m signal-hook-registry v1.4.8
Identity Tests (Rust)	Run Identity Tests	2026-01-13T21:52:00.1216394Z [1m[92m   Compiling[0m form_urlencoded v1.2.2
Identity Tests (Rust)	Run Identity Tests	2026-01-13T21:52:00.2427715Z [1m[92m   Compiling[0m getrandom v0.2.16
Identity Tests (Rust)	Run Identity Tests	2026-01-13T21:52:00.3122277Z [1m[92m   Compiling[0m zeroize v1.8.2
Identity Tests (Rust)	Run Identity Tests	2026-01-13T21:52:00.3837278Z [1m[92m   Compiling[0m thiserror v2.0.17
Identity Tests (Rust)	Run Identity Tests	2026-01-13T21:52:00.4172283Z [1m[92m   Compiling[0m getrandom v0.3.4
Identity Tests (Rust)	Run Identity Tests	2026-01-13T21:52:00.6362304Z [1m[92m   Compiling[0m hashbrown v0.16.1
Identity Tests (Rust)	Run Identity Tests	2026-01-13T21:52:01.1468367Z [1m[92m   Compiling[0m cpufeatures v0.2.17
Identity Tests (Rust)	Run Identity Tests	2026-01-13T21:52:01.1751606Z [1m[92m   Compiling[0m zerocopy v0.8.31
Identity Tests (Rust)	Run Identity Tests	2026-01-13T21:52:01.2308461Z [1m[92m   Compiling[0m utf8_iter v1.0.4
Identity Tests (Rust)	Run Identity Tests	2026-01-13T21:52:01.3125745Z [1m[92m   Compiling[0m indexmap v2.12.1
Identity Tests (Rust)	Run Identity Tests	2026-01-13T21:52:01.5716325Z [1m[92m   Compiling[0m futures-channel v0.3.31
Identity Tests (Rust)	Run Identity Tests	2026-01-13T21:52:01.6150773Z [1m[92m   Compiling[0m serde_derive v1.0.228
Identity Tests (Rust)	Run Identity Tests	2026-01-13T21:52:01.7368047Z [1m[92m   Compiling[0m displaydoc v0.2.5
Identity Tests (Rust)	Run Identity Tests	2026-01-13T21:52:02.0485743Z [1m[92m   Compiling[0m zerofrom-derive v0.1.6
Identity Tests (Rust)	Run Identity Tests	2026-01-13T21:52:02.4021948Z [1m[92m   Compiling[0m yoke-derive v0.8.1
Identity Tests (Rust)	Run Identity Tests	2026-01-13T21:52:02.9387098Z [1m[92m   Compiling[0m zerovec-derive v0.11.2
Identity Tests (Rust)	Run Identity Tests	2026-01-13T21:52:03.1714218Z [1m[92m   Compiling[0m zerofrom v0.1.6
Identity Tests (Rust)	Run Identity Tests	2026-01-13T21:52:03.2510299Z [1m[92m   Compiling[0m tracing-attributes v0.1.31
Identity Tests (Rust)	Run Identity Tests	2026-01-13T21:52:03.3129452Z [1m[92m   Compiling[0m yoke v0.8.1
Identity Tests (Rust)	Run Identity Tests	2026-01-13T21:52:03.4530865Z [1m[92m   Compiling[0m zerotrie v0.2.3
Identity Tests (Rust)	Run Identity Tests	2026-01-13T21:52:03.7583416Z [1m[92m   Compiling[0m tokio-macros v2.6.0
Identity Tests (Rust)	Run Identity Tests	2026-01-13T21:52:03.9616694Z [1m[92m   Compiling[0m zerovec v0.11.5
Identity Tests (Rust)	Run Identity Tests	2026-01-13T21:52:04.2899464Z [1m[92m   Compiling[0m thiserror-impl v2.0.17
Identity Tests (Rust)	Run Identity Tests	2026-01-13T21:52:04.4077550Z [1m[92m   Compiling[0m tracing v0.1.44
Identity Tests (Rust)	Run Identity Tests	2026-01-13T21:52:04.5131009Z [1m[92m   Compiling[0m tinystr v0.8.2
Identity Tests (Rust)	Run Identity Tests	2026-01-13T21:52:04.6352160Z [1m[92m   Compiling[0m potential_utf v0.1.4
Identity Tests (Rust)	Run Identity Tests	2026-01-13T21:52:04.6816127Z [1m[92m   Compiling[0m icu_locale_core v2.1.1
Identity Tests (Rust)	Run Identity Tests	2026-01-13T21:52:04.7227799Z [1m[92m   Compiling[0m icu_collections v2.1.1
Identity Tests (Rust)	Run Identity Tests	2026-01-13T21:52:05.2554387Z [1m[92m   Compiling[0m smallvec v1.15.1
Identity Tests (Rust)	Run Identity Tests	2026-01-13T21:52:05.2658550Z [1m[92m   Compiling[0m zerocopy-derive v0.8.31
Identity Tests (Rust)	Run Identity Tests	2026-01-13T21:52:05.4889684Z [1m[92m   Compiling[0m icu_provider v2.1.1
Identity Tests (Rust)	Run Identity Tests	2026-01-13T21:52:05.6572438Z [1m[92m   Compiling[0m parking_lot v0.12.5
Identity Tests (Rust)	Run Identity Tests	2026-01-13T21:52:05.7460945Z [1m[92m   Compiling[0m icu_properties v2.1.2
Identity Tests (Rust)	Run Identity Tests	2026-01-13T21:52:05.8538498Z [1m[92m   Compiling[0m tokio v1.49.0
Identity Tests (Rust)	Run Identity Tests	2026-01-13T21:52:06.6508369Z [1m[92m   Compiling[0m futures-macro v0.3.31
Identity Tests (Rust)	Run Identity Tests	2026-01-13T21:52:07.2271072Z [1m[92m   Compiling[0m rustls-pki-types v1.13.2
Identity Tests (Rust)	Run Identity Tests	2026-01-13T21:52:07.3263317Z [1m[92m   Compiling[0m bitflags v2.10.0
Identity Tests (Rust)	Run Identity Tests	2026-01-13T21:52:07.4768766Z [1m[92m   Compiling[0m futures-util v0.3.31
Identity Tests (Rust)	Run Identity Tests	2026-01-13T21:52:07.7189621Z [1m[92m   Compiling[0m ring v0.17.14
Identity Tests (Rust)	Run Identity Tests	2026-01-13T21:52:08.0669473Z [1m[92m   Compiling[0m crossbeam-utils v0.8.21
Identity Tests (Rust)	Run Identity Tests	2026-01-13T21:52:08.3109066Z [1m[92m   Compiling[0m ppv-lite86 v0.2.21
Identity Tests (Rust)	Run Identity Tests	2026-01-13T21:52:09.8544381Z [1m[92m   Compiling[0m openssl-sys v0.9.111
Identity Tests (Rust)	Run Identity Tests	2026-01-13T21:52:10.1887519Z [1m[92m   Compiling[0m http v1.4.0
Identity Tests (Rust)	Run Identity Tests	2026-01-13T21:52:10.3501869Z [1m[92m   Compiling[0m libm v0.2.15
Identity Tests (Rust)	Run Identity Tests	2026-01-13T21:52:10.4980361Z [1m[92m   Compiling[0m iana-time-zone v0.1.64
Identity Tests (Rust)	Run Identity Tests	2026-01-13T21:52:11.2782075Z [1m[92m   Compiling[0m icu_normalizer v2.1.1
Identity Tests (Rust)	Run Identity Tests	2026-01-13T21:52:11.3691166Z [1m[92m   Compiling[0m bigdecimal v0.4.10
Identity Tests (Rust)	Run Identity Tests	2026-01-13T21:52:11.5283357Z [1m[92m   Compiling[0m untrusted v0.9.0
Identity Tests (Rust)	Run Identity Tests	2026-01-13T21:52:11.6529756Z [1m[92m   Compiling[0m idna_adapter v1.2.1
Identity Tests (Rust)	Run Identity Tests	2026-01-13T21:52:12.2234046Z [1m[92m   Compiling[0m sha2 v0.10.9
Identity Tests (Rust)	Run Identity Tests	2026-01-13T21:52:12.6373100Z [1m[92m   Compiling[0m rand_core v0.6.4
Identity Tests (Rust)	Run Identity Tests	2026-01-13T21:52:12.7665153Z [1m[92m   Compiling[0m allocator-api2 v0.2.21
Identity Tests (Rust)	Run Identity Tests	2026-01-13T21:52:12.8684007Z [1m[92m   Compiling[0m ryu v1.0.22
Identity Tests (Rust)	Run Identity Tests	2026-01-13T21:52:12.9706005Z [1m[92m   Compiling[0m rustls v0.23.36
Identity Tests (Rust)	Run Identity Tests	2026-01-13T21:52:13.0178569Z [1m[92m   Compiling[0m base64 v0.22.1
Identity Tests (Rust)	Run Identity Tests	2026-01-13T21:52:13.0402289Z [1m[92m   Compiling[0m foldhash v0.1.5
Identity Tests (Rust)	Run Identity Tests	2026-01-13T21:52:13.1203513Z [1m[92m   Compiling[0m hashbrown v0.15.5
Identity Tests (Rust)	Run Identity Tests	2026-01-13T21:52:13.1325600Z [1m[92m   Compiling[0m idna v1.1.0
Identity Tests (Rust)	Run Identity Tests	2026-01-13T21:52:13.2731028Z [1m[92m   Compiling[0m concurrent-queue v2.5.0
Identity Tests (Rust)	Run Identity Tests	2026-01-13T21:52:13.4193350Z [1m[92m   Compiling[0m webpki-roots v1.0.5
Identity Tests (Rust)	Run Identity Tests	2026-01-13T21:52:13.4907892Z [1m[92m   Compiling[0m uuid v1.19.0
Identity Tests (Rust)	Run Identity Tests	2026-01-13T21:52:13.6070833Z [1m[92m   Compiling[0m num-integer v0.1.46
Identity Tests (Rust)	Run Identity Tests	2026-01-13T21:52:13.7830404Z [1m[92m   Compiling[0m httparse v1.10.1
Identity Tests (Rust)	Run Identity Tests	2026-01-13T21:52:13.8584309Z [1m[92m   Compiling[0m crc-catalog v2.4.0
Identity Tests (Rust)	Run Identity Tests	2026-01-13T21:52:13.8979077Z [1m[92m   Compiling[0m parking v2.2.1
Identity Tests (Rust)	Run Identity Tests	2026-01-13T21:52:13.9233405Z [1m[92m   Compiling[0m crc v3.4.0
Identity Tests (Rust)	Run Identity Tests	2026-01-13T21:52:13.9611645Z [1m[92m   Compiling[0m event-listener v5.4.1
Identity Tests (Rust)	Run Identity Tests	2026-01-13T21:52:13.9876504Z [1m[92m   Compiling[0m num-bigint v0.4.6
Identity Tests (Rust)	Run Identity Tests	2026-01-13T21:52:14.0700896Z [1m[92m   Compiling[0m hashlink v0.10.0
Identity Tests (Rust)	Run Identity Tests	2026-01-13T21:52:14.1586295Z [1m[92m   Compiling[0m webpki-roots v0.26.11
Identity Tests (Rust)	Run Identity Tests	2026-01-13T21:52:14.1902696Z [1m[92m   Compiling[0m url v2.5.8
Identity Tests (Rust)	Run Identity Tests	2026-01-13T21:52:14.2705677Z [1m[92m   Compiling[0m crossbeam-queue v0.3.12
Identity Tests (Rust)	Run Identity Tests	2026-01-13T21:52:14.3380616Z [1m[92m   Compiling[0m http-body v1.0.1
Identity Tests (Rust)	Run Identity Tests	2026-01-13T21:52:14.3936618Z [1m[92m   Compiling[0m tokio-util v0.7.18
Identity Tests (Rust)	Run Identity Tests	2026-01-13T21:52:14.9970080Z [1m[92m   Compiling[0m rand_core v0.9.3
Identity Tests (Rust)	Run Identity Tests	2026-01-13T21:52:15.1242314Z [1m[92m   Compiling[0m aho-corasick v1.1.4
Identity Tests (Rust)	Run Identity Tests	2026-01-13T21:52:15.4593338Z [1m[92m   Compiling[0m regex-syntax v0.8.8
Identity Tests (Rust)	Run Identity Tests	2026-01-13T21:52:15.8058949Z [1m[92m   Compiling[0m rand_chacha v0.9.0
Identity Tests (Rust)	Run Identity Tests	2026-01-13T21:52:16.7830956Z [1m[92m   Compiling[0m regex-automata v0.4.13
Identity Tests (Rust)	Run Identity Tests	2026-01-13T21:52:17.3343948Z [1m[92m   Compiling[0m tinyvec_macros v0.1.1
Identity Tests (Rust)	Run Identity Tests	2026-01-13T21:52:17.3571506Z [1m[92m   Compiling[0m foreign-types-shared v0.1.1
Identity Tests (Rust)	Run Identity Tests	2026-01-13T21:52:17.3896345Z [1m[92m   Compiling[0m openssl v0.10.75
Identity Tests (Rust)	Run Identity Tests	2026-01-13T21:52:17.5162348Z [1m[92m   Compiling[0m tower-service v0.3.3
Identity Tests (Rust)	Run Identity Tests	2026-01-13T21:52:17.5501274Z [1m[92m   Compiling[0m foreign-types v0.3.2
Identity Tests (Rust)	Run Identity Tests	2026-01-13T21:52:17.5718618Z [1m[92m   Compiling[0m tinyvec v1.10.0
Identity Tests (Rust)	Run Identity Tests	2026-01-13T21:52:18.1692810Z [1m[92m   Compiling[0m rand v0.9.2
Identity Tests (Rust)	Run Identity Tests	2026-01-13T21:52:20.7543874Z [1m[92m   Compiling[0m rustls-webpki v0.103.8
Identity Tests (Rust)	Run Identity Tests	2026-01-13T21:52:22.4137126Z [1m[92m   Compiling[0m openssl-macros v0.1.1
Identity Tests (Rust)	Run Identity Tests	2026-01-13T21:52:22.6006261Z [1m[92m   Compiling[0m libsqlite3-sys v0.30.1
Identity Tests (Rust)	Run Identity Tests	2026-01-13T21:52:22.8080342Z [1m[92m   Compiling[0m spin v0.9.8
Identity Tests (Rust)	Run Identity Tests	2026-01-13T21:52:23.0626428Z [1m[92m   Compiling[0m atomic-waker v1.1.2
Identity Tests (Rust)	Run Identity Tests	2026-01-13T21:52:23.1218381Z [1m[92m   Compiling[0m data-encoding v2.9.0
Identity Tests (Rust)	Run Identity Tests	2026-01-13T21:52:23.4242496Z [1m[92m   Compiling[0m hex v0.4.3
Identity Tests (Rust)	Run Identity Tests	2026-01-13T21:52:23.6566760Z [1m[92m   Compiling[0m fnv v1.0.7
Identity Tests (Rust)	Run Identity Tests	2026-01-13T21:52:23.6953823Z [1m[92m   Compiling[0m try-lock v0.2.5
Identity Tests (Rust)	Run Identity Tests	2026-01-13T21:52:23.7402301Z [1m[92m   Compiling[0m want v0.3.1
Identity Tests (Rust)	Run Identity Tests	2026-01-13T21:52:23.8341990Z [1m[92m   Compiling[0m h2 v0.4.13
Identity Tests (Rust)	Run Identity Tests	2026-01-13T21:52:27.4858515Z [1m[92m   Compiling[0m tokio-stream v0.1.18
Identity Tests (Rust)	Run Identity Tests	2026-01-13T21:52:28.9626860Z [1m[92m   Compiling[0m futures-intrusive v0.5.0
Identity Tests (Rust)	Run Identity Tests	2026-01-13T21:52:29.3992218Z [1m[92m   Compiling[0m unicode-normalization v0.1.25
Identity Tests (Rust)	Run Identity Tests	2026-01-13T21:52:29.4041463Z [1m[92m   Compiling[0m http-body-util v0.1.3
Identity Tests (Rust)	Run Identity Tests	2026-01-13T21:52:29.6067582Z [1m[92m   Compiling[0m chrono v0.4.42
Identity Tests (Rust)	Run Identity Tests	2026-01-13T21:52:30.1915722Z [1m[92m   Compiling[0m either v1.15.0
Identity Tests (Rust)	Run Identity Tests	2026-01-13T21:52:31.0573505Z [1m[92m   Compiling[0m hmac v0.12.1
Identity Tests (Rust)	Run Identity Tests	2026-01-13T21:52:31.1471429Z [1m[92m   Compiling[0m sync_wrapper v1.0.2
Identity Tests (Rust)	Run Identity Tests	2026-01-13T21:52:31.1957952Z [1m[92m   Compiling[0m num-conv v0.1.0
Identity Tests (Rust)	Run Identity Tests	2026-01-13T21:52:31.4892763Z [1m[92m   Compiling[0m thiserror v1.0.69
Identity Tests (Rust)	Run Identity Tests	2026-01-13T21:52:31.5612304Z [1m[92m   Compiling[0m minimal-lexical v0.2.1
Identity Tests (Rust)	Run Identity Tests	2026-01-13T21:52:31.6624434Z [1m[92m   Compiling[0m powerfmt v0.2.0
Identity Tests (Rust)	Run Identity Tests	2026-01-13T21:52:31.7702332Z [1m[92m   Compiling[0m unicode-properties v0.1.4
Identity Tests (Rust)	Run Identity Tests	2026-01-13T21:52:31.8579089Z [1m[92m   Compiling[0m tower-layer v0.3.3
Identity Tests (Rust)	Run Identity Tests	2026-01-13T21:52:31.9216994Z [1m[92m   Compiling[0m lazy_static v1.5.0
Identity Tests (Rust)	Run Identity Tests	2026-01-13T21:52:31.9621148Z [1m[92m   Compiling[0m unicode-bidi v0.3.18
Identity Tests (Rust)	Run Identity Tests	2026-01-13T21:52:31.9841560Z [1m[92m   Compiling[0m httpdate v1.0.3
Identity Tests (Rust)	Run Identity Tests	2026-01-13T21:52:32.0885248Z [1m[92m   Compiling[0m time-core v0.1.6
Identity Tests (Rust)	Run Identity Tests	2026-01-13T21:52:32.1528799Z [1m[92m   Compiling[0m hyper v1.8.1
Identity Tests (Rust)	Run Identity Tests	2026-01-13T21:52:32.1967149Z [1m[92m   Compiling[0m time-macros v0.2.24
Identity Tests (Rust)	Run Identity Tests	2026-01-13T21:52:32.5972495Z [1m[92m   Compiling[0m stringprep v0.1.5
Identity Tests (Rust)	Run Identity Tests	2026-01-13T21:52:33.1702828Z [1m[92m   Compiling[0m sqlx-core v0.8.6
Identity Tests (Rust)	Run Identity Tests	2026-01-13T21:52:33.2272017Z [1m[92m   Compiling[0m deranged v0.5.5
Identity Tests (Rust)	Run Identity Tests	2026-01-13T21:52:34.1165082Z [1m[92m   Compiling[0m nom v7.1.3
Identity Tests (Rust)	Run Identity Tests	2026-01-13T21:52:34.5531768Z [1m[92m   Compiling[0m hkdf v0.12.4
Identity Tests (Rust)	Run Identity Tests	2026-01-13T21:52:34.6298989Z [1m[92m   Compiling[0m rand_chacha v0.3.1
Identity Tests (Rust)	Run Identity Tests	2026-01-13T21:52:35.2815759Z [1m[92m   Compiling[0m serde_urlencoded v0.7.1
Identity Tests (Rust)	Run Identity Tests	2026-01-13T21:52:35.5141596Z [1m[92m   Compiling[0m atoi v2.0.0
Identity Tests (Rust)	Run Identity Tests	2026-01-13T21:52:35.6592983Z [1m[92m   Compiling[0m thiserror-impl v1.0.69
Identity Tests (Rust)	Run Identity Tests	2026-01-13T21:52:35.8414361Z [1m[92m   Compiling[0m md-5 v0.10.6
Identity Tests (Rust)	Run Identity Tests	2026-01-13T21:52:35.9537657Z [1m[92m   Compiling[0m whoami v1.6.1
Identity Tests (Rust)	Run Identity Tests	2026-01-13T21:52:36.2384152Z [1m[92m   Compiling[0m ipnet v2.11.0
Identity Tests (Rust)	Run Identity Tests	2026-01-13T21:52:36.8692347Z [1m[92m   Compiling[0m dotenvy v0.15.7
Identity Tests (Rust)	Run Identity Tests	2026-01-13T21:52:36.9850853Z [1m[92m   Compiling[0m semver v1.0.27
Identity Tests (Rust)	Run Identity Tests	2026-01-13T21:52:37.2860885Z [1m[92m   Compiling[0m home v0.5.12
Identity Tests (Rust)	Run Identity Tests	2026-01-13T21:52:37.2937766Z [1m[92m   Compiling[0m byteorder v1.5.0
Identity Tests (Rust)	Run Identity Tests	2026-01-13T21:52:37.3552565Z [1m[92m   Compiling[0m rustc_version v0.4.1
Identity Tests (Rust)	Run Identity Tests	2026-01-13T21:52:37.4409712Z [1m[92m   Compiling[0m hyper-util v0.1.19
Identity Tests (Rust)	Run Identity Tests	2026-01-13T21:52:37.4896764Z [1m[92m   Compiling[0m rusticata-macros v4.1.0
Identity Tests (Rust)	Run Identity Tests	2026-01-13T21:52:37.5398417Z [1m[92m   Compiling[0m rand v0.8.5
Identity Tests (Rust)	Run Identity Tests	2026-01-13T21:52:37.5870359Z [1m[92m   Compiling[0m time v0.3.44
Identity Tests (Rust)	Run Identity Tests	2026-01-13T21:52:37.6374150Z [1m[92m   Compiling[0m tower v0.5.2
Identity Tests (Rust)	Run Identity Tests	2026-01-13T21:52:38.2255882Z [1m[92m   Compiling[0m flume v0.11.1
Identity Tests (Rust)	Run Identity Tests	2026-01-13T21:52:38.3969024Z [1m[92m   Compiling[0m futures-executor v0.3.31
Identity Tests (Rust)	Run Identity Tests	2026-01-13T21:52:39.5755994Z [1m[92m   Compiling[0m asn1-rs-impl v0.2.0
Identity Tests (Rust)	Run Identity Tests	2026-01-13T21:52:39.7379368Z [1m[92m   Compiling[0m asn1-rs-derive v0.5.1
Identity Tests (Rust)	Run Identity Tests	2026-01-13T21:52:39.8196969Z [1m[92m   Compiling[0m sha1 v0.10.6
Identity Tests (Rust)	Run Identity Tests	2026-01-13T21:52:39.9617668Z [1m[92m   Compiling[0m utf-8 v0.7.6
Identity Tests (Rust)	Run Identity Tests	2026-01-13T21:52:39.9836135Z [1m[92m   Compiling[0m anyhow v1.0.100
Identity Tests (Rust)	Run Identity Tests	2026-01-13T21:52:40.0711950Z [1m[92m   Compiling[0m mime v0.3.17
Identity Tests (Rust)	Run Identity Tests	2026-01-13T21:52:40.0827718Z [1m[92m   Compiling[0m native-tls v0.2.14
Identity Tests (Rust)	Run Identity Tests	2026-01-13T21:52:40.2016468Z [1m[92m   Compiling[0m tungstenite v0.28.0
Identity Tests (Rust)	Run Identity Tests	2026-01-13T21:52:40.2724344Z [1m[92m   Compiling[0m asn1-rs v0.6.2
Identity Tests (Rust)	Run Identity Tests	2026-01-13T21:52:40.2948703Z [1m[92m   Compiling[0m sqlx-sqlite v0.8.6
Identity Tests (Rust)	Run Identity Tests	2026-01-13T21:52:41.3564581Z [1m[92m   Compiling[0m sqlx-postgres v0.8.6
Identity Tests (Rust)	Run Identity Tests	2026-01-13T21:52:41.9370719Z [1m[92m   Compiling[0m curve25519-dalek v4.1.3
Identity Tests (Rust)	Run Identity Tests	2026-01-13T21:52:42.0681205Z [1m[92m   Compiling[0m regex v1.12.2
Identity Tests (Rust)	Run Identity Tests	2026-01-13T21:52:43.0566091Z [1m[92m   Compiling[0m heck v0.5.0
Identity Tests (Rust)	Run Identity Tests	2026-01-13T21:52:43.2144961Z [1m[92m   Compiling[0m iri-string v0.7.10
Identity Tests (Rust)	Run Identity Tests	2026-01-13T21:52:43.8374676Z [1m[92m   Compiling[0m base64 v0.21.7
Identity Tests (Rust)	Run Identity Tests	2026-01-13T21:52:44.1154377Z [1m[92m   Compiling[0m rust_decimal v1.39.0
Identity Tests (Rust)	Run Identity Tests	2026-01-13T21:52:44.2338148Z [1m[92m   Compiling[0m oid-registry v0.7.1
Identity Tests (Rust)	Run Identity Tests	2026-01-13T21:52:44.3000991Z [1m[92m   Compiling[0m openssl-probe v0.1.6
Identity Tests (Rust)	Run Identity Tests	2026-01-13T21:52:44.4137521Z [1m[92m   Compiling[0m pastey v0.1.1
Identity Tests (Rust)	Run Identity Tests	2026-01-13T21:52:44.7620541Z [1m[92m   Compiling[0m tower-http v0.6.8
Identity Tests (Rust)	Run Identity Tests	2026-01-13T21:52:44.7834705Z [1m[92m   Compiling[0m base64urlsafedata v0.5.4
Identity Tests (Rust)	Run Identity Tests	2026-01-13T21:52:45.1915985Z [1m[92m   Compiling[0m sqlx-macros-core v0.8.6
Identity Tests (Rust)	Run Identity Tests	2026-01-13T21:52:45.5815811Z [1m[92m   Compiling[0m tokio-tungstenite v0.28.0
Identity Tests (Rust)	Run Identity Tests	2026-01-13T21:52:45.8996946Z [1m[92m   Compiling[0m axum-core v0.5.6
Identity Tests (Rust)	Run Identity Tests	2026-01-13T21:52:46.3796658Z [1m[92m   Compiling[0m axum-macros v0.5.0
Identity Tests (Rust)	Run Identity Tests	2026-01-13T21:52:46.8730257Z [1m[92m   Compiling[0m curve25519-dalek-derive v0.1.1
Identity Tests (Rust)	Run Identity Tests	2026-01-13T21:52:47.3302959Z [1m[92m   Compiling[0m serde_path_to_error v0.1.20
Identity Tests (Rust)	Run Identity Tests	2026-01-13T21:52:47.5781581Z [1m[92m   Compiling[0m matchit v0.8.4
Identity Tests (Rust)	Run Identity Tests	2026-01-13T21:52:47.6822224Z [1m[92m   Compiling[0m bit-vec v0.6.3
Identity Tests (Rust)	Run Identity Tests	2026-01-13T21:52:47.8389425Z [1m[92m   Compiling[0m arrayvec v0.7.6
Identity Tests (Rust)	Run Identity Tests	2026-01-13T21:52:47.9227087Z [1m[92m   Compiling[0m webauthn-attestation-ca v0.5.4
Identity Tests (Rust)	Run Identity Tests	2026-01-13T21:52:48.0134951Z [1m[92m   Compiling[0m signature v2.2.0
Identity Tests (Rust)	Run Identity Tests	2026-01-13T21:52:48.0399099Z [1m[92m   Compiling[0m axum v0.8.8
Identity Tests (Rust)	Run Identity Tests	2026-01-13T21:52:48.0801645Z [1m[92m   Compiling[0m ed25519 v2.2.3
Identity Tests (Rust)	Run Identity Tests	2026-01-13T21:52:48.0942945Z [1m[92m   Compiling[0m sqlx-macros v0.8.6
Identity Tests (Rust)	Run Identity Tests	2026-01-13T21:52:48.2000019Z [1m[92m   Compiling[0m bit-set v0.5.3
Identity Tests (Rust)	Run Identity Tests	2026-01-13T21:52:49.7286632Z [1m[92m   Compiling[0m tokio-native-tls v0.3.1
Identity Tests (Rust)	Run Identity Tests	2026-01-13T21:52:50.1893065Z [1m[92m   Compiling[0m der-parser v9.0.0
Identity Tests (Rust)	Run Identity Tests	2026-01-13T21:52:50.8601566Z [1m[92m   Compiling[0m sharded-slab v0.1.7
Identity Tests (Rust)	Run Identity Tests	2026-01-13T21:52:51.4250610Z [1m[92m   Compiling[0m matchers v0.2.0
Identity Tests (Rust)	Run Identity Tests	2026-01-13T21:52:51.5030624Z [1m[92m   Compiling[0m half v2.7.1
Identity Tests (Rust)	Run Identity Tests	2026-01-13T21:52:51.8649929Z [1m[92m   Compiling[0m rust_decimal_macros v1.39.0
Identity Tests (Rust)	Run Identity Tests	2026-01-13T21:52:52.1283108Z [1m[92m   Compiling[0m tracing-log v0.2.0
Identity Tests (Rust)	Run Identity Tests	2026-01-13T21:52:52.3051725Z [1m[92m   Compiling[0m thread_local v1.1.9
Identity Tests (Rust)	Run Identity Tests	2026-01-13T21:52:52.4808271Z [1m[92m   Compiling[0m webauthn-rs-core v0.5.4
Identity Tests (Rust)	Run Identity Tests	2026-01-13T21:52:52.5901615Z [1m[92m   Compiling[0m nu-ansi-term v0.50.3
Identity Tests (Rust)	Run Identity Tests	2026-01-13T21:52:52.8700044Z [1m[92m   Compiling[0m tracing-subscriber v0.3.22
Identity Tests (Rust)	Run Identity Tests	2026-01-13T21:52:53.0731336Z [1m[92m   Compiling[0m agentkern-governance v0.1.0 (/home/runner/work/agentkern/agentkern/packages/foundation/governance)
Identity Tests (Rust)	Run Identity Tests	2026-01-13T21:52:54.2297102Z [1m[92m   Compiling[0m sqlx v0.8.6
Identity Tests (Rust)	Run Identity Tests	2026-01-13T21:52:54.3931588Z [1m[92m   Compiling[0m serde_cbor_2 v0.13.0
Identity Tests (Rust)	Run Identity Tests	2026-01-13T21:52:55.0447136Z [1m[92m   Compiling[0m x509-parser v0.16.0
Identity Tests (Rust)	Run Identity Tests	2026-01-13T21:52:55.4240865Z [1m[92m   Compiling[0m hyper-tls v0.6.0
Identity Tests (Rust)	Run Identity Tests	2026-01-13T21:52:55.5814714Z [1m[92m   Compiling[0m ed25519-dalek v2.2.0
Identity Tests (Rust)	Run Identity Tests	2026-01-13T21:52:55.8213181Z [1m[92m   Compiling[0m fancy-regex v0.13.0
Identity Tests (Rust)	Run Identity Tests	2026-01-13T21:52:57.4960147Z [1m[92m   Compiling[0m webauthn-rs-proto v0.5.4
Identity Tests (Rust)	Run Identity Tests	2026-01-13T21:52:57.5144387Z [1m[92m   Compiling[0m bstr v1.12.1
Identity Tests (Rust)	Run Identity Tests	2026-01-13T21:52:57.6298485Z [1m[92m   Compiling[0m async-trait v0.1.89
Identity Tests (Rust)	Run Identity Tests	2026-01-13T21:52:58.2576807Z [1m[92m   Compiling[0m encoding_rs v0.8.35
Identity Tests (Rust)	Run Identity Tests	2026-01-13T21:52:58.4441094Z [1m[92m   Compiling[0m unsafe-libyaml v0.2.11
Identity Tests (Rust)	Run Identity Tests	2026-01-13T21:52:58.4618587Z [1m[92m   Compiling[0m rustc-hash v1.1.0
Identity Tests (Rust)	Run Identity Tests	2026-01-13T21:52:58.5087246Z [1m[92m   Compiling[0m tiktoken-rs v0.9.1
Identity Tests (Rust)	Run Identity Tests	2026-01-13T21:52:59.0790252Z [1m[92m   Compiling[0m serde_yaml v0.9.34+deprecated
Identity Tests (Rust)	Run Identity Tests	2026-01-13T21:52:59.4751887Z [1m[92m   Compiling[0m reqwest v0.12.28
Identity Tests (Rust)	Run Identity Tests	2026-01-13T21:53:00.2268532Z [1m[92m   Compiling[0m agentkern-treasury v0.1.0 (/home/runner/work/agentkern/agentkern/packages/pillars/treasury)
Identity Tests (Rust)	Run Identity Tests	2026-01-13T21:53:01.0295318Z [1m[92m   Compiling[0m agentkern-parsers v0.1.0 (/home/runner/work/agentkern/agentkern/packages/foundation/parsers)
Identity Tests (Rust)	Run Identity Tests	2026-01-13T21:53:02.1651145Z [1m[92m   Compiling[0m futures v0.3.31
Identity Tests (Rust)	Run Identity Tests	2026-01-13T21:53:02.2027544Z [1m[92m   Compiling[0m agentkern-multitenancy v0.1.0 (/home/runner/work/agentkern/agentkern/ee/multitenancy)
Identity Tests (Rust)	Run Identity Tests	2026-01-13T21:53:02.7896152Z [1m[92m   Compiling[0m deunicode v1.6.2
Identity Tests (Rust)	Run Identity Tests	2026-01-13T21:53:02.9689457Z [1m[92m   Compiling[0m agentkern-gate v0.1.0 (/home/runner/work/agentkern/agentkern/packages/pillars/gate)
Identity Tests (Rust)	Run Identity Tests	2026-01-13T21:53:03.4450842Z [1m[92m   Compiling[0m agentkern-nexus v0.1.0 (/home/runner/work/agentkern/agentkern/packages/pillars/nexus)
Identity Tests (Rust)	Run Identity Tests	2026-01-13T21:53:03.8881596Z [1m[92m   Compiling[0m webauthn-rs v0.5.4
Identity Tests (Rust)	Run Identity Tests	2026-01-13T21:53:04.2229775Z [1m[92m   Compiling[0m agentkern-crypto v0.1.0 (/home/runner/work/agentkern/agentkern/packages/foundation/crypto)
Identity Tests (Rust)	Run Identity Tests	2026-01-13T21:53:06.8961721Z [1m[92m   Compiling[0m agentkern-identity v0.1.0 (/home/runner/work/agentkern/agentkern/packages/pillars/identity)
Identity Tests (Rust)	Run Identity Tests	2026-01-13T21:53:07.0902131Z [1m[33mwarning[0m[1m: unused import: `AgentStatus`[0m
Identity Tests (Rust)	Run Identity Tests	2026-01-13T21:53:07.0903937Z   [1m[94m--> [0mpackages/pillars/identity/src/api/server.rs:12:21
Identity Tests (Rust)	Run Identity Tests	2026-01-13T21:53:07.0904824Z    [1m[94m|[0m
Identity Tests (Rust)	Run Identity Tests	2026-01-13T21:53:07.0915630Z [1m[94m12[0m [1m[94m|[0m use crate::models::{AgentStatus, VerificationKey};
Identity Tests (Rust)	Run Identity Tests	2026-01-13T21:53:07.0916502Z    [1m[94m|[0m                     [1m[33m^^^^^^^^^^^[0m
Identity Tests (Rust)	Run Identity Tests	2026-01-13T21:53:07.0917073Z    [1m[94m|[0m
Identity Tests (Rust)	Run Identity Tests	2026-01-13T21:53:07.0918035Z    [1m[94m= [0m[1mnote[0m: `#[warn(unused_imports)]` (part of `#[warn(unused)]`) on by default
Identity Tests (Rust)	Run Identity Tests	2026-01-13T21:53:07.0918650Z 
Identity Tests (Rust)	Run Identity Tests	2026-01-13T21:53:07.0942055Z [1m[33mwarning[0m[1m: unused import: `uuid::Uuid`[0m
Identity Tests (Rust)	Run Identity Tests	2026-01-13T21:53:07.0942895Z  [1m[94m--> [0mpackages/pillars/identity/src/services/manager.rs:5:5
Identity Tests (Rust)	Run Identity Tests	2026-01-13T21:53:07.0943551Z   [1m[94m|[0m
Identity Tests (Rust)	Run Identity Tests	2026-01-13T21:53:07.0944083Z [1m[94m5[0m [1m[94m|[0m use uuid::Uuid;
Identity Tests (Rust)	Run Identity Tests	2026-01-13T21:53:07.0944649Z   [1m[94m|[0m     [1m[33m^^^^^^^^^^[0m
Identity Tests (Rust)	Run Identity Tests	2026-01-13T21:53:07.0944957Z 
Identity Tests (Rust)	Run Identity Tests	2026-01-13T21:53:08.0000433Z [1m[33mwarning[0m[1m: struct `AgentResponse` is never constructed[0m
Identity Tests (Rust)	Run Identity Tests	2026-01-13T21:53:08.0001480Z    [1m[94m--> [0mpackages/pillars/identity/src/api/server.rs:144:8
Identity Tests (Rust)	Run Identity Tests	2026-01-13T21:53:08.0002126Z     [1m[94m|[0m
Identity Tests (Rust)	Run Identity Tests	2026-01-13T21:53:08.0002607Z [1m[94m144[0m [1m[94m|[0m struct AgentResponse {
Identity Tests (Rust)	Run Identity Tests	2026-01-13T21:53:08.0003226Z     [1m[94m|[0m        [1m[33m^^^^^^^^^^^^^[0m
Identity Tests (Rust)	Run Identity Tests	2026-01-13T21:53:08.0003738Z     [1m[94m|[0m
Identity Tests (Rust)	Run Identity Tests	2026-01-13T21:53:08.0004418Z     [1m[94m= [0m[1mnote[0m: `#[warn(dead_code)]` (part of `#[warn(unused)]`) on by default
Identity Tests (Rust)	Run Identity Tests	2026-01-13T21:53:08.0004952Z 
Identity Tests (Rust)	Run Identity Tests	2026-01-13T21:53:09.2224354Z [1m[33mwarning[0m[1m: unused import: `Engine`[0m
Identity Tests (Rust)	Run Identity Tests	2026-01-13T21:53:09.2225337Z    [1m[94m--> [0mpackages/pillars/identity/src/services/verifier.rs:154:60
Identity Tests (Rust)	Run Identity Tests	2026-01-13T21:53:09.2226007Z     [1m[94m|[0m
Identity Tests (Rust)	Run Identity Tests	2026-01-13T21:53:09.2228791Z [1m[94m154[0m [1m[94m|[0m     use base64::{engine::general_purpose::URL_SAFE_NO_PAD, Engine as _};
Identity Tests (Rust)	Run Identity Tests	2026-01-13T21:53:09.2229790Z     [1m[94m|[0m                                                            [1m[33m^^^^^^[0m
Identity Tests (Rust)	Run Identity Tests	2026-01-13T21:53:09.2230234Z 
Identity Tests (Rust)	Run Identity Tests	2026-01-13T21:53:09.3848352Z [1m[33mwarning[0m: `agentkern-identity` (lib) generated 3 warnings (run `cargo fix --lib -p agentkern-identity` to apply 2 suggestions)
Identity Tests (Rust)	Run Identity Tests	2026-01-13T21:53:11.1703023Z [1m[33mwarning[0m: `agentkern-identity` (lib test) generated 4 warnings (3 duplicates)
Identity Tests (Rust)	Run Identity Tests	2026-01-13T21:53:11.1704283Z [1m[92m    Finished[0m `test` profile [unoptimized + debuginfo] target(s) in 1m 24s
Identity Tests (Rust)	Run Identity Tests	2026-01-13T21:53:11.1896090Z [1m[92m     Running[0m unittests src/lib.rs (target/debug/deps/agentkern_identity-dec0f6cfb1b9b31c)
Identity Tests (Rust)	Run Identity Tests	2026-01-13T21:53:11.1907786Z 
Identity Tests (Rust)	Run Identity Tests	2026-01-13T21:53:11.1907998Z running 2 tests
Identity Tests (Rust)	Run Identity Tests	2026-01-13T21:53:11.1911166Z test services::verifier::tests::test_verify_expiration ... ok
Identity Tests (Rust)	Run Identity Tests	2026-01-13T21:53:11.1911927Z test services::verifier::tests::test_parse_header_valid ... ok
Identity Tests (Rust)	Run Identity Tests	2026-01-13T21:53:11.1912379Z 
Identity Tests (Rust)	Run Identity Tests	2026-01-13T21:53:11.1912943Z test result: ok. 2 passed; 0 failed; 0 ignored; 0 measured; 0 filtered out; finished in 0.00s
Identity Tests (Rust)	Run Identity Tests	2026-01-13T21:53:11.1913575Z 
Identity Tests (Rust)	Run Identity Tests	2026-01-13T21:53:11.1915205Z [1m[92m   Doc-tests[0m agentkern_identity
Identity Tests (Rust)	Run Identity Tests	2026-01-13T21:53:11.7888683Z 
Identity Tests (Rust)	Run Identity Tests	2026-01-13T21:53:11.7889149Z running 0 tests
Identity Tests (Rust)	Run Identity Tests	2026-01-13T21:53:11.7889401Z 
Identity Tests (Rust)	Run Identity Tests	2026-01-13T21:53:11.7889824Z test result: ok. 0 passed; 0 failed; 0 ignored; 0 measured; 0 filtered out; finished in 0.00s
Identity Tests (Rust)	Run Identity Tests	2026-01-13T21:53:11.7890501Z 
Identity Tests (Rust)	Build agentkern-server	﻿2026-01-13T21:53:11.8064859Z ##[group]Run cargo build -p agentkern-server --release
Identity Tests (Rust)	Build agentkern-server	2026-01-13T21:53:11.8065259Z [36;1mcargo build -p agentkern-server --release[0m
Identity Tests (Rust)	Build agentkern-server	2026-01-13T21:53:11.8098487Z shell: /usr/bin/bash -e {0}
Identity Tests (Rust)	Build agentkern-server	2026-01-13T21:53:11.8098706Z env:
Identity Tests (Rust)	Build agentkern-server	2026-01-13T21:53:11.8098876Z   CARGO_TERM_COLOR: always
Identity Tests (Rust)	Build agentkern-server	2026-01-13T21:53:11.8099089Z   RUST_VERSION: stable
Identity Tests (Rust)	Build agentkern-server	2026-01-13T21:53:11.8099278Z   PNPM_VERSION: 9
Identity Tests (Rust)	Build agentkern-server	2026-01-13T21:53:11.8099474Z   PYO3_PYTHON: python3
Identity Tests (Rust)	Build agentkern-server	2026-01-13T21:53:11.8099667Z ##[endgroup]
Identity Tests (Rust)	Build agentkern-server	2026-01-13T21:53:11.8785365Z [1m[33mwarning[0m: profiles for the non root package will be ignored, specify profiles at the workspace root:
Identity Tests (Rust)	Build agentkern-server	2026-01-13T21:53:11.8786609Z package:   /home/runner/work/agentkern/agentkern/packages/sdk-node/Cargo.toml
Identity Tests (Rust)	Build agentkern-server	2026-01-13T21:53:11.8787662Z workspace: /home/runner/work/agentkern/agentkern/Cargo.toml
Identity Tests (Rust)	Build agentkern-server	2026-01-13T21:53:12.5214084Z [1m[92m   Compiling[0m proc-macro2 v1.0.105
Identity Tests (Rust)	Build agentkern-server	2026-01-13T21:53:12.5215062Z [1m[92m   Compiling[0m quote v1.0.43
Identity Tests (Rust)	Build agentkern-server	2026-01-13T21:53:12.5216068Z [1m[92m   Compiling[0m unicode-ident v1.0.22
Identity Tests (Rust)	Build agentkern-server	2026-01-13T21:53:12.5216960Z [1m[92m   Compiling[0m libc v0.2.180
Identity Tests (Rust)	Build agentkern-server	2026-01-13T21:53:12.6023058Z [1m[92m   Compiling[0m serde v1.0.228
Identity Tests (Rust)	Build agentkern-server	2026-01-13T21:53:12.6804285Z [1m[92m   Compiling[0m cfg-if v1.0.4
Identity Tests (Rust)	Build agentkern-server	2026-01-13T21:53:12.7189729Z [1m[92m   Compiling[0m serde_core v1.0.228
Identity Tests (Rust)	Build agentkern-server	2026-01-13T21:53:12.7899736Z [1m[92m   Compiling[0m autocfg v1.5.0
Identity Tests (Rust)	Build agentkern-server	2026-01-13T21:53:13.1290948Z [1m[92m   Compiling[0m find-msvc-tools v0.1.6
Identity Tests (Rust)	Build agentkern-server	2026-01-13T21:53:13.3830887Z [1m[92m   Compiling[0m shlex v1.3.0
Identity Tests (Rust)	Build agentkern-server	2026-01-13T21:53:13.5066627Z [1m[92m   Compiling[0m syn v2.0.113
Identity Tests (Rust)	Build agentkern-server	2026-01-13T21:53:13.5253156Z [1m[92m   Compiling[0m cc v1.2.51
Identity Tests (Rust)	Build agentkern-server	2026-01-13T21:53:13.9766460Z [1m[92m   Compiling[0m pin-project-lite v0.2.16
Identity Tests (Rust)	Build agentkern-server	2026-01-13T21:53:14.0231064Z [1m[92m   Compiling[0m memchr v2.7.6
Identity Tests (Rust)	Build agentkern-server	2026-01-13T21:53:14.8923596Z [1m[92m   Compiling[0m typenum v1.19.0
Identity Tests (Rust)	Build agentkern-server	2026-01-13T21:53:15.0910692Z [1m[92m   Compiling[0m version_check v0.9.5
Identity Tests (Rust)	Build agentkern-server	2026-01-13T21:53:15.3443871Z [1m[92m   Compiling[0m generic-array v0.14.7
Identity Tests (Rust)	Build agentkern-server	2026-01-13T21:53:15.4322704Z [1m[92m   Compiling[0m parking_lot_core v0.9.12
Identity Tests (Rust)	Build agentkern-server	2026-01-13T21:53:15.4407557Z [1m[92m   Compiling[0m itoa v1.0.17
Identity Tests (Rust)	Build agentkern-server	2026-01-13T21:53:15.4812124Z [1m[92m   Compiling[0m getrandom v0.2.16
Identity Tests (Rust)	Build agentkern-server	2026-01-13T21:53:15.5449111Z [1m[92m   Compiling[0m once_cell v1.21.3
Identity Tests (Rust)	Build agentkern-server	2026-01-13T21:53:15.6384947Z [1m[92m   Compiling[0m bytes v1.11.0
Identity Tests (Rust)	Build agentkern-server	2026-01-13T21:53:15.6614219Z [1m[92m   Compiling[0m futures-core v0.3.31
Identity Tests (Rust)	Build agentkern-server	2026-01-13T21:53:15.7203223Z [1m[92m   Compiling[0m scopeguard v1.2.0
Identity Tests (Rust)	Build agentkern-server	2026-01-13T21:53:15.7552311Z [1m[92m   Compiling[0m log v0.4.29
Identity Tests (Rust)	Build agentkern-server	2026-01-13T21:53:15.7696183Z [1m[92m   Compiling[0m lock_api v0.4.14
Identity Tests (Rust)	Build agentkern-server	2026-01-13T21:53:15.9584323Z [1m[92m   Compiling[0m rand_core v0.6.4
Identity Tests (Rust)	Build agentkern-server	2026-01-13T21:53:15.9807930Z [1m[92m   Compiling[0m pkg-config v0.3.32
Identity Tests (Rust)	Build agentkern-server	2026-01-13T21:53:16.1437746Z [1m[92m   Compiling[0m vcpkg v0.2.15
Identity Tests (Rust)	Build agentkern-server	2026-01-13T21:53:16.4389199Z [1m[92m   Compiling[0m tracing-core v0.1.36
Identity Tests (Rust)	Build agentkern-server	2026-01-13T21:53:16.5818690Z [1m[92m   Compiling[0m errno v0.3.14
Identity Tests (Rust)	Build agentkern-server	2026-01-13T21:53:16.6760464Z [1m[92m   Compiling[0m num-traits v0.2.19
Identity Tests (Rust)	Build agentkern-server	2026-01-13T21:53:16.7560103Z [1m[92m   Compiling[0m futures-sink v0.3.31
Identity Tests (Rust)	Build agentkern-server	2026-01-13T21:53:16.8096751Z [1m[92m   Compiling[0m signal-hook-registry v1.4.8
Identity Tests (Rust)	Build agentkern-server	2026-01-13T21:53:16.8325519Z [1m[92m   Compiling[0m mio v1.1.1
Identity Tests (Rust)	Build agentkern-server	2026-01-13T21:53:17.2369146Z [1m[92m   Compiling[0m synstructure v0.13.2
Identity Tests (Rust)	Build agentkern-server	2026-01-13T21:53:17.4496134Z [1m[92m   Compiling[0m socket2 v0.6.1
Identity Tests (Rust)	Build agentkern-server	2026-01-13T21:53:18.4765540Z [1m[92m   Compiling[0m slab v0.4.11
Identity Tests (Rust)	Build agentkern-server	2026-01-13T21:53:18.6228345Z [1m[92m   Compiling[0m futures-channel v0.3.31
Identity Tests (Rust)	Build agentkern-server	2026-01-13T21:53:18.8504837Z [1m[92m   Compiling[0m pin-utils v0.1.0
Identity Tests (Rust)	Build agentkern-server	2026-01-13T21:53:18.8537668Z [1m[92m   Compiling[0m futures-io v0.3.31
Identity Tests (Rust)	Build agentkern-server	2026-01-13T21:53:18.8810150Z [1m[92m   Compiling[0m futures-task v0.3.31
Identity Tests (Rust)	Build agentkern-server	2026-01-13T21:53:18.8888688Z [1m[92m   Compiling[0m serde_derive v1.0.228
Identity Tests (Rust)	Build agentkern-server	2026-01-13T21:53:18.9757608Z [1m[92m   Compiling[0m zerofrom-derive v0.1.6
Identity Tests (Rust)	Build agentkern-server	2026-01-13T21:53:18.9912828Z [1m[92m   Compiling[0m tracing-attributes v0.1.31
Identity Tests (Rust)	Build agentkern-server	2026-01-13T21:53:19.0654817Z [1m[92m   Compiling[0m yoke-derive v0.8.1
Identity Tests (Rust)	Build agentkern-server	2026-01-13T21:53:19.9087277Z [1m[92m   Compiling[0m displaydoc v0.2.5
Identity Tests (Rust)	Build agentkern-server	2026-01-13T21:53:20.0481636Z [1m[92m   Compiling[0m zerovec-derive v0.11.2
Identity Tests (Rust)	Build agentkern-server	2026-01-13T21:53:20.1279963Z [1m[92m   Compiling[0m tracing v0.1.44
Identity Tests (Rust)	Build agentkern-server	2026-01-13T21:53:20.4223135Z [1m[92m   Compiling[0m tokio-macros v2.6.0
Identity Tests (Rust)	Build agentkern-server	2026-01-13T21:53:20.9455822Z [1m[92m   Compiling[0m futures-macro v0.3.31
Identity Tests (Rust)	Build agentkern-server	2026-01-13T21:53:21.0821719Z [1m[92m   Compiling[0m zerocopy v0.8.31
Identity Tests (Rust)	Build agentkern-server	2026-01-13T21:53:21.1346886Z [1m[92m   Compiling[0m zerocopy-derive v0.8.31
Identity Tests (Rust)	Build agentkern-server	2026-01-13T21:53:21.3283508Z [1m[92m   Compiling[0m zmij v1.0.12
Identity Tests (Rust)	Build agentkern-server	2026-01-13T21:53:21.4573740Z [1m[92m   Compiling[0m icu_properties_data v2.1.2
Identity Tests (Rust)	Build agentkern-server	2026-01-13T21:53:21.5376165Z [1m[92m   Compiling[0m icu_normalizer_data v2.1.1
Identity Tests (Rust)	Build agentkern-server	2026-01-13T21:53:21.5901679Z [1m[92m   Compiling[0m futures-util v0.3.31
Identity Tests (Rust)	Build agentkern-server	2026-01-13T21:53:21.6245417Z [1m[92m   Compiling[0m crypto-common v0.1.7
Identity Tests (Rust)	Build agentkern-server	2026-01-13T21:53:21.7104334Z [1m[92m   Compiling[0m openssl-sys v0.9.111
Identity Tests (Rust)	Build agentkern-server	2026-01-13T21:53:22.0503584Z [1m[92m   Compiling[0m subtle v2.6.1
Identity Tests (Rust)	Build agentkern-server	2026-01-13T21:53:22.1655273Z [1m[92m   Compiling[0m thiserror v2.0.17
Identity Tests (Rust)	Build agentkern-server	2026-01-13T21:53:22.5380446Z [1m[92m   Compiling[0m smallvec v1.15.1
Identity Tests (Rust)	Build agentkern-server	2026-01-13T21:53:22.5982368Z [1m[92m   Compiling[0m serde_json v1.0.149
Identity Tests (Rust)	Build agentkern-server	2026-01-13T21:53:23.0021256Z [1m[92m   Compiling[0m parking_lot v0.12.5
Identity Tests (Rust)	Build agentkern-server	2026-01-13T21:53:23.9521651Z [1m[92m   Compiling[0m tokio v1.49.0
Identity Tests (Rust)	Build agentkern-server	2026-01-13T21:53:24.4403764Z [1m[92m   Compiling[0m thiserror-impl v2.0.17
Identity Tests (Rust)	Build agentkern-server	2026-01-13T21:53:24.6404901Z [1m[92m   Compiling[0m equivalent v1.0.2
Identity Tests (Rust)	Build agentkern-server	2026-01-13T21:53:24.6798560Z [1m[92m   Compiling[0m crossbeam-utils v0.8.21
Identity Tests (Rust)	Build agentkern-server	2026-01-13T21:53:24.8292720Z [1m[92m   Compiling[0m ppv-lite86 v0.2.21
Identity Tests (Rust)	Build agentkern-server	2026-01-13T21:53:25.0443802Z [1m[92m   Compiling[0m zerofrom v0.1.6
Identity Tests (Rust)	Build agentkern-server	2026-01-13T21:53:25.1495258Z [1m[92m   Compiling[0m percent-encoding v2.3.2
Identity Tests (Rust)	Build agentkern-server	2026-01-13T21:53:25.1911900Z [1m[92m   Compiling[0m stable_deref_trait v1.2.1
Identity Tests (Rust)	Build agentkern-server	2026-01-13T21:53:25.2273059Z [1m[92m   Compiling[0m yoke v0.8.1
Identity Tests (Rust)	Build agentkern-server	2026-01-13T21:53:25.3814219Z [1m[92m   Compiling[0m hashbrown v0.16.1
Identity Tests (Rust)	Build agentkern-server	2026-01-13T21:53:25.6209137Z [1m[92m   Compiling[0m fnv v1.0.7
Identity Tests (Rust)	Build agentkern-server	2026-01-13T21:53:25.6720676Z [1m[92m   Compiling[0m zerovec v0.11.5
Identity Tests (Rust)	Build agentkern-server	2026-01-13T21:53:25.9283329Z [1m[92m   Compiling[0m getrandom v0.3.4
Identity Tests (Rust)	Build agentkern-server	2026-01-13T21:53:26.0998031Z [1m[92m   Compiling[0m indexmap v2.12.1
Identity Tests (Rust)	Build agentkern-server	2026-01-13T21:53:26.6521088Z [1m[92m   Compiling[0m block-buffer v0.10.4
Identity Tests (Rust)	Build agentkern-server	2026-01-13T21:53:26.7657697Z [1m[92m   Compiling[0m rustls v0.23.36
Identity Tests (Rust)	Build agentkern-server	2026-01-13T21:53:26.8470712Z [1m[92m   Compiling[0m openssl v0.10.75
Identity Tests (Rust)	Build agentkern-server	2026-01-13T21:53:26.9559689Z [1m[92m   Compiling[0m tower-service v0.3.3
Identity Tests (Rust)	Build agentkern-server	2026-01-13T21:53:26.9670851Z [1m[92m   Compiling[0m zeroize v1.8.2
Identity Tests (Rust)	Build agentkern-server	2026-01-13T21:53:26.9751045Z [1m[92m   Compiling[0m cpufeatures v0.2.17
Identity Tests (Rust)	Build agentkern-server	2026-01-13T21:53:27.0019758Z [1m[92m   Compiling[0m httparse v1.10.1
Identity Tests (Rust)	Build agentkern-server	2026-01-13T21:53:27.0741739Z [1m[92m   Compiling[0m digest v0.10.7
Identity Tests (Rust)	Build agentkern-server	2026-01-13T21:53:27.3398067Z [1m[92m   Compiling[0m tinystr v0.8.2
Identity Tests (Rust)	Build agentkern-server	2026-01-13T21:53:27.5108266Z [1m[92m   Compiling[0m writeable v0.6.2
Identity Tests (Rust)	Build agentkern-server	2026-01-13T21:53:27.5898914Z [1m[92m   Compiling[0m litemap v0.8.1
Identity Tests (Rust)	Build agentkern-server	2026-01-13T21:53:27.7608685Z [1m[92m   Compiling[0m icu_locale_core v2.1.1
Identity Tests (Rust)	Build agentkern-server	2026-01-13T21:53:28.1470860Z [1m[92m   Compiling[0m rustls-pki-types v1.13.2
Identity Tests (Rust)	Build agentkern-server	2026-01-13T21:53:29.0540543Z [1m[92m   Compiling[0m tokio-util v0.7.18
Identity Tests (Rust)	Build agentkern-server	2026-01-13T21:53:30.1073020Z [1m[92m   Compiling[0m potential_utf v0.1.4
Identity Tests (Rust)	Build agentkern-server	2026-01-13T21:53:30.2145389Z [1m[92m   Compiling[0m zerotrie v0.2.3
Identity Tests (Rust)	Build agentkern-server	2026-01-13T21:53:30.6145256Z [1m[92m   Compiling[0m openssl-macros v0.1.1
Identity Tests (Rust)	Build agentkern-server	2026-01-13T21:53:30.6331927Z [1m[92m   Compiling[0m thiserror v1.0.69
Identity Tests (Rust)	Build agentkern-server	2026-01-13T21:53:30.8316457Z [1m[92m   Compiling[0m icu_provider v2.1.1
Identity Tests (Rust)	Build agentkern-server	2026-01-13T21:53:30.8582117Z [1m[92m   Compiling[0m icu_collections v2.1.1
Identity Tests (Rust)	Build agentkern-server	2026-01-13T21:53:31.0348146Z [1m[92m   Compiling[0m thiserror-impl v1.0.69
Identity Tests (Rust)	Build agentkern-server	2026-01-13T21:53:31.2216182Z [1m[92m   Compiling[0m http v1.4.0
Identity Tests (Rust)	Build agentkern-server	2026-01-13T21:53:31.6095999Z [1m[92m   Compiling[0m ring v0.17.14
Identity Tests (Rust)	Build agentkern-server	2026-01-13T21:53:31.9788776Z [1m[92m   Compiling[0m libm v0.2.15
Identity Tests (Rust)	Build agentkern-server	2026-01-13T21:53:32.1308240Z [1m[92m   Compiling[0m base64 v0.22.1
Identity Tests (Rust)	Build agentkern-server	2026-01-13T21:53:32.2486620Z [1m[92m   Compiling[0m try-lock v0.2.5
Identity Tests (Rust)	Build agentkern-server	2026-01-13T21:53:32.6201504Z [1m[92m   Compiling[0m want v0.3.1
Identity Tests (Rust)	Build agentkern-server	2026-01-13T21:53:33.1690985Z [1m[92m   Compiling[0m num-integer v0.1.46
Identity Tests (Rust)	Build agentkern-server	2026-01-13T21:53:33.2016029Z [1m[92m   Compiling[0m bitflags v2.10.0
Identity Tests (Rust)	Build agentkern-server	2026-01-13T21:53:33.4633224Z [1m[92m   Compiling[0m httpdate v1.0.3
Identity Tests (Rust)	Build agentkern-server	2026-01-13T21:53:33.8007819Z [1m[92m   Compiling[0m icu_normalizer v2.1.1
Identity Tests (Rust)	Build agentkern-server	2026-01-13T21:53:33.8424283Z [1m[92m   Compiling[0m icu_properties v2.1.2
Identity Tests (Rust)	Build agentkern-server	2026-01-13T21:53:35.7641559Z [1m[92m   Compiling[0m form_urlencoded v1.2.2
Identity Tests (Rust)	Build agentkern-server	2026-01-13T21:53:35.9681056Z [1m[92m   Compiling[0m rand_chacha v0.3.1
Identity Tests (Rust)	Build agentkern-server	2026-01-13T21:53:36.2524137Z [1m[92m   Compiling[0m bigdecimal v0.4.10
Identity Tests (Rust)	Build agentkern-server	2026-01-13T21:53:36.3879448Z [1m[92m   Compiling[0m tower-layer v0.3.3
Identity Tests (Rust)	Build agentkern-server	2026-01-13T21:53:36.4525413Z [1m[92m   Compiling[0m untrusted v0.9.0
Identity Tests (Rust)	Build agentkern-server	2026-01-13T21:53:36.6509220Z [1m[92m   Compiling[0m native-tls v0.2.14
Identity Tests (Rust)	Build agentkern-server	2026-01-13T21:53:36.8273383Z [1m[92m   Compiling[0m rand v0.8.5
Identity Tests (Rust)	Build agentkern-server	2026-01-13T21:53:37.4153282Z [1m[92m   Compiling[0m idna_adapter v1.2.1
Identity Tests (Rust)	Build agentkern-server	2026-01-13T21:53:37.7016112Z [1m[92m   Compiling[0m either v1.15.0
Identity Tests (Rust)	Build agentkern-server	2026-01-13T21:53:37.8819151Z [1m[92m   Compiling[0m anyhow v1.0.100
Identity Tests (Rust)	Build agentkern-server	2026-01-13T21:53:37.9021800Z [1m[92m   Compiling[0m utf8_iter v1.0.4
Identity Tests (Rust)	Build agentkern-server	2026-01-13T21:53:37.9999520Z [1m[92m   Compiling[0m idna v1.1.0
Identity Tests (Rust)	Build agentkern-server	2026-01-13T21:53:38.6283579Z [1m[92m   Compiling[0m num-bigint v0.4.6
Identity Tests (Rust)	Build agentkern-server	2026-01-13T21:53:38.9727898Z [1m[92m   Compiling[0m http-body v1.0.1
Identity Tests (Rust)	Build agentkern-server	2026-01-13T21:53:39.0654560Z [1m[92m   Compiling[0m uuid v1.19.0
Identity Tests (Rust)	Build agentkern-server	2026-01-13T21:53:40.0177083Z [1m[92m   Compiling[0m aho-corasick v1.1.4
Identity Tests (Rust)	Build agentkern-server	2026-01-13T21:53:40.4672959Z [1m[92m   Compiling[0m regex-syntax v0.8.8
Identity Tests (Rust)	Build agentkern-server	2026-01-13T21:53:43.0152598Z [1m[92m   Compiling[0m rustls-webpki v0.103.8
Identity Tests (Rust)	Build agentkern-server	2026-01-13T21:53:45.7244446Z [1m[92m   Compiling[0m regex-automata v0.4.13
Identity Tests (Rust)	Build agentkern-server	2026-01-13T21:53:46.1464497Z [1m[92m   Compiling[0m sha2 v0.10.9
Identity Tests (Rust)	Build agentkern-server	2026-01-13T21:53:46.6886160Z [1m[92m   Compiling[0m url v2.5.8
Identity Tests (Rust)	Build agentkern-server	2026-01-13T21:53:48.4219062Z [1m[92m   Compiling[0m rand_core v0.9.3
Identity Tests (Rust)	Build agentkern-server	2026-01-13T21:53:48.6224008Z [1m[92m   Compiling[0m lazy_static v1.5.0
Identity Tests (Rust)	Build agentkern-server	2026-01-13T21:53:48.6648876Z [1m[92m   Compiling[0m mime v0.3.17
Identity Tests (Rust)	Build agentkern-server	2026-01-13T21:53:48.7403642Z [1m[92m   Compiling[0m byteorder v1.5.0
Identity Tests (Rust)	Build agentkern-server	2026-01-13T21:53:49.1358629Z [1m[92m   Compiling[0m rand_chacha v0.9.0
Identity Tests (Rust)	Build agentkern-server	2026-01-13T21:53:49.8111042Z [1m[92m   Compiling[0m webpki-roots v1.0.5
Identity Tests (Rust)	Build agentkern-server	2026-01-13T21:53:49.8860578Z [1m[92m   Compiling[0m tokio-stream v0.1.18
Identity Tests (Rust)	Build agentkern-server	2026-01-13T21:53:50.3922887Z [1m[92m   Compiling[0m async-trait v0.1.89
Identity Tests (Rust)	Build agentkern-server	2026-01-13T21:53:50.7718704Z [1m[92m   Compiling[0m libsqlite3-sys v0.30.1
Identity Tests (Rust)	Build agentkern-server	2026-01-13T21:53:51.2262638Z [1m[92m   Compiling[0m iana-time-zone v0.1.64
Identity Tests (Rust)	Build agentkern-server	2026-01-13T21:53:51.2659323Z [1m[92m   Compiling[0m foreign-types-shared v0.1.1
Identity Tests (Rust)	Build agentkern-server	2026-01-13T21:53:51.6519358Z [1m[92m   Compiling[0m atomic-waker v1.1.2
Identity Tests (Rust)	Build agentkern-server	2026-01-13T21:53:51.7231566Z [1m[92m   Compiling[0m h2 v0.4.13
Identity Tests (Rust)	Build agentkern-server	2026-01-13T21:53:51.9373080Z [1m[92m   Compiling[0m chrono v0.4.42
Identity Tests (Rust)	Build agentkern-server	2026-01-13T21:53:56.0617284Z [1m[92m   Compiling[0m foreign-types v0.3.2
Identity Tests (Rust)	Build agentkern-server	2026-01-13T21:53:58.2682961Z [1m[92m   Compiling[0m rand v0.9.2
Identity Tests (Rust)	Build agentkern-server	2026-01-13T21:54:00.3135552Z [1m[92m   Compiling[0m futures-executor v0.3.31
Identity Tests (Rust)	Build agentkern-server	2026-01-13T21:54:01.2653430Z [1m[92m   Compiling[0m allocator-api2 v0.2.21
Identity Tests (Rust)	Build agentkern-server	2026-01-13T21:54:01.4602340Z [1m[92m   Compiling[0m ryu v1.0.22
Identity Tests (Rust)	Build agentkern-server	2026-01-13T21:54:01.5539836Z [1m[92m   Compiling[0m foldhash v0.1.5
Identity Tests (Rust)	Build agentkern-server	2026-01-13T21:54:01.6649273Z [1m[92m   Compiling[0m data-encoding v2.9.0
Identity Tests (Rust)	Build agentkern-server	2026-01-13T21:54:03.5852205Z [1m[92m   Compiling[0m hashbrown v0.15.5
Identity Tests (Rust)	Build agentkern-server	2026-01-13T21:54:08.9374844Z [1m[92m   Compiling[0m hyper v1.8.1
Identity Tests (Rust)	Build agentkern-server	2026-01-13T21:54:09.9657290Z [1m[92m   Compiling[0m concurrent-queue v2.5.0
Identity Tests (Rust)	Build agentkern-server	2026-01-13T21:54:10.1013412Z [1m[92m   Compiling[0m http-body-util v0.1.3
Identity Tests (Rust)	Build agentkern-server	2026-01-13T21:54:10.7075089Z [1m[92m   Compiling[0m sync_wrapper v1.0.2
Identity Tests (Rust)	Build agentkern-server	2026-01-13T21:54:10.7601121Z [1m[92m   Compiling[0m time-core v0.1.6
Identity Tests (Rust)	Build agentkern-server	2026-01-13T21:54:11.4008295Z [1m[92m   Compiling[0m ipnet v2.11.0
Identity Tests (Rust)	Build agentkern-server	2026-01-13T21:54:12.1394044Z [1m[92m   Compiling[0m tinyvec_macros v0.1.1
Identity Tests (Rust)	Build agentkern-server	2026-01-13T21:54:12.2064551Z [1m[92m   Compiling[0m num-conv v0.1.0
Identity Tests (Rust)	Build agentkern-server	2026-01-13T21:54:12.2588148Z [1m[92m   Compiling[0m crc-catalog v2.4.0
Identity Tests (Rust)	Build agentkern-server	2026-01-13T21:54:12.3030381Z [1m[92m   Compiling[0m rustix v1.1.3
Identity Tests (Rust)	Build agentkern-server	2026-01-13T21:54:12.3031458Z [1m[92m   Compiling[0m powerfmt v0.2.0
Identity Tests (Rust)	Build agentkern-server	2026-01-13T21:54:12.4994902Z [1m[92m   Compiling[0m rustversion v1.0.22
Identity Tests (Rust)	Build agentkern-server	2026-01-13T21:54:12.6928939Z [1m[92m   Compiling[0m parking v2.2.1
Identity Tests (Rust)	Build agentkern-server	2026-01-13T21:54:12.7343879Z [1m[92m   Compiling[0m deranged v0.5.5
Identity Tests (Rust)	Build agentkern-server	2026-01-13T21:54:12.7829460Z [1m[92m   Compiling[0m event-listener v5.4.1
Identity Tests (Rust)	Build agentkern-server	2026-01-13T21:54:12.8228426Z [1m[92m   Compiling[0m time-macros v0.2.24
Identity Tests (Rust)	Build agentkern-server	2026-01-13T21:54:12.9752535Z [1m[92m   Compiling[0m crc v3.4.0
Identity Tests (Rust)	Build agentkern-server	2026-01-13T21:54:13.5946941Z [1m[92m   Compiling[0m tinyvec v1.10.0
Identity Tests (Rust)	Build agentkern-server	2026-01-13T21:54:13.8984846Z [1m[92m   Compiling[0m hyper-util v0.1.19
Identity Tests (Rust)	Build agentkern-server	2026-01-13T21:54:14.6015745Z [1m[92m   Compiling[0m webpki-roots v0.26.11
Identity Tests (Rust)	Build agentkern-server	2026-01-13T21:54:16.0062975Z [1m[92m   Compiling[0m futures-intrusive v0.5.0
Identity Tests (Rust)	Build agentkern-server	2026-01-13T21:54:16.1333080Z [1m[92m   Compiling[0m hashlink v0.10.0
Identity Tests (Rust)	Build agentkern-server	2026-01-13T21:54:16.4186085Z [1m[92m   Compiling[0m serde_urlencoded v0.7.1
Identity Tests (Rust)	Build agentkern-server	2026-01-13T21:54:17.0583550Z [1m[92m   Compiling[0m crossbeam-queue v0.3.12
Identity Tests (Rust)	Build agentkern-server	2026-01-13T21:54:17.1722413Z [1m[92m   Compiling[0m linux-raw-sys v0.11.0
Identity Tests (Rust)	Build agentkern-server	2026-01-13T21:54:17.6054485Z [1m[92m   Compiling[0m base64ct v1.8.2
Identity Tests (Rust)	Build agentkern-server	2026-01-13T21:54:17.6149896Z [1m[92m   Compiling[0m crc32fast v1.5.0
Identity Tests (Rust)	Build agentkern-server	2026-01-13T21:54:17.8244851Z [1m[92m   Compiling[0m time v0.3.44
Identity Tests (Rust)	Build agentkern-server	2026-01-13T21:54:17.9832521Z [1m[92m   Compiling[0m sqlx-core v0.8.6
Identity Tests (Rust)	Build agentkern-server	2026-01-13T21:54:18.7233083Z [1m[92m   Compiling[0m pem-rfc7468 v0.7.0
Identity Tests (Rust)	Build agentkern-server	2026-01-13T21:54:21.0545885Z [1m[92m   Compiling[0m unicode-normalization v0.1.25
Identity Tests (Rust)	Build agentkern-server	2026-01-13T21:54:21.6625575Z [1m[92m   Compiling[0m tower v0.5.2
Identity Tests (Rust)	Build agentkern-server	2026-01-13T21:54:22.7602954Z [1m[92m   Compiling[0m spin v0.9.8
Identity Tests (Rust)	Build agentkern-server	2026-01-13T21:54:22.9060891Z [1m[92m   Compiling[0m atoi v2.0.0
Identity Tests (Rust)	Build agentkern-server	2026-01-13T21:54:23.1520784Z [1m[92m   Compiling[0m hmac v0.12.1
Identity Tests (Rust)	Build agentkern-server	2026-01-13T21:54:23.2344256Z [1m[92m   Compiling[0m sha1 v0.10.6
Identity Tests (Rust)	Build agentkern-server	2026-01-13T21:54:23.3472521Z [1m[92m   Compiling[0m http v0.2.12
Identity Tests (Rust)	Build agentkern-server	2026-01-13T21:54:23.6484327Z [1m[92m   Compiling[0m unicode-bidi v0.3.18
Identity Tests (Rust)	Build agentkern-server	2026-01-13T21:54:24.1286863Z [1m[92m   Compiling[0m minimal-lexical v0.2.1
Identity Tests (Rust)	Build agentkern-server	2026-01-13T21:54:24.1328679Z [1m[92m   Compiling[0m rust_decimal v1.39.0
Identity Tests (Rust)	Build agentkern-server	2026-01-13T21:54:24.3018628Z [1m[92m   Compiling[0m hex v0.4.3
Identity Tests (Rust)	Build agentkern-server	2026-01-13T21:54:24.4585084Z [1m[92m   Compiling[0m simd-adler32 v0.3.8
Identity Tests (Rust)	Build agentkern-server	2026-01-13T21:54:24.5993101Z [1m[92m   Compiling[0m openssl-probe v0.1.6
Identity Tests (Rust)	Build agentkern-server	2026-01-13T21:54:24.6962061Z [1m[92m   Compiling[0m unicode-properties v0.1.4
Identity Tests (Rust)	Build agentkern-server	2026-01-13T21:54:24.8198158Z [1m[92m   Compiling[0m semver v1.0.27
Identity Tests (Rust)	Build agentkern-server	2026-01-13T21:54:24.8483151Z [1m[92m   Compiling[0m base64 v0.21.7
Identity Tests (Rust)	Build agentkern-server	2026-01-13T21:54:25.0559949Z [1m[92m   Compiling[0m adler2 v2.0.1
Identity Tests (Rust)	Build agentkern-server	2026-01-13T21:54:25.1168674Z [1m[92m   Compiling[0m utf-8 v0.7.6
Identity Tests (Rust)	Build agentkern-server	2026-01-13T21:54:25.2396328Z [1m[92m   Compiling[0m tungstenite v0.28.0
Identity Tests (Rust)	Build agentkern-server	2026-01-13T21:54:25.3254599Z [1m[92m   Compiling[0m miniz_oxide v0.8.9
Identity Tests (Rust)	Build agentkern-server	2026-01-13T21:54:25.3419574Z [1m[92m   Compiling[0m rustc_version v0.4.1
Identity Tests (Rust)	Build agentkern-server	2026-01-13T21:54:25.5572581Z [1m[92m   Compiling[0m stringprep v0.1.5
Identity Tests (Rust)	Build agentkern-server	2026-01-13T21:54:26.4363259Z [1m[92m   Compiling[0m nom v7.1.3
Identity Tests (Rust)	Build agentkern-server	2026-01-13T21:54:26.6198832Z [1m[92m   Compiling[0m ureq-proto v0.5.3
Identity Tests (Rust)	Build agentkern-server	2026-01-13T21:54:27.9940605Z [1m[92m   Compiling[0m hkdf v0.12.4
Identity Tests (Rust)	Build agentkern-server	2026-01-13T21:54:28.0737139Z [1m[92m   Compiling[0m flume v0.11.1
Identity Tests (Rust)	Build agentkern-server	2026-01-13T21:54:28.4639162Z [1m[92m   Compiling[0m xattr v1.6.1
Identity Tests (Rust)	Build agentkern-server	2026-01-13T21:54:28.8142806Z [1m[92m   Compiling[0m der v0.7.10
Identity Tests (Rust)	Build agentkern-server	2026-01-13T21:54:29.4439234Z [1m[92m   Compiling[0m socks v0.3.4
Identity Tests (Rust)	Build agentkern-server	2026-01-13T21:54:29.8318807Z [1m[92m   Compiling[0m md-5 v0.10.6
Identity Tests (Rust)	Build agentkern-server	2026-01-13T21:54:29.9122222Z [1m[92m   Compiling[0m webpki-root-certs v1.0.5
Identity Tests (Rust)	Build agentkern-server	2026-01-13T21:54:30.2546089Z [1m[92m   Compiling[0m filetime v0.2.26
Identity Tests (Rust)	Build agentkern-server	2026-01-13T21:54:30.3853490Z [1m[92m   Compiling[0m dotenvy v0.15.7
Identity Tests (Rust)	Build agentkern-server	2026-01-13T21:54:30.3970820Z [1m[92m   Compiling[0m whoami v1.6.1
Identity Tests (Rust)	Build agentkern-server	2026-01-13T21:54:30.5125753Z [1m[92m   Compiling[0m home v0.5.12
Identity Tests (Rust)	Build agentkern-server	2026-01-13T21:54:30.5774495Z [1m[92m   Compiling[0m iri-string v0.7.10
Identity Tests (Rust)	Build agentkern-server	2026-01-13T21:54:30.7292292Z [1m[92m   Compiling[0m arrayvec v0.7.6
Identity Tests (Rust)	Build agentkern-server	2026-01-13T21:54:31.4776129Z [1m[92m   Compiling[0m sqlx-postgres v0.8.6
Identity Tests (Rust)	Build agentkern-server	2026-01-13T21:54:32.8139152Z [1m[92m   Compiling[0m tower-http v0.6.8
Identity Tests (Rust)	Build agentkern-server	2026-01-13T21:54:33.0704352Z [1m[92m   Compiling[0m ureq v3.1.4
Identity Tests (Rust)	Build agentkern-server	2026-01-13T21:54:34.7807152Z [1m[92m   Compiling[0m sqlx-sqlite v0.8.6
Identity Tests (Rust)	Build agentkern-server	2026-01-13T21:54:34.9408997Z [1m[92m   Compiling[0m tar v0.4.44
Identity Tests (Rust)	Build agentkern-server	2026-01-13T21:54:36.4266699Z [1m[92m   Compiling[0m flate2 v1.1.8
Identity Tests (Rust)	Build agentkern-server	2026-01-13T21:54:36.7795618Z [1m[92m   Compiling[0m rusticata-macros v4.1.0
Identity Tests (Rust)	Build agentkern-server	2026-01-13T21:54:37.4886409Z [1m[92m   Compiling[0m tokio-tungstenite v0.28.0
Identity Tests (Rust)	Build agentkern-server	2026-01-13T21:54:37.7378010Z [1m[92m   Compiling[0m curve25519-dalek v4.1.3
Identity Tests (Rust)	Build agentkern-server	2026-01-13T21:54:37.8526662Z [1m[92m   Compiling[0m http-body v0.4.6
Identity Tests (Rust)	Build agentkern-server	2026-01-13T21:54:38.0613118Z [1m[92m   Compiling[0m axum-core v0.5.6
Identity Tests (Rust)	Build agentkern-server	2026-01-13T21:54:38.2329892Z [1m[92m   Compiling[0m regex v1.12.2
Identity Tests (Rust)	Build agentkern-server	2026-01-13T21:54:39.3736555Z [1m[92m   Compiling[0m matchers v0.2.0
Identity Tests (Rust)	Build agentkern-server	2026-01-13T21:54:39.4569078Z [1m[92m   Compiling[0m sharded-slab v0.1.7
Identity Tests (Rust)	Build agentkern-server	2026-01-13T21:54:40.1136157Z [1m[92m   Compiling[0m axum-macros v0.5.0
Identity Tests (Rust)	Build agentkern-server	2026-01-13T21:54:40.1884535Z [1m[92m   Compiling[0m asn1-rs-derive v0.5.1
Identity Tests (Rust)	Build agentkern-server	2026-01-13T21:54:40.2488632Z [1m[92m   Compiling[0m pin-project-internal v1.1.10
Identity Tests (Rust)	Build agentkern-server	2026-01-13T21:54:40.7064842Z [1m[92m   Compiling[0m asn1-rs-impl v0.2.0
Identity Tests (Rust)	Build agentkern-server	2026-01-13T21:54:41.0141841Z [1m[92m   Compiling[0m tracing-log v0.2.0
Identity Tests (Rust)	Build agentkern-server	2026-01-13T21:54:41.3231769Z [1m[92m   Compiling[0m serde_path_to_error v0.1.20
Identity Tests (Rust)	Build agentkern-server	2026-01-13T21:54:41.3592414Z [1m[92m   Compiling[0m matrixmultiply v0.3.10
Identity Tests (Rust)	Build agentkern-server	2026-01-13T21:54:41.4458133Z [1m[92m   Compiling[0m indexmap v1.9.3
Identity Tests (Rust)	Build agentkern-server	2026-01-13T21:54:41.4847989Z [1m[92m   Compiling[0m thread_local v1.1.9
Identity Tests (Rust)	Build agentkern-server	2026-01-13T21:54:41.5244615Z [1m[92m   Compiling[0m matchit v0.8.4
Identity Tests (Rust)	Build agentkern-server	2026-01-13T21:54:41.7221039Z [1m[92m   Compiling[0m heck v0.5.0
Identity Tests (Rust)	Build agentkern-server	2026-01-13T21:54:41.8811972Z [1m[92m   Compiling[0m nu-ansi-term v0.50.3
Identity Tests (Rust)	Build agentkern-server	2026-01-13T21:54:42.4036273Z [1m[92m   Compiling[0m tracing-subscriber v0.3.22
Identity Tests (Rust)	Build agentkern-server	2026-01-13T21:54:43.0203591Z [1m[92m   Compiling[0m sqlx-macros-core v0.8.6
Identity Tests (Rust)	Build agentkern-server	2026-01-13T21:54:44.6866568Z [1m[92m   Compiling[0m axum v0.8.8
Identity Tests (Rust)	Build agentkern-server	2026-01-13T21:54:45.1007148Z [1m[92m   Compiling[0m pin-project v1.1.10
Identity Tests (Rust)	Build agentkern-server	2026-01-13T21:54:45.1380677Z [1m[92m   Compiling[0m asn1-rs v0.6.2
Identity Tests (Rust)	Build agentkern-server	2026-01-13T21:54:48.4406890Z [1m[92m   Compiling[0m ort-sys v2.0.0-rc.10
Identity Tests (Rust)	Build agentkern-server	2026-01-13T21:54:48.5883437Z [1m[92m   Compiling[0m tokio-native-tls v0.3.1
Identity Tests (Rust)	Build agentkern-server	2026-01-13T21:54:48.7028913Z [1m[92m   Compiling[0m h2 v0.3.27
Identity Tests (Rust)	Build agentkern-server	2026-01-13T21:54:48.9995619Z [1m[92m   Compiling[0m axum-core v0.3.4
Identity Tests (Rust)	Build agentkern-server	2026-01-13T21:54:49.0791313Z [1m[92m   Compiling[0m tokio-rustls v0.26.4
Identity Tests (Rust)	Build agentkern-server	2026-01-13T21:54:49.4889933Z [1m[92m   Compiling[0m inout v0.1.4
Identity Tests (Rust)	Build agentkern-server	2026-01-13T21:54:49.5738012Z [1m[92m   Compiling[0m curve25519-dalek-derive v0.1.1
Identity Tests (Rust)	Build agentkern-server	2026-01-13T21:54:50.0128418Z [1m[92m   Compiling[0m socket2 v0.5.10
Identity Tests (Rust)	Build agentkern-server	2026-01-13T21:54:50.9779697Z [1m[92m   Compiling[0m protobuf v3.7.2
Identity Tests (Rust)	Build agentkern-server	2026-01-13T21:54:51.5172983Z [1m[92m   Compiling[0m pastey v0.1.1
Identity Tests (Rust)	Build agentkern-server	2026-01-13T21:54:51.8580902Z [1m[92m   Compiling[0m rawpointer v0.2.1
Identity Tests (Rust)	Build agentkern-server	2026-01-13T21:54:51.9071850Z [1m[92m   Compiling[0m oid-registry v0.7.1
Identity Tests (Rust)	Build agentkern-server	2026-01-13T21:54:52.1218979Z [1m[92m   Compiling[0m signature v2.2.0
Identity Tests (Rust)	Build agentkern-server	2026-01-13T21:54:52.6958815Z [1m[92m   Compiling[0m bit-vec v0.6.3
Identity Tests (Rust)	Build agentkern-server	2026-01-13T21:54:52.9971610Z [1m[92m   Compiling[0m hashbrown v0.12.3
Identity Tests (Rust)	Build agentkern-server	2026-01-13T21:54:54.0586053Z [1m[92m   Compiling[0m bit-set v0.5.3
Identity Tests (Rust)	Build agentkern-server	2026-01-13T21:54:54.1893911Z [1m[92m   Compiling[0m hyper v0.14.32
Identity Tests (Rust)	Build agentkern-server	2026-01-13T21:54:57.5927104Z [1m[92m   Compiling[0m ed25519 v2.2.3
Identity Tests (Rust)	Build agentkern-server	2026-01-13T21:55:01.5318396Z [1m[92m   Compiling[0m base64urlsafedata v0.5.4
Identity Tests (Rust)	Build agentkern-server	2026-01-13T21:55:02.7119683Z [1m[92m   Compiling[0m cipher v0.4.4
Identity Tests (Rust)	Build agentkern-server	2026-01-13T21:55:03.1852233Z [1m[92m   Compiling[0m hyper-rustls v0.27.7
Identity Tests (Rust)	Build agentkern-server	2026-01-13T21:55:05.2961516Z [1m[92m   Compiling[0m hyper-tls v0.6.0
Identity Tests (Rust)	Build agentkern-server	2026-01-13T21:55:05.4607613Z [1m[92m   Compiling[0m sqlx-macros v0.8.6
Identity Tests (Rust)	Build agentkern-server	2026-01-13T21:55:06.2757085Z [1m[92m   Compiling[0m axum v0.6.20
Identity Tests (Rust)	Build agentkern-server	2026-01-13T21:55:06.3529701Z [1m[92m   Compiling[0m itertools v0.10.5
Identity Tests (Rust)	Build agentkern-server	2026-01-13T21:55:06.6371138Z [1m[92m   Compiling[0m protobuf-support v3.7.2
Identity Tests (Rust)	Build agentkern-server	2026-01-13T21:55:07.4941390Z [1m[92m   Compiling[0m universal-hash v0.5.1
Identity Tests (Rust)	Build agentkern-server	2026-01-13T21:55:07.5812163Z [1m[92m   Compiling[0m rust_decimal_macros v1.39.0
Identity Tests (Rust)	Build agentkern-server	2026-01-13T21:55:07.7984047Z [1m[92m   Compiling[0m num-complex v0.4.6
Identity Tests (Rust)	Build agentkern-server	2026-01-13T21:55:07.8229967Z [1m[92m   Compiling[0m encoding_rs v0.8.35
Identity Tests (Rust)	Build agentkern-server	2026-01-13T21:55:08.2081202Z [1m[92m   Compiling[0m opaque-debug v0.3.1
Identity Tests (Rust)	Build agentkern-server	2026-01-13T21:55:08.2439177Z [1m[92m   Compiling[0m urlencoding v2.1.3
Identity Tests (Rust)	Build agentkern-server	2026-01-13T21:55:08.4130060Z [1m[92m   Compiling[0m prometheus v0.14.0
Identity Tests (Rust)	Build agentkern-server	2026-01-13T21:55:08.4949172Z [1m[92m   Compiling[0m webauthn-attestation-ca v0.5.4
Identity Tests (Rust)	Build agentkern-server	2026-01-13T21:55:08.6039889Z [1m[92m   Compiling[0m opentelemetry v0.22.0
Identity Tests (Rust)	Build agentkern-server	2026-01-13T21:55:10.9650417Z [1m[92m   Compiling[0m reqwest v0.12.28
Identity Tests (Rust)	Build agentkern-server	2026-01-13T21:55:13.2483709Z [1m[92m   Compiling[0m polyval v0.6.2
Identity Tests (Rust)	Build agentkern-server	2026-01-13T21:55:13.4523189Z [1m[92m   Compiling[0m ndarray v0.16.1
Identity Tests (Rust)	Build agentkern-server	2026-01-13T21:55:17.7677816Z [1m[92m   Compiling[0m agentkern-governance v0.1.0 (/home/runner/work/agentkern/agentkern/packages/foundation/governance)
Identity Tests (Rust)	Build agentkern-server	2026-01-13T21:55:23.8516359Z [1m[92m   Compiling[0m prost-derive v0.12.6
Identity Tests (Rust)	Build agentkern-server	2026-01-13T21:55:27.9848176Z [1m[92m   Compiling[0m ed25519-dalek v2.2.0
Identity Tests (Rust)	Build agentkern-server	2026-01-13T21:55:29.0282286Z [1m[92m   Compiling[0m fancy-regex v0.13.0
Identity Tests (Rust)	Build agentkern-server	2026-01-13T21:55:29.3090626Z [1m[92m   Compiling[0m tower v0.4.13
Identity Tests (Rust)	Build agentkern-server	2026-01-13T21:55:30.5674854Z [1m[92m   Compiling[0m der-parser v9.0.0
Identity Tests (Rust)	Build agentkern-server	2026-01-13T21:55:32.0476535Z [1m[92m   Compiling[0m bstr v1.12.1
Identity Tests (Rust)	Build agentkern-server	2026-01-13T21:55:32.5324904Z [1m[92m   Compiling[0m crossbeam-channel v0.5.15
Identity Tests (Rust)	Build agentkern-server	2026-01-13T21:55:33.1989127Z [1m[92m   Compiling[0m tokio-io-timeout v1.2.1
Identity Tests (Rust)	Build agentkern-server	2026-01-13T21:55:33.3127563Z [1m[92m   Compiling[0m half v2.7.1
Identity Tests (Rust)	Build agentkern-server	2026-01-13T21:55:33.6328902Z [1m[92m   Compiling[0m async-stream-impl v0.3.6
Identity Tests (Rust)	Build agentkern-server	2026-01-13T21:55:33.7307648Z [1m[92m   Compiling[0m ordered-float v4.6.0
Identity Tests (Rust)	Build agentkern-server	2026-01-13T21:55:34.0112558Z [1m[92m   Compiling[0m webauthn-rs-core v0.5.4
Identity Tests (Rust)	Build agentkern-server	2026-01-13T21:55:34.0694726Z [1m[92m   Compiling[0m smallvec v2.0.0-alpha.10
Identity Tests (Rust)	Build agentkern-server	2026-01-13T21:55:34.1069145Z [1m[92m   Compiling[0m matchit v0.7.3
Identity Tests (Rust)	Build agentkern-server	2026-01-13T21:55:34.2684459Z [1m[92m   Compiling[0m unsafe-libyaml v0.2.11
Identity Tests (Rust)	Build agentkern-server	2026-01-13T21:55:34.5674646Z [1m[92m   Compiling[0m rustc-hash v1.1.0
Identity Tests (Rust)	Build agentkern-server	2026-01-13T21:55:34.6205934Z [1m[92m   Compiling[0m glob v0.3.3
Identity Tests (Rust)	Build agentkern-server	2026-01-13T21:55:35.5891432Z [1m[92m   Compiling[0m sync_wrapper v0.1.2
Identity Tests (Rust)	Build agentkern-server	2026-01-13T21:55:35.6349773Z [1m[92m   Compiling[0m bitflags v1.3.2
Identity Tests (Rust)	Build agentkern-server	2026-01-13T21:55:36.8942759Z [1m[92m   Compiling[0m serde_yaml v0.9.34+deprecated
Identity Tests (Rust)	Build agentkern-server	2026-01-13T21:55:40.4170611Z [1m[92m   Compiling[0m opentelemetry_sdk v0.22.1
Identity Tests (Rust)	Build agentkern-server	2026-01-13T21:55:41.1573702Z [1m[92m   Compiling[0m tiktoken-rs v0.9.1
Identity Tests (Rust)	Build agentkern-server	2026-01-13T21:55:44.2153356Z [1m[92m   Compiling[0m ort v2.0.0-rc.10
Identity Tests (Rust)	Build agentkern-server	2026-01-13T21:55:51.5512170Z [1m[92m   Compiling[0m sqlx v0.8.6
Identity Tests (Rust)	Build agentkern-server	2026-01-13T21:55:52.0854699Z [1m[92m   Compiling[0m agentkern-treasury v0.1.0 (/home/runner/work/agentkern/agentkern/packages/pillars/treasury)
Identity Tests (Rust)	Build agentkern-server	2026-01-13T21:55:53.3678388Z [1m[92m   Compiling[0m async-stream v0.3.6
Identity Tests (Rust)	Build agentkern-server	2026-01-13T21:55:53.4441512Z [1m[92m   Compiling[0m serde_cbor_2 v0.13.0
Identity Tests (Rust)	Build agentkern-server	2026-01-13T21:55:53.6587909Z [1m[92m   Compiling[0m hyper-timeout v0.4.1
Identity Tests (Rust)	Build agentkern-server	2026-01-13T21:55:53.7648828Z [1m[92m   Compiling[0m x509-parser v0.16.0
Identity Tests (Rust)	Build agentkern-server	2026-01-13T21:55:57.3312448Z [1m[92m   Compiling[0m prost v0.12.6
Identity Tests (Rust)	Build agentkern-server	2026-01-13T21:55:57.7921132Z [1m[92m   Compiling[0m ghash v0.5.1
Identity Tests (Rust)	Build agentkern-server	2026-01-13T21:55:59.6885175Z [1m[92m   Compiling[0m aes v0.8.4
Identity Tests (Rust)	Build agentkern-server	2026-01-13T21:56:00.7075771Z [1m[92m   Compiling[0m ctr v0.9.2
Identity Tests (Rust)	Build agentkern-server	2026-01-13T21:56:00.8552354Z [1m[92m   Compiling[0m webauthn-rs-proto v0.5.4
Identity Tests (Rust)	Build agentkern-server	2026-01-13T21:56:00.8704100Z [1m[92m   Compiling[0m agentkern-parsers v0.1.0 (/home/runner/work/agentkern/agentkern/packages/foundation/parsers)
Identity Tests (Rust)	Build agentkern-server	2026-01-13T21:56:01.1989333Z [1m[92m   Compiling[0m agentkern-multitenancy v0.1.0 (/home/runner/work/agentkern/agentkern/ee/multitenancy)
Identity Tests (Rust)	Build agentkern-server	2026-01-13T21:56:01.7859844Z [1m[92m   Compiling[0m aead v0.5.2
Identity Tests (Rust)	Build agentkern-server	2026-01-13T21:56:01.9060895Z [1m[92m   Compiling[0m rmp v0.8.15
Identity Tests (Rust)	Build agentkern-server	2026-01-13T21:56:01.9099522Z [1m[92m   Compiling[0m deunicode v1.6.2
Identity Tests (Rust)	Build agentkern-server	2026-01-13T21:56:02.1188604Z [1m[92m   Compiling[0m aes-gcm v0.10.3
Identity Tests (Rust)	Build agentkern-server	2026-01-13T21:56:02.2455975Z [1m[92m   Compiling[0m rmp-serde v1.3.1
Identity Tests (Rust)	Build agentkern-server	2026-01-13T21:56:02.6959516Z [1m[92m   Compiling[0m agentkern-gate v0.1.0 (/home/runner/work/agentkern/agentkern/packages/pillars/gate)
Identity Tests (Rust)	Build agentkern-server	2026-01-13T21:56:02.7346372Z [1m[92m   Compiling[0m tonic v0.11.0
Identity Tests (Rust)	Build agentkern-server	2026-01-13T21:56:05.2549245Z [1m[92m   Compiling[0m agentkern-pulse v0.1.0 (/home/runner/work/agentkern/agentkern/packages/foundation/pulse)
Identity Tests (Rust)	Build agentkern-server	2026-01-13T21:56:05.7744542Z [1m[92m   Compiling[0m futures v0.3.31
Identity Tests (Rust)	Build agentkern-server	2026-01-13T21:56:05.8158802Z [1m[92m   Compiling[0m agentkern-nexus v0.1.0 (/home/runner/work/agentkern/agentkern/packages/pillars/nexus)
Identity Tests (Rust)	Build agentkern-server	2026-01-13T21:56:13.4039192Z [1m[92m   Compiling[0m agentkern-synapse v0.1.0 (/home/runner/work/agentkern/agentkern/packages/pillars/synapse)
Identity Tests (Rust)	Build agentkern-server	2026-01-13T21:56:18.5625347Z [1m[92m   Compiling[0m opentelemetry-proto v0.5.0
Identity Tests (Rust)	Build agentkern-server	2026-01-13T21:56:19.7968689Z [1m[92m   Compiling[0m webauthn-rs v0.5.4
Identity Tests (Rust)	Build agentkern-server	2026-01-13T21:56:20.5060531Z [1m[92m   Compiling[0m agentkern-crypto v0.1.0 (/home/runner/work/agentkern/agentkern/packages/foundation/crypto)
Identity Tests (Rust)	Build agentkern-server	2026-01-13T21:56:20.9680167Z [1m[92m   Compiling[0m simple_asn1 v0.6.3
Identity Tests (Rust)	Build agentkern-server	2026-01-13T21:56:21.5884093Z [1m[92m   Compiling[0m pem v3.0.6
Identity Tests (Rust)	Build agentkern-server	2026-01-13T21:56:22.2164070Z [1m[92m   Compiling[0m instant v0.1.13
Identity Tests (Rust)	Build agentkern-server	2026-01-13T21:56:22.2729837Z [1m[92m   Compiling[0m opentelemetry-semantic-conventions v0.14.0
Identity Tests (Rust)	Build agentkern-server	2026-01-13T21:56:22.3169461Z [1m[92m   Compiling[0m backoff v0.4.0
Identity Tests (Rust)	Build agentkern-server	2026-01-13T21:56:22.3430025Z [1m[92m   Compiling[0m opentelemetry-otlp v0.15.0
Identity Tests (Rust)	Build agentkern-server	2026-01-13T21:56:22.4257905Z [1m[92m   Compiling[0m jsonwebtoken v9.3.1
Identity Tests (Rust)	Build agentkern-server	2026-01-13T21:56:22.8308855Z [1m[92m   Compiling[0m agentkern-identity v0.1.0 (/home/runner/work/agentkern/agentkern/packages/pillars/identity)
Identity Tests (Rust)	Build agentkern-server	2026-01-13T21:56:22.9983366Z [1m[33mwarning[0m[1m: unused import: `AgentStatus`[0m
Identity Tests (Rust)	Build agentkern-server	2026-01-13T21:56:22.9988747Z   [1m[94m--> [0mpackages/pillars/identity/src/api/server.rs:12:21
Identity Tests (Rust)	Build agentkern-server	2026-01-13T21:56:22.9989864Z    [1m[94m|[0m
Identity Tests (Rust)	Build agentkern-server	2026-01-13T21:56:22.9990798Z [1m[94m12[0m [1m[94m|[0m use crate::models::{AgentStatus, VerificationKey};
Identity Tests (Rust)	Build agentkern-server	2026-01-13T21:56:22.9992395Z    [1m[94m|[0m                     [1m[33m^^^^^^^^^^^[0m
Identity Tests (Rust)	Build agentkern-server	2026-01-13T21:56:22.9992931Z    [1m[94m|[0m
Identity Tests (Rust)	Build agentkern-server	2026-01-13T21:56:22.9993621Z    [1m[94m= [0m[1mnote[0m: `#[warn(unused_imports)]` (part of `#[warn(unused)]`) on by default
Identity Tests (Rust)	Build agentkern-server	2026-01-13T21:56:23.0031249Z 
Identity Tests (Rust)	Build agentkern-server	2026-01-13T21:56:23.0031879Z [1m[33mwarning[0m[1m: unused import: `uuid::Uuid`[0m
Identity Tests (Rust)	Build agentkern-server	2026-01-13T21:56:23.0032839Z  [1m[94m--> [0mpackages/pillars/identity/src/services/manager.rs:5:5
Identity Tests (Rust)	Build agentkern-server	2026-01-13T21:56:23.0033570Z   [1m[94m|[0m
Identity Tests (Rust)	Build agentkern-server	2026-01-13T21:56:23.0034172Z [1m[94m5[0m [1m[94m|[0m use uuid::Uuid;
Identity Tests (Rust)	Build agentkern-server	2026-01-13T21:56:23.0034840Z   [1m[94m|[0m     [1m[33m^^^^^^^^^^[0m
Identity Tests (Rust)	Build agentkern-server	2026-01-13T21:56:23.0035240Z 
Identity Tests (Rust)	Build agentkern-server	2026-01-13T21:56:23.7700052Z [1m[33mwarning[0m[1m: struct `AgentResponse` is never constructed[0m
Identity Tests (Rust)	Build agentkern-server	2026-01-13T21:56:23.7702753Z    [1m[94m--> [0mpackages/pillars/identity/src/api/server.rs:144:8
Identity Tests (Rust)	Build agentkern-server	2026-01-13T21:56:23.7703393Z     [1m[94m|[0m
Identity Tests (Rust)	Build agentkern-server	2026-01-13T21:56:23.7703882Z [1m[94m144[0m [1m[94m|[0m struct AgentResponse {
Identity Tests (Rust)	Build agentkern-server	2026-01-13T21:56:23.7704476Z     [1m[94m|[0m        [1m[33m^^^^^^^^^^^^^[0m
Identity Tests (Rust)	Build agentkern-server	2026-01-13T21:56:23.7704945Z     [1m[94m|[0m
Identity Tests (Rust)	Build agentkern-server	2026-01-13T21:56:23.7705597Z     [1m[94m= [0m[1mnote[0m: `#[warn(dead_code)]` (part of `#[warn(unused)]`) on by default
Identity Tests (Rust)	Build agentkern-server	2026-01-13T21:56:23.7706821Z 
Identity Tests (Rust)	Build agentkern-server	2026-01-13T21:56:25.8525196Z [1m[92m   Compiling[0m agentkern-arbiter v0.1.0 (/home/runner/work/agentkern/agentkern/packages/pillars/arbiter)
Identity Tests (Rust)	Build agentkern-server	2026-01-13T21:56:25.9821491Z [1m[92m   Compiling[0m tracing-opentelemetry v0.23.0
Identity Tests (Rust)	Build agentkern-server	2026-01-13T21:56:26.2467715Z [1m[33mwarning[0m[1m: unused import: `chrono::Utc`[0m
Identity Tests (Rust)	Build agentkern-server	2026-01-13T21:56:26.2469038Z  [1m[94m--> [0mpackages/pillars/arbiter/src/queue_pg.rs:5:5
Identity Tests (Rust)	Build agentkern-server	2026-01-13T21:56:26.2469875Z   [1m[94m|[0m
Identity Tests (Rust)	Build agentkern-server	2026-01-13T21:56:26.2470679Z [1m[94m5[0m [1m[94m|[0m use chrono::Utc;
Identity Tests (Rust)	Build agentkern-server	2026-01-13T21:56:26.2471403Z   [1m[94m|[0m     [1m[33m^^^^^^^^^^^[0m
Identity Tests (Rust)	Build agentkern-server	2026-01-13T21:56:26.2472025Z   [1m[94m|[0m
Identity Tests (Rust)	Build agentkern-server	2026-01-13T21:56:26.2472633Z [1m[92mnote[0m: the lint level is defined here
Identity Tests (Rust)	Build agentkern-server	2026-01-13T21:56:26.2473461Z  [1m[94m--> [0mpackages/pillars/arbiter/src/lib.rs:1:9
Identity Tests (Rust)	Build agentkern-server	2026-01-13T21:56:26.2474169Z   [1m[94m|[0m
Identity Tests (Rust)	Build agentkern-server	2026-01-13T21:56:26.2474922Z [1m[94m1[0m [1m[94m|[0m #![warn(unused)] // Production: warn on unused code
Identity Tests (Rust)	Build agentkern-server	2026-01-13T21:56:26.2475810Z   [1m[94m|[0m         [1m[92m^^^^^^[0m
Identity Tests (Rust)	Build agentkern-server	2026-01-13T21:56:26.2476687Z   [1m[94m= [0m[1mnote[0m: `#[warn(unused_imports)]` implied by `#[warn(unused)]`
Identity Tests (Rust)	Build agentkern-server	2026-01-13T21:56:26.2482294Z 
Identity Tests (Rust)	Build agentkern-server	2026-01-13T21:56:27.5846440Z [1m[92m   Compiling[0m failsafe v1.3.0
Identity Tests (Rust)	Build agentkern-server	2026-01-13T21:56:27.6569418Z [1m[33mwarning[0m[1m: unused variable: `op`[0m
Identity Tests (Rust)	Build agentkern-server	2026-01-13T21:56:27.6574316Z   [1m[94m--> [0mpackages/pillars/arbiter/src/api.rs:72:17
Identity Tests (Rust)	Build agentkern-server	2026-01-13T21:56:27.6579040Z    [1m[94m|[0m
Identity Tests (Rust)	Build agentkern-server	2026-01-13T21:56:27.6583885Z [1m[94m72[0m [1m[94m|[0m     if let Some(op) = payload["operation"].as_str() {
Identity Tests (Rust)	Build agentkern-server	2026-01-13T21:56:27.6585844Z    [1m[94m|[0m                 [1m[33m^^[0m [1m[33mhelp: if this is intentional, prefix it with an underscore: `_op`[0m
Identity Tests (Rust)	Build agentkern-server	2026-01-13T21:56:27.6587234Z    [1m[94m|[0m
Identity Tests (Rust)	Build agentkern-server	2026-01-13T21:56:27.6588432Z    [1m[94m= [0m[1mnote[0m: `#[warn(unused_variables)]` implied by `#[warn(unused)]`
Identity Tests (Rust)	Build agentkern-server	2026-01-13T21:56:27.6589037Z 
Identity Tests (Rust)	Build agentkern-server	2026-01-13T21:56:28.7169381Z [1m[33mwarning[0m[1m: field `resource` is never read[0m
Identity Tests (Rust)	Build agentkern-server	2026-01-13T21:56:28.7172571Z    [1m[94m--> [0mpackages/pillars/arbiter/src/locks_pg.rs:232:5
Identity Tests (Rust)	Build agentkern-server	2026-01-13T21:56:28.7174704Z     [1m[94m|[0m
Identity Tests (Rust)	Build agentkern-server	2026-01-13T21:56:28.7176501Z [1m[94m230[0m [1m[94m|[0m struct ExistingLock {
Identity Tests (Rust)	Build agentkern-server	2026-01-13T21:56:28.7208263Z     [1m[94m|[0m        [1m[94m------------[0m [1m[94mfield in this struct[0m
Identity Tests (Rust)	Build agentkern-server	2026-01-13T21:56:28.7209445Z [1m[94m231[0m [1m[94m|[0m     id: Uuid,
Identity Tests (Rust)	Build agentkern-server	2026-01-13T21:56:28.7210337Z [1m[94m232[0m [1m[94m|[0m     resource: String,
Identity Tests (Rust)	Build agentkern-server	2026-01-13T21:56:28.7211075Z     [1m[94m|[0m     [1m[33m^^^^^^^^[0m
Identity Tests (Rust)	Build agentkern-server	2026-01-13T21:56:28.7211692Z     [1m[94m|[0m
Identity Tests (Rust)	Build agentkern-server	2026-01-13T21:56:28.7212311Z [1m[92mnote[0m: the lint level is defined here
Identity Tests (Rust)	Build agentkern-server	2026-01-13T21:56:28.7213197Z    [1m[94m--> [0mpackages/pillars/arbiter/src/lib.rs:2:9
Identity Tests (Rust)	Build agentkern-server	2026-01-13T21:56:28.7213981Z     [1m[94m|[0m
Identity Tests (Rust)	Build agentkern-server	2026-01-13T21:56:28.7214852Z   [1m[94m2[0m [1m[94m|[0m #![warn(dead_code)] // Production: warn on dead code
Identity Tests (Rust)	Build agentkern-server	2026-01-13T21:56:28.7215837Z     [1m[94m|[0m         [1m[92m^^^^^^^^^[0m
Identity Tests (Rust)	Build agentkern-server	2026-01-13T21:56:28.7216342Z 
Identity Tests (Rust)	Build agentkern-server	2026-01-13T21:56:28.7216877Z [1m[33mwarning[0m[1m: field `id` is never read[0m
Identity Tests (Rust)	Build agentkern-server	2026-01-13T21:56:28.7218015Z    [1m[94m--> [0mpackages/pillars/arbiter/src/queue_pg.rs:138:5
Identity Tests (Rust)	Build agentkern-server	2026-01-13T21:56:28.7218838Z     [1m[94m|[0m
Identity Tests (Rust)	Build agentkern-server	2026-01-13T21:56:28.7219455Z [1m[94m137[0m [1m[94m|[0m struct QueueRow {
Identity Tests (Rust)	Build agentkern-server	2026-01-13T21:56:28.7220341Z     [1m[94m|[0m        [1m[94m--------[0m [1m[94mfield in this struct[0m
Identity Tests (Rust)	Build agentkern-server	2026-01-13T21:56:28.7221182Z [1m[94m138[0m [1m[94m|[0m     id: Uuid,
Identity Tests (Rust)	Build agentkern-server	2026-01-13T21:56:28.7221932Z     [1m[94m|[0m     [1m[33m^^[0m
Identity Tests (Rust)	Build agentkern-server	2026-01-13T21:56:28.7222383Z 
Identity Tests (Rust)	Build agentkern-server	2026-01-13T21:56:37.6943664Z [1m[33mwarning[0m: `agentkern-identity` (lib) generated 3 warnings (run `cargo fix --lib -p agentkern-identity` to apply 2 suggestions)
Identity Tests (Rust)	Build agentkern-server	2026-01-13T21:56:40.1100958Z [1m[33mwarning[0m: `agentkern-arbiter` (lib) generated 4 warnings (run `cargo fix --lib -p agentkern-arbiter` to apply 2 suggestions)
Identity Tests (Rust)	Build agentkern-server	2026-01-13T21:56:40.1103160Z [1m[92m   Compiling[0m agentkern-server v0.1.0 (/home/runner/work/agentkern/agentkern/apps/server)
Identity Tests (Rust)	Build agentkern-server	2026-01-13T21:56:40.1997050Z [1m[33mwarning[0m[1m: unused import: `get`[0m
Identity Tests (Rust)	Build agentkern-server	2026-01-13T21:56:40.1998066Z  [1m[94m--> [0mapps/server/src/main.rs:8:15
Identity Tests (Rust)	Build agentkern-server	2026-01-13T21:56:40.1998577Z   [1m[94m|[0m
Identity Tests (Rust)	Build agentkern-server	2026-01-13T21:56:40.1999223Z [1m[94m8[0m [1m[94m|[0m     routing::{get, post},
Identity Tests (Rust)	Build agentkern-server	2026-01-13T21:56:40.1999820Z   [1m[94m|[0m               [1m[33m^^^[0m
Identity Tests (Rust)	Build agentkern-server	2026-01-13T21:56:40.2000339Z   [1m[94m|[0m
Identity Tests (Rust)	Build agentkern-server	2026-01-13T21:56:40.2001023Z   [1m[94m= [0m[1mnote[0m: `#[warn(unused_imports)]` (part of `#[warn(unused)]`) on by default
Identity Tests (Rust)	Build agentkern-server	2026-01-13T21:56:40.2001598Z 
Identity Tests (Rust)	Build agentkern-server	2026-01-13T21:56:40.2002254Z [1m[33mwarning[0m[1m: unused imports: `layer::SubscriberExt` and `util::SubscriberInitExt`[0m
Identity Tests (Rust)	Build agentkern-server	2026-01-13T21:56:40.2003130Z   [1m[94m--> [0mapps/server/src/main.rs:16:26
Identity Tests (Rust)	Build agentkern-server	2026-01-13T21:56:40.2003619Z    [1m[94m|[0m
Identity Tests (Rust)	Build agentkern-server	2026-01-13T21:56:40.2004435Z [1m[94m16[0m [1m[94m|[0m use tracing_subscriber::{layer::SubscriberExt, util::SubscriberInitExt};
Identity Tests (Rust)	Build agentkern-server	2026-01-13T21:56:40.2005557Z    [1m[94m|[0m                          [1m[33m^^^^^^^^^^^^^^^^^^^^[0m  [1m[33m^^^^^^^^^^^^^^^^^^^^^^^[0m
Identity Tests (Rust)	Build agentkern-server	2026-01-13T21:56:40.2006043Z 
Identity Tests (Rust)	Build agentkern-server	2026-01-13T21:56:40.2864542Z [1m[91merror[E0596][0m[1m: cannot borrow `migrator` as mutable, as it is not declared as mutable[0m
Identity Tests (Rust)	Build agentkern-server	2026-01-13T21:56:40.2867563Z   [1m[94m--> [0mapps/server/src/bin/migrate.rs:31:5
Identity Tests (Rust)	Build agentkern-server	2026-01-13T21:56:40.2868176Z    [1m[94m|[0m
Identity Tests (Rust)	Build agentkern-server	2026-01-13T21:56:40.2868853Z [1m[94m31[0m [1m[94m|[0m     migrator.set_ignore_missing(true).run(&pool).await?;
Identity Tests (Rust)	Build agentkern-server	2026-01-13T21:56:40.2869655Z    [1m[94m|[0m     [1m[91m^^^^^^^^[0m [1m[91mcannot borrow as mutable[0m
Identity Tests (Rust)	Build agentkern-server	2026-01-13T21:56:40.2870352Z    [1m[94m|[0m
Identity Tests (Rust)	Build agentkern-server	2026-01-13T21:56:40.2870882Z [1m[96mhelp[0m: consider changing this to be mutable
Identity Tests (Rust)	Build agentkern-server	2026-01-13T21:56:40.2871375Z    [1m[94m|[0m
Identity Tests (Rust)	Build agentkern-server	2026-01-13T21:56:40.2872383Z [1m[94m28[0m [1m[94m| [0m    let [92mmut [0mmigrator = sqlx::migrate!("../../packages/pillars/identity/migrations");
Identity Tests (Rust)	Build agentkern-server	2026-01-13T21:56:40.2873400Z    [1m[94m|[0m         [92m+++[0m
Identity Tests (Rust)	Build agentkern-server	2026-01-13T21:56:40.2873737Z 
Identity Tests (Rust)	Build agentkern-server	2026-01-13T21:56:40.2874461Z [1m[91merror[E0596][0m[1m: cannot borrow `arbiter_migrator` as mutable, as it is not declared as mutable[0m
Identity Tests (Rust)	Build agentkern-server	2026-01-13T21:56:40.2875414Z   [1m[94m--> [0mapps/server/src/bin/migrate.rs:36:5
Identity Tests (Rust)	Build agentkern-server	2026-01-13T21:56:40.2875927Z    [1m[94m|[0m
Identity Tests (Rust)	Build agentkern-server	2026-01-13T21:56:40.2876591Z [1m[94m36[0m [1m[94m|[0m     arbiter_migrator.set_ignore_missing(true).run(&pool).await?;
Identity Tests (Rust)	Build agentkern-server	2026-01-13T21:56:40.2877686Z    [1m[94m|[0m     [1m[91m^^^^^^^^^^^^^^^^[0m [1m[91mcannot borrow as mutable[0m
Identity Tests (Rust)	Build agentkern-server	2026-01-13T21:56:40.2878289Z    [1m[94m|[0m
Identity Tests (Rust)	Build agentkern-server	2026-01-13T21:56:40.2878728Z [1m[96mhelp[0m: consider changing this to be mutable
Identity Tests (Rust)	Build agentkern-server	2026-01-13T21:56:40.2879220Z    [1m[94m|[0m
Identity Tests (Rust)	Build agentkern-server	2026-01-13T21:56:40.2880201Z [1m[94m35[0m [1m[94m| [0m    let [92mmut [0marbiter_migrator = sqlx::migrate!("../../packages/pillars/arbiter/migrations");
Identity Tests (Rust)	Build agentkern-server	2026-01-13T21:56:40.2881471Z    [1m[94m|[0m         [92m+++[0m
Identity Tests (Rust)	Build agentkern-server	2026-01-13T21:56:40.2881855Z 
Identity Tests (Rust)	Build agentkern-server	2026-01-13T21:56:40.2918530Z [1mFor more information about this error, try `rustc --explain E0596`.[0m
Identity Tests (Rust)	Build agentkern-server	2026-01-13T21:56:40.2970190Z [1m[91merror[0m: could not compile `agentkern-server` (bin "migrate") due to 2 previous errors
Identity Tests (Rust)	Build agentkern-server	2026-01-13T21:56:40.2970974Z [1m[33mwarning[0m: build failed, waiting for other jobs to finish...
Identity Tests (Rust)	Build agentkern-server	2026-01-13T21:56:40.4605373Z [1m[33mwarning[0m[1m: function `me` is never used[0m
Identity Tests (Rust)	Build agentkern-server	2026-01-13T21:56:40.4606331Z    [1m[94m--> [0mapps/server/src/auth.rs:437:14
Identity Tests (Rust)	Build agentkern-server	2026-01-13T21:56:40.4607075Z     [1m[94m|[0m
Identity Tests (Rust)	Build agentkern-server	2026-01-13T21:56:40.4609092Z [1m[94m437[0m [1m[94m|[0m pub async fn me(claims: Option<axum::Extension<Claims>>) -> Result<Json<Claims>, StatusCode> {
Identity Tests (Rust)	Build agentkern-server	2026-01-13T21:56:40.4610076Z     [1m[94m|[0m              [1m[33m^^[0m
Identity Tests (Rust)	Build agentkern-server	2026-01-13T21:56:40.4610579Z     [1m[94m|[0m
Identity Tests (Rust)	Build agentkern-server	2026-01-13T21:56:40.4611210Z     [1m[94m= [0m[1mnote[0m: `#[warn(dead_code)]` (part of `#[warn(unused)]`) on by default
Identity Tests (Rust)	Build agentkern-server	2026-01-13T21:56:40.4612262Z 
Identity Tests (Rust)	Build agentkern-server	2026-01-13T21:56:40.4612655Z [1m[33mwarning[0m[1m: struct `ChaosConfig` is never constructed[0m
Identity Tests (Rust)	Build agentkern-server	2026-01-13T21:56:40.4613332Z   [1m[94m--> [0mapps/server/src/chaos.rs:15:12
Identity Tests (Rust)	Build agentkern-server	2026-01-13T21:56:40.4613828Z    [1m[94m|[0m
Identity Tests (Rust)	Build agentkern-server	2026-01-13T21:56:40.4614273Z [1m[94m15[0m [1m[94m|[0m pub struct ChaosConfig {
Identity Tests (Rust)	Build agentkern-server	2026-01-13T21:56:40.4614864Z    [1m[94m|[0m            [1m[33m^^^^^^^^^^^[0m
Identity Tests (Rust)	Build agentkern-server	2026-01-13T21:56:40.4615188Z 
Identity Tests (Rust)	Build agentkern-server	2026-01-13T21:56:40.4615552Z [1m[33mwarning[0m[1m: associated function `env` is never used[0m
Identity Tests (Rust)	Build agentkern-server	2026-01-13T21:56:40.4616225Z   [1m[94m--> [0mapps/server/src/chaos.rs:22:12
Identity Tests (Rust)	Build agentkern-server	2026-01-13T21:56:40.4616706Z    [1m[94m|[0m
Identity Tests (Rust)	Build agentkern-server	2026-01-13T21:56:40.4617107Z [1m[94m21[0m [1m[94m|[0m impl ChaosConfig {
Identity Tests (Rust)	Build agentkern-server	2026-01-13T21:56:40.4618097Z    [1m[94m|[0m [1m[94m----------------[0m [1m[94massociated function in this implementation[0m
Identity Tests (Rust)	Build agentkern-server	2026-01-13T21:56:40.4618912Z [1m[94m22[0m [1m[94m|[0m     pub fn env() -> Self {
Identity Tests (Rust)	Build agentkern-server	2026-01-13T21:56:40.4619499Z    [1m[94m|[0m            [1m[33m^^^[0m
Identity Tests (Rust)	Build agentkern-server	2026-01-13T21:56:40.4619825Z 
Identity Tests (Rust)	Build agentkern-server	2026-01-13T21:56:40.4620193Z [1m[33mwarning[0m[1m: struct `ChaosLayer` is never constructed[0m
Identity Tests (Rust)	Build agentkern-server	2026-01-13T21:56:40.4620857Z   [1m[94m--> [0mapps/server/src/chaos.rs:43:12
Identity Tests (Rust)	Build agentkern-server	2026-01-13T21:56:40.4621310Z    [1m[94m|[0m
Identity Tests (Rust)	Build agentkern-server	2026-01-13T21:56:40.4621738Z [1m[94m43[0m [1m[94m|[0m pub struct ChaosLayer {
Identity Tests (Rust)	Build agentkern-server	2026-01-13T21:56:40.4622307Z    [1m[94m|[0m            [1m[33m^^^^^^^^^^[0m
Identity Tests (Rust)	Build agentkern-server	2026-01-13T21:56:40.4622610Z 
Identity Tests (Rust)	Build agentkern-server	2026-01-13T21:56:40.4622958Z [1m[33mwarning[0m[1m: associated function `new` is never used[0m
Identity Tests (Rust)	Build agentkern-server	2026-01-13T21:56:40.4623601Z   [1m[94m--> [0mapps/server/src/chaos.rs:48:12
Identity Tests (Rust)	Build agentkern-server	2026-01-13T21:56:40.4624073Z    [1m[94m|[0m
Identity Tests (Rust)	Build agentkern-server	2026-01-13T21:56:40.4624462Z [1m[94m47[0m [1m[94m|[0m impl ChaosLayer {
Identity Tests (Rust)	Build agentkern-server	2026-01-13T21:56:40.4625233Z    [1m[94m|[0m [1m[94m---------------[0m [1m[94massociated function in this implementation[0m
Identity Tests (Rust)	Build agentkern-server	2026-01-13T21:56:40.4626094Z [1m[94m48[0m [1m[94m|[0m     pub fn new() -> Self {
Identity Tests (Rust)	Build agentkern-server	2026-01-13T21:56:40.4626645Z    [1m[94m|[0m            [1m[33m^^^[0m
Identity Tests (Rust)	Build agentkern-server	2026-01-13T21:56:40.4626924Z 
Identity Tests (Rust)	Build agentkern-server	2026-01-13T21:56:40.4627293Z [1m[33mwarning[0m[1m: struct `ChaosService` is never constructed[0m
Identity Tests (Rust)	Build agentkern-server	2026-01-13T21:56:40.4628120Z   [1m[94m--> [0mapps/server/src/chaos.rs:68:12
Identity Tests (Rust)	Build agentkern-server	2026-01-13T21:56:40.4628586Z    [1m[94m|[0m
Identity Tests (Rust)	Build agentkern-server	2026-01-13T21:56:40.4629029Z [1m[94m68[0m [1m[94m|[0m pub struct ChaosService<S> {
Identity Tests (Rust)	Build agentkern-server	2026-01-13T21:56:40.4629598Z    [1m[94m|[0m            [1m[33m^^^^^^^^^^^^[0m
Identity Tests (Rust)	Build agentkern-server	2026-01-13T21:56:40.4629915Z 
Identity Tests (Rust)	Build agentkern-server	2026-01-13T21:56:40.4630275Z [1m[33mwarning[0m[1m: function `shutdown_telemetry` is never used[0m
Identity Tests (Rust)	Build agentkern-server	2026-01-13T21:56:40.4630992Z   [1m[94m--> [0mapps/server/src/telemetry.rs:54:8
Identity Tests (Rust)	Build agentkern-server	2026-01-13T21:56:40.4631459Z    [1m[94m|[0m
Identity Tests (Rust)	Build agentkern-server	2026-01-13T21:56:40.4631907Z [1m[94m54[0m [1m[94m|[0m pub fn shutdown_telemetry() {
Identity Tests (Rust)	Build agentkern-server	2026-01-13T21:56:40.4632492Z    [1m[94m|[0m        [1m[33m^^^^^^^^^^^^^^^^^^[0m
Identity Tests (Rust)	Build agentkern-server	2026-01-13T21:56:40.4632797Z 
Identity Tests (Rust)	Build agentkern-server	2026-01-13T21:56:48.2134573Z [1m[33mwarning[0m: `agentkern-server` (bin "agentkern-server") generated 9 warnings (run `cargo fix --bin "agentkern-server" -p agentkern-server` to apply 2 suggestions)
Identity Tests (Rust)	Build agentkern-server	2026-01-13T21:56:48.2538005Z ##[error]Process completed with exit code 101.
Identity Tests (Rust)	Post Checkout	﻿2026-01-13T21:56:48.2641711Z Post job cleanup.
Identity Tests (Rust)	Post Checkout	2026-01-13T21:56:48.3425045Z [command]/usr/bin/git version
Identity Tests (Rust)	Post Checkout	2026-01-13T21:56:48.3466439Z git version 2.52.0
Identity Tests (Rust)	Post Checkout	2026-01-13T21:56:48.3539672Z Temporarily overriding HOME='/home/runner/work/_temp/279d685f-69ec-4ebb-b895-6b114bfb6d23' before making global git config changes
Identity Tests (Rust)	Post Checkout	2026-01-13T21:56:48.3541042Z Adding repository directory to the temporary git global config as a safe directory
Identity Tests (Rust)	Post Checkout	2026-01-13T21:56:48.3543023Z [command]/usr/bin/git config --global --add safe.directory /home/runner/work/agentkern/agentkern
Identity Tests (Rust)	Post Checkout	2026-01-13T21:56:48.3573494Z Removing SSH command configuration
Identity Tests (Rust)	Post Checkout	2026-01-13T21:56:48.3579672Z [command]/usr/bin/git config --local --name-only --get-regexp core\.sshCommand
Identity Tests (Rust)	Post Checkout	2026-01-13T21:56:48.3611974Z [command]/usr/bin/git submodule foreach --recursive sh -c "git config --local --name-only --get-regexp 'core\.sshCommand' && git config --local --unset-all 'core.sshCommand' || :"
Identity Tests (Rust)	Post Checkout	2026-01-13T21:56:48.3895851Z Removing HTTP extra header
Identity Tests (Rust)	Post Checkout	2026-01-13T21:56:48.3901042Z [command]/usr/bin/git config --local --name-only --get-regexp http\.https\:\/\/github\.com\/\.extraheader
Identity Tests (Rust)	Post Checkout	2026-01-13T21:56:48.3935352Z [command]/usr/bin/git submodule foreach --recursive sh -c "git config --local --name-only --get-regexp 'http\.https\:\/\/github\.com\/\.extraheader' && git config --local --unset-all 'http.https://github.com/.extraheader' || :"
Identity Tests (Rust)	Post Checkout	2026-01-13T21:56:48.4151609Z Removing includeIf entries pointing to credentials config files
Identity Tests (Rust)	Post Checkout	2026-01-13T21:56:48.4157724Z [command]/usr/bin/git config --local --name-only --get-regexp ^includeIf\.gitdir:
Identity Tests (Rust)	Post Checkout	2026-01-13T21:56:48.4180248Z includeif.gitdir:/home/runner/work/agentkern/agentkern/.git.path
Identity Tests (Rust)	Post Checkout	2026-01-13T21:56:48.4181071Z includeif.gitdir:/home/runner/work/agentkern/agentkern/.git/worktrees/*.path
Identity Tests (Rust)	Post Checkout	2026-01-13T21:56:48.4181513Z includeif.gitdir:/github/workspace/.git.path
Identity Tests (Rust)	Post Checkout	2026-01-13T21:56:48.4181890Z includeif.gitdir:/github/workspace/.git/worktrees/*.path
Identity Tests (Rust)	Post Checkout	2026-01-13T21:56:48.4190236Z [command]/usr/bin/git config --local --get-all includeif.gitdir:/home/runner/work/agentkern/agentkern/.git.path
Identity Tests (Rust)	Post Checkout	2026-01-13T21:56:48.4211437Z /home/runner/work/_temp/git-credentials-d5821041-1ec7-4502-b036-7e0ac0cc2c02.config
Identity Tests (Rust)	Post Checkout	2026-01-13T21:56:48.4221963Z [command]/usr/bin/git config --local --unset includeif.gitdir:/home/runner/work/agentkern/agentkern/.git.path /home/runner/work/_temp/git-credentials-d5821041-1ec7-4502-b036-7e0ac0cc2c02.config
Identity Tests (Rust)	Post Checkout	2026-01-13T21:56:48.4253634Z [command]/usr/bin/git config --local --get-all includeif.gitdir:/home/runner/work/agentkern/agentkern/.git/worktrees/*.path
Identity Tests (Rust)	Post Checkout	2026-01-13T21:56:48.4275269Z /home/runner/work/_temp/git-credentials-d5821041-1ec7-4502-b036-7e0ac0cc2c02.config
Identity Tests (Rust)	Post Checkout	2026-01-13T21:56:48.4285452Z [command]/usr/bin/git config --local --unset includeif.gitdir:/home/runner/work/agentkern/agentkern/.git/worktrees/*.path /home/runner/work/_temp/git-credentials-d5821041-1ec7-4502-b036-7e0ac0cc2c02.config
Identity Tests (Rust)	Post Checkout	2026-01-13T21:56:48.4315931Z [command]/usr/bin/git config --local --get-all includeif.gitdir:/github/workspace/.git.path
Identity Tests (Rust)	Post Checkout	2026-01-13T21:56:48.4336550Z /github/runner_temp/git-credentials-d5821041-1ec7-4502-b036-7e0ac0cc2c02.config
Identity Tests (Rust)	Post Checkout	2026-01-13T21:56:48.4344320Z [command]/usr/bin/git config --local --unset includeif.gitdir:/github/workspace/.git.path /github/runner_temp/git-credentials-d5821041-1ec7-4502-b036-7e0ac0cc2c02.config
Identity Tests (Rust)	Post Checkout	2026-01-13T21:56:48.4373820Z [command]/usr/bin/git config --local --get-all includeif.gitdir:/github/workspace/.git/worktrees/*.path
Identity Tests (Rust)	Post Checkout	2026-01-13T21:56:48.4393812Z /github/runner_temp/git-credentials-d5821041-1ec7-4502-b036-7e0ac0cc2c02.config
Identity Tests (Rust)	Post Checkout	2026-01-13T21:56:48.4402521Z [command]/usr/bin/git config --local --unset includeif.gitdir:/github/workspace/.git/worktrees/*.path /github/runner_temp/git-credentials-d5821041-1ec7-4502-b036-7e0ac0cc2c02.config
Identity Tests (Rust)	Post Checkout	2026-01-13T21:56:48.4434477Z [command]/usr/bin/git submodule foreach --recursive git config --local --show-origin --name-only --get-regexp remote.origin.url
Identity Tests (Rust)	Post Checkout	2026-01-13T21:56:48.4648346Z Removing credentials config '/home/runner/work/_temp/git-credentials-d5821041-1ec7-4502-b036-7e0ac0cc2c02.config'
Identity Tests (Rust)	Complete job	﻿2026-01-13T21:56:48.4772870Z Cleaning up orphan processes
Playground Build	Set up job	﻿2026-01-13T21:51:41.2739912Z Current runner version: '2.330.0'
Playground Build	Set up job	2026-01-13T21:51:41.2764213Z ##[group]Runner Image Provisioner
Playground Build	Set up job	2026-01-13T21:51:41.2765039Z Hosted Compute Agent
Playground Build	Set up job	2026-01-13T21:51:41.2765628Z Version: 20251211.462
Playground Build	Set up job	2026-01-13T21:51:41.2766302Z Commit: 6cbad8c2bb55d58165063d031ccabf57e2d2db61
Playground Build	Set up job	2026-01-13T21:51:41.2767020Z Build Date: 2025-12-11T16:28:49Z
Playground Build	Set up job	2026-01-13T21:51:41.2767671Z Worker ID: {f4e39a20-bbfb-4c8a-8a62-571c9631a9c7}
Playground Build	Set up job	2026-01-13T21:51:41.2768353Z ##[endgroup]
Playground Build	Set up job	2026-01-13T21:51:41.2768835Z ##[group]Operating System
Playground Build	Set up job	2026-01-13T21:51:41.2769419Z Ubuntu
Playground Build	Set up job	2026-01-13T21:51:41.2769870Z 24.04.3
Playground Build	Set up job	2026-01-13T21:51:41.2770358Z LTS
Playground Build	Set up job	2026-01-13T21:51:41.2770755Z ##[endgroup]
Playground Build	Set up job	2026-01-13T21:51:41.2771302Z ##[group]Runner Image
Playground Build	Set up job	2026-01-13T21:51:41.2771827Z Image: ubuntu-24.04
Playground Build	Set up job	2026-01-13T21:51:41.2772279Z Version: 20260105.202.1
Playground Build	Set up job	2026-01-13T21:51:41.2773343Z Included Software: https://github.com/actions/runner-images/blob/ubuntu24/20260105.202/images/ubuntu/Ubuntu2404-Readme.md
Playground Build	Set up job	2026-01-13T21:51:41.2775187Z Image Release: https://github.com/actions/runner-images/releases/tag/ubuntu24%2F20260105.202
Playground Build	Set up job	2026-01-13T21:51:41.2776450Z ##[endgroup]
Playground Build	Set up job	2026-01-13T21:51:41.2777472Z ##[group]GITHUB_TOKEN Permissions
Playground Build	Set up job	2026-01-13T21:51:41.2779361Z Contents: read
Playground Build	Set up job	2026-01-13T21:51:41.2779967Z Metadata: read
Playground Build	Set up job	2026-01-13T21:51:41.2780423Z Packages: read
Playground Build	Set up job	2026-01-13T21:51:41.2781010Z ##[endgroup]
Playground Build	Set up job	2026-01-13T21:51:41.2783388Z Secret source: Actions
Playground Build	Set up job	2026-01-13T21:51:41.2784606Z Prepare workflow directory
Playground Build	Set up job	2026-01-13T21:51:41.3167879Z Prepare all required actions
Playground Build	Set up job	2026-01-13T21:51:41.3205311Z Getting action download info
Playground Build	Set up job	2026-01-13T21:51:41.6962706Z Download action repository 'actions/checkout@v6' (SHA:8e8c483db84b4bee98b60c0593521ed34d9990e8)
Playground Build	Set up job	2026-01-13T21:51:41.7961557Z Download action repository 'pnpm/action-setup@v4' (SHA:41ff72655975bd51cab0327fa583b6e92b6d3061)
Playground Build	Set up job	2026-01-13T21:51:42.0437563Z Download action repository 'actions/setup-node@v6' (SHA:395ad3262231945c25e8478fd5baf05154b1d79f)
Playground Build	Set up job	2026-01-13T21:51:42.1346463Z Download action repository 'actions/upload-artifact@v4' (SHA:ea165f8d65b6e75b540449e92b4886f43607fa02)
Playground Build	Set up job	2026-01-13T21:51:42.3744084Z Complete job name: Playground Build
Playground Build	Run actions/checkout@v6	﻿2026-01-13T21:51:42.4558656Z ##[group]Run actions/checkout@v6
Playground Build	Run actions/checkout@v6	2026-01-13T21:51:42.4559969Z with:
Playground Build	Run actions/checkout@v6	2026-01-13T21:51:42.4560717Z   repository: AgentKern/agentkern
Playground Build	Run actions/checkout@v6	2026-01-13T21:51:42.4561913Z   token: ***
Playground Build	Run actions/checkout@v6	2026-01-13T21:51:42.4562651Z   ssh-strict: true
Playground Build	Run actions/checkout@v6	2026-01-13T21:51:42.4563399Z   ssh-user: git
Playground Build	Run actions/checkout@v6	2026-01-13T21:51:42.4564436Z   persist-credentials: true
Playground Build	Run actions/checkout@v6	2026-01-13T21:51:42.4565317Z   clean: true
Playground Build	Run actions/checkout@v6	2026-01-13T21:51:42.4566092Z   sparse-checkout-cone-mode: true
Playground Build	Run actions/checkout@v6	2026-01-13T21:51:42.4567037Z   fetch-depth: 1
Playground Build	Run actions/checkout@v6	2026-01-13T21:51:42.4567803Z   fetch-tags: false
Playground Build	Run actions/checkout@v6	2026-01-13T21:51:42.4568579Z   show-progress: true
Playground Build	Run actions/checkout@v6	2026-01-13T21:51:42.4569348Z   lfs: false
Playground Build	Run actions/checkout@v6	2026-01-13T21:51:42.4570112Z   submodules: false
Playground Build	Run actions/checkout@v6	2026-01-13T21:51:42.4570901Z   set-safe-directory: true
Playground Build	Run actions/checkout@v6	2026-01-13T21:51:42.4572006Z env:
Playground Build	Run actions/checkout@v6	2026-01-13T21:51:42.4572701Z   CARGO_TERM_COLOR: always
Playground Build	Run actions/checkout@v6	2026-01-13T21:51:42.4573746Z   RUST_VERSION: stable
Playground Build	Run actions/checkout@v6	2026-01-13T21:51:42.4574579Z   PNPM_VERSION: 9
Playground Build	Run actions/checkout@v6	2026-01-13T21:51:42.4575338Z   PYO3_PYTHON: python3
Playground Build	Run actions/checkout@v6	2026-01-13T21:51:42.4576116Z ##[endgroup]
Playground Build	Run actions/checkout@v6	2026-01-13T21:51:42.5538022Z Syncing repository: AgentKern/agentkern
Playground Build	Run actions/checkout@v6	2026-01-13T21:51:42.5540743Z ##[group]Getting Git version info
Playground Build	Run actions/checkout@v6	2026-01-13T21:51:42.5542044Z Working directory is '/home/runner/work/agentkern/agentkern'
Playground Build	Run actions/checkout@v6	2026-01-13T21:51:42.5544348Z [command]/usr/bin/git version
Playground Build	Run actions/checkout@v6	2026-01-13T21:51:42.5583940Z git version 2.52.0
Playground Build	Run actions/checkout@v6	2026-01-13T21:51:42.5605824Z ##[endgroup]
Playground Build	Run actions/checkout@v6	2026-01-13T21:51:42.5621854Z Temporarily overriding HOME='/home/runner/work/_temp/7eadd1b3-d943-4c12-8ad4-3102cdcfb850' before making global git config changes
Playground Build	Run actions/checkout@v6	2026-01-13T21:51:42.5626933Z Adding repository directory to the temporary git global config as a safe directory
Playground Build	Run actions/checkout@v6	2026-01-13T21:51:42.5630755Z [command]/usr/bin/git config --global --add safe.directory /home/runner/work/agentkern/agentkern
Playground Build	Run actions/checkout@v6	2026-01-13T21:51:42.5668077Z Deleting the contents of '/home/runner/work/agentkern/agentkern'
Playground Build	Run actions/checkout@v6	2026-01-13T21:51:42.5671363Z ##[group]Initializing the repository
Playground Build	Run actions/checkout@v6	2026-01-13T21:51:42.5675816Z [command]/usr/bin/git init /home/runner/work/agentkern/agentkern
Playground Build	Run actions/checkout@v6	2026-01-13T21:51:42.5790629Z hint: Using 'master' as the name for the initial branch. This default branch name
Playground Build	Run actions/checkout@v6	2026-01-13T21:51:42.5792638Z hint: will change to "main" in Git 3.0. To configure the initial branch name
Playground Build	Run actions/checkout@v6	2026-01-13T21:51:42.5795356Z hint: to use in all of your new repositories, which will suppress this warning,
Playground Build	Run actions/checkout@v6	2026-01-13T21:51:42.5797439Z hint: call:
Playground Build	Run actions/checkout@v6	2026-01-13T21:51:42.5798583Z hint:
Playground Build	Run actions/checkout@v6	2026-01-13T21:51:42.5800051Z hint: 	git config --global init.defaultBranch <name>
Playground Build	Run actions/checkout@v6	2026-01-13T21:51:42.5801583Z hint:
Playground Build	Run actions/checkout@v6	2026-01-13T21:51:42.5802641Z hint: Names commonly chosen instead of 'master' are 'main', 'trunk' and
Playground Build	Run actions/checkout@v6	2026-01-13T21:51:42.5804950Z hint: 'development'. The just-created branch can be renamed via this command:
Playground Build	Run actions/checkout@v6	2026-01-13T21:51:42.5806359Z hint:
Playground Build	Run actions/checkout@v6	2026-01-13T21:51:42.5807062Z hint: 	git branch -m <name>
Playground Build	Run actions/checkout@v6	2026-01-13T21:51:42.5807888Z hint:
Playground Build	Run actions/checkout@v6	2026-01-13T21:51:42.5809012Z hint: Disable this message with "git config set advice.defaultBranchName false"
Playground Build	Run actions/checkout@v6	2026-01-13T21:51:42.5810952Z Initialized empty Git repository in /home/runner/work/agentkern/agentkern/.git/
Playground Build	Run actions/checkout@v6	2026-01-13T21:51:42.5814135Z [command]/usr/bin/git remote add origin https://github.com/AgentKern/agentkern
Playground Build	Run actions/checkout@v6	2026-01-13T21:51:42.5842178Z ##[endgroup]
Playground Build	Run actions/checkout@v6	2026-01-13T21:51:42.5843694Z ##[group]Disabling automatic garbage collection
Playground Build	Run actions/checkout@v6	2026-01-13T21:51:42.5846435Z [command]/usr/bin/git config --local gc.auto 0
Playground Build	Run actions/checkout@v6	2026-01-13T21:51:42.5873357Z ##[endgroup]
Playground Build	Run actions/checkout@v6	2026-01-13T21:51:42.5874891Z ##[group]Setting up auth
Playground Build	Run actions/checkout@v6	2026-01-13T21:51:42.5876010Z Removing SSH command configuration
Playground Build	Run actions/checkout@v6	2026-01-13T21:51:42.5880751Z [command]/usr/bin/git config --local --name-only --get-regexp core\.sshCommand
Playground Build	Run actions/checkout@v6	2026-01-13T21:51:42.5910869Z [command]/usr/bin/git submodule foreach --recursive sh -c "git config --local --name-only --get-regexp 'core\.sshCommand' && git config --local --unset-all 'core.sshCommand' || :"
Playground Build	Run actions/checkout@v6	2026-01-13T21:51:42.6236771Z Removing HTTP extra header
Playground Build	Run actions/checkout@v6	2026-01-13T21:51:42.6242005Z [command]/usr/bin/git config --local --name-only --get-regexp http\.https\:\/\/github\.com\/\.extraheader
Playground Build	Run actions/checkout@v6	2026-01-13T21:51:42.6272889Z [command]/usr/bin/git submodule foreach --recursive sh -c "git config --local --name-only --get-regexp 'http\.https\:\/\/github\.com\/\.extraheader' && git config --local --unset-all 'http.https://github.com/.extraheader' || :"
Playground Build	Run actions/checkout@v6	2026-01-13T21:51:42.6484195Z Removing includeIf entries pointing to credentials config files
Playground Build	Run actions/checkout@v6	2026-01-13T21:51:42.6489290Z [command]/usr/bin/git config --local --name-only --get-regexp ^includeIf\.gitdir:
Playground Build	Run actions/checkout@v6	2026-01-13T21:51:42.6520448Z [command]/usr/bin/git submodule foreach --recursive git config --local --show-origin --name-only --get-regexp remote.origin.url
Playground Build	Run actions/checkout@v6	2026-01-13T21:51:42.6739957Z [command]/usr/bin/git config --file /home/runner/work/_temp/git-credentials-408eaa1c-2254-4315-a002-312370bfb753.config http.https://github.com/.extraheader AUTHORIZATION: basic ***
Playground Build	Run actions/checkout@v6	2026-01-13T21:51:42.6778629Z [command]/usr/bin/git config --local includeIf.gitdir:/home/runner/work/agentkern/agentkern/.git.path /home/runner/work/_temp/git-credentials-408eaa1c-2254-4315-a002-312370bfb753.config
Playground Build	Run actions/checkout@v6	2026-01-13T21:51:42.6809624Z [command]/usr/bin/git config --local includeIf.gitdir:/home/runner/work/agentkern/agentkern/.git/worktrees/*.path /home/runner/work/_temp/git-credentials-408eaa1c-2254-4315-a002-312370bfb753.config
Playground Build	Run actions/checkout@v6	2026-01-13T21:51:42.6840323Z [command]/usr/bin/git config --local includeIf.gitdir:/github/workspace/.git.path /github/runner_temp/git-credentials-408eaa1c-2254-4315-a002-312370bfb753.config
Playground Build	Run actions/checkout@v6	2026-01-13T21:51:42.6871691Z [command]/usr/bin/git config --local includeIf.gitdir:/github/workspace/.git/worktrees/*.path /github/runner_temp/git-credentials-408eaa1c-2254-4315-a002-312370bfb753.config
Playground Build	Run actions/checkout@v6	2026-01-13T21:51:42.6897532Z ##[endgroup]
Playground Build	Run actions/checkout@v6	2026-01-13T21:51:42.6899837Z ##[group]Fetching the repository
Playground Build	Run actions/checkout@v6	2026-01-13T21:51:42.6908917Z [command]/usr/bin/git -c protocol.version=2 fetch --no-tags --prune --no-recurse-submodules --depth=1 origin +eeb13ac6b3513e8c396c4f2952bf179147fc8147:refs/remotes/origin/main
Playground Build	Run actions/checkout@v6	2026-01-13T21:51:43.0156042Z From https://github.com/AgentKern/agentkern
Playground Build	Run actions/checkout@v6	2026-01-13T21:51:43.0160305Z  * [new ref]         eeb13ac6b3513e8c396c4f2952bf179147fc8147 -> origin/main
Playground Build	Run actions/checkout@v6	2026-01-13T21:51:43.0187883Z ##[endgroup]
Playground Build	Run actions/checkout@v6	2026-01-13T21:51:43.0189370Z ##[group]Determining the checkout info
Playground Build	Run actions/checkout@v6	2026-01-13T21:51:43.0190826Z ##[endgroup]
Playground Build	Run actions/checkout@v6	2026-01-13T21:51:43.0194878Z [command]/usr/bin/git sparse-checkout disable
Playground Build	Run actions/checkout@v6	2026-01-13T21:51:43.0235676Z [command]/usr/bin/git config --local --unset-all extensions.worktreeConfig
Playground Build	Run actions/checkout@v6	2026-01-13T21:51:43.0261832Z ##[group]Checking out the ref
Playground Build	Run actions/checkout@v6	2026-01-13T21:51:43.0265412Z [command]/usr/bin/git checkout --progress --force -B main refs/remotes/origin/main
Playground Build	Run actions/checkout@v6	2026-01-13T21:51:43.0640079Z Switched to a new branch 'main'
Playground Build	Run actions/checkout@v6	2026-01-13T21:51:43.0642645Z branch 'main' set up to track 'origin/main'.
Playground Build	Run actions/checkout@v6	2026-01-13T21:51:43.0682867Z ##[endgroup]
Playground Build	Run actions/checkout@v6	2026-01-13T21:51:43.0686535Z [command]/usr/bin/git log -1 --format=%H
Playground Build	Run actions/checkout@v6	2026-01-13T21:51:43.0710457Z eeb13ac6b3513e8c396c4f2952bf179147fc8147
Playground Build	Install pnpm	﻿2026-01-13T21:51:43.0956088Z ##[group]Run pnpm/action-setup@v4
Playground Build	Install pnpm	2026-01-13T21:51:43.0957053Z with:
Playground Build	Install pnpm	2026-01-13T21:51:43.0957706Z   dest: ~/setup-pnpm
Playground Build	Install pnpm	2026-01-13T21:51:43.0958448Z   run_install: null
Playground Build	Install pnpm	2026-01-13T21:51:43.0959207Z   package_json_file: package.json
Playground Build	Install pnpm	2026-01-13T21:51:43.0960101Z   standalone: false
Playground Build	Install pnpm	2026-01-13T21:51:43.0960792Z env:
Playground Build	Install pnpm	2026-01-13T21:51:43.0961431Z   CARGO_TERM_COLOR: always
Playground Build	Install pnpm	2026-01-13T21:51:43.0962234Z   RUST_VERSION: stable
Playground Build	Install pnpm	2026-01-13T21:51:43.0962984Z   PNPM_VERSION: 9
Playground Build	Install pnpm	2026-01-13T21:51:43.0963849Z   PYO3_PYTHON: python3
Playground Build	Install pnpm	2026-01-13T21:51:43.0964602Z ##[endgroup]
Playground Build	Install pnpm	2026-01-13T21:51:43.1512514Z ##[group]Running self-installer...
Playground Build	Install pnpm	2026-01-13T21:51:43.7038910Z Progress: resolved 1, reused 0, downloaded 0, added 0
Playground Build	Install pnpm	2026-01-13T21:51:44.0316080Z 
Playground Build	Install pnpm	2026-01-13T21:51:44.0317079Z dependencies:
Playground Build	Install pnpm	2026-01-13T21:51:44.0317961Z + pnpm 9.15.9
Playground Build	Install pnpm	2026-01-13T21:51:44.0318397Z 
Playground Build	Install pnpm	2026-01-13T21:51:44.0377009Z Packages: +1
Playground Build	Install pnpm	2026-01-13T21:51:44.0379612Z +
Playground Build	Install pnpm	2026-01-13T21:51:44.1133632Z Progress: resolved 1, reused 0, downloaded 1, added 1, done
Playground Build	Install pnpm	2026-01-13T21:51:44.1338053Z Done in 806ms
Playground Build	Install pnpm	2026-01-13T21:51:44.1497736Z ##[endgroup]
Playground Build	Install pnpm	2026-01-13T21:51:44.1502416Z Installation Completed!
Playground Build	Setup Node.js	﻿2026-01-13T21:51:44.1726418Z ##[group]Run actions/setup-node@v6
Playground Build	Setup Node.js	2026-01-13T21:51:44.1727033Z with:
Playground Build	Setup Node.js	2026-01-13T21:51:44.1727423Z   node-version: 24
Playground Build	Setup Node.js	2026-01-13T21:51:44.1727854Z   cache: pnpm
Playground Build	Setup Node.js	2026-01-13T21:51:44.1728267Z   check-latest: false
Playground Build	Setup Node.js	2026-01-13T21:51:44.1728969Z   token: ***
Playground Build	Setup Node.js	2026-01-13T21:51:44.1729406Z   package-manager-cache: true
Playground Build	Setup Node.js	2026-01-13T21:51:44.1729886Z env:
Playground Build	Setup Node.js	2026-01-13T21:51:44.1730279Z   CARGO_TERM_COLOR: always
Playground Build	Setup Node.js	2026-01-13T21:51:44.1730765Z   RUST_VERSION: stable
Playground Build	Setup Node.js	2026-01-13T21:51:44.1731211Z   PNPM_VERSION: 9
Playground Build	Setup Node.js	2026-01-13T21:51:44.1731648Z   PYO3_PYTHON: python3
Playground Build	Setup Node.js	2026-01-13T21:51:44.1732188Z   PNPM_HOME: /home/runner/setup-pnpm/node_modules/.bin
Playground Build	Setup Node.js	2026-01-13T21:51:44.1732866Z ##[endgroup]
Playground Build	Setup Node.js	2026-01-13T21:51:44.3122737Z Found in cache @ /opt/hostedtoolcache/node/24.12.0/x64
Playground Build	Setup Node.js	2026-01-13T21:51:44.3127356Z (node:2147) [DEP0040] DeprecationWarning: The `punycode` module is deprecated. Please use a userland alternative instead.
Playground Build	Setup Node.js	2026-01-13T21:51:44.3128296Z (Use `node --trace-deprecation ...` to show where the warning was created)
Playground Build	Setup Node.js	2026-01-13T21:51:44.3130622Z ##[group]Environment details
Playground Build	Setup Node.js	2026-01-13T21:51:44.6593006Z node: v24.12.0
Playground Build	Setup Node.js	2026-01-13T21:51:44.6593870Z npm: 11.6.2
Playground Build	Setup Node.js	2026-01-13T21:51:44.6594245Z yarn: 1.22.22
Playground Build	Setup Node.js	2026-01-13T21:51:44.6594937Z ##[endgroup]
Playground Build	Setup Node.js	2026-01-13T21:51:44.6617094Z [command]/home/runner/setup-pnpm/node_modules/.bin/pnpm store path --silent
Playground Build	Setup Node.js	2026-01-13T21:51:45.0526988Z /home/runner/setup-pnpm/node_modules/.bin/store/v3
Playground Build	Setup Node.js	2026-01-13T21:51:45.1252620Z Cache hit for: node-cache-Linux-x64-pnpm-ac8f86d91343610db926b0bfc54fab96839763bbb554c6279a4d037c55e02977
Playground Build	Setup Node.js	2026-01-13T21:51:45.1360817Z (node:2147) [DEP0169] DeprecationWarning: `url.parse()` behavior is not standardized and prone to errors that have security implications. Use the WHATWG URL API instead. CVEs are not issued for `url.parse()` vulnerabilities.
Playground Build	Setup Node.js	2026-01-13T21:51:45.5198504Z Received 48878472 of 48878472 (100.0%), 137.5 MBs/sec
Playground Build	Setup Node.js	2026-01-13T21:51:45.5201635Z Cache Size: ~47 MB (48878472 B)
Playground Build	Setup Node.js	2026-01-13T21:51:45.5226522Z [command]/usr/bin/tar -xf /home/runner/work/_temp/94c68220-bb4d-4627-bfd1-179b1fff27a3/cache.tzst -P -C /home/runner/work/agentkern/agentkern --use-compress-program unzstd
Playground Build	Setup Node.js	2026-01-13T21:51:46.1124209Z Cache restored successfully
Playground Build	Setup Node.js	2026-01-13T21:51:46.1220038Z Cache restored from key: node-cache-Linux-x64-pnpm-ac8f86d91343610db926b0bfc54fab96839763bbb554c6279a4d037c55e02977
Playground Build	Install dependencies	﻿2026-01-13T21:51:46.1362192Z ##[group]Run pnpm install --frozen-lockfile
Playground Build	Install dependencies	2026-01-13T21:51:46.1362609Z [36;1mpnpm install --frozen-lockfile[0m
Playground Build	Install dependencies	2026-01-13T21:51:46.1408812Z shell: /usr/bin/bash -e {0}
Playground Build	Install dependencies	2026-01-13T21:51:46.1409090Z env:
Playground Build	Install dependencies	2026-01-13T21:51:46.1409284Z   CARGO_TERM_COLOR: always
Playground Build	Install dependencies	2026-01-13T21:51:46.1409524Z   RUST_VERSION: stable
Playground Build	Install dependencies	2026-01-13T21:51:46.1409730Z   PNPM_VERSION: 9
Playground Build	Install dependencies	2026-01-13T21:51:46.1409979Z   PYO3_PYTHON: python3
Playground Build	Install dependencies	2026-01-13T21:51:46.1410243Z   PNPM_HOME: /home/runner/setup-pnpm/node_modules/.bin
Playground Build	Install dependencies	2026-01-13T21:51:46.1410565Z ##[endgroup]
Playground Build	Install dependencies	2026-01-13T21:51:46.5591983Z Scope: all 4 workspace projects
Playground Build	Install dependencies	2026-01-13T21:51:46.6034094Z Lockfile is up to date, resolution step is skipped
Playground Build	Install dependencies	2026-01-13T21:51:46.7192339Z Packages: +415
Playground Build	Install dependencies	2026-01-13T21:51:46.7193188Z ++++++++++++++++++++++++++++++++++++++++++++++++++++++++++++++++++++++++++++++++
Playground Build	Install dependencies	2026-01-13T21:51:46.7545322Z Progress: resolved 0, reused 1, downloaded 0, added 0
Playground Build	Install dependencies	2026-01-13T21:51:47.2186201Z Progress: resolved 0, reused 398, downloaded 0, added 415, done
Playground Build	Install dependencies	2026-01-13T21:51:47.3143858Z 
Playground Build	Install dependencies	2026-01-13T21:51:47.3581697Z Done in 1.1s using pnpm v9.15.9
Playground Build	Build Playground	﻿2026-01-13T21:51:47.3814057Z ##[group]Run pnpm build
Playground Build	Build Playground	2026-01-13T21:51:47.3814372Z [36;1mpnpm build[0m
Playground Build	Build Playground	2026-01-13T21:51:47.3846862Z shell: /usr/bin/bash -e {0}
Playground Build	Build Playground	2026-01-13T21:51:47.3847120Z env:
Playground Build	Build Playground	2026-01-13T21:51:47.3847311Z   CARGO_TERM_COLOR: always
Playground Build	Build Playground	2026-01-13T21:51:47.3847567Z   RUST_VERSION: stable
Playground Build	Build Playground	2026-01-13T21:51:47.3847768Z   PNPM_VERSION: 9
Playground Build	Build Playground	2026-01-13T21:51:47.3847970Z   PYO3_PYTHON: python3
Playground Build	Build Playground	2026-01-13T21:51:47.3848240Z   PNPM_HOME: /home/runner/setup-pnpm/node_modules/.bin
Playground Build	Build Playground	2026-01-13T21:51:47.3848546Z ##[endgroup]
Playground Build	Build Playground	2026-01-13T21:51:47.7778120Z 
Playground Build	Build Playground	2026-01-13T21:51:47.7779083Z > @agentkern/playground@0.1.0 build /home/runner/work/agentkern/agentkern/apps/playground
Playground Build	Build Playground	2026-01-13T21:51:47.7779644Z > tsc && vite build
Playground Build	Build Playground	2026-01-13T21:51:47.7779796Z 
Playground Build	Build Playground	2026-01-13T21:51:49.7860816Z [36mvite v7.3.1 [32mbuilding client environment for production...[36m[39m
Playground Build	Build Playground	2026-01-13T21:51:49.8443749Z transforming...
Playground Build	Build Playground	2026-01-13T21:51:50.4234697Z [32m✓[39m 28 modules transformed.
Playground Build	Build Playground	2026-01-13T21:51:50.5237223Z rendering chunks...
Playground Build	Build Playground	2026-01-13T21:51:50.5299203Z computing gzip size...
Playground Build	Build Playground	2026-01-13T21:51:50.5383270Z [2mdist/[22m[32mindex.html                 [39m[1m[2m  0.73 kB[22m[1m[22m[2m │ gzip:  0.41 kB[22m
Playground Build	Build Playground	2026-01-13T21:51:50.5384733Z [2mdist/[22m[2massets/[22m[35mindex-DbtTfKf_.css  [39m[1m[2m  5.99 kB[22m[1m[22m[2m │ gzip:  1.67 kB[22m
Playground Build	Build Playground	2026-01-13T21:51:50.5385696Z [2mdist/[22m[2massets/[22m[36mindex-BFKisruP.js   [39m[1m[2m176.43 kB[22m[1m[22m[2m │ gzip: 53.79 kB[22m
Playground Build	Build Playground	2026-01-13T21:51:50.5386735Z [32m✓ built in 726ms[39m
Playground Build	Upload artifact	﻿2026-01-13T21:51:50.5731209Z ##[group]Run actions/upload-artifact@v4
Playground Build	Upload artifact	2026-01-13T21:51:50.5731514Z with:
Playground Build	Upload artifact	2026-01-13T21:51:50.5731711Z   name: playground-dist
Playground Build	Upload artifact	2026-01-13T21:51:50.5731945Z   path: apps/playground/dist
Playground Build	Upload artifact	2026-01-13T21:51:50.5732178Z   if-no-files-found: warn
Playground Build	Upload artifact	2026-01-13T21:51:50.5732406Z   compression-level: 6
Playground Build	Upload artifact	2026-01-13T21:51:50.5732624Z   overwrite: false
Playground Build	Upload artifact	2026-01-13T21:51:50.5732848Z   include-hidden-files: false
Playground Build	Upload artifact	2026-01-13T21:51:50.5733078Z env:
Playground Build	Upload artifact	2026-01-13T21:51:50.5733246Z   CARGO_TERM_COLOR: always
Playground Build	Upload artifact	2026-01-13T21:51:50.5733688Z   RUST_VERSION: stable
Playground Build	Upload artifact	2026-01-13T21:51:50.5733915Z   PNPM_VERSION: 9
Playground Build	Upload artifact	2026-01-13T21:51:50.5734108Z   PYO3_PYTHON: python3
Playground Build	Upload artifact	2026-01-13T21:51:50.5734363Z   PNPM_HOME: /home/runner/setup-pnpm/node_modules/.bin
Playground Build	Upload artifact	2026-01-13T21:51:50.5734664Z ##[endgroup]
Playground Build	Upload artifact	2026-01-13T21:51:50.7902051Z With the provided path, there will be 4 files uploaded
Playground Build	Upload artifact	2026-01-13T21:51:50.7908053Z Artifact name is valid!
Playground Build	Upload artifact	2026-01-13T21:51:50.7909446Z Root directory input is valid!
Playground Build	Upload artifact	2026-01-13T21:51:50.8824372Z Beginning upload of artifact content to blob storage
Playground Build	Upload artifact	2026-01-13T21:51:50.9743973Z Uploaded bytes 56652
Playground Build	Upload artifact	2026-01-13T21:51:50.9931101Z Finished uploading artifact content to blob storage!
Playground Build	Upload artifact	2026-01-13T21:51:50.9935035Z SHA256 digest of uploaded artifact zip is f6ad7fe1f47ab3590b0dc83a321432900bc14950ac34c6e2312a336c1e07a3e1
Playground Build	Upload artifact	2026-01-13T21:51:50.9936758Z Finalizing artifact upload
Playground Build	Upload artifact	2026-01-13T21:51:51.0832285Z Artifact playground-dist.zip successfully finalized. Artifact ID 5118905365
Playground Build	Upload artifact	2026-01-13T21:51:51.0833968Z Artifact playground-dist has been successfully uploaded! Final size is 56652 bytes. Artifact ID is 5118905365
Playground Build	Upload artifact	2026-01-13T21:51:51.0841072Z Artifact download URL: https://github.com/AgentKern/agentkern/actions/runs/20973851447/artifacts/5118905365
Playground Build	Post Setup Node.js	﻿2026-01-13T21:51:51.0975462Z Post job cleanup.
Playground Build	Post Setup Node.js	2026-01-13T21:51:51.2229757Z (node:2259) [DEP0040] DeprecationWarning: The `punycode` module is deprecated. Please use a userland alternative instead.
Playground Build	Post Setup Node.js	2026-01-13T21:51:51.2231315Z (Use `node --trace-deprecation ...` to show where the warning was created)
Playground Build	Post Setup Node.js	2026-01-13T21:51:51.2234729Z Cache hit occurred on the primary key node-cache-Linux-x64-pnpm-ac8f86d91343610db926b0bfc54fab96839763bbb554c6279a4d037c55e02977, not saving cache.
Playground Build	Post Install pnpm	﻿2026-01-13T21:51:51.2330093Z Post job cleanup.
Playground Build	Post Install pnpm	2026-01-13T21:51:51.2876358Z Pruning is unnecessary.
Playground Build	Post Run actions/checkout@v6	﻿2026-01-13T21:51:51.2974459Z Post job cleanup.
Playground Build	Post Run actions/checkout@v6	2026-01-13T21:51:51.3759108Z [command]/usr/bin/git version
Playground Build	Post Run actions/checkout@v6	2026-01-13T21:51:51.3826267Z git version 2.52.0
Playground Build	Post Run actions/checkout@v6	2026-01-13T21:51:51.3861989Z Temporarily overriding HOME='/home/runner/work/_temp/4bc558b6-a019-41c7-a8b2-40590e4a8f89' before making global git config changes
Playground Build	Post Run actions/checkout@v6	2026-01-13T21:51:51.3862894Z Adding repository directory to the temporary git global config as a safe directory
Playground Build	Post Run actions/checkout@v6	2026-01-13T21:51:51.3867384Z [command]/usr/bin/git config --global --add safe.directory /home/runner/work/agentkern/agentkern
Playground Build	Post Run actions/checkout@v6	2026-01-13T21:51:51.3897228Z Removing SSH command configuration
Playground Build	Post Run actions/checkout@v6	2026-01-13T21:51:51.3903328Z [command]/usr/bin/git config --local --name-only --get-regexp core\.sshCommand
Playground Build	Post Run actions/checkout@v6	2026-01-13T21:51:51.3936843Z [command]/usr/bin/git submodule foreach --recursive sh -c "git config --local --name-only --get-regexp 'core\.sshCommand' && git config --local --unset-all 'core.sshCommand' || :"
Playground Build	Post Run actions/checkout@v6	2026-01-13T21:51:51.4158666Z Removing HTTP extra header
Playground Build	Post Run actions/checkout@v6	2026-01-13T21:51:51.4163072Z [command]/usr/bin/git config --local --name-only --get-regexp http\.https\:\/\/github\.com\/\.extraheader
Playground Build	Post Run actions/checkout@v6	2026-01-13T21:51:51.4195726Z [command]/usr/bin/git submodule foreach --recursive sh -c "git config --local --name-only --get-regexp 'http\.https\:\/\/github\.com\/\.extraheader' && git config --local --unset-all 'http.https://github.com/.extraheader' || :"
Playground Build	Post Run actions/checkout@v6	2026-01-13T21:51:51.4411835Z Removing includeIf entries pointing to credentials config files
Playground Build	Post Run actions/checkout@v6	2026-01-13T21:51:51.4418696Z [command]/usr/bin/git config --local --name-only --get-regexp ^includeIf\.gitdir:
Playground Build	Post Run actions/checkout@v6	2026-01-13T21:51:51.4442403Z includeif.gitdir:/home/runner/work/agentkern/agentkern/.git.path
Playground Build	Post Run actions/checkout@v6	2026-01-13T21:51:51.4443217Z includeif.gitdir:/home/runner/work/agentkern/agentkern/.git/worktrees/*.path
Playground Build	Post Run actions/checkout@v6	2026-01-13T21:51:51.4443935Z includeif.gitdir:/github/workspace/.git.path
Playground Build	Post Run actions/checkout@v6	2026-01-13T21:51:51.4444584Z includeif.gitdir:/github/workspace/.git/worktrees/*.path
Playground Build	Post Run actions/checkout@v6	2026-01-13T21:51:51.4452269Z [command]/usr/bin/git config --local --get-all includeif.gitdir:/home/runner/work/agentkern/agentkern/.git.path
Playground Build	Post Run actions/checkout@v6	2026-01-13T21:51:51.4472405Z /home/runner/work/_temp/git-credentials-408eaa1c-2254-4315-a002-312370bfb753.config
Playground Build	Post Run actions/checkout@v6	2026-01-13T21:51:51.4482611Z [command]/usr/bin/git config --local --unset includeif.gitdir:/home/runner/work/agentkern/agentkern/.git.path /home/runner/work/_temp/git-credentials-408eaa1c-2254-4315-a002-312370bfb753.config
Playground Build	Post Run actions/checkout@v6	2026-01-13T21:51:51.4516757Z [command]/usr/bin/git config --local --get-all includeif.gitdir:/home/runner/work/agentkern/agentkern/.git/worktrees/*.path
Playground Build	Post Run actions/checkout@v6	2026-01-13T21:51:51.4537187Z /home/runner/work/_temp/git-credentials-408eaa1c-2254-4315-a002-312370bfb753.config
Playground Build	Post Run actions/checkout@v6	2026-01-13T21:51:51.4546759Z [command]/usr/bin/git config --local --unset includeif.gitdir:/home/runner/work/agentkern/agentkern/.git/worktrees/*.path /home/runner/work/_temp/git-credentials-408eaa1c-2254-4315-a002-312370bfb753.config
Playground Build	Post Run actions/checkout@v6	2026-01-13T21:51:51.4578257Z [command]/usr/bin/git config --local --get-all includeif.gitdir:/github/workspace/.git.path
Playground Build	Post Run actions/checkout@v6	2026-01-13T21:51:51.4598395Z /github/runner_temp/git-credentials-408eaa1c-2254-4315-a002-312370bfb753.config
Playground Build	Post Run actions/checkout@v6	2026-01-13T21:51:51.4606185Z [command]/usr/bin/git config --local --unset includeif.gitdir:/github/workspace/.git.path /github/runner_temp/git-credentials-408eaa1c-2254-4315-a002-312370bfb753.config
Playground Build	Post Run actions/checkout@v6	2026-01-13T21:51:51.4634815Z [command]/usr/bin/git config --local --get-all includeif.gitdir:/github/workspace/.git/worktrees/*.path
Playground Build	Post Run actions/checkout@v6	2026-01-13T21:51:51.4655402Z /github/runner_temp/git-credentials-408eaa1c-2254-4315-a002-312370bfb753.config
Playground Build	Post Run actions/checkout@v6	2026-01-13T21:51:51.4664735Z [command]/usr/bin/git config --local --unset includeif.gitdir:/github/workspace/.git/worktrees/*.path /github/runner_temp/git-credentials-408eaa1c-2254-4315-a002-312370bfb753.config
Playground Build	Post Run actions/checkout@v6	2026-01-13T21:51:51.4695922Z [command]/usr/bin/git submodule foreach --recursive git config --local --show-origin --name-only --get-regexp remote.origin.url
Playground Build	Post Run actions/checkout@v6	2026-01-13T21:51:51.4908625Z Removing credentials config '/home/runner/work/_temp/git-credentials-408eaa1c-2254-4315-a002-312370bfb753.config'
Playground Build	Complete job	﻿2026-01-13T21:51:51.5027055Z Cleaning up orphan processes
Rust Coverage	Set up job	﻿2026-01-13T21:51:42.5390846Z Current runner version: '2.330.0'
Rust Coverage	Set up job	2026-01-13T21:51:42.5428462Z ##[group]Runner Image Provisioner
Rust Coverage	Set up job	2026-01-13T21:51:42.5429785Z Hosted Compute Agent
Rust Coverage	Set up job	2026-01-13T21:51:42.5430768Z Version: 20251211.462
Rust Coverage	Set up job	2026-01-13T21:51:42.5432183Z Commit: 6cbad8c2bb55d58165063d031ccabf57e2d2db61
Rust Coverage	Set up job	2026-01-13T21:51:42.5433401Z Build Date: 2025-12-11T16:28:49Z
Rust Coverage	Set up job	2026-01-13T21:51:42.5434640Z Worker ID: {c66e7b27-e0fe-42f8-8f30-2c85297f625b}
Rust Coverage	Set up job	2026-01-13T21:51:42.5435814Z ##[endgroup]
Rust Coverage	Set up job	2026-01-13T21:51:42.5436860Z ##[group]Operating System
Rust Coverage	Set up job	2026-01-13T21:51:42.5437787Z Ubuntu
Rust Coverage	Set up job	2026-01-13T21:51:42.5438573Z 24.04.3
Rust Coverage	Set up job	2026-01-13T21:51:42.5439494Z LTS
Rust Coverage	Set up job	2026-01-13T21:51:42.5440301Z ##[endgroup]
Rust Coverage	Set up job	2026-01-13T21:51:42.5441360Z ##[group]Runner Image
Rust Coverage	Set up job	2026-01-13T21:51:42.5442491Z Image: ubuntu-24.04
Rust Coverage	Set up job	2026-01-13T21:51:42.5443438Z Version: 20260105.202.1
Rust Coverage	Set up job	2026-01-13T21:51:42.5445157Z Included Software: https://github.com/actions/runner-images/blob/ubuntu24/20260105.202/images/ubuntu/Ubuntu2404-Readme.md
Rust Coverage	Set up job	2026-01-13T21:51:42.5447784Z Image Release: https://github.com/actions/runner-images/releases/tag/ubuntu24%2F20260105.202
Rust Coverage	Set up job	2026-01-13T21:51:42.5449792Z ##[endgroup]
Rust Coverage	Set up job	2026-01-13T21:51:42.5452140Z ##[group]GITHUB_TOKEN Permissions
Rust Coverage	Set up job	2026-01-13T21:51:42.5454962Z Contents: read
Rust Coverage	Set up job	2026-01-13T21:51:42.5455874Z Metadata: read
Rust Coverage	Set up job	2026-01-13T21:51:42.5456760Z Packages: read
Rust Coverage	Set up job	2026-01-13T21:51:42.5457587Z ##[endgroup]
Rust Coverage	Set up job	2026-01-13T21:51:42.5460424Z Secret source: Actions
Rust Coverage	Set up job	2026-01-13T21:51:42.5462171Z Prepare workflow directory
Rust Coverage	Set up job	2026-01-13T21:51:42.5908956Z Prepare all required actions
Rust Coverage	Set up job	2026-01-13T21:51:42.5963268Z Getting action download info
Rust Coverage	Set up job	2026-01-13T21:51:42.9906304Z Download action repository 'actions/checkout@v6' (SHA:8e8c483db84b4bee98b60c0593521ed34d9990e8)
Rust Coverage	Set up job	2026-01-13T21:51:43.0902941Z Download action repository 'actions/cache@v4' (SHA:0057852bfaa89a56745cba8c7296529d2fc39830)
Rust Coverage	Set up job	2026-01-13T21:51:43.1952299Z Download action repository 'actions/upload-artifact@v4' (SHA:ea165f8d65b6e75b540449e92b4886f43607fa02)
Rust Coverage	Set up job	2026-01-13T21:51:43.4260002Z Complete job name: Rust Coverage
Rust Coverage	Run actions/checkout@v6	﻿2026-01-13T21:51:43.5071550Z ##[group]Run actions/checkout@v6
Rust Coverage	Run actions/checkout@v6	2026-01-13T21:51:43.5072892Z with:
Rust Coverage	Run actions/checkout@v6	2026-01-13T21:51:43.5073657Z   repository: AgentKern/agentkern
Rust Coverage	Run actions/checkout@v6	2026-01-13T21:51:43.5074900Z   token: ***
Rust Coverage	Run actions/checkout@v6	2026-01-13T21:51:43.5075635Z   ssh-strict: true
Rust Coverage	Run actions/checkout@v6	2026-01-13T21:51:43.5076403Z   ssh-user: git
Rust Coverage	Run actions/checkout@v6	2026-01-13T21:51:43.5077181Z   persist-credentials: true
Rust Coverage	Run actions/checkout@v6	2026-01-13T21:51:43.5078072Z   clean: true
Rust Coverage	Run actions/checkout@v6	2026-01-13T21:51:43.5078855Z   sparse-checkout-cone-mode: true
Rust Coverage	Run actions/checkout@v6	2026-01-13T21:51:43.5080018Z   fetch-depth: 1
Rust Coverage	Run actions/checkout@v6	2026-01-13T21:51:43.5081350Z   fetch-tags: false
Rust Coverage	Run actions/checkout@v6	2026-01-13T21:51:43.5082200Z   show-progress: true
Rust Coverage	Run actions/checkout@v6	2026-01-13T21:51:43.5083005Z   lfs: false
Rust Coverage	Run actions/checkout@v6	2026-01-13T21:51:43.5083721Z   submodules: false
Rust Coverage	Run actions/checkout@v6	2026-01-13T21:51:43.5084523Z   set-safe-directory: true
Rust Coverage	Run actions/checkout@v6	2026-01-13T21:51:43.5086074Z env:
Rust Coverage	Run actions/checkout@v6	2026-01-13T21:51:43.5086829Z   CARGO_TERM_COLOR: always
Rust Coverage	Run actions/checkout@v6	2026-01-13T21:51:43.5087735Z   RUST_VERSION: stable
Rust Coverage	Run actions/checkout@v6	2026-01-13T21:51:43.5088555Z   PNPM_VERSION: 9
Rust Coverage	Run actions/checkout@v6	2026-01-13T21:51:43.5089327Z   PYO3_PYTHON: python3
Rust Coverage	Run actions/checkout@v6	2026-01-13T21:51:43.5090126Z ##[endgroup]
Rust Coverage	Run actions/checkout@v6	2026-01-13T21:51:43.6164992Z Syncing repository: AgentKern/agentkern
Rust Coverage	Run actions/checkout@v6	2026-01-13T21:51:43.6168042Z ##[group]Getting Git version info
Rust Coverage	Run actions/checkout@v6	2026-01-13T21:51:43.6169376Z Working directory is '/home/runner/work/agentkern/agentkern'
Rust Coverage	Run actions/checkout@v6	2026-01-13T21:51:43.6171864Z [command]/usr/bin/git version
Rust Coverage	Run actions/checkout@v6	2026-01-13T21:51:43.6283696Z git version 2.52.0
Rust Coverage	Run actions/checkout@v6	2026-01-13T21:51:43.6305584Z ##[endgroup]
Rust Coverage	Run actions/checkout@v6	2026-01-13T21:51:43.6321678Z Temporarily overriding HOME='/home/runner/work/_temp/6e733a4c-2736-4028-a340-73e553cbcb9e' before making global git config changes
Rust Coverage	Run actions/checkout@v6	2026-01-13T21:51:43.6326521Z Adding repository directory to the temporary git global config as a safe directory
Rust Coverage	Run actions/checkout@v6	2026-01-13T21:51:43.6331066Z [command]/usr/bin/git config --global --add safe.directory /home/runner/work/agentkern/agentkern
Rust Coverage	Run actions/checkout@v6	2026-01-13T21:51:43.6374346Z Deleting the contents of '/home/runner/work/agentkern/agentkern'
Rust Coverage	Run actions/checkout@v6	2026-01-13T21:51:43.6377313Z ##[group]Initializing the repository
Rust Coverage	Run actions/checkout@v6	2026-01-13T21:51:43.6381721Z [command]/usr/bin/git init /home/runner/work/agentkern/agentkern
Rust Coverage	Run actions/checkout@v6	2026-01-13T21:51:43.6516364Z hint: Using 'master' as the name for the initial branch. This default branch name
Rust Coverage	Run actions/checkout@v6	2026-01-13T21:51:43.6518491Z hint: will change to "main" in Git 3.0. To configure the initial branch name
Rust Coverage	Run actions/checkout@v6	2026-01-13T21:51:43.6520307Z hint: to use in all of your new repositories, which will suppress this warning,
Rust Coverage	Run actions/checkout@v6	2026-01-13T21:51:43.6522463Z hint: call:
Rust Coverage	Run actions/checkout@v6	2026-01-13T21:51:43.6523229Z hint:
Rust Coverage	Run actions/checkout@v6	2026-01-13T21:51:43.6524491Z hint: 	git config --global init.defaultBranch <name>
Rust Coverage	Run actions/checkout@v6	2026-01-13T21:51:43.6526495Z hint:
Rust Coverage	Run actions/checkout@v6	2026-01-13T21:51:43.6527889Z hint: Names commonly chosen instead of 'master' are 'main', 'trunk' and
Rust Coverage	Run actions/checkout@v6	2026-01-13T21:51:43.6529806Z hint: 'development'. The just-created branch can be renamed via this command:
Rust Coverage	Run actions/checkout@v6	2026-01-13T21:51:43.6531949Z hint:
Rust Coverage	Run actions/checkout@v6	2026-01-13T21:51:43.6532701Z hint: 	git branch -m <name>
Rust Coverage	Run actions/checkout@v6	2026-01-13T21:51:43.6533549Z hint:
Rust Coverage	Run actions/checkout@v6	2026-01-13T21:51:43.6534707Z hint: Disable this message with "git config set advice.defaultBranchName false"
Rust Coverage	Run actions/checkout@v6	2026-01-13T21:51:43.6536666Z Initialized empty Git repository in /home/runner/work/agentkern/agentkern/.git/
Rust Coverage	Run actions/checkout@v6	2026-01-13T21:51:43.6539675Z [command]/usr/bin/git remote add origin https://github.com/AgentKern/agentkern
Rust Coverage	Run actions/checkout@v6	2026-01-13T21:51:43.6568779Z ##[endgroup]
Rust Coverage	Run actions/checkout@v6	2026-01-13T21:51:43.6570273Z ##[group]Disabling automatic garbage collection
Rust Coverage	Run actions/checkout@v6	2026-01-13T21:51:43.6571984Z [command]/usr/bin/git config --local gc.auto 0
Rust Coverage	Run actions/checkout@v6	2026-01-13T21:51:43.6600286Z ##[endgroup]
Rust Coverage	Run actions/checkout@v6	2026-01-13T21:51:43.6602034Z ##[group]Setting up auth
Rust Coverage	Run actions/checkout@v6	2026-01-13T21:51:43.6603015Z Removing SSH command configuration
Rust Coverage	Run actions/checkout@v6	2026-01-13T21:51:43.6607053Z [command]/usr/bin/git config --local --name-only --get-regexp core\.sshCommand
Rust Coverage	Run actions/checkout@v6	2026-01-13T21:51:43.6639089Z [command]/usr/bin/git submodule foreach --recursive sh -c "git config --local --name-only --get-regexp 'core\.sshCommand' && git config --local --unset-all 'core.sshCommand' || :"
Rust Coverage	Run actions/checkout@v6	2026-01-13T21:51:43.7063564Z Removing HTTP extra header
Rust Coverage	Run actions/checkout@v6	2026-01-13T21:51:43.7069951Z [command]/usr/bin/git config --local --name-only --get-regexp http\.https\:\/\/github\.com\/\.extraheader
Rust Coverage	Run actions/checkout@v6	2026-01-13T21:51:43.7103263Z [command]/usr/bin/git submodule foreach --recursive sh -c "git config --local --name-only --get-regexp 'http\.https\:\/\/github\.com\/\.extraheader' && git config --local --unset-all 'http.https://github.com/.extraheader' || :"
Rust Coverage	Run actions/checkout@v6	2026-01-13T21:51:43.7313393Z Removing includeIf entries pointing to credentials config files
Rust Coverage	Run actions/checkout@v6	2026-01-13T21:51:43.7319185Z [command]/usr/bin/git config --local --name-only --get-regexp ^includeIf\.gitdir:
Rust Coverage	Run actions/checkout@v6	2026-01-13T21:51:43.7351717Z [command]/usr/bin/git submodule foreach --recursive git config --local --show-origin --name-only --get-regexp remote.origin.url
Rust Coverage	Run actions/checkout@v6	2026-01-13T21:51:43.7584798Z [command]/usr/bin/git config --file /home/runner/work/_temp/git-credentials-6d4ec81b-ed89-41d8-872c-aa704195c5c1.config http.https://github.com/.extraheader AUTHORIZATION: basic ***
Rust Coverage	Run actions/checkout@v6	2026-01-13T21:51:43.7620047Z [command]/usr/bin/git config --local includeIf.gitdir:/home/runner/work/agentkern/agentkern/.git.path /home/runner/work/_temp/git-credentials-6d4ec81b-ed89-41d8-872c-aa704195c5c1.config
Rust Coverage	Run actions/checkout@v6	2026-01-13T21:51:43.7649854Z [command]/usr/bin/git config --local includeIf.gitdir:/home/runner/work/agentkern/agentkern/.git/worktrees/*.path /home/runner/work/_temp/git-credentials-6d4ec81b-ed89-41d8-872c-aa704195c5c1.config
Rust Coverage	Run actions/checkout@v6	2026-01-13T21:51:43.7679600Z [command]/usr/bin/git config --local includeIf.gitdir:/github/workspace/.git.path /github/runner_temp/git-credentials-6d4ec81b-ed89-41d8-872c-aa704195c5c1.config
Rust Coverage	Run actions/checkout@v6	2026-01-13T21:51:43.7739356Z [command]/usr/bin/git config --local includeIf.gitdir:/github/workspace/.git/worktrees/*.path /github/runner_temp/git-credentials-6d4ec81b-ed89-41d8-872c-aa704195c5c1.config
Rust Coverage	Run actions/checkout@v6	2026-01-13T21:51:43.7765691Z ##[endgroup]
Rust Coverage	Run actions/checkout@v6	2026-01-13T21:51:43.7767056Z ##[group]Fetching the repository
Rust Coverage	Run actions/checkout@v6	2026-01-13T21:51:43.7774556Z [command]/usr/bin/git -c protocol.version=2 fetch --no-tags --prune --no-recurse-submodules --depth=1 origin +eeb13ac6b3513e8c396c4f2952bf179147fc8147:refs/remotes/origin/main
Rust Coverage	Run actions/checkout@v6	2026-01-13T21:51:44.3008011Z From https://github.com/AgentKern/agentkern
Rust Coverage	Run actions/checkout@v6	2026-01-13T21:51:44.3010316Z  * [new ref]         eeb13ac6b3513e8c396c4f2952bf179147fc8147 -> origin/main
Rust Coverage	Run actions/checkout@v6	2026-01-13T21:51:44.3037970Z ##[endgroup]
Rust Coverage	Run actions/checkout@v6	2026-01-13T21:51:44.3038739Z ##[group]Determining the checkout info
Rust Coverage	Run actions/checkout@v6	2026-01-13T21:51:44.3040120Z ##[endgroup]
Rust Coverage	Run actions/checkout@v6	2026-01-13T21:51:44.3044969Z [command]/usr/bin/git sparse-checkout disable
Rust Coverage	Run actions/checkout@v6	2026-01-13T21:51:44.3085996Z [command]/usr/bin/git config --local --unset-all extensions.worktreeConfig
Rust Coverage	Run actions/checkout@v6	2026-01-13T21:51:44.3112290Z ##[group]Checking out the ref
Rust Coverage	Run actions/checkout@v6	2026-01-13T21:51:44.3115689Z [command]/usr/bin/git checkout --progress --force -B main refs/remotes/origin/main
Rust Coverage	Run actions/checkout@v6	2026-01-13T21:51:44.3496502Z Switched to a new branch 'main'
Rust Coverage	Run actions/checkout@v6	2026-01-13T21:51:44.3497928Z branch 'main' set up to track 'origin/main'.
Rust Coverage	Run actions/checkout@v6	2026-01-13T21:51:44.3504859Z ##[endgroup]
Rust Coverage	Run actions/checkout@v6	2026-01-13T21:51:44.3542286Z [command]/usr/bin/git log -1 --format=%H
Rust Coverage	Run actions/checkout@v6	2026-01-13T21:51:44.3564259Z eeb13ac6b3513e8c396c4f2952bf179147fc8147
Rust Coverage	Install dependencies	﻿2026-01-13T21:51:44.3740144Z ##[group]Run sudo apt-get update
Rust Coverage	Install dependencies	2026-01-13T21:51:44.3740599Z [36;1msudo apt-get update[0m
Rust Coverage	Install dependencies	2026-01-13T21:51:44.3741375Z [36;1msudo apt-get install -y python3-dev[0m
Rust Coverage	Install dependencies	2026-01-13T21:51:44.3779449Z shell: /usr/bin/bash -e {0}
Rust Coverage	Install dependencies	2026-01-13T21:51:44.3779798Z env:
Rust Coverage	Install dependencies	2026-01-13T21:51:44.3780054Z   CARGO_TERM_COLOR: always
Rust Coverage	Install dependencies	2026-01-13T21:51:44.3780347Z   RUST_VERSION: stable
Rust Coverage	Install dependencies	2026-01-13T21:51:44.3780615Z   PNPM_VERSION: 9
Rust Coverage	Install dependencies	2026-01-13T21:51:44.3780872Z   PYO3_PYTHON: python3
Rust Coverage	Install dependencies	2026-01-13T21:51:44.3781532Z ##[endgroup]
Rust Coverage	Install dependencies	2026-01-13T21:51:44.4554735Z Get:1 file:/etc/apt/apt-mirrors.txt Mirrorlist [144 B]
Rust Coverage	Install dependencies	2026-01-13T21:51:44.4820741Z Hit:2 http://azure.archive.ubuntu.com/ubuntu noble InRelease
Rust Coverage	Install dependencies	2026-01-13T21:51:44.4842127Z Get:3 http://azure.archive.ubuntu.com/ubuntu noble-updates InRelease [126 kB]
Rust Coverage	Install dependencies	2026-01-13T21:51:44.4869187Z Get:6 https://packages.microsoft.com/repos/azure-cli noble InRelease [3564 B]
Rust Coverage	Install dependencies	2026-01-13T21:51:44.4902715Z Get:4 http://azure.archive.ubuntu.com/ubuntu noble-backports InRelease [126 kB]
Rust Coverage	Install dependencies	2026-01-13T21:51:44.4926097Z Get:5 http://azure.archive.ubuntu.com/ubuntu noble-security InRelease [126 kB]
Rust Coverage	Install dependencies	2026-01-13T21:51:44.4935031Z Get:7 https://packages.microsoft.com/ubuntu/24.04/prod noble InRelease [3600 B]
Rust Coverage	Install dependencies	2026-01-13T21:51:44.5947184Z Get:8 https://packages.microsoft.com/repos/azure-cli noble/main amd64 Packages [1948 B]
Rust Coverage	Install dependencies	2026-01-13T21:51:44.6408912Z Get:9 http://azure.archive.ubuntu.com/ubuntu noble-updates/main amd64 Packages [1692 kB]
Rust Coverage	Install dependencies	2026-01-13T21:51:44.6542078Z Get:10 http://azure.archive.ubuntu.com/ubuntu noble-updates/main Translation-en [313 kB]
Rust Coverage	Install dependencies	2026-01-13T21:51:44.6572496Z Get:11 http://azure.archive.ubuntu.com/ubuntu noble-updates/main amd64 Components [175 kB]
Rust Coverage	Install dependencies	2026-01-13T21:51:44.6595015Z Get:12 http://azure.archive.ubuntu.com/ubuntu noble-updates/main amd64 c-n-f Metadata [15.9 kB]
Rust Coverage	Install dependencies	2026-01-13T21:51:44.6605868Z Get:13 http://azure.archive.ubuntu.com/ubuntu noble-updates/universe amd64 Packages [1510 kB]
Rust Coverage	Install dependencies	2026-01-13T21:51:44.6728621Z Get:14 http://azure.archive.ubuntu.com/ubuntu noble-updates/universe Translation-en [307 kB]
Rust Coverage	Install dependencies	2026-01-13T21:51:44.6779747Z Get:15 http://azure.archive.ubuntu.com/ubuntu noble-updates/universe amd64 Components [377 kB]
Rust Coverage	Install dependencies	2026-01-13T21:51:44.6834443Z Get:16 http://azure.archive.ubuntu.com/ubuntu noble-updates/universe amd64 c-n-f Metadata [31.4 kB]
Rust Coverage	Install dependencies	2026-01-13T21:51:44.6862920Z Get:17 http://azure.archive.ubuntu.com/ubuntu noble-updates/restricted amd64 Packages [2426 kB]
Rust Coverage	Install dependencies	2026-01-13T21:51:44.7094654Z Get:18 http://azure.archive.ubuntu.com/ubuntu noble-updates/restricted Translation-en [554 kB]
Rust Coverage	Install dependencies	2026-01-13T21:51:44.7552606Z Get:19 http://azure.archive.ubuntu.com/ubuntu noble-updates/restricted amd64 Components [212 B]
Rust Coverage	Install dependencies	2026-01-13T21:51:44.7563184Z Get:20 http://azure.archive.ubuntu.com/ubuntu noble-updates/multiverse amd64 Components [940 B]
Rust Coverage	Install dependencies	2026-01-13T21:51:44.7572719Z Get:21 http://azure.archive.ubuntu.com/ubuntu noble-backports/main amd64 Components [7300 B]
Rust Coverage	Install dependencies	2026-01-13T21:51:44.7586048Z Get:22 http://azure.archive.ubuntu.com/ubuntu noble-backports/universe amd64 Components [10.5 kB]
Rust Coverage	Install dependencies	2026-01-13T21:51:44.7592694Z Get:25 https://packages.microsoft.com/ubuntu/24.04/prod noble/main armhf Packages [11.4 kB]
Rust Coverage	Install dependencies	2026-01-13T21:51:44.7597754Z Get:23 http://azure.archive.ubuntu.com/ubuntu noble-backports/restricted amd64 Components [212 B]
Rust Coverage	Install dependencies	2026-01-13T21:51:44.7605589Z Get:24 http://azure.archive.ubuntu.com/ubuntu noble-backports/multiverse amd64 Components [212 B]
Rust Coverage	Install dependencies	2026-01-13T21:51:44.7707679Z Get:26 https://packages.microsoft.com/ubuntu/24.04/prod noble/main arm64 Packages [61.3 kB]
Rust Coverage	Install dependencies	2026-01-13T21:51:44.7749906Z Get:27 https://packages.microsoft.com/ubuntu/24.04/prod noble/main amd64 Packages [79.7 kB]
Rust Coverage	Install dependencies	2026-01-13T21:51:44.7939852Z Get:28 http://azure.archive.ubuntu.com/ubuntu noble-security/main amd64 Packages [1404 kB]
Rust Coverage	Install dependencies	2026-01-13T21:51:44.8019957Z Get:29 http://azure.archive.ubuntu.com/ubuntu noble-security/main Translation-en [228 kB]
Rust Coverage	Install dependencies	2026-01-13T21:51:44.8041746Z Get:30 http://azure.archive.ubuntu.com/ubuntu noble-security/main amd64 Components [21.6 kB]
Rust Coverage	Install dependencies	2026-01-13T21:51:44.8054246Z Get:31 http://azure.archive.ubuntu.com/ubuntu noble-security/main amd64 c-n-f Metadata [9720 B]
Rust Coverage	Install dependencies	2026-01-13T21:51:44.8063725Z Get:32 http://azure.archive.ubuntu.com/ubuntu noble-security/universe amd64 Packages [920 kB]
Rust Coverage	Install dependencies	2026-01-13T21:51:44.8114837Z Get:33 http://azure.archive.ubuntu.com/ubuntu noble-security/universe Translation-en [208 kB]
Rust Coverage	Install dependencies	2026-01-13T21:51:44.8134326Z Get:34 http://azure.archive.ubuntu.com/ubuntu noble-security/universe amd64 Components [71.4 kB]
Rust Coverage	Install dependencies	2026-01-13T21:51:44.8148733Z Get:35 http://azure.archive.ubuntu.com/ubuntu noble-security/universe amd64 c-n-f Metadata [19.7 kB]
Rust Coverage	Install dependencies	2026-01-13T21:51:44.8633086Z Get:36 http://azure.archive.ubuntu.com/ubuntu noble-security/restricted amd64 Packages [2302 kB]
Rust Coverage	Install dependencies	2026-01-13T21:51:44.8771053Z Get:37 http://azure.archive.ubuntu.com/ubuntu noble-security/restricted Translation-en [527 kB]
Rust Coverage	Install dependencies	2026-01-13T21:51:44.8811648Z Get:38 http://azure.archive.ubuntu.com/ubuntu noble-security/restricted amd64 Components [212 B]
Rust Coverage	Install dependencies	2026-01-13T21:51:44.8822566Z Get:39 http://azure.archive.ubuntu.com/ubuntu noble-security/multiverse Translation-en [6188 B]
Rust Coverage	Install dependencies	2026-01-13T21:51:44.8830539Z Get:40 http://azure.archive.ubuntu.com/ubuntu noble-security/multiverse amd64 Components [212 B]
Rust Coverage	Install dependencies	2026-01-13T21:51:53.5417264Z Fetched 13.7 MB in 2s (8687 kB/s)
Rust Coverage	Install dependencies	2026-01-13T21:51:54.2830248Z Reading package lists...
Rust Coverage	Install dependencies	2026-01-13T21:51:54.3162277Z Reading package lists...
Rust Coverage	Install dependencies	2026-01-13T21:51:54.4822897Z Building dependency tree...
Rust Coverage	Install dependencies	2026-01-13T21:51:54.4830192Z Reading state information...
Rust Coverage	Install dependencies	2026-01-13T21:51:54.6668926Z python3-dev is already the newest version (3.12.3-0ubuntu2.1).
Rust Coverage	Install dependencies	2026-01-13T21:51:54.6669552Z 0 upgraded, 0 newly installed, 0 to remove and 120 not upgraded.
Rust Coverage	Cache Cargo	﻿2026-01-13T21:51:54.7290583Z ##[group]Run actions/cache@v4
Rust Coverage	Cache Cargo	2026-01-13T21:51:54.7291124Z with:
Rust Coverage	Cache Cargo	2026-01-13T21:51:54.7291348Z   path: ~/.cargo/bin/
Rust Coverage	Cache Cargo	~/.cargo/registry/
Rust Coverage	Cache Cargo	
Rust Coverage	Cache Cargo	2026-01-13T21:51:54.7291845Z   key: Linux-cargo-tarpaulin-5449a273fe4ffd5ba49aae637d7136f1c4d132c3e5f3736f5e2cc73c6b8f6d64
Rust Coverage	Cache Cargo	2026-01-13T21:51:54.7292344Z   enableCrossOsArchive: false
Rust Coverage	Cache Cargo	2026-01-13T21:51:54.7292600Z   fail-on-cache-miss: false
Rust Coverage	Cache Cargo	2026-01-13T21:51:54.7292825Z   lookup-only: false
Rust Coverage	Cache Cargo	2026-01-13T21:51:54.7293046Z   save-always: false
Rust Coverage	Cache Cargo	2026-01-13T21:51:54.7293277Z env:
Rust Coverage	Cache Cargo	2026-01-13T21:51:54.7293455Z   CARGO_TERM_COLOR: always
Rust Coverage	Cache Cargo	2026-01-13T21:51:54.7293670Z   RUST_VERSION: stable
Rust Coverage	Cache Cargo	2026-01-13T21:51:54.7293864Z   PNPM_VERSION: 9
Rust Coverage	Cache Cargo	2026-01-13T21:51:54.7294064Z   PYO3_PYTHON: python3
Rust Coverage	Cache Cargo	2026-01-13T21:51:54.7294256Z ##[endgroup]
Rust Coverage	Cache Cargo	2026-01-13T21:51:55.0420070Z Cache not found for input keys: Linux-cargo-tarpaulin-5449a273fe4ffd5ba49aae637d7136f1c4d132c3e5f3736f5e2cc73c6b8f6d64
Rust Coverage	Install cargo-tarpaulin	﻿2026-01-13T21:51:55.0572932Z ##[group]Run cargo install cargo-tarpaulin || true
Rust Coverage	Install cargo-tarpaulin	2026-01-13T21:51:55.0573346Z [36;1mcargo install cargo-tarpaulin || true[0m
Rust Coverage	Install cargo-tarpaulin	2026-01-13T21:51:55.0605356Z shell: /usr/bin/bash -e {0}
Rust Coverage	Install cargo-tarpaulin	2026-01-13T21:51:55.0605618Z env:
Rust Coverage	Install cargo-tarpaulin	2026-01-13T21:51:55.0605796Z   CARGO_TERM_COLOR: always
Rust Coverage	Install cargo-tarpaulin	2026-01-13T21:51:55.0606017Z   RUST_VERSION: stable
Rust Coverage	Install cargo-tarpaulin	2026-01-13T21:51:55.0606217Z   PNPM_VERSION: 9
Rust Coverage	Install cargo-tarpaulin	2026-01-13T21:51:55.0606445Z   PYO3_PYTHON: python3
Rust Coverage	Install cargo-tarpaulin	2026-01-13T21:51:55.0606678Z ##[endgroup]
Rust Coverage	Install cargo-tarpaulin	2026-01-13T21:51:56.6623107Z [1m[92m    Updating[0m crates.io index
Rust Coverage	Install cargo-tarpaulin	2026-01-13T21:51:56.8237301Z [1m[92m Downloading[0m crates ...
Rust Coverage	Install cargo-tarpaulin	2026-01-13T21:51:57.2275681Z [1m[92m  Downloaded[0m cargo-tarpaulin v0.35.0
Rust Coverage	Install cargo-tarpaulin	2026-01-13T21:51:57.4036266Z [1m[92m  Installing[0m cargo-tarpaulin v0.35.0
Rust Coverage	Install cargo-tarpaulin	2026-01-13T21:51:57.6727174Z [1m[92m    Updating[0m crates.io index
Rust Coverage	Install cargo-tarpaulin	2026-01-13T21:51:58.9709173Z [1m[92m     Locking[0m 240 packages to latest compatible versions
Rust Coverage	Install cargo-tarpaulin	2026-01-13T21:51:58.9825003Z [1m[92m      Adding[0m indexmap v1.8.2 [1m[33m(available: v1.9.3)[0m
Rust Coverage	Install cargo-tarpaulin	2026-01-13T21:51:58.9880407Z [1m[92m      Adding[0m quick-xml v0.38.4 [1m[33m(available: v0.39.0)[0m
Rust Coverage	Install cargo-tarpaulin	2026-01-13T21:51:59.0060863Z [1m[92m Downloading[0m crates ...
Rust Coverage	Install cargo-tarpaulin	2026-01-13T21:51:59.0944085Z [1m[92m  Downloaded[0m atomic-waker v1.1.2
Rust Coverage	Install cargo-tarpaulin	2026-01-13T21:51:59.0960833Z [1m[92m  Downloaded[0m cfg_aliases v0.2.1
Rust Coverage	Install cargo-tarpaulin	2026-01-13T21:51:59.0978143Z [1m[92m  Downloaded[0m cfg-if v1.0.4
Rust Coverage	Install cargo-tarpaulin	2026-01-13T21:51:59.1047554Z [1m[92m  Downloaded[0m adler2 v2.0.1
Rust Coverage	Install cargo-tarpaulin	2026-01-13T21:51:59.1091487Z [1m[92m  Downloaded[0m potential_utf v0.1.4
Rust Coverage	Install cargo-tarpaulin	2026-01-13T21:51:59.1131233Z [1m[92m  Downloaded[0m errno v0.3.14
Rust Coverage	Install cargo-tarpaulin	2026-01-13T21:51:59.1153111Z [1m[92m  Downloaded[0m foreign-types v0.3.2
Rust Coverage	Install cargo-tarpaulin	2026-01-13T21:51:59.1164424Z [1m[92m  Downloaded[0m md5 v0.8.0
Rust Coverage	Install cargo-tarpaulin	2026-01-13T21:51:59.1181731Z [1m[92m  Downloaded[0m matchers v0.2.0
Rust Coverage	Install cargo-tarpaulin	2026-01-13T21:51:59.1196487Z [1m[92m  Downloaded[0m md5 v0.7.0
Rust Coverage	Install cargo-tarpaulin	2026-01-13T21:51:59.1209482Z [1m[92m  Downloaded[0m idna_adapter v1.2.1
Rust Coverage	Install cargo-tarpaulin	2026-01-13T21:51:59.1223125Z [1m[92m  Downloaded[0m mime v0.3.17
Rust Coverage	Install cargo-tarpaulin	2026-01-13T21:51:59.1241375Z [1m[92m  Downloaded[0m heck v0.5.0
Rust Coverage	Install cargo-tarpaulin	2026-01-13T21:51:59.1259993Z [1m[92m  Downloaded[0m itoa v1.0.17
Rust Coverage	Install cargo-tarpaulin	2026-01-13T21:51:59.1278308Z [1m[92m  Downloaded[0m humantime-serde v1.1.1
Rust Coverage	Install cargo-tarpaulin	2026-01-13T21:51:59.1291587Z [1m[92m  Downloaded[0m futures-task v0.3.31
Rust Coverage	Install cargo-tarpaulin	2026-01-13T21:51:59.1306456Z [1m[92m  Downloaded[0m is_terminal_polyfill v1.70.2
Rust Coverage	Install cargo-tarpaulin	2026-01-13T21:51:59.1320190Z [1m[92m  Downloaded[0m cargo_metadata v0.23.1
Rust Coverage	Install cargo-tarpaulin	2026-01-13T21:51:59.1355161Z [1m[92m  Downloaded[0m native-tls v0.2.14
Rust Coverage	Install cargo-tarpaulin	2026-01-13T21:51:59.1383334Z [1m[92m  Downloaded[0m litemap v0.8.1
Rust Coverage	Install cargo-tarpaulin	2026-01-13T21:51:59.1417880Z [1m[92m  Downloaded[0m num_cpus v1.17.0
Rust Coverage	Install cargo-tarpaulin	2026-01-13T21:51:59.1463415Z [1m[92m  Downloaded[0m percent-encoding v2.3.2
Rust Coverage	Install cargo-tarpaulin	2026-01-13T21:51:59.1480792Z [1m[92m  Downloaded[0m pin-utils v0.1.0
Rust Coverage	Install cargo-tarpaulin	2026-01-13T21:51:59.1501182Z [1m[92m  Downloaded[0m openssl-probe v0.1.6
Rust Coverage	Install cargo-tarpaulin	2026-01-13T21:51:59.1516823Z [1m[92m  Downloaded[0m try-lock v0.2.5
Rust Coverage	Install cargo-tarpaulin	2026-01-13T21:51:59.1531177Z [1m[92m  Downloaded[0m hyper-util v0.1.19
Rust Coverage	Install cargo-tarpaulin	2026-01-13T21:51:59.1609718Z [1m[92m  Downloaded[0m toml_writer v1.0.6+spec-1.1.0
Rust Coverage	Install cargo-tarpaulin	2026-01-13T21:51:59.1627575Z [1m[92m  Downloaded[0m zmij v1.0.14
Rust Coverage	Install cargo-tarpaulin	2026-01-13T21:51:59.1647960Z [1m[92m  Downloaded[0m unicode-ident v1.0.22
Rust Coverage	Install cargo-tarpaulin	2026-01-13T21:51:59.1679375Z [1m[92m  Downloaded[0m num-traits v0.2.19
Rust Coverage	Install cargo-tarpaulin	2026-01-13T21:51:59.1715208Z [1m[92m  Downloaded[0m same-file v1.0.6
Rust Coverage	Install cargo-tarpaulin	2026-01-13T21:51:59.1734794Z [1m[92m  Downloaded[0m procfs-core v0.18.0
Rust Coverage	Install cargo-tarpaulin	2026-01-13T21:51:59.1779898Z [1m[92m  Downloaded[0m stable_deref_trait v1.2.1
Rust Coverage	Install cargo-tarpaulin	2026-01-13T21:51:59.1795694Z [1m[92m  Downloaded[0m tower-layer v0.3.3
Rust Coverage	Install cargo-tarpaulin	2026-01-13T21:51:59.1808319Z [1m[92m  Downloaded[0m zerofrom-derive v0.1.6
Rust Coverage	Install cargo-tarpaulin	2026-01-13T21:51:59.1821618Z [1m[92m  Downloaded[0m nix v0.30.1
Rust Coverage	Install cargo-tarpaulin	2026-01-13T21:51:59.1966971Z [1m[92m  Downloaded[0m zerovec-derive v0.11.2
Rust Coverage	Install cargo-tarpaulin	2026-01-13T21:51:59.1989016Z [1m[92m  Downloaded[0m yoke-derive v0.8.1
Rust Coverage	Install cargo-tarpaulin	2026-01-13T21:51:59.2002947Z [1m[92m  Downloaded[0m twox-hash v2.1.2
Rust Coverage	Install cargo-tarpaulin	2026-01-13T21:51:59.2025983Z [1m[92m  Downloaded[0m socket2 v0.6.1
Rust Coverage	Install cargo-tarpaulin	2026-01-13T21:51:59.2045599Z [1m[92m  Downloaded[0m tracing-attributes v0.1.31
Rust Coverage	Install cargo-tarpaulin	2026-01-13T21:51:59.2074727Z [1m[92m  Downloaded[0m tracing-core v0.1.36
Rust Coverage	Install cargo-tarpaulin	2026-01-13T21:51:59.2110305Z [1m[92m  Downloaded[0m serde_derive v1.0.228
Rust Coverage	Install cargo-tarpaulin	2026-01-13T21:51:59.2148805Z [1m[92m  Downloaded[0m zerovec v0.11.5
Rust Coverage	Install cargo-tarpaulin	2026-01-13T21:51:59.2209568Z [1m[92m  Downloaded[0m reqwest v0.12.28
Rust Coverage	Install cargo-tarpaulin	2026-01-13T21:51:59.2277620Z [1m[92m  Downloaded[0m regex-syntax v0.8.8
Rust Coverage	Install cargo-tarpaulin	2026-01-13T21:51:59.2347403Z [1m[92m  Downloaded[0m tower-http v0.6.8
Rust Coverage	Install cargo-tarpaulin	2026-01-13T21:51:59.2433416Z [1m[92m  Downloaded[0m serde v1.0.228
Rust Coverage	Install cargo-tarpaulin	2026-01-13T21:51:59.2469437Z [1m[92m  Downloaded[0m url v2.5.8
Rust Coverage	Install cargo-tarpaulin	2026-01-13T21:51:59.2499241Z [1m[92m  Downloaded[0m zerotrie v0.2.3
Rust Coverage	Install cargo-tarpaulin	2026-01-13T21:51:59.2535149Z [1m[92m  Downloaded[0m tracing-subscriber v0.3.22
Rust Coverage	Install cargo-tarpaulin	2026-01-13T21:51:59.2618016Z [1m[92m  Downloaded[0m libssh2-sys v0.3.1
Rust Coverage	Install cargo-tarpaulin	2026-01-13T21:51:59.2950192Z [1m[92m  Downloaded[0m regex-automata v0.4.13
Rust Coverage	Install cargo-tarpaulin	2026-01-13T21:51:59.3102958Z [1m[92m  Downloaded[0m vcpkg v0.2.15
Rust Coverage	Install cargo-tarpaulin	2026-01-13T21:51:59.3638171Z [1m[92m  Downloaded[0m winnow v0.7.14
Rust Coverage	Install cargo-tarpaulin	2026-01-13T21:51:59.3733345Z [1m[92m  Downloaded[0m tower v0.5.3
Rust Coverage	Install cargo-tarpaulin	2026-01-13T21:51:59.3834355Z [1m[92m  Downloaded[0m regex v1.12.2
Rust Coverage	Install cargo-tarpaulin	2026-01-13T21:51:59.3896560Z [1m[92m  Downloaded[0m openssl v0.10.75
Rust Coverage	Install cargo-tarpaulin	2026-01-13T21:51:59.4015685Z [1m[92m  Downloaded[0m object v0.38.1
Rust Coverage	Install cargo-tarpaulin	2026-01-13T21:51:59.4125570Z [1m[92m  Downloaded[0m toml v0.9.11+spec-1.1.0
Rust Coverage	Install cargo-tarpaulin	2026-01-13T21:51:59.4166943Z [1m[92m  Downloaded[0m syn v2.0.114
Rust Coverage	Install cargo-tarpaulin	2026-01-13T21:51:59.4272252Z [1m[92m  Downloaded[0m tracing v0.1.44
Rust Coverage	Install cargo-tarpaulin	2026-01-13T21:51:59.4437657Z [1m[92m  Downloaded[0m libc v0.2.180
Rust Coverage	Install cargo-tarpaulin	2026-01-13T21:51:59.4822042Z [1m[92m  Downloaded[0m rustix v1.1.3
Rust Coverage	Install cargo-tarpaulin	2026-01-13T21:51:59.5101184Z [1m[92m  Downloaded[0m slab v0.4.11
Rust Coverage	Install cargo-tarpaulin	2026-01-13T21:51:59.5114106Z [1m[92m  Downloaded[0m libz-sys v1.1.23
Rust Coverage	Install cargo-tarpaulin	2026-01-13T21:51:59.5324567Z [1m[92m  Downloaded[0m sharded-slab v0.1.7
Rust Coverage	Install cargo-tarpaulin	2026-01-13T21:51:59.5358186Z [1m[92m  Downloaded[0m serde_json v1.0.149
Rust Coverage	Install cargo-tarpaulin	2026-01-13T21:51:59.5429720Z [1m[92m  Downloaded[0m ruzstd v0.8.2
Rust Coverage	Install cargo-tarpaulin	2026-01-13T21:51:59.5482996Z [1m[92m  Downloaded[0m ryu v1.0.22
Rust Coverage	Install cargo-tarpaulin	2026-01-13T21:51:59.5515224Z [1m[92m  Downloaded[0m tinystr v0.8.2
Rust Coverage	Install cargo-tarpaulin	2026-01-13T21:51:59.5535830Z [1m[92m  Downloaded[0m thiserror-impl v1.0.69
Rust Coverage	Install cargo-tarpaulin	2026-01-13T21:51:59.5549393Z [1m[92m  Downloaded[0m thiserror v2.0.17
Rust Coverage	Install cargo-tarpaulin	2026-01-13T21:51:59.5613158Z [1m[92m  Downloaded[0m thiserror v1.0.69
Rust Coverage	Install cargo-tarpaulin	2026-01-13T21:51:59.5669251Z [1m[92m  Downloaded[0m synstructure v0.13.2
Rust Coverage	Install cargo-tarpaulin	2026-01-13T21:51:59.5679589Z [1m[92m  Downloaded[0m strsim v0.11.1
Rust Coverage	Install cargo-tarpaulin	2026-01-13T21:51:59.5692864Z [1m[92m  Downloaded[0m shlex v1.3.0
Rust Coverage	Install cargo-tarpaulin	2026-01-13T21:51:59.5705710Z [1m[92m  Downloaded[0m rustls-pki-types v1.13.2
Rust Coverage	Install cargo-tarpaulin	2026-01-13T21:51:59.5730475Z [1m[92m  Downloaded[0m yoke v0.8.1
Rust Coverage	Install cargo-tarpaulin	2026-01-13T21:51:59.5747858Z [1m[92m  Downloaded[0m want v0.3.1
Rust Coverage	Install cargo-tarpaulin	2026-01-13T21:51:59.5757602Z [1m[92m  Downloaded[0m utf8parse v0.2.2
Rust Coverage	Install cargo-tarpaulin	2026-01-13T21:51:59.5767353Z [1m[92m  Downloaded[0m unicase v2.9.0
Rust Coverage	Install cargo-tarpaulin	2026-01-13T21:51:59.5781496Z [1m[92m  Downloaded[0m tracing-log v0.2.0
Rust Coverage	Install cargo-tarpaulin	2026-01-13T21:51:59.5794845Z [1m[92m  Downloaded[0m tower-service v0.3.3
Rust Coverage	Install cargo-tarpaulin	2026-01-13T21:51:59.5803170Z [1m[92m  Downloaded[0m toml_parser v1.0.6+spec-1.1.0
Rust Coverage	Install cargo-tarpaulin	2026-01-13T21:51:59.5825573Z [1m[92m  Downloaded[0m tokio-native-tls v0.3.1
Rust Coverage	Install cargo-tarpaulin	2026-01-13T21:51:59.5843014Z [1m[92m  Downloaded[0m thread_local v1.1.9
Rust Coverage	Install cargo-tarpaulin	2026-01-13T21:51:59.5857865Z [1m[92m  Downloaded[0m thiserror-impl v2.0.17
Rust Coverage	Install cargo-tarpaulin	2026-01-13T21:51:59.5872649Z [1m[92m  Downloaded[0m sync_wrapper v1.0.2
Rust Coverage	Install cargo-tarpaulin	2026-01-13T21:51:59.5880719Z [1m[92m  Downloaded[0m serde_spanned v1.0.4
Rust Coverage	Install cargo-tarpaulin	2026-01-13T21:51:59.5891999Z [1m[92m  Downloaded[0m rustc-hash v2.1.1
Rust Coverage	Install cargo-tarpaulin	2026-01-13T21:51:59.5905134Z [1m[92m  Downloaded[0m quick-xml v0.38.4
Rust Coverage	Install cargo-tarpaulin	2026-01-13T21:51:59.5960192Z [1m[92m  Downloaded[0m tokio v1.49.0
Rust Coverage	Install cargo-tarpaulin	2026-01-13T21:51:59.6385976Z [1m[92m  Downloaded[0m zeroize v1.8.2
Rust Coverage	Install cargo-tarpaulin	2026-01-13T21:51:59.6398441Z [1m[92m  Downloaded[0m zerofrom v0.1.6
Rust Coverage	Install cargo-tarpaulin	2026-01-13T21:51:59.6407295Z [1m[92m  Downloaded[0m writeable v0.6.2
Rust Coverage	Install cargo-tarpaulin	2026-01-13T21:51:59.6425256Z [1m[92m  Downloaded[0m walkdir v2.5.0
Rust Coverage	Install cargo-tarpaulin	2026-01-13T21:51:59.6443474Z [1m[92m  Downloaded[0m utf8_iter v1.0.4
Rust Coverage	Install cargo-tarpaulin	2026-01-13T21:51:59.6453339Z [1m[92m  Downloaded[0m smallvec v1.15.1
Rust Coverage	Install cargo-tarpaulin	2026-01-13T21:51:59.6473981Z [1m[92m  Downloaded[0m serde_urlencoded v0.7.1
Rust Coverage	Install cargo-tarpaulin	2026-01-13T21:51:59.6489773Z [1m[92m  Downloaded[0m serde_core v1.0.228
Rust Coverage	Install cargo-tarpaulin	2026-01-13T21:51:59.6516499Z [1m[92m  Downloaded[0m object v0.26.2
Rust Coverage	Install cargo-tarpaulin	2026-01-13T21:51:59.6595452Z [1m[92m  Downloaded[0m simd-adler32 v0.3.8
Rust Coverage	Install cargo-tarpaulin	2026-01-13T21:51:59.6613453Z [1m[92m  Downloaded[0m semver v1.0.27
Rust Coverage	Install cargo-tarpaulin	2026-01-13T21:51:59.6635441Z [1m[92m  Downloaded[0m gimli v0.32.3
Rust Coverage	Install cargo-tarpaulin	2026-01-13T21:51:59.6704521Z [1m[92m  Downloaded[0m rustc_version v0.4.1
Rust Coverage	Install cargo-tarpaulin	2026-01-13T21:51:59.6717255Z [1m[92m  Downloaded[0m quote v1.0.43
Rust Coverage	Install cargo-tarpaulin	2026-01-13T21:51:59.6743820Z [1m[92m  Downloaded[0m procfs v0.18.0
Rust Coverage	Install cargo-tarpaulin	2026-01-13T21:51:59.6784064Z [1m[92m  Downloaded[0m chrono v0.4.42
Rust Coverage	Install cargo-tarpaulin	2026-01-13T21:51:59.6850130Z [1m[92m  Downloaded[0m openssl-sys v0.9.111
Rust Coverage	Install cargo-tarpaulin	2026-01-13T21:51:59.6905075Z [1m[92m  Downloaded[0m git2 v0.20.3
Rust Coverage	Install cargo-tarpaulin	2026-01-13T21:51:59.6984822Z [1m[92m  Downloaded[0m proc-macro2 v1.0.105
Rust Coverage	Install cargo-tarpaulin	2026-01-13T21:51:59.7014045Z [1m[92m  Downloaded[0m once_cell v1.21.3
Rust Coverage	Install cargo-tarpaulin	2026-01-13T21:51:59.7038336Z [1m[92m  Downloaded[0m nu-ansi-term v0.50.3
Rust Coverage	Install cargo-tarpaulin	2026-01-13T21:51:59.7061446Z [1m[92m  Downloaded[0m aho-corasick v1.1.4
Rust Coverage	Install cargo-tarpaulin	2026-01-13T21:51:59.7112433Z [1m[92m  Downloaded[0m rustc-demangle v0.1.26
Rust Coverage	Install cargo-tarpaulin	2026-01-13T21:51:59.7128898Z [1m[92m  Downloaded[0m pin-project-lite v0.2.16
Rust Coverage	Install cargo-tarpaulin	2026-01-13T21:51:59.7185195Z [1m[92m  Downloaded[0m iri-string v0.7.10
Rust Coverage	Install cargo-tarpaulin	2026-01-13T21:51:59.7259135Z [1m[92m  Downloaded[0m idna v1.1.0
Rust Coverage	Install cargo-tarpaulin	2026-01-13T21:51:59.7295308Z [1m[92m  Downloaded[0m hashbrown v0.16.1
Rust Coverage	Install cargo-tarpaulin	2026-01-13T21:51:59.7345998Z [1m[92m  Downloaded[0m clap_builder v4.5.54
Rust Coverage	Install cargo-tarpaulin	2026-01-13T21:51:59.7407681Z [1m[92m  Downloaded[0m libgit2-sys v0.18.3+1.9.2
Rust Coverage	Install cargo-tarpaulin	2026-01-13T21:51:59.8009189Z [1m[92m  Downloaded[0m toml_datetime v0.7.5+spec-1.1.0
Rust Coverage	Install cargo-tarpaulin	2026-01-13T21:51:59.8021964Z [1m[92m  Downloaded[0m pkg-config v0.3.32
Rust Coverage	Install cargo-tarpaulin	2026-01-13T21:51:59.8037137Z [1m[92m  Downloaded[0m icu_properties_data v2.1.2
Rust Coverage	Install cargo-tarpaulin	2026-01-13T21:51:59.8137743Z [1m[92m  Downloaded[0m hyper v1.8.1
Rust Coverage	Install cargo-tarpaulin	2026-01-13T21:51:59.8202635Z [1m[92m  Downloaded[0m futures-util v0.3.31
Rust Coverage	Install cargo-tarpaulin	2026-01-13T21:51:59.8330377Z [1m[92m  Downloaded[0m http v1.4.0
Rust Coverage	Install cargo-tarpaulin	2026-01-13T21:51:59.8366192Z [1m[92m  Downloaded[0m nom v7.1.3
Rust Coverage	Install cargo-tarpaulin	2026-01-13T21:51:59.8416117Z [1m[92m  Downloaded[0m mio v1.1.1
Rust Coverage	Install cargo-tarpaulin	2026-01-13T21:51:59.8473790Z [1m[92m  Downloaded[0m minimal-lexical v0.2.1
Rust Coverage	Install cargo-tarpaulin	2026-01-13T21:51:59.8518223Z [1m[92m  Downloaded[0m memchr v2.7.6
Rust Coverage	Install cargo-tarpaulin	2026-01-13T21:51:59.8571406Z [1m[92m  Downloaded[0m indexmap v2.13.0
Rust Coverage	Install cargo-tarpaulin	2026-01-13T21:51:59.8613315Z [1m[92m  Downloaded[0m icu_collections v2.1.1
Rust Coverage	Install cargo-tarpaulin	2026-01-13T21:51:59.8674507Z [1m[92m  Downloaded[0m hashbrown v0.11.2
Rust Coverage	Install cargo-tarpaulin	2026-01-13T21:51:59.8708044Z [1m[92m  Downloaded[0m cc v1.2.52
Rust Coverage	Install cargo-tarpaulin	2026-01-13T21:51:59.8736401Z [1m[92m  Downloaded[0m cargo-config2 v0.1.39
Rust Coverage	Install cargo-tarpaulin	2026-01-13T21:51:59.8773788Z [1m[92m  Downloaded[0m log v0.4.29
Rust Coverage	Install cargo-tarpaulin	2026-01-13T21:51:59.8798058Z [1m[92m  Downloaded[0m icu_normalizer_data v2.1.1
Rust Coverage	Install cargo-tarpaulin	2026-01-13T21:51:59.8818655Z [1m[92m  Downloaded[0m icu_normalizer v2.1.1
Rust Coverage	Install cargo-tarpaulin	2026-01-13T21:51:59.8853123Z [1m[92m  Downloaded[0m icu_locale_core v2.1.1
Rust Coverage	Install cargo-tarpaulin	2026-01-13T21:51:59.8918769Z [1m[92m  Downloaded[0m flate2 v1.1.8
Rust Coverage	Install cargo-tarpaulin	2026-01-13T21:51:59.8967169Z [1m[92m  Downloaded[0m deflate v1.0.0
Rust Coverage	Install cargo-tarpaulin	2026-01-13T21:51:59.8994490Z [1m[92m  Downloaded[0m bytes v1.11.0
Rust Coverage	Install cargo-tarpaulin	2026-01-13T21:51:59.9035386Z [1m[92m  Downloaded[0m openssl-macros v0.1.1
Rust Coverage	Install cargo-tarpaulin	2026-01-13T21:51:59.9042855Z [1m[92m  Downloaded[0m miniz_oxide v0.8.9
Rust Coverage	Install cargo-tarpaulin	2026-01-13T21:51:59.9067828Z [1m[92m  Downloaded[0m indexmap v1.8.2
Rust Coverage	Install cargo-tarpaulin	2026-01-13T21:51:59.9098083Z [1m[92m  Downloaded[0m icu_properties v2.1.2
Rust Coverage	Install cargo-tarpaulin	2026-01-13T21:51:59.9118965Z [1m[92m  Downloaded[0m displaydoc v0.2.5
Rust Coverage	Install cargo-tarpaulin	2026-01-13T21:51:59.9148062Z [1m[92m  Downloaded[0m clap v4.5.54
Rust Coverage	Install cargo-tarpaulin	2026-01-13T21:51:59.9239771Z [1m[92m  Downloaded[0m camino v1.2.2
Rust Coverage	Install cargo-tarpaulin	2026-01-13T21:51:59.9259552Z [1m[92m  Downloaded[0m base64 v0.22.1
Rust Coverage	Install cargo-tarpaulin	2026-01-13T21:51:59.9296603Z [1m[92m  Downloaded[0m anyhow v1.0.100
Rust Coverage	Install cargo-tarpaulin	2026-01-13T21:51:59.9336801Z [1m[92m  Downloaded[0m llvm_profparser v0.10.0
Rust Coverage	Install cargo-tarpaulin	2026-01-13T21:51:59.9359304Z [1m[92m  Downloaded[0m icu_provider v2.1.1
Rust Coverage	Install cargo-tarpaulin	2026-01-13T21:51:59.9384244Z [1m[92m  Downloaded[0m iana-time-zone v0.1.64
Rust Coverage	Install cargo-tarpaulin	2026-01-13T21:51:59.9410237Z [1m[92m  Downloaded[0m humantime v2.3.0
Rust Coverage	Install cargo-tarpaulin	2026-01-13T21:51:59.9426785Z [1m[92m  Downloaded[0m http-body-util v0.1.3
Rust Coverage	Install cargo-tarpaulin	2026-01-13T21:51:59.9444270Z [1m[92m  Downloaded[0m find-msvc-tools v0.1.7
Rust Coverage	Install cargo-tarpaulin	2026-01-13T21:51:59.9459854Z [1m[92m  Downloaded[0m clap_derive v4.5.49
Rust Coverage	Install cargo-tarpaulin	2026-01-13T21:51:59.9480766Z [1m[92m  Downloaded[0m ipnet v2.11.0
Rust Coverage	Install cargo-tarpaulin	2026-01-13T21:51:59.9496499Z [1m[92m  Downloaded[0m httparse v1.10.1
Rust Coverage	Install cargo-tarpaulin	2026-01-13T21:51:59.9521125Z [1m[92m  Downloaded[0m fallible-iterator v0.3.0
Rust Coverage	Install cargo-tarpaulin	2026-01-13T21:51:59.9533493Z [1m[92m  Downloaded[0m crc32fast v1.5.0
Rust Coverage	Install cargo-tarpaulin	2026-01-13T21:51:59.9551451Z [1m[92m  Downloaded[0m linux-raw-sys v0.11.0
Rust Coverage	Install cargo-tarpaulin	2026-01-13T21:52:00.0093486Z [1m[92m  Downloaded[0m bitflags v2.10.0
Rust Coverage	Install cargo-tarpaulin	2026-01-13T21:52:00.0134020Z [1m[92m  Downloaded[0m autocfg v1.5.0
Rust Coverage	Install cargo-tarpaulin	2026-01-13T21:52:00.0152801Z [1m[92m  Downloaded[0m anstyle-parse v0.2.7
Rust Coverage	Install cargo-tarpaulin	2026-01-13T21:52:00.0167847Z [1m[92m  Downloaded[0m anstream v0.6.21
Rust Coverage	Install cargo-tarpaulin	2026-01-13T21:52:00.0187142Z [1m[92m  Downloaded[0m mime_guess v2.0.5
Rust Coverage	Install cargo-tarpaulin	2026-01-13T21:52:00.0203533Z [1m[92m  Downloaded[0m jobserver v0.1.34
Rust Coverage	Install cargo-tarpaulin	2026-01-13T21:52:00.0223671Z [1m[92m  Downloaded[0m http-body v1.0.1
Rust Coverage	Install cargo-tarpaulin	2026-01-13T21:52:00.0232506Z [1m[92m  Downloaded[0m glob v0.3.3
Rust Coverage	Install cargo-tarpaulin	2026-01-13T21:52:00.0246788Z [1m[92m  Downloaded[0m futures-channel v0.3.31
Rust Coverage	Install cargo-tarpaulin	2026-01-13T21:52:00.0264357Z [1m[92m  Downloaded[0m coveralls-api v0.7.0
Rust Coverage	Install cargo-tarpaulin	2026-01-13T21:52:00.0277761Z [1m[92m  Downloaded[0m cargo-platform v0.3.2
Rust Coverage	Install cargo-tarpaulin	2026-01-13T21:52:00.0289498Z [1m[92m  Downloaded[0m equivalent v1.0.2
Rust Coverage	Install cargo-tarpaulin	2026-01-13T21:52:00.0299031Z [1m[92m  Downloaded[0m colorchoice v1.0.4
Rust Coverage	Install cargo-tarpaulin	2026-01-13T21:52:00.0307943Z [1m[92m  Downloaded[0m anstyle-query v1.1.5
Rust Coverage	Install cargo-tarpaulin	2026-01-13T21:52:00.0318680Z [1m[92m  Downloaded[0m adler32 v1.2.0
Rust Coverage	Install cargo-tarpaulin	2026-01-13T21:52:00.0328635Z [1m[92m  Downloaded[0m hyper-tls v0.6.0
Rust Coverage	Install cargo-tarpaulin	2026-01-13T21:52:00.0342009Z [1m[92m  Downloaded[0m gzip-header v1.0.0
Rust Coverage	Install cargo-tarpaulin	2026-01-13T21:52:00.0350863Z [1m[92m  Downloaded[0m futures-core v0.3.31
Rust Coverage	Install cargo-tarpaulin	2026-01-13T21:52:00.0363510Z [1m[92m  Downloaded[0m anstyle v1.0.13
Rust Coverage	Install cargo-tarpaulin	2026-01-13T21:52:00.0377048Z [1m[92m  Downloaded[0m lazy_static v1.5.0
Rust Coverage	Install cargo-tarpaulin	2026-01-13T21:52:00.0394054Z [1m[92m  Downloaded[0m form_urlencoded v1.2.2
Rust Coverage	Install cargo-tarpaulin	2026-01-13T21:52:00.0401777Z [1m[92m  Downloaded[0m foreign-types-shared v0.1.1
Rust Coverage	Install cargo-tarpaulin	2026-01-13T21:52:00.0408081Z [1m[92m  Downloaded[0m futures-sink v0.3.31
Rust Coverage	Install cargo-tarpaulin	2026-01-13T21:52:00.0415808Z [1m[92m  Downloaded[0m leb128 v0.2.5
Rust Coverage	Install cargo-tarpaulin	2026-01-13T21:52:00.0428780Z [1m[92m  Downloaded[0m clap_lex v0.7.7
Rust Coverage	Install cargo-tarpaulin	2026-01-13T21:52:00.0438889Z [1m[92m  Downloaded[0m hex v0.4.3
Rust Coverage	Install cargo-tarpaulin	2026-01-13T21:52:00.0454416Z [1m[92m  Downloaded[0m futures-io v0.3.31
Rust Coverage	Install cargo-tarpaulin	2026-01-13T21:52:00.1267449Z [1m[92m   Compiling[0m proc-macro2 v1.0.105
Rust Coverage	Install cargo-tarpaulin	2026-01-13T21:52:00.1268576Z [1m[92m   Compiling[0m quote v1.0.43
Rust Coverage	Install cargo-tarpaulin	2026-01-13T21:52:00.1269318Z [1m[92m   Compiling[0m unicode-ident v1.0.22
Rust Coverage	Install cargo-tarpaulin	2026-01-13T21:52:00.1270055Z [1m[92m   Compiling[0m libc v0.2.180
Rust Coverage	Install cargo-tarpaulin	2026-01-13T21:52:02.4088491Z [1m[92m   Compiling[0m serde_core v1.0.228
Rust Coverage	Install cargo-tarpaulin	2026-01-13T21:52:04.0543340Z [1m[92m   Compiling[0m shlex v1.3.0
Rust Coverage	Install cargo-tarpaulin	2026-01-13T21:52:04.0745714Z [1m[92m   Compiling[0m find-msvc-tools v0.1.7
Rust Coverage	Install cargo-tarpaulin	2026-01-13T21:52:04.4510873Z [1m[92m   Compiling[0m pkg-config v0.3.32
Rust Coverage	Install cargo-tarpaulin	2026-01-13T21:52:04.9984513Z [1m[92m   Compiling[0m memchr v2.7.6
Rust Coverage	Install cargo-tarpaulin	2026-01-13T21:52:05.4812498Z [1m[92m   Compiling[0m syn v2.0.114
Rust Coverage	Install cargo-tarpaulin	2026-01-13T21:52:05.6457775Z [1m[92m   Compiling[0m jobserver v0.1.34
Rust Coverage	Install cargo-tarpaulin	2026-01-13T21:52:05.9151838Z [1m[92m   Compiling[0m cc v1.2.52
Rust Coverage	Install cargo-tarpaulin	2026-01-13T21:52:06.1003208Z [1m[92m   Compiling[0m vcpkg v0.2.15
Rust Coverage	Install cargo-tarpaulin	2026-01-13T21:52:06.2549129Z [1m[92m   Compiling[0m cfg-if v1.0.4
Rust Coverage	Install cargo-tarpaulin	2026-01-13T21:52:06.6880134Z [1m[92m   Compiling[0m stable_deref_trait v1.2.1
Rust Coverage	Install cargo-tarpaulin	2026-01-13T21:52:06.7204793Z [1m[92m   Compiling[0m pin-project-lite v0.2.16
Rust Coverage	Install cargo-tarpaulin	2026-01-13T21:52:06.7627769Z [1m[92m   Compiling[0m bytes v1.11.0
Rust Coverage	Install cargo-tarpaulin	2026-01-13T21:52:07.4703494Z [1m[92m   Compiling[0m once_cell v1.21.3
Rust Coverage	Install cargo-tarpaulin	2026-01-13T21:52:07.5049185Z [1m[92m   Compiling[0m openssl-sys v0.9.111
Rust Coverage	Install cargo-tarpaulin	2026-01-13T21:52:07.6483792Z [1m[92m   Compiling[0m itoa v1.0.17
Rust Coverage	Install cargo-tarpaulin	2026-01-13T21:52:07.8115310Z [1m[92m   Compiling[0m bitflags v2.10.0
Rust Coverage	Install cargo-tarpaulin	2026-01-13T21:52:08.0513921Z [1m[92m   Compiling[0m futures-core v0.3.31
Rust Coverage	Install cargo-tarpaulin	2026-01-13T21:52:08.1292882Z [1m[92m   Compiling[0m smallvec v1.15.1
Rust Coverage	Install cargo-tarpaulin	2026-01-13T21:52:08.1411442Z [1m[92m   Compiling[0m autocfg v1.5.0
Rust Coverage	Install cargo-tarpaulin	2026-01-13T21:52:08.3183496Z [1m[92m   Compiling[0m crc32fast v1.5.0
Rust Coverage	Install cargo-tarpaulin	2026-01-13T21:52:08.4397902Z [1m[92m   Compiling[0m litemap v0.8.1
Rust Coverage	Install cargo-tarpaulin	2026-01-13T21:52:08.4607969Z [1m[92m   Compiling[0m writeable v0.6.2
Rust Coverage	Install cargo-tarpaulin	2026-01-13T21:52:08.5987901Z [1m[92m   Compiling[0m serde v1.0.228
Rust Coverage	Install cargo-tarpaulin	2026-01-13T21:52:08.7746998Z [1m[92m   Compiling[0m mio v1.1.1
Rust Coverage	Install cargo-tarpaulin	2026-01-13T21:52:08.8073206Z [1m[92m   Compiling[0m socket2 v0.6.1
Rust Coverage	Install cargo-tarpaulin	2026-01-13T21:52:09.2457143Z [1m[92m   Compiling[0m synstructure v0.13.2
Rust Coverage	Install cargo-tarpaulin	2026-01-13T21:52:09.3501758Z [1m[92m   Compiling[0m futures-sink v0.3.31
Rust Coverage	Install cargo-tarpaulin	2026-01-13T21:52:09.3933516Z [1m[92m   Compiling[0m icu_normalizer_data v2.1.1
Rust Coverage	Install cargo-tarpaulin	2026-01-13T21:52:09.4718027Z [1m[92m   Compiling[0m icu_properties_data v2.1.2
Rust Coverage	Install cargo-tarpaulin	2026-01-13T21:52:09.5573366Z [1m[92m   Compiling[0m tokio v1.49.0
Rust Coverage	Install cargo-tarpaulin	2026-01-13T21:52:09.7276225Z [1m[92m   Compiling[0m http v1.4.0
Rust Coverage	Install cargo-tarpaulin	2026-01-13T21:52:09.7386258Z [1m[92m   Compiling[0m tracing-core v0.1.36
Rust Coverage	Install cargo-tarpaulin	2026-01-13T21:52:10.4372175Z [1m[92m   Compiling[0m percent-encoding v2.3.2
Rust Coverage	Install cargo-tarpaulin	2026-01-13T21:52:10.5794552Z [1m[92m   Compiling[0m log v0.4.29
Rust Coverage	Install cargo-tarpaulin	2026-01-13T21:52:10.7150373Z [1m[92m   Compiling[0m zerofrom-derive v0.1.6
Rust Coverage	Install cargo-tarpaulin	2026-01-13T21:52:10.7372129Z [1m[92m   Compiling[0m yoke-derive v0.8.1
Rust Coverage	Install cargo-tarpaulin	2026-01-13T21:52:11.1211706Z [1m[92m   Compiling[0m zerovec-derive v0.11.2
Rust Coverage	Install cargo-tarpaulin	2026-01-13T21:52:11.6414418Z [1m[92m   Compiling[0m displaydoc v0.2.5
Rust Coverage	Install cargo-tarpaulin	2026-01-13T21:52:11.7852805Z [1m[92m   Compiling[0m zerofrom v0.1.6
Rust Coverage	Install cargo-tarpaulin	2026-01-13T21:52:11.8627539Z [1m[92m   Compiling[0m yoke v0.8.1
Rust Coverage	Install cargo-tarpaulin	2026-01-13T21:52:12.0192282Z [1m[92m   Compiling[0m serde_derive v1.0.228
Rust Coverage	Install cargo-tarpaulin	2026-01-13T21:52:12.0662010Z [1m[92m   Compiling[0m zerovec v0.11.5
Rust Coverage	Install cargo-tarpaulin	2026-01-13T21:52:12.1228720Z [1m[92m   Compiling[0m zerotrie v0.2.3
Rust Coverage	Install cargo-tarpaulin	2026-01-13T21:52:12.4349515Z [1m[92m   Compiling[0m pin-utils v0.1.0
Rust Coverage	Install cargo-tarpaulin	2026-01-13T21:52:12.4660044Z [1m[92m   Compiling[0m tracing-attributes v0.1.31
Rust Coverage	Install cargo-tarpaulin	2026-01-13T21:52:12.6825677Z [1m[92m   Compiling[0m tinystr v0.8.2
Rust Coverage	Install cargo-tarpaulin	2026-01-13T21:52:12.8299645Z [1m[92m   Compiling[0m icu_locale_core v2.1.1
Rust Coverage	Install cargo-tarpaulin	2026-01-13T21:52:13.5386746Z [1m[92m   Compiling[0m potential_utf v0.1.4
Rust Coverage	Install cargo-tarpaulin	2026-01-13T21:52:13.6263430Z [1m[92m   Compiling[0m icu_collections v2.1.1
Rust Coverage	Install cargo-tarpaulin	2026-01-13T21:52:14.1417565Z [1m[92m   Compiling[0m icu_provider v2.1.1
Rust Coverage	Install cargo-tarpaulin	2026-01-13T21:52:14.4344462Z [1m[92m   Compiling[0m http-body v1.0.1
Rust Coverage	Install cargo-tarpaulin	2026-01-13T21:52:14.5581814Z [1m[92m   Compiling[0m libz-sys v1.1.23
Rust Coverage	Install cargo-tarpaulin	2026-01-13T21:52:14.5647970Z [1m[92m   Compiling[0m futures-io v0.3.31
Rust Coverage	Install cargo-tarpaulin	2026-01-13T21:52:14.6675816Z [1m[92m   Compiling[0m foreign-types-shared v0.1.1
Rust Coverage	Install cargo-tarpaulin	2026-01-13T21:52:14.7036234Z [1m[92m   Compiling[0m httparse v1.10.1
Rust Coverage	Install cargo-tarpaulin	2026-01-13T21:52:14.7438521Z [1m[92m   Compiling[0m futures-task v0.3.31
Rust Coverage	Install cargo-tarpaulin	2026-01-13T21:52:14.8507225Z [1m[92m   Compiling[0m openssl v0.10.75
Rust Coverage	Install cargo-tarpaulin	2026-01-13T21:52:14.8941250Z [1m[92m   Compiling[0m slab v0.4.11
Rust Coverage	Install cargo-tarpaulin	2026-01-13T21:52:15.0300275Z [1m[92m   Compiling[0m futures-util v0.3.31
Rust Coverage	Install cargo-tarpaulin	2026-01-13T21:52:15.6544263Z [1m[92m   Compiling[0m foreign-types v0.3.2
Rust Coverage	Install cargo-tarpaulin	2026-01-13T21:52:15.6789748Z [1m[92m   Compiling[0m icu_normalizer v2.1.1
Rust Coverage	Install cargo-tarpaulin	2026-01-13T21:52:15.7429599Z [1m[92m   Compiling[0m icu_properties v2.1.2
Rust Coverage	Install cargo-tarpaulin	2026-01-13T21:52:16.1133036Z [1m[92m   Compiling[0m tracing v0.1.44
Rust Coverage	Install cargo-tarpaulin	2026-01-13T21:52:16.3958908Z [1m[92m   Compiling[0m openssl-macros v0.1.1
Rust Coverage	Install cargo-tarpaulin	2026-01-13T21:52:16.4002927Z [1m[92m   Compiling[0m num-traits v0.2.19
Rust Coverage	Install cargo-tarpaulin	2026-01-13T21:52:16.4782008Z [1m[92m   Compiling[0m simd-adler32 v0.3.8
Rust Coverage	Install cargo-tarpaulin	2026-01-13T21:52:16.5743145Z [1m[92m   Compiling[0m native-tls v0.2.14
Rust Coverage	Install cargo-tarpaulin	2026-01-13T21:52:16.6662312Z [1m[92m   Compiling[0m zmij v1.0.14
Rust Coverage	Install cargo-tarpaulin	2026-01-13T21:52:16.7965982Z [1m[92m   Compiling[0m adler2 v2.0.1
Rust Coverage	Install cargo-tarpaulin	2026-01-13T21:52:16.8683905Z [1m[92m   Compiling[0m openssl-probe v0.1.6
Rust Coverage	Install cargo-tarpaulin	2026-01-13T21:52:16.8717887Z [1m[92m   Compiling[0m try-lock v0.2.5
Rust Coverage	Install cargo-tarpaulin	2026-01-13T21:52:16.9186505Z [1m[92m   Compiling[0m tower-service v0.3.3
Rust Coverage	Install cargo-tarpaulin	2026-01-13T21:52:16.9572438Z [1m[92m   Compiling[0m want v0.3.1
Rust Coverage	Install cargo-tarpaulin	2026-01-13T21:52:17.0098175Z [1m[92m   Compiling[0m miniz_oxide v0.8.9
Rust Coverage	Install cargo-tarpaulin	2026-01-13T21:52:17.0466687Z [1m[92m   Compiling[0m idna_adapter v1.2.1
Rust Coverage	Install cargo-tarpaulin	2026-01-13T21:52:17.5105233Z [1m[92m   Compiling[0m form_urlencoded v1.2.2
Rust Coverage	Install cargo-tarpaulin	2026-01-13T21:52:17.6514019Z [1m[92m   Compiling[0m futures-channel v0.3.31
Rust Coverage	Install cargo-tarpaulin	2026-01-13T21:52:17.8299978Z [1m[92m   Compiling[0m libssh2-sys v0.3.1
Rust Coverage	Install cargo-tarpaulin	2026-01-13T21:52:17.9315554Z [1m[92m   Compiling[0m unicase v2.9.0
Rust Coverage	Install cargo-tarpaulin	2026-01-13T21:52:17.9956270Z [1m[92m   Compiling[0m utf8_iter v1.0.4
Rust Coverage	Install cargo-tarpaulin	2026-01-13T21:52:17.9984948Z [1m[92m   Compiling[0m serde_json v1.0.149
Rust Coverage	Install cargo-tarpaulin	2026-01-13T21:52:18.0579025Z [1m[92m   Compiling[0m atomic-waker v1.1.2
Rust Coverage	Install cargo-tarpaulin	2026-01-13T21:52:18.0827703Z [1m[92m   Compiling[0m idna v1.1.0
Rust Coverage	Install cargo-tarpaulin	2026-01-13T21:52:18.0915719Z [1m[92m   Compiling[0m mime_guess v2.0.5
Rust Coverage	Install cargo-tarpaulin	2026-01-13T21:52:18.1063220Z [1m[92m   Compiling[0m hyper v1.8.1
Rust Coverage	Install cargo-tarpaulin	2026-01-13T21:52:19.9862565Z [1m[92m   Compiling[0m flate2 v1.1.8
Rust Coverage	Install cargo-tarpaulin	2026-01-13T21:52:21.4204741Z [1m[92m   Compiling[0m sync_wrapper v1.0.2
Rust Coverage	Install cargo-tarpaulin	2026-01-13T21:52:21.4699430Z [1m[92m   Compiling[0m aho-corasick v1.1.4
Rust Coverage	Install cargo-tarpaulin	2026-01-13T21:52:21.5166637Z [1m[92m   Compiling[0m utf8parse v0.2.2
Rust Coverage	Install cargo-tarpaulin	2026-01-13T21:52:21.5600524Z [1m[92m   Compiling[0m ipnet v2.11.0
Rust Coverage	Install cargo-tarpaulin	2026-01-13T21:52:21.6093351Z [1m[92m   Compiling[0m base64 v0.22.1
Rust Coverage	Install cargo-tarpaulin	2026-01-13T21:52:21.9145965Z [1m[92m   Compiling[0m tower-layer v0.3.3
Rust Coverage	Install cargo-tarpaulin	2026-01-13T21:52:22.0879779Z [1m[92m   Compiling[0m regex-syntax v0.8.8
Rust Coverage	Install cargo-tarpaulin	2026-01-13T21:52:22.2699808Z [1m[92m   Compiling[0m iana-time-zone v0.1.64
Rust Coverage	Install cargo-tarpaulin	2026-01-13T21:52:22.5799461Z [1m[92m   Compiling[0m thiserror v2.0.17
Rust Coverage	Install cargo-tarpaulin	2026-01-13T21:52:22.8061349Z [1m[92m   Compiling[0m chrono v0.4.42
Rust Coverage	Install cargo-tarpaulin	2026-01-13T21:52:24.6748104Z [1m[92m   Compiling[0m regex-automata v0.4.13
Rust Coverage	Install cargo-tarpaulin	2026-01-13T21:52:25.4876807Z [1m[92m   Compiling[0m tower v0.5.3
Rust Coverage	Install cargo-tarpaulin	2026-01-13T21:52:26.0213953Z [1m[92m   Compiling[0m hyper-util v0.1.19
Rust Coverage	Install cargo-tarpaulin	2026-01-13T21:52:26.4979189Z [1m[92m   Compiling[0m anstyle-parse v0.2.7
Rust Coverage	Install cargo-tarpaulin	2026-01-13T21:52:27.8157005Z [1m[92m   Compiling[0m semver v1.0.27
Rust Coverage	Install cargo-tarpaulin	2026-01-13T21:52:28.0600708Z [1m[92m   Compiling[0m tokio-native-tls v0.3.1
Rust Coverage	Install cargo-tarpaulin	2026-01-13T21:52:28.1589040Z [1m[92m   Compiling[0m url v2.5.8
Rust Coverage	Install cargo-tarpaulin	2026-01-13T21:52:28.2317830Z [1m[92m   Compiling[0m http-body-util v0.1.3
Rust Coverage	Install cargo-tarpaulin	2026-01-13T21:52:28.4510872Z [1m[92m   Compiling[0m thiserror-impl v2.0.17
Rust Coverage	Install cargo-tarpaulin	2026-01-13T21:52:29.4485201Z [1m[92m   Compiling[0m indexmap v1.8.2
Rust Coverage	Install cargo-tarpaulin	2026-01-13T21:52:29.5318716Z [1m[92m   Compiling[0m libgit2-sys v0.18.3+1.9.2
Rust Coverage	Install cargo-tarpaulin	2026-01-13T21:52:29.6412710Z [1m[92m   Compiling[0m thiserror v1.0.69
Rust Coverage	Install cargo-tarpaulin	2026-01-13T21:52:29.7595523Z [1m[92m   Compiling[0m mime v0.3.17
Rust Coverage	Install cargo-tarpaulin	2026-01-13T21:52:29.8012373Z [1m[92m   Compiling[0m camino v1.2.2
Rust Coverage	Install cargo-tarpaulin	2026-01-13T21:52:29.9699627Z [1m[92m   Compiling[0m zeroize v1.8.2
Rust Coverage	Install cargo-tarpaulin	2026-01-13T21:52:30.0349980Z [1m[92m   Compiling[0m rustix v1.1.3
Rust Coverage	Install cargo-tarpaulin	2026-01-13T21:52:30.0850247Z [1m[92m   Compiling[0m hashbrown v0.16.1
Rust Coverage	Install cargo-tarpaulin	2026-01-13T21:52:30.1776238Z [1m[92m   Compiling[0m ryu v1.0.22
Rust Coverage	Install cargo-tarpaulin	2026-01-13T21:52:30.3978737Z [1m[92m   Compiling[0m colorchoice v1.0.4
Rust Coverage	Install cargo-tarpaulin	2026-01-13T21:52:30.4463163Z [1m[92m   Compiling[0m anyhow v1.0.100
Rust Coverage	Install cargo-tarpaulin	2026-01-13T21:52:30.6126901Z [1m[92m   Compiling[0m anstyle v1.0.13
Rust Coverage	Install cargo-tarpaulin	2026-01-13T21:52:30.7722649Z [1m[92m   Compiling[0m is_terminal_polyfill v1.70.2
Rust Coverage	Install cargo-tarpaulin	2026-01-13T21:52:30.7924412Z [1m[92m   Compiling[0m winnow v0.7.14
Rust Coverage	Install cargo-tarpaulin	2026-01-13T21:52:30.8117582Z [1m[92m   Compiling[0m cfg_aliases v0.2.1
Rust Coverage	Install cargo-tarpaulin	2026-01-13T21:52:30.8462470Z [1m[92m   Compiling[0m equivalent v1.0.2
Rust Coverage	Install cargo-tarpaulin	2026-01-13T21:52:31.0321458Z [1m[92m   Compiling[0m anstyle-query v1.1.5
Rust Coverage	Install cargo-tarpaulin	2026-01-13T21:52:31.0781442Z [1m[92m   Compiling[0m iri-string v0.7.10
Rust Coverage	Install cargo-tarpaulin	2026-01-13T21:52:32.6639397Z [1m[92m   Compiling[0m toml_parser v1.0.6+spec-1.1.0
Rust Coverage	Install cargo-tarpaulin	2026-01-13T21:52:33.2345276Z [1m[92m   Compiling[0m tower-http v0.6.8
Rust Coverage	Install cargo-tarpaulin	2026-01-13T21:52:33.6011326Z [1m[92m   Compiling[0m anstream v0.6.21
Rust Coverage	Install cargo-tarpaulin	2026-01-13T21:52:33.8873315Z [1m[92m   Compiling[0m indexmap v2.13.0
Rust Coverage	Install cargo-tarpaulin	2026-01-13T21:52:34.0970464Z [1m[92m   Compiling[0m nix v0.30.1
Rust Coverage	Install cargo-tarpaulin	2026-01-13T21:52:34.2853576Z [1m[92m   Compiling[0m serde_urlencoded v0.7.1
Rust Coverage	Install cargo-tarpaulin	2026-01-13T21:52:34.4999887Z [1m[92m   Compiling[0m rustls-pki-types v1.13.2
Rust Coverage	Install cargo-tarpaulin	2026-01-13T21:52:34.8093108Z [1m[92m   Compiling[0m hyper-tls v0.6.0
Rust Coverage	Install cargo-tarpaulin	2026-01-13T21:52:34.9699752Z [1m[92m   Compiling[0m rustc_version v0.4.1
Rust Coverage	Install cargo-tarpaulin	2026-01-13T21:52:35.0186327Z [1m[92m   Compiling[0m thiserror-impl v1.0.69
Rust Coverage	Install cargo-tarpaulin	2026-01-13T21:52:35.1753054Z [1m[92m   Compiling[0m gzip-header v1.0.0
Rust Coverage	Install cargo-tarpaulin	2026-01-13T21:52:35.3557232Z [1m[92m   Compiling[0m toml_datetime v0.7.5+spec-1.1.0
Rust Coverage	Install cargo-tarpaulin	2026-01-13T21:52:35.6415636Z [1m[92m   Compiling[0m serde_spanned v1.0.4
Rust Coverage	Install cargo-tarpaulin	2026-01-13T21:52:35.7277905Z [1m[92m   Compiling[0m clap_lex v0.7.7
Rust Coverage	Install cargo-tarpaulin	2026-01-13T21:52:35.8217644Z [1m[92m   Compiling[0m hex v0.4.3
Rust Coverage	Install cargo-tarpaulin	2026-01-13T21:52:35.8426342Z [1m[92m   Compiling[0m adler32 v1.2.0
Rust Coverage	Install cargo-tarpaulin	2026-01-13T21:52:35.8945296Z [1m[92m   Compiling[0m minimal-lexical v0.2.1
Rust Coverage	Install cargo-tarpaulin	2026-01-13T21:52:35.9163125Z [1m[92m   Compiling[0m twox-hash v2.1.2
Rust Coverage	Install cargo-tarpaulin	2026-01-13T21:52:35.9952776Z [1m[92m   Compiling[0m object v0.38.1
Rust Coverage	Install cargo-tarpaulin	2026-01-13T21:52:36.0440018Z [1m[92m   Compiling[0m strsim v0.11.1
Rust Coverage	Install cargo-tarpaulin	2026-01-13T21:52:36.0683509Z [1m[92m   Compiling[0m procfs v0.18.0
Rust Coverage	Install cargo-tarpaulin	2026-01-13T21:52:36.1039291Z [1m[92m   Compiling[0m heck v0.5.0
Rust Coverage	Install cargo-tarpaulin	2026-01-13T21:52:36.1511816Z [1m[92m   Compiling[0m hashbrown v0.11.2
Rust Coverage	Install cargo-tarpaulin	2026-01-13T21:52:36.2235794Z [1m[92m   Compiling[0m linux-raw-sys v0.11.0
Rust Coverage	Install cargo-tarpaulin	2026-01-13T21:52:36.4546136Z [1m[92m   Compiling[0m lazy_static v1.5.0
Rust Coverage	Install cargo-tarpaulin	2026-01-13T21:52:36.4953550Z [1m[92m   Compiling[0m sharded-slab v0.1.7
Rust Coverage	Install cargo-tarpaulin	2026-01-13T21:52:36.8942300Z [1m[92m   Compiling[0m clap_derive v4.5.49
Rust Coverage	Install cargo-tarpaulin	2026-01-13T21:52:37.1179650Z [1m[92m   Compiling[0m clap_builder v4.5.54
Rust Coverage	Install cargo-tarpaulin	2026-01-13T21:52:38.5818264Z [1m[92m   Compiling[0m nom v7.1.3
Rust Coverage	Install cargo-tarpaulin	2026-01-13T21:52:39.9535975Z [1m[92m   Compiling[0m procfs-core v0.18.0
Rust Coverage	Install cargo-tarpaulin	2026-01-13T21:52:40.4712312Z [1m[92m   Compiling[0m ruzstd v0.8.2
Rust Coverage	Install cargo-tarpaulin	2026-01-13T21:52:42.6196571Z [1m[92m   Compiling[0m deflate v1.0.0
Rust Coverage	Install cargo-tarpaulin	2026-01-13T21:52:43.9349282Z [1m[92m   Compiling[0m toml v0.9.11+spec-1.1.0
Rust Coverage	Install cargo-tarpaulin	2026-01-13T21:52:44.0375863Z [1m[92m   Compiling[0m cargo-tarpaulin v0.35.0
Rust Coverage	Install cargo-tarpaulin	2026-01-13T21:52:44.0568916Z [1m[92m   Compiling[0m reqwest v0.12.28
Rust Coverage	Install cargo-tarpaulin	2026-01-13T21:52:44.9485589Z [1m[92m   Compiling[0m matchers v0.2.0
Rust Coverage	Install cargo-tarpaulin	2026-01-13T21:52:45.0245220Z [1m[92m   Compiling[0m object v0.26.2
Rust Coverage	Install cargo-tarpaulin	2026-01-13T21:52:45.6783991Z [1m[92m   Compiling[0m tracing-log v0.2.0
Rust Coverage	Install cargo-tarpaulin	2026-01-13T21:52:45.8854605Z [1m[92m   Compiling[0m cargo-platform v0.3.2
Rust Coverage	Install cargo-tarpaulin	2026-01-13T21:52:46.5226044Z [1m[92m   Compiling[0m thread_local v1.1.9
Rust Coverage	Install cargo-tarpaulin	2026-01-13T21:52:46.6910023Z [1m[92m   Compiling[0m leb128 v0.2.5
Rust Coverage	Install cargo-tarpaulin	2026-01-13T21:52:46.7530041Z [1m[92m   Compiling[0m same-file v1.0.6
Rust Coverage	Install cargo-tarpaulin	2026-01-13T21:52:46.8304711Z [1m[92m   Compiling[0m md5 v0.7.0
Rust Coverage	Install cargo-tarpaulin	2026-01-13T21:52:46.9838705Z [1m[92m   Compiling[0m humantime v2.3.0
Rust Coverage	Install cargo-tarpaulin	2026-01-13T21:52:47.2594832Z [1m[92m   Compiling[0m nu-ansi-term v0.50.3
Rust Coverage	Install cargo-tarpaulin	2026-01-13T21:52:47.4493739Z [1m[92m   Compiling[0m rustc-hash v2.1.1
Rust Coverage	Install cargo-tarpaulin	2026-01-13T21:52:47.5107582Z [1m[92m   Compiling[0m md5 v0.8.0
Rust Coverage	Install cargo-tarpaulin	2026-01-13T21:52:47.5987826Z [1m[92m   Compiling[0m tracing-subscriber v0.3.22
Rust Coverage	Install cargo-tarpaulin	2026-01-13T21:52:47.6572244Z [1m[92m   Compiling[0m llvm_profparser v0.10.0
Rust Coverage	Install cargo-tarpaulin	2026-01-13T21:52:51.6850329Z [1m[92m   Compiling[0m humantime-serde v1.1.1
Rust Coverage	Install cargo-tarpaulin	2026-01-13T21:52:51.7654837Z [1m[92m   Compiling[0m coveralls-api v0.7.0
Rust Coverage	Install cargo-tarpaulin	2026-01-13T21:52:51.8667617Z [1m[92m   Compiling[0m walkdir v2.5.0
Rust Coverage	Install cargo-tarpaulin	2026-01-13T21:52:52.0692661Z [1m[92m   Compiling[0m cargo_metadata v0.23.1
Rust Coverage	Install cargo-tarpaulin	2026-01-13T21:52:52.2436646Z [1m[92m   Compiling[0m cargo-config2 v0.1.39
Rust Coverage	Install cargo-tarpaulin	2026-01-13T21:53:05.0575390Z [1m[92m   Compiling[0m clap v4.5.54
Rust Coverage	Install cargo-tarpaulin	2026-01-13T21:53:05.0920157Z [1m[92m   Compiling[0m regex v1.12.2
Rust Coverage	Install cargo-tarpaulin	2026-01-13T21:53:05.8564486Z [1m[92m   Compiling[0m num_cpus v1.17.0
Rust Coverage	Install cargo-tarpaulin	2026-01-13T21:53:06.5042492Z [1m[92m   Compiling[0m quick-xml v0.38.4
Rust Coverage	Install cargo-tarpaulin	2026-01-13T21:53:07.3428333Z [1m[92m   Compiling[0m rustc-demangle v0.1.26
Rust Coverage	Install cargo-tarpaulin	2026-01-13T21:53:07.5893932Z [1m[92m   Compiling[0m gimli v0.32.3
Rust Coverage	Install cargo-tarpaulin	2026-01-13T21:53:07.7337851Z [1m[92m   Compiling[0m glob v0.3.3
Rust Coverage	Install cargo-tarpaulin	2026-01-13T21:53:21.3649298Z [1m[92m   Compiling[0m git2 v0.20.3
Rust Coverage	Install cargo-tarpaulin	2026-01-13T21:54:36.8197541Z [1m[92m    Finished[0m `release` profile [optimized] target(s) in 2m 41s
Rust Coverage	Install cargo-tarpaulin	2026-01-13T21:54:36.8630217Z [1m[92m  Installing[0m /home/runner/.cargo/bin/cargo-tarpaulin
Rust Coverage	Install cargo-tarpaulin	2026-01-13T21:54:36.8631821Z [1m[92m   Installed[0m package `cargo-tarpaulin v0.35.0` (executable `cargo-tarpaulin`)
Rust Coverage	Run coverage	﻿2026-01-13T21:54:37.0257402Z ##[group]Run cargo tarpaulin --workspace --out Html --output-dir coverage
Rust Coverage	Run coverage	2026-01-13T21:54:37.0257937Z [36;1mcargo tarpaulin --workspace --out Html --output-dir coverage[0m
Rust Coverage	Run coverage	2026-01-13T21:54:37.0289252Z shell: /usr/bin/bash -e {0}
Rust Coverage	Run coverage	2026-01-13T21:54:37.0289493Z env:
Rust Coverage	Run coverage	2026-01-13T21:54:37.0289668Z   CARGO_TERM_COLOR: always
Rust Coverage	Run coverage	2026-01-13T21:54:37.0289894Z   RUST_VERSION: stable
Rust Coverage	Run coverage	2026-01-13T21:54:37.0290095Z   PNPM_VERSION: 9
Rust Coverage	Run coverage	2026-01-13T21:54:37.0290279Z   PYO3_PYTHON: python3
Rust Coverage	Run coverage	2026-01-13T21:54:37.0290465Z ##[endgroup]
Rust Coverage	Run coverage	2026-01-13T21:54:37.0913303Z [2m2026-01-13T21:54:37.090540Z[0m [32m INFO[0m [2mcargo_tarpaulin::config[0m[2m:[0m Creating config
Rust Coverage	Run coverage	2026-01-13T21:54:42.0949736Z [2m2026-01-13T21:54:42.094770Z[0m [32m INFO[0m [2mcargo_tarpaulin[0m[2m:[0m Running Tarpaulin
Rust Coverage	Run coverage	2026-01-13T21:54:42.0950689Z [2m2026-01-13T21:54:42.094787Z[0m [32m INFO[0m [2mcargo_tarpaulin[0m[2m:[0m Building project
Rust Coverage	Run coverage	2026-01-13T21:54:42.0952044Z [2m2026-01-13T21:54:42.094877Z[0m [32m INFO[0m [2mcargo_tarpaulin::cargo[0m[2m:[0m Cleaning project
Rust Coverage	Run coverage	2026-01-13T21:54:42.5193773Z warning: profiles for the non root package will be ignored, specify profiles at the workspace root:
Rust Coverage	Run coverage	2026-01-13T21:54:42.5194860Z package:   /home/runner/work/agentkern/agentkern/packages/sdk-node/Cargo.toml
Rust Coverage	Run coverage	2026-01-13T21:54:42.5195615Z workspace: /home/runner/work/agentkern/agentkern/Cargo.toml
Rust Coverage	Run coverage	2026-01-13T21:54:43.1516608Z    Compiling proc-macro2 v1.0.105
Rust Coverage	Run coverage	2026-01-13T21:54:43.1517291Z    Compiling unicode-ident v1.0.22
Rust Coverage	Run coverage	2026-01-13T21:54:43.1517816Z    Compiling quote v1.0.43
Rust Coverage	Run coverage	2026-01-13T21:54:43.1518253Z    Compiling libc v0.2.180
Rust Coverage	Run coverage	2026-01-13T21:54:43.2192410Z    Compiling cfg-if v1.0.4
Rust Coverage	Run coverage	2026-01-13T21:54:43.2496943Z    Compiling serde v1.0.228
Rust Coverage	Run coverage	2026-01-13T21:54:43.4020209Z    Compiling serde_core v1.0.228
Rust Coverage	Run coverage	2026-01-13T21:54:43.4988120Z    Compiling memchr v2.7.6
Rust Coverage	Run coverage	2026-01-13T21:54:44.6073683Z    Compiling syn v2.0.113
Rust Coverage	Run coverage	2026-01-13T21:54:44.6412326Z    Compiling pin-project-lite v0.2.16
Rust Coverage	Run coverage	2026-01-13T21:54:44.6843270Z    Compiling once_cell v1.21.3
Rust Coverage	Run coverage	2026-01-13T21:54:44.8572693Z    Compiling itoa v1.0.17
Rust Coverage	Run coverage	2026-01-13T21:54:44.9340367Z    Compiling autocfg v1.5.0
Rust Coverage	Run coverage	2026-01-13T21:54:44.9909078Z    Compiling jobserver v0.1.34
Rust Coverage	Run coverage	2026-01-13T21:54:45.3902196Z    Compiling shlex v1.3.0
Rust Coverage	Run coverage	2026-01-13T21:54:45.4660331Z    Compiling find-msvc-tools v0.1.6
Rust Coverage	Run coverage	2026-01-13T21:54:45.5741501Z    Compiling cc v1.2.51
Rust Coverage	Run coverage	2026-01-13T21:54:45.7143864Z    Compiling scopeguard v1.2.0
Rust Coverage	Run coverage	2026-01-13T21:54:45.7588711Z    Compiling lock_api v0.4.14
Rust Coverage	Run coverage	2026-01-13T21:54:45.9433461Z    Compiling parking_lot_core v0.9.12
Rust Coverage	Run coverage	2026-01-13T21:54:46.0218470Z    Compiling bytes v1.11.0
Rust Coverage	Run coverage	2026-01-13T21:54:46.1039218Z    Compiling log v0.4.29
Rust Coverage	Run coverage	2026-01-13T21:54:46.3011637Z    Compiling getrandom v0.2.16
Rust Coverage	Run coverage	2026-01-13T21:54:46.4464982Z    Compiling futures-core v0.3.31
Rust Coverage	Run coverage	2026-01-13T21:54:46.5295282Z    Compiling mio v1.1.1
Rust Coverage	Run coverage	2026-01-13T21:54:47.1542454Z    Compiling socket2 v0.6.1
Rust Coverage	Run coverage	2026-01-13T21:54:47.1899556Z    Compiling tracing-core v0.1.36
Rust Coverage	Run coverage	2026-01-13T21:54:47.7060697Z    Compiling errno v0.3.14
Rust Coverage	Run coverage	2026-01-13T21:54:47.7912808Z    Compiling signal-hook-registry v1.4.8
Rust Coverage	Run coverage	2026-01-13T21:54:47.8140246Z    Compiling num-traits v0.2.19
Rust Coverage	Run coverage	2026-01-13T21:54:47.8278457Z    Compiling pin-utils v0.1.0
Rust Coverage	Run coverage	2026-01-13T21:54:47.8590292Z    Compiling futures-sink v0.3.31
Rust Coverage	Run coverage	2026-01-13T21:54:47.9124109Z    Compiling slab v0.4.11
Rust Coverage	Run coverage	2026-01-13T21:54:48.0339787Z    Compiling equivalent v1.0.2
Rust Coverage	Run coverage	2026-01-13T21:54:48.0415374Z    Compiling futures-io v0.3.31
Rust Coverage	Run coverage	2026-01-13T21:54:48.0711479Z    Compiling futures-task v0.3.31
Rust Coverage	Run coverage	2026-01-13T21:54:48.1384054Z    Compiling typenum v1.19.0
Rust Coverage	Run coverage	2026-01-13T21:54:48.1863840Z    Compiling version_check v0.9.5
Rust Coverage	Run coverage	2026-01-13T21:54:48.4170131Z    Compiling hashbrown v0.16.1
Rust Coverage	Run coverage	2026-01-13T21:54:48.5485771Z    Compiling subtle v2.6.1
Rust Coverage	Run coverage	2026-01-13T21:54:49.0760486Z    Compiling zmij v1.0.12
Rust Coverage	Run coverage	2026-01-13T21:54:49.2687801Z    Compiling thiserror v2.0.17
Rust Coverage	Run coverage	2026-01-13T21:54:49.3095633Z    Compiling serde_json v1.0.149
Rust Coverage	Run coverage	2026-01-13T21:54:49.4281624Z    Compiling futures-channel v0.3.31
Rust Coverage	Run coverage	2026-01-13T21:54:49.4746038Z    Compiling rand_core v0.6.4
Rust Coverage	Run coverage	2026-01-13T21:54:49.5853578Z    Compiling generic-array v0.14.7
Rust Coverage	Run coverage	2026-01-13T21:54:49.5925638Z    Compiling zeroize v1.8.2
Rust Coverage	Run coverage	2026-01-13T21:54:49.6908829Z    Compiling fnv v1.0.7
Rust Coverage	Run coverage	2026-01-13T21:54:49.7161888Z    Compiling percent-encoding v2.3.2
Rust Coverage	Run coverage	2026-01-13T21:54:49.7410802Z    Compiling indexmap v2.12.1
Rust Coverage	Run coverage	2026-01-13T21:54:49.8884601Z    Compiling bitflags v2.10.0
Rust Coverage	Run coverage	2026-01-13T21:54:50.0620313Z    Compiling synstructure v0.13.2
Rust Coverage	Run coverage	2026-01-13T21:54:50.2655896Z    Compiling base64 v0.22.1
Rust Coverage	Run coverage	2026-01-13T21:54:50.4299462Z    Compiling getrandom v0.3.4
Rust Coverage	Run coverage	2026-01-13T21:54:50.8445873Z    Compiling pkg-config v0.3.32
Rust Coverage	Run coverage	2026-01-13T21:54:50.9274587Z    Compiling untrusted v0.9.0
Rust Coverage	Run coverage	2026-01-13T21:54:50.9987786Z    Compiling block-buffer v0.10.4
Rust Coverage	Run coverage	2026-01-13T21:54:51.0797520Z    Compiling rustls-pki-types v1.13.2
Rust Coverage	Run coverage	2026-01-13T21:54:51.5755274Z    Compiling stable_deref_trait v1.2.1
Rust Coverage	Run coverage	2026-01-13T21:54:51.5806585Z    Compiling http v1.4.0
Rust Coverage	Run coverage	2026-01-13T21:54:51.6075219Z    Compiling serde_derive v1.0.228
Rust Coverage	Run coverage	2026-01-13T21:54:51.6122410Z    Compiling tracing-attributes v0.1.31
Rust Coverage	Run coverage	2026-01-13T21:54:52.2034751Z    Compiling tokio-macros v2.6.0
Rust Coverage	Run coverage	2026-01-13T21:54:52.8539510Z    Compiling thiserror-impl v2.0.17
Rust Coverage	Run coverage	2026-01-13T21:54:52.9898241Z    Compiling futures-macro v0.3.31
Rust Coverage	Run coverage	2026-01-13T21:54:53.4620645Z    Compiling tracing v0.1.44
Rust Coverage	Run coverage	2026-01-13T21:54:53.6887747Z    Compiling displaydoc v0.2.5
Rust Coverage	Run coverage	2026-01-13T21:54:53.9008702Z    Compiling futures-util v0.3.31
Rust Coverage	Run coverage	2026-01-13T21:54:54.6706492Z    Compiling zerofrom-derive v0.1.6
Rust Coverage	Run coverage	2026-01-13T21:54:54.7838165Z    Compiling yoke-derive v0.8.1
Rust Coverage	Run coverage	2026-01-13T21:54:56.3402596Z    Compiling zerovec-derive v0.11.2
Rust Coverage	Run coverage	2026-01-13T21:54:56.4087763Z    Compiling smallvec v1.15.1
Rust Coverage	Run coverage	2026-01-13T21:54:56.7456553Z    Compiling parking_lot v0.12.5
Rust Coverage	Run coverage	2026-01-13T21:54:56.8472805Z    Compiling zerofrom v0.1.6
Rust Coverage	Run coverage	2026-01-13T21:54:56.8550482Z    Compiling uuid v1.19.0
Rust Coverage	Run coverage	2026-01-13T21:54:56.9281570Z    Compiling tokio v1.49.0
Rust Coverage	Run coverage	2026-01-13T21:54:57.1349662Z    Compiling yoke v0.8.1
Rust Coverage	Run coverage	2026-01-13T21:54:57.2697824Z    Compiling ring v0.17.14
Rust Coverage	Run coverage	2026-01-13T21:54:57.2738398Z    Compiling ryu v1.0.22
Rust Coverage	Run coverage	2026-01-13T21:54:57.4073934Z    Compiling cpufeatures v0.2.17
Rust Coverage	Run coverage	2026-01-13T21:54:57.4399490Z    Compiling iana-time-zone v0.1.64
Rust Coverage	Run coverage	2026-01-13T21:54:57.6617497Z    Compiling crypto-common v0.1.7
Rust Coverage	Run coverage	2026-01-13T21:54:57.7124583Z    Compiling zerovec v0.11.5
Rust Coverage	Run coverage	2026-01-13T21:54:57.7288185Z    Compiling vcpkg v0.2.15
Rust Coverage	Run coverage	2026-01-13T21:54:58.3546155Z    Compiling http-body v1.0.1
Rust Coverage	Run coverage	2026-01-13T21:54:58.4417948Z    Compiling tinystr v0.8.2
Rust Coverage	Run coverage	2026-01-13T21:54:58.5609426Z    Compiling form_urlencoded v1.2.2
Rust Coverage	Run coverage	2026-01-13T21:54:58.6152776Z    Compiling writeable v0.6.2
Rust Coverage	Run coverage	2026-01-13T21:54:58.7218373Z    Compiling tower-service v0.3.3
Rust Coverage	Run coverage	2026-01-13T21:54:58.7466006Z    Compiling httparse v1.10.1
Rust Coverage	Run coverage	2026-01-13T21:54:58.7582127Z    Compiling litemap v0.8.1
Rust Coverage	Run coverage	2026-01-13T21:54:58.8598128Z    Compiling icu_locale_core v2.1.1
Rust Coverage	Run coverage	2026-01-13T21:54:59.0190355Z    Compiling potential_utf v0.1.4
Rust Coverage	Run coverage	2026-01-13T21:54:59.1333723Z    Compiling zerotrie v0.2.3
Rust Coverage	Run coverage	2026-01-13T21:54:59.3649284Z    Compiling icu_normalizer_data v2.1.1
Rust Coverage	Run coverage	2026-01-13T21:54:59.4666168Z    Compiling icu_collections v2.1.1
Rust Coverage	Run coverage	2026-01-13T21:55:00.0284558Z    Compiling icu_provider v2.1.1
Rust Coverage	Run coverage	2026-01-13T21:55:00.2768416Z    Compiling icu_properties_data v2.1.2
Rust Coverage	Run coverage	2026-01-13T21:55:00.4145186Z    Compiling http-body-util v0.1.3
Rust Coverage	Run coverage	2026-01-13T21:55:00.5219539Z    Compiling cmake v0.1.57
Rust Coverage	Run coverage	2026-01-13T21:55:00.5551297Z    Compiling fs_extra v1.3.0
Rust Coverage	Run coverage	2026-01-13T21:55:00.7992841Z    Compiling try-lock v0.2.5
Rust Coverage	Run coverage	2026-01-13T21:55:00.8400754Z    Compiling dunce v1.0.5
Rust Coverage	Run coverage	2026-01-13T21:55:00.8761539Z    Compiling want v0.3.1
Rust Coverage	Run coverage	2026-01-13T21:55:00.9443108Z    Compiling aws-lc-sys v0.35.0
Rust Coverage	Run coverage	2026-01-13T21:55:01.0590336Z    Compiling tokio-util v0.7.18
Rust Coverage	Run coverage	2026-01-13T21:55:01.6092180Z    Compiling chrono v0.4.42
Rust Coverage	Run coverage	2026-01-13T21:55:01.7023485Z    Compiling httpdate v1.0.3
Rust Coverage	Run coverage	2026-01-13T21:55:01.8798514Z    Compiling zerocopy v0.8.31
Rust Coverage	Run coverage	2026-01-13T21:55:03.3254158Z    Compiling icu_properties v2.1.2
Rust Coverage	Run coverage	2026-01-13T21:55:04.5084945Z    Compiling zerocopy-derive v0.8.31
Rust Coverage	Run coverage	2026-01-13T21:55:04.8402895Z    Compiling webpki-roots v1.0.5
Rust Coverage	Run coverage	2026-01-13T21:55:04.8976600Z    Compiling aws-lc-rs v1.15.2
Rust Coverage	Run coverage	2026-01-13T21:55:04.9092285Z    Compiling digest v0.10.7
Rust Coverage	Run coverage	2026-01-13T21:55:05.0669233Z    Compiling utf8_iter v1.0.4
Rust Coverage	Run coverage	2026-01-13T21:55:05.0702965Z    Compiling tower-layer v0.3.3
Rust Coverage	Run coverage	2026-01-13T21:55:05.1672211Z    Compiling rustls v0.23.36
Rust Coverage	Run coverage	2026-01-13T21:55:05.2109938Z    Compiling openssl-sys v0.9.111
Rust Coverage	Run coverage	2026-01-13T21:55:05.2369518Z    Compiling atomic-waker v1.1.2
Rust Coverage	Run coverage	2026-01-13T21:55:05.2794297Z    Compiling h2 v0.4.13
Rust Coverage	Run coverage	2026-01-13T21:55:05.6763243Z    Compiling num-integer v0.1.46
Rust Coverage	Run coverage	2026-01-13T21:55:06.0348972Z    Compiling ipnet v2.11.0
Rust Coverage	Run coverage	2026-01-13T21:55:06.5451541Z    Compiling icu_normalizer v2.1.1
Rust Coverage	Run coverage	2026-01-13T21:55:06.9926707Z    Compiling sync_wrapper v1.0.2
Rust Coverage	Run coverage	2026-01-13T21:55:07.0278830Z    Compiling anyhow v1.0.100
Rust Coverage	Run coverage	2026-01-13T21:55:07.5031542Z    Compiling idna_adapter v1.2.1
Rust Coverage	Run coverage	2026-01-13T21:55:07.5759773Z    Compiling either v1.15.0
Rust Coverage	Run coverage	2026-01-13T21:55:07.7722315Z    Compiling idna v1.1.0
Rust Coverage	Run coverage	2026-01-13T21:55:08.5051248Z    Compiling ppv-lite86 v0.2.21
Rust Coverage	Run coverage	2026-01-13T21:55:08.8924239Z    Compiling hyper v1.8.1
Rust Coverage	Run coverage	2026-01-13T21:55:10.0761821Z    Compiling hyper-util v0.1.19
Rust Coverage	Run coverage	2026-01-13T21:55:12.1785356Z    Compiling tower v0.5.2
Rust Coverage	Run coverage	2026-01-13T21:55:12.8764767Z    Compiling openssl v0.10.75
Rust Coverage	Run coverage	2026-01-13T21:55:13.0277353Z    Compiling foreign-types-shared v0.1.1
Rust Coverage	Run coverage	2026-01-13T21:55:13.0649858Z    Compiling foreign-types v0.3.2
Rust Coverage	Run coverage	2026-01-13T21:55:13.1044943Z    Compiling url v2.5.8
Rust Coverage	Run coverage	2026-01-13T21:55:13.6828537Z    Compiling openssl-macros v0.1.1
Rust Coverage	Run coverage	2026-01-13T21:55:13.9196083Z    Compiling async-trait v0.1.89
Rust Coverage	Run coverage	2026-01-13T21:55:14.0634536Z    Compiling aho-corasick v1.1.4
Rust Coverage	Run coverage	2026-01-13T21:55:15.0342859Z    Compiling regex-syntax v0.8.8
Rust Coverage	Run coverage	2026-01-13T21:55:16.7107465Z    Compiling lazy_static v1.5.0
Rust Coverage	Run coverage	2026-01-13T21:55:16.7463700Z    Compiling mime v0.3.17
Rust Coverage	Run coverage	2026-01-13T21:55:16.9462292Z    Compiling regex-automata v0.4.13
Rust Coverage	Run coverage	2026-01-13T21:55:18.3588553Z    Compiling allocator-api2 v0.2.21
Rust Coverage	Run coverage	2026-01-13T21:55:18.5984409Z    Compiling native-tls v0.2.14
Rust Coverage	Run coverage	2026-01-13T21:55:18.7214201Z    Compiling openssl-probe v0.1.6
Rust Coverage	Run coverage	2026-01-13T21:55:18.7364692Z    Compiling sha2 v0.10.9
Rust Coverage	Run coverage	2026-01-13T21:55:18.8316742Z    Compiling semver v1.0.27
Rust Coverage	Run coverage	2026-01-13T21:55:19.1474991Z    Compiling serde_urlencoded v0.7.1
Rust Coverage	Run coverage	2026-01-13T21:55:19.1662932Z    Compiling libm v0.2.15
Rust Coverage	Run coverage	2026-01-13T21:55:19.3352295Z    Compiling foldhash v0.1.5
Rust Coverage	Run coverage	2026-01-13T21:55:19.4019620Z    Compiling tokio-stream v0.1.18
Rust Coverage	Run coverage	2026-01-13T21:55:19.5061555Z    Compiling hashbrown v0.15.5
Rust Coverage	Run coverage	2026-01-13T21:55:19.7598770Z    Compiling crossbeam-utils v0.8.21
Rust Coverage	Run coverage	2026-01-13T21:55:19.9735456Z    Compiling hex v0.4.3
Rust Coverage	Run coverage	2026-01-13T21:55:20.2060336Z    Compiling iri-string v0.7.10
Rust Coverage	Run coverage	2026-01-13T21:55:22.1376262Z    Compiling tower-http v0.6.8
Rust Coverage	Run coverage	2026-01-13T21:55:22.3236819Z    Compiling rand_core v0.9.3
Rust Coverage	Run coverage	2026-01-13T21:55:22.4781909Z    Compiling heck v0.5.0
Rust Coverage	Run coverage	2026-01-13T21:55:22.6572202Z    Compiling rand_chacha v0.9.0
Rust Coverage	Run coverage	2026-01-13T21:55:22.7540686Z    Compiling rand_chacha v0.3.1
Rust Coverage	Run coverage	2026-01-13T21:55:23.2353557Z    Compiling openssl-probe v0.2.0
Rust Coverage	Run coverage	2026-01-13T21:55:23.2728616Z    Compiling utf-8 v0.7.6
Rust Coverage	Run coverage	2026-01-13T21:55:23.3170661Z    Compiling rustls-native-certs v0.8.3
Rust Coverage	Run coverage	2026-01-13T21:55:23.3535054Z    Compiling rand v0.8.5
Rust Coverage	Run coverage	2026-01-13T21:55:23.3669025Z    Compiling rand v0.9.2
Rust Coverage	Run coverage	2026-01-13T21:55:23.5673920Z    Compiling futures-executor v0.3.31
Rust Coverage	Run coverage	2026-01-13T21:55:23.7600296Z    Compiling data-encoding v2.9.0
Rust Coverage	Run coverage	2026-01-13T21:55:24.1325298Z    Compiling rustc_version v0.4.1
Rust Coverage	Run coverage	2026-01-13T21:55:24.4598023Z    Compiling num-bigint v0.4.6
Rust Coverage	Run coverage	2026-01-13T21:55:24.5332172Z    Compiling sha1 v0.10.6
Rust Coverage	Run coverage	2026-01-13T21:55:24.6859923Z    Compiling rust_decimal v1.39.0
Rust Coverage	Run coverage	2026-01-13T21:55:24.7872006Z    Compiling tungstenite v0.28.0
Rust Coverage	Run coverage	2026-01-13T21:55:24.9252158Z    Compiling regex v1.12.2
Rust Coverage	Run coverage	2026-01-13T21:55:25.8160336Z    Compiling hmac v0.12.1
Rust Coverage	Run coverage	2026-01-13T21:55:25.8949182Z    Compiling bigdecimal v0.4.10
Rust Coverage	Run coverage	2026-01-13T21:55:25.9163942Z    Compiling crc32fast v1.5.0
Rust Coverage	Run coverage	2026-01-13T21:55:26.0434781Z    Compiling arrayvec v0.7.6
Rust Coverage	Run coverage	2026-01-13T21:55:26.0772355Z    Compiling thiserror v1.0.69
Rust Coverage	Run coverage	2026-01-13T21:55:26.4176510Z    Compiling tokio-tungstenite v0.28.0
Rust Coverage	Run coverage	2026-01-13T21:55:26.8183892Z    Compiling matchers v0.2.0
Rust Coverage	Run coverage	2026-01-13T21:55:26.9190857Z    Compiling axum-core v0.5.6
Rust Coverage	Run coverage	2026-01-13T21:55:27.0644589Z    Compiling sharded-slab v0.1.7
Rust Coverage	Run coverage	2026-01-13T21:55:28.3500056Z    Compiling thiserror-impl v1.0.69
Rust Coverage	Run coverage	2026-01-13T21:55:28.6869275Z    Compiling axum-macros v0.5.0
Rust Coverage	Run coverage	2026-01-13T21:55:30.0483136Z    Compiling tracing-log v0.2.0
Rust Coverage	Run coverage	2026-01-13T21:55:30.0546289Z    Compiling serde_path_to_error v0.1.20
Rust Coverage	Run coverage	2026-01-13T21:55:30.2340238Z    Compiling thread_local v1.1.9
Rust Coverage	Run coverage	2026-01-13T21:55:30.4149323Z    Compiling parking v2.2.1
Rust Coverage	Run coverage	2026-01-13T21:55:30.5272768Z    Compiling nu-ansi-term v0.50.3
Rust Coverage	Run coverage	2026-01-13T21:55:30.6404380Z    Compiling matchit v0.8.4
Rust Coverage	Run coverage	2026-01-13T21:55:30.8435862Z    Compiling tracing-subscriber v0.3.22
Rust Coverage	Run coverage	2026-01-13T21:55:31.1152419Z    Compiling axum v0.8.8
Rust Coverage	Run coverage	2026-01-13T21:55:33.4257951Z    Compiling byteorder v1.5.0
Rust Coverage	Run coverage	2026-01-13T21:55:33.7246019Z    Compiling crc-catalog v2.4.0
Rust Coverage	Run coverage	2026-01-13T21:55:33.7713149Z    Compiling crc v3.4.0
Rust Coverage	Run coverage	2026-01-13T21:55:35.0210516Z    Compiling hashlink v0.10.0
Rust Coverage	Run coverage	2026-01-13T21:55:35.2709671Z    Compiling webpki-roots v0.26.11
Rust Coverage	Run coverage	2026-01-13T21:55:35.3048718Z    Compiling encoding_rs v0.8.35
Rust Coverage	Run coverage	2026-01-13T21:55:35.7444119Z    Compiling tokio-native-tls v0.3.1
Rust Coverage	Run coverage	2026-01-13T21:55:36.6261595Z    Compiling spin v0.9.8
Rust Coverage	Run coverage	2026-01-13T21:55:36.6589434Z    Compiling tinyvec_macros v0.1.1
Rust Coverage	Run coverage	2026-01-13T21:55:36.7789015Z    Compiling num-conv v0.1.0
Rust Coverage	Run coverage	2026-01-13T21:55:36.7887574Z    Compiling time-core v0.1.6
Rust Coverage	Run coverage	2026-01-13T21:55:36.8633901Z    Compiling powerfmt v0.2.0
Rust Coverage	Run coverage	2026-01-13T21:55:36.8775327Z    Compiling time-macros v0.2.24
Rust Coverage	Run coverage	2026-01-13T21:55:37.0040668Z    Compiling deranged v0.5.5
Rust Coverage	Run coverage	2026-01-13T21:55:37.4794965Z    Compiling tinyvec v1.10.0
Rust Coverage	Run coverage	2026-01-13T21:55:37.8121812Z    Compiling rustls-webpki v0.103.8
Rust Coverage	Run coverage	2026-01-13T21:55:38.9043283Z    Compiling hyper-tls v0.6.0
Rust Coverage	Run coverage	2026-01-13T21:55:39.4175563Z    Compiling concurrent-queue v2.5.0
Rust Coverage	Run coverage	2026-01-13T21:55:40.0777243Z    Compiling libsqlite3-sys v0.30.1
Rust Coverage	Run coverage	2026-01-13T21:55:46.7672145Z    Compiling event-listener v5.4.1
Rust Coverage	Run coverage	2026-01-13T21:55:48.0329062Z    Compiling futures-intrusive v0.5.0
Rust Coverage	Run coverage	2026-01-13T21:55:48.5887534Z    Compiling time v0.3.44
Rust Coverage	Run coverage	2026-01-13T21:55:50.8223628Z    Compiling unicode-normalization v0.1.25
Rust Coverage	Run coverage	2026-01-13T21:55:51.3262194Z    Compiling crossbeam-queue v0.3.12
Rust Coverage	Run coverage	2026-01-13T21:55:52.5048071Z    Compiling unicode-bidi v0.3.18
Rust Coverage	Run coverage	2026-01-13T21:55:53.2476428Z    Compiling unicode-properties v0.1.4
Rust Coverage	Run coverage	2026-01-13T21:55:53.3733783Z    Compiling stringprep v0.1.5
Rust Coverage	Run coverage	2026-01-13T21:55:53.3984607Z    Compiling sqlx-core v0.8.6
Rust Coverage	Run coverage	2026-01-13T21:55:54.7008142Z    Compiling atoi v2.0.0
Rust Coverage	Run coverage	2026-01-13T21:55:54.9996509Z    Compiling whoami v1.6.1
Rust Coverage	Run coverage	2026-01-13T21:55:55.3741871Z    Compiling rustix v1.1.3
Rust Coverage	Run coverage	2026-01-13T21:55:55.5133565Z    Compiling dotenvy v0.15.7
Rust Coverage	Run coverage	2026-01-13T21:55:55.6512030Z    Compiling home v0.5.12
Rust Coverage	Run coverage	2026-01-13T21:55:55.8829643Z    Compiling hkdf v0.12.4
Rust Coverage	Run coverage	2026-01-13T21:55:56.2594703Z    Compiling flume v0.11.1
Rust Coverage	Run coverage	2026-01-13T21:55:56.6733056Z    Compiling md-5 v0.10.6
Rust Coverage	Run coverage	2026-01-13T21:55:57.1101945Z    Compiling http v0.2.12
Rust Coverage	Run coverage	2026-01-13T21:55:57.4842069Z    Compiling base64ct v1.8.2
Rust Coverage	Run coverage	2026-01-13T21:55:57.7858640Z    Compiling simd-adler32 v0.3.8
Rust Coverage	Run coverage	2026-01-13T21:55:57.9253894Z    Compiling adler2 v2.0.1
Rust Coverage	Run coverage	2026-01-13T21:55:57.9922904Z    Compiling linux-raw-sys v0.11.0
Rust Coverage	Run coverage	2026-01-13T21:55:58.2209101Z    Compiling miniz_oxide v0.8.9
Rust Coverage	Run coverage	2026-01-13T21:55:58.2251901Z    Compiling pem-rfc7468 v0.7.0
Rust Coverage	Run coverage	2026-01-13T21:55:58.5353165Z    Compiling sqlx-sqlite v0.8.6
Rust Coverage	Run coverage	2026-01-13T21:55:58.9452051Z    Compiling sqlx-postgres v0.8.6
Rust Coverage	Run coverage	2026-01-13T21:56:00.9187130Z    Compiling rust_decimal_macros v1.39.0
Rust Coverage	Run coverage	2026-01-13T21:56:02.4849791Z    Compiling sqlx-macros-core v0.8.6
Rust Coverage	Run coverage	2026-01-13T21:56:03.1284833Z    Compiling ureq-proto v0.5.3
Rust Coverage	Run coverage	2026-01-13T21:56:03.8500705Z    Compiling xattr v1.6.1
Rust Coverage	Run coverage	2026-01-13T21:56:04.1358941Z    Compiling flate2 v1.1.8
Rust Coverage	Run coverage	2026-01-13T21:56:04.5352393Z    Compiling der v0.7.10
Rust Coverage	Run coverage	2026-01-13T21:56:05.2432661Z    Compiling http-body v0.4.6
Rust Coverage	Run coverage	2026-01-13T21:56:05.6127318Z    Compiling socks v0.3.4
Rust Coverage	Run coverage	2026-01-13T21:56:06.0473110Z    Compiling curve25519-dalek v4.1.3
Rust Coverage	Run coverage	2026-01-13T21:56:06.3050667Z    Compiling webpki-root-certs v1.0.5
Rust Coverage	Run coverage	2026-01-13T21:56:06.3537965Z    Compiling filetime v0.2.26
Rust Coverage	Run coverage	2026-01-13T21:56:06.4991976Z    Compiling tar v0.4.44
Rust Coverage	Run coverage	2026-01-13T21:56:06.6692095Z    Compiling ureq v3.1.4
Rust Coverage	Run coverage	2026-01-13T21:56:07.2856632Z    Compiling sqlx-macros v0.8.6
Rust Coverage	Run coverage	2026-01-13T21:56:07.5747865Z    Compiling agentkern-governance v0.1.0 (/home/runner/work/agentkern/agentkern/packages/foundation/governance)
Rust Coverage	Run coverage	2026-01-13T21:56:08.5354055Z    Compiling curve25519-dalek-derive v0.1.1
Rust Coverage	Run coverage	2026-01-13T21:56:09.1092157Z    Compiling matrixmultiply v0.3.10
Rust Coverage	Run coverage	2026-01-13T21:56:09.1457558Z    Compiling signature v2.2.0
Rust Coverage	Run coverage	2026-01-13T21:56:09.2141667Z    Compiling unsafe-libyaml v0.2.11
Rust Coverage	Run coverage	2026-01-13T21:56:09.2285083Z    Compiling ed25519 v2.2.3
Rust Coverage	Run coverage	2026-01-13T21:56:10.0952925Z    Compiling serde_yaml v0.9.34+deprecated
Rust Coverage	Run coverage	2026-01-13T21:56:10.6619090Z    Compiling ort-sys v2.0.0-rc.10
Rust Coverage	Run coverage	2026-01-13T21:56:11.3831892Z    Compiling tokio-test v0.4.5
Rust Coverage	Run coverage	2026-01-13T21:56:11.7157024Z    Compiling bit-vec v0.6.3
Rust Coverage	Run coverage	2026-01-13T21:56:11.8729941Z    Compiling rawpointer v0.2.1
Rust Coverage	Run coverage	2026-01-13T21:56:11.9386516Z    Compiling bit-set v0.5.3
Rust Coverage	Run coverage	2026-01-13T21:56:12.0177488Z    Compiling ed25519-dalek v2.2.0
Rust Coverage	Run coverage	2026-01-13T21:56:12.1727631Z    Compiling num-complex v0.4.6
Rust Coverage	Run coverage	2026-01-13T21:56:12.5583952Z    Compiling ndarray v0.16.1
Rust Coverage	Run coverage	2026-01-13T21:56:12.6474523Z    Compiling fancy-regex v0.13.0
Rust Coverage	Run coverage	2026-01-13T21:56:13.6889537Z    Compiling bstr v1.12.1
Rust Coverage	Run coverage	2026-01-13T21:56:14.9663524Z    Compiling smallvec v2.0.0-alpha.10
Rust Coverage	Run coverage	2026-01-13T21:56:15.1112855Z    Compiling target-lexicon v0.13.4
Rust Coverage	Run coverage	2026-01-13T21:56:15.6978944Z    Compiling rustc-hash v1.1.0
Rust Coverage	Run coverage	2026-01-13T21:56:15.7621221Z    Compiling tiktoken-rs v0.9.1
Rust Coverage	Run coverage	2026-01-13T21:56:16.5707267Z    Compiling ort v2.0.0-rc.10
Rust Coverage	Run coverage	2026-01-13T21:56:16.7298383Z    Compiling agentkern-parsers v0.1.0 (/home/runner/work/agentkern/agentkern/packages/foundation/parsers)
Rust Coverage	Run coverage	2026-01-13T21:56:16.7581450Z    Compiling agentkern-multitenancy v0.1.0 (/home/runner/work/agentkern/agentkern/ee/multitenancy)
Rust Coverage	Run coverage	2026-01-13T21:56:17.3914487Z    Compiling protobuf v3.7.2
Rust Coverage	Run coverage	2026-01-13T21:56:17.5867928Z    Compiling deunicode v1.6.2
Rust Coverage	Run coverage	2026-01-13T21:56:17.9074031Z    Compiling protobuf-support v3.7.2
Rust Coverage	Run coverage	2026-01-13T21:56:18.1694420Z    Compiling prometheus v0.14.0
Rust Coverage	Run coverage	2026-01-13T21:56:18.4100380Z    Compiling inout v0.1.4
Rust Coverage	Run coverage	2026-01-13T21:56:18.4959251Z    Compiling cipher v0.4.4
Rust Coverage	Run coverage	2026-01-13T21:56:18.6904052Z    Compiling universal-hash v0.5.1
Rust Coverage	Run coverage	2026-01-13T21:56:18.7611849Z    Compiling opaque-debug v0.3.1
Rust Coverage	Run coverage	2026-01-13T21:56:18.7939408Z    Compiling polyval v0.6.2
Rust Coverage	Run coverage	2026-01-13T21:56:18.9809343Z    Compiling outref v0.5.2
Rust Coverage	Run coverage	2026-01-13T21:56:19.0268736Z    Compiling vsimd v0.8.0
Rust Coverage	Run coverage	2026-01-13T21:56:20.1029789Z    Compiling tokio-rustls v0.26.4
Rust Coverage	Run coverage	2026-01-13T21:56:20.3245824Z    Compiling hyper-rustls v0.27.7
Rust Coverage	Run coverage	2026-01-13T21:56:20.5975005Z    Compiling reqwest v0.12.28
Rust Coverage	Run coverage	2026-01-13T21:56:27.8975149Z    Compiling agentkern-pulse v0.1.0 (/home/runner/work/agentkern/agentkern/packages/foundation/pulse)
Rust Coverage	Run coverage	2026-01-13T21:56:28.2407559Z    Compiling sqlx v0.8.6
Rust Coverage	Run coverage	2026-01-13T21:56:28.3723331Z    Compiling agentkern-treasury v0.1.0 (/home/runner/work/agentkern/agentkern/packages/pillars/treasury)
Rust Coverage	Run coverage	2026-01-13T21:56:28.5329506Z    Compiling base64-simd v0.8.0
Rust Coverage	Run coverage	2026-01-13T21:56:28.9046625Z    Compiling ghash v0.5.1
Rust Coverage	Run coverage	2026-01-13T21:56:29.0022360Z    Compiling aes v0.8.4
Rust Coverage	Run coverage	2026-01-13T21:56:29.7214965Z    Compiling ctr v0.9.2
Rust Coverage	Run coverage	2026-01-13T21:56:29.7946990Z    Compiling h2 v0.3.27
Rust Coverage	Run coverage	2026-01-13T21:56:29.8448407Z    Compiling bumpalo v3.19.1
Rust Coverage	Run coverage	2026-01-13T21:56:30.0622663Z    Compiling bytes-utils v0.1.4
Rust Coverage	Run coverage	2026-01-13T21:56:30.2635113Z    Compiling agentkern-gate v0.1.0 (/home/runner/work/agentkern/agentkern/packages/pillars/gate)
Rust Coverage	Run coverage	2026-01-13T21:56:32.2272896Z    Compiling aead v0.5.2
Rust Coverage	Run coverage	2026-01-13T21:56:32.3230123Z    Compiling rmp v0.8.15
Rust Coverage	Run coverage	2026-01-13T21:56:32.6838484Z    Compiling socket2 v0.5.10
Rust Coverage	Run coverage	2026-01-13T21:56:33.2434622Z    Compiling hyper v0.14.32
Rust Coverage	Run coverage	2026-01-13T21:56:33.9927535Z    Compiling rmp-serde v1.3.1
Rust Coverage	Run coverage	2026-01-13T21:56:34.4485282Z    Compiling aes-gcm v0.10.3
Rust Coverage	Run coverage	2026-01-13T21:56:34.5522070Z    Compiling aws-smithy-types v1.3.5
Rust Coverage	Run coverage	2026-01-13T21:56:34.6296798Z    Compiling half v2.7.1
Rust Coverage	Run coverage	2026-01-13T21:56:35.3141286Z    Compiling futures v0.3.31
Rust Coverage	Run coverage	2026-01-13T21:56:35.3537486Z    Compiling leb128fmt v0.1.0
Rust Coverage	Run coverage	2026-01-13T21:56:35.4631722Z    Compiling agentkern-synapse v0.1.0 (/home/runner/work/agentkern/agentkern/packages/pillars/synapse)
Rust Coverage	Run coverage	2026-01-13T21:56:36.4599794Z    Compiling aws-smithy-async v1.2.7
Rust Coverage	Run coverage	2026-01-13T21:56:36.6835132Z    Compiling aws-smithy-runtime-api v1.9.3
Rust Coverage	Run coverage	2026-01-13T21:56:38.3072527Z    Compiling cranelift-srcgen v0.127.0
Rust Coverage	Run coverage	2026-01-13T21:56:38.6812007Z    Compiling cranelift-assembler-x64-meta v0.127.0
Rust Coverage	Run coverage	2026-01-13T21:56:38.8367409Z    Compiling pyo3-build-config v0.24.2
Rust Coverage	Run coverage	2026-01-13T21:56:39.5309949Z    Compiling crossbeam-epoch v0.9.18
Rust Coverage	Run coverage	2026-01-13T21:56:39.8457076Z    Compiling rustversion v1.0.22
Rust Coverage	Run coverage	2026-01-13T21:56:40.0394775Z    Compiling rayon-core v1.13.0
Rust Coverage	Run coverage	2026-01-13T21:56:40.1307298Z    Compiling rustls v0.21.12
Rust Coverage	Run coverage	2026-01-13T21:56:40.1396259Z    Compiling syn v1.0.109
Rust Coverage	Run coverage	2026-01-13T21:56:40.3440768Z    Compiling crossbeam-deque v0.8.6
Rust Coverage	Run coverage	2026-01-13T21:56:40.3963386Z    Compiling wasm-encoder v0.244.0
Rust Coverage	Run coverage	2026-01-13T21:56:40.4928519Z    Compiling rustls-webpki v0.101.7
Rust Coverage	Run coverage	2026-01-13T21:56:41.2802232Z    Compiling sct v0.7.1
Rust Coverage	Run coverage	2026-01-13T21:56:41.3339219Z    Compiling pulley-macros v40.0.0
Rust Coverage	Run coverage	2026-01-13T21:56:41.3902653Z    Compiling rustc-hash v2.1.1
Rust Coverage	Run coverage	2026-01-13T21:56:41.4720596Z    Compiling base64 v0.21.7
Rust Coverage	Run coverage	2026-01-13T21:56:41.6430565Z    Compiling unicode-width v0.2.2
Rust Coverage	Run coverage	2026-01-13T21:56:41.7764780Z    Compiling minimal-lexical v0.2.1
Rust Coverage	Run coverage	2026-01-13T21:56:41.8597262Z    Compiling urlencoding v2.1.3
Rust Coverage	Run coverage	2026-01-13T21:56:41.9817065Z    Compiling nom v7.1.3
Rust Coverage	Run coverage	2026-01-13T21:56:42.0279555Z    Compiling wast v244.0.0
Rust Coverage	Run coverage	2026-01-13T21:56:47.6512475Z    Compiling cranelift-bitset v0.127.0
Rust Coverage	Run coverage	2026-01-13T21:56:47.7253766Z    Compiling wasmtime-internal-versioned-export-macros v40.0.0
Rust Coverage	Run coverage	2026-01-13T21:56:47.8192698Z    Compiling ident_case v1.0.1
Rust Coverage	Run coverage	2026-01-13T21:56:47.8811059Z    Compiling cranelift-isle v0.127.0
Rust Coverage	Run coverage	2026-01-13T21:56:48.0684861Z    Compiling strsim v0.10.0
Rust Coverage	Run coverage	2026-01-13T21:56:48.0729997Z    Compiling fastrand v2.3.0
Rust Coverage	Run coverage	2026-01-13T21:56:48.3828389Z    Compiling darling_core v0.14.4
Rust Coverage	Run coverage	2026-01-13T21:56:48.4498323Z    Compiling pulley-interpreter v40.0.0
Rust Coverage	Run coverage	2026-01-13T21:56:50.5579443Z    Compiling wat v1.244.0
Rust Coverage	Run coverage	2026-01-13T21:56:50.6953939Z    Compiling rayon v1.11.0
Rust Coverage	Run coverage	2026-01-13T21:56:51.2415777Z    Compiling tokio-rustls v0.24.1
Rust Coverage	Run coverage	2026-01-13T21:56:51.4122832Z    Compiling rusticata-macros v4.1.0
Rust Coverage	Run coverage	2026-01-13T21:56:51.4156402Z    Compiling temp-env v0.3.6
Rust Coverage	Run coverage	2026-01-13T21:56:51.5125442Z    Compiling asn1-rs-impl v0.2.0
Rust Coverage	Run coverage	2026-01-13T21:56:51.5524578Z    Compiling asn1-rs-derive v0.5.1
Rust Coverage	Run coverage	2026-01-13T21:56:51.8750110Z    Compiling clap_lex v0.7.6
Rust Coverage	Run coverage	2026-01-13T21:56:52.1345038Z    Compiling plotters-backend v0.3.7
Rust Coverage	Run coverage	2026-01-13T21:56:52.2694724Z    Compiling cranelift-codegen-shared v0.127.0
Rust Coverage	Run coverage	2026-01-13T21:56:52.3195055Z    Compiling ciborium-io v0.2.2
Rust Coverage	Run coverage	2026-01-13T21:56:52.3589226Z    Compiling anstyle v1.0.13
Rust Coverage	Run coverage	2026-01-13T21:56:52.3652257Z    Compiling ciborium-ll v0.2.2
Rust Coverage	Run coverage	2026-01-13T21:56:52.4371166Z    Compiling cranelift-codegen-meta v0.127.0
Rust Coverage	Run coverage	2026-01-13T21:56:52.5433087Z    Compiling clap_builder v4.5.54
Rust Coverage	Run coverage	2026-01-13T21:56:52.6165954Z    Compiling plotters-svg v0.3.7
Rust Coverage	Run coverage	2026-01-13T21:56:52.7680573Z    Compiling asn1-rs v0.6.2
Rust Coverage	Run coverage	2026-01-13T21:56:54.5126183Z    Compiling darling_macro v0.14.4
Rust Coverage	Run coverage	2026-01-13T21:56:54.8495141Z    Compiling hyper-rustls v0.24.2
Rust Coverage	Run coverage	2026-01-13T21:56:56.1459544Z    Compiling cranelift-entity v0.127.0
Rust Coverage	Run coverage	2026-01-13T21:56:56.4778178Z    Compiling cranelift-assembler-x64 v0.127.0
Rust Coverage	Run coverage	2026-01-13T21:56:56.5673655Z    Compiling agentkern-arbiter v0.1.0 (/home/runner/work/agentkern/agentkern/packages/pillars/arbiter)
Rust Coverage	Run coverage	2026-01-13T21:56:56.6523358Z    Compiling aws-credential-types v1.2.11
Rust Coverage	Run coverage	2026-01-13T21:56:56.8383650Z    Compiling aws-smithy-http v0.62.6
Rust Coverage	Run coverage	2026-01-13T21:56:57.0556363Z    Compiling aws-types v1.3.11
Rust Coverage	Run coverage	2026-01-13T21:56:57.1646529Z    Compiling itertools v0.10.5
Rust Coverage	Run coverage	2026-01-13T21:56:57.1884791Z    Compiling pin-project-internal v1.1.10
Rust Coverage	Run coverage	2026-01-13T21:56:58.4092269Z    Compiling gimli v0.32.3
Rust Coverage	Run coverage	2026-01-13T21:56:58.6280867Z    Compiling indexmap v1.9.3
Rust Coverage	Run coverage	2026-01-13T21:56:58.7325868Z    Compiling cast v0.3.0
Rust Coverage	Run coverage	2026-01-13T21:56:58.7945697Z    Compiling pastey v0.1.1
Rust Coverage	Run coverage	2026-01-13T21:56:58.9089578Z    Compiling same-file v1.0.6
Rust Coverage	Run coverage	2026-01-13T21:56:59.0081754Z    Compiling wasmparser v0.243.0
Rust Coverage	Run coverage	2026-01-13T21:56:59.1961577Z    Compiling oid-registry v0.7.1
Rust Coverage	Run coverage	2026-01-13T21:56:59.2992886Z    Compiling napi-build v2.3.1
Rust Coverage	Run coverage	2026-01-13T21:56:59.5682172Z    Compiling base64urlsafedata v0.5.4
Rust Coverage	Run coverage	2026-01-13T21:56:59.7218873Z    Compiling walkdir v2.5.0
Rust Coverage	Run coverage	2026-01-13T21:56:59.8546293Z    Compiling criterion-plot v0.5.0
Rust Coverage	Run coverage	2026-01-13T21:57:00.0810323Z    Compiling cranelift-codegen v0.127.0
Rust Coverage	Run coverage	2026-01-13T21:57:00.3981743Z    Compiling pin-project v1.1.10
Rust Coverage	Run coverage	2026-01-13T21:57:00.4913888Z    Compiling aws-smithy-http-client v1.1.5
Rust Coverage	Run coverage	2026-01-13T21:57:00.7699663Z    Compiling darling v0.14.4
Rust Coverage	Run coverage	2026-01-13T21:57:00.8086678Z    Compiling clap v4.5.54
Rust Coverage	Run coverage	2026-01-13T21:57:00.8471764Z    Compiling plotters v0.3.7
Rust Coverage	Run coverage	2026-01-13T21:57:02.0243293Z    Compiling ciborium v0.2.2
Rust Coverage	Run coverage	2026-01-13T21:57:02.7277637Z    Compiling axum-core v0.3.4
Rust Coverage	Run coverage	2026-01-13T21:57:02.7638190Z    Compiling aws-smithy-observability v0.1.5
Rust Coverage	Run coverage	2026-01-13T21:57:02.8231817Z    Compiling agentkern-nexus v0.1.0 (/home/runner/work/agentkern/agentkern/packages/pillars/nexus)
Rust Coverage	Run coverage	2026-01-13T21:57:02.9987607Z    Compiling wasmtime-internal-math v40.0.0
Rust Coverage	Run coverage	2026-01-13T21:57:03.0699706Z    Compiling quick-xml v0.37.5
Rust Coverage	Run coverage	2026-01-13T21:57:04.8109955Z    Compiling tinytemplate v1.2.1
Rust Coverage	Run coverage	2026-01-13T21:57:04.9069420Z    Compiling zstd-sys v2.0.16+zstd.1.5.7
Rust Coverage	Run coverage	2026-01-13T21:57:05.2849641Z    Compiling is-terminal v0.4.17
Rust Coverage	Run coverage	2026-01-13T21:57:05.3322813Z    Compiling arbitrary v1.4.2
Rust Coverage	Run coverage	2026-01-13T21:57:05.5711955Z    Compiling anes v0.1.6
Rust Coverage	Run coverage	2026-01-13T21:57:05.7698047Z    Compiling webauthn-attestation-ca v0.5.4
Rust Coverage	Run coverage	2026-01-13T21:57:06.2542389Z    Compiling hashbrown v0.12.3
Rust Coverage	Run coverage	2026-01-13T21:57:06.4586295Z    Compiling oorandom v11.1.5
Rust Coverage	Run coverage	2026-01-13T21:57:06.5305409Z    Compiling object v0.37.3
Rust Coverage	Run coverage	2026-01-13T21:57:06.7501336Z    Compiling criterion v0.5.1
Rust Coverage	Run coverage	2026-01-13T21:57:09.3662630Z    Compiling cranelift-control v0.127.0
Rust Coverage	Run coverage	2026-01-13T21:57:12.9369711Z    Compiling aws-smithy-runtime v1.9.5
Rust Coverage	Run coverage	2026-01-13T21:57:17.5657769Z    Compiling madsim-macros v0.2.12
Rust Coverage	Run coverage	2026-01-13T21:57:22.0706600Z    Compiling aws-sigv4 v1.3.7
Rust Coverage	Run coverage	2026-01-13T21:57:22.1597736Z    Compiling cranelift-bforest v0.127.0
Rust Coverage	Run coverage	2026-01-13T21:57:22.3642519Z    Compiling der-parser v9.0.0
Rust Coverage	Run coverage	2026-01-13T21:57:22.9896682Z    Compiling axum v0.6.20
Rust Coverage	Run coverage	2026-01-13T21:57:23.0911850Z    Compiling regalloc2 v0.13.4
Rust Coverage	Run coverage	2026-01-13T21:57:24.2040050Z    Compiling bincode v1.3.3
Rust Coverage	Run coverage	2026-01-13T21:57:24.6508793Z    Compiling webauthn-rs-core v0.5.4
Rust Coverage	Run coverage	2026-01-13T21:57:24.9513919Z    Compiling wasm-encoder v0.243.0
Rust Coverage	Run coverage	2026-01-13T21:57:25.1751229Z    Compiling madsim v0.2.34
Rust Coverage	Run coverage	2026-01-13T21:57:25.8714182Z    Compiling prost-derive v0.12.6
Rust Coverage	Run coverage	2026-01-13T21:57:26.2456813Z    Compiling x509-parser v0.16.0
Rust Coverage	Run coverage	2026-01-13T21:57:27.7670840Z    Compiling aws-runtime v1.5.17
Rust Coverage	Run coverage	2026-01-13T21:57:29.8336317Z    Compiling tower v0.4.13
Rust Coverage	Run coverage	2026-01-13T21:57:30.1234088Z    Compiling agentkern-connectors-ee v0.1.0 (/home/runner/work/agentkern/agentkern/ee/connectors)
Rust Coverage	Run coverage	2026-01-13T21:57:30.9528317Z    Compiling webauthn-rs-proto v0.5.4
Rust Coverage	Run coverage	2026-01-13T21:57:31.5270008Z    Compiling opentelemetry v0.22.0
Rust Coverage	Run coverage	2026-01-13T21:57:32.0615692Z    Compiling aws-smithy-json v0.61.9
Rust Coverage	Run coverage	2026-01-13T21:57:32.4317587Z    Compiling serde_cbor_2 v0.13.0
Rust Coverage	Run coverage	2026-01-13T21:57:32.9977370Z    Compiling crossbeam-channel v0.5.15
Rust Coverage	Run coverage	2026-01-13T21:57:33.1992012Z    Compiling tokio-io-timeout v1.2.1
Rust Coverage	Run coverage	2026-01-13T21:57:33.3186392Z    Compiling cobs v0.3.0
Rust Coverage	Run coverage	2026-01-13T21:57:33.4496703Z    Compiling async-stream-impl v0.3.6
Rust Coverage	Run coverage	2026-01-13T21:57:33.5676816Z    Compiling ordered-float v4.6.0
Rust Coverage	Run coverage	2026-01-13T21:57:33.9418648Z    Compiling num_cpus v1.17.0
Rust Coverage	Run coverage	2026-01-13T21:57:34.1120503Z    Compiling regex-lite v0.1.8
Rust Coverage	Run coverage	2026-01-13T21:57:34.2838934Z    Compiling bitflags v1.3.2
Rust Coverage	Run coverage	2026-01-13T21:57:34.3213518Z    Compiling glob v0.3.3
Rust Coverage	Run coverage	2026-01-13T21:57:34.8187822Z    Compiling matchit v0.7.3
Rust Coverage	Run coverage	2026-01-13T21:57:35.1578560Z    Compiling deadpool-runtime v0.1.4
Rust Coverage	Run coverage	2026-01-13T21:57:35.2436516Z    Compiling sync_wrapper v0.1.2
Rust Coverage	Run coverage	2026-01-13T21:57:35.2871526Z    Compiling zstd-safe v7.2.4
Rust Coverage	Run coverage	2026-01-13T21:57:35.4008460Z    Compiling cpp_demangle v0.4.5
Rust Coverage	Run coverage	2026-01-13T21:57:35.5173003Z    Compiling dtor-proc-macro v0.0.6
Rust Coverage	Run coverage	2026-01-13T21:57:35.7577655Z    Compiling dtor v0.1.1
Rust Coverage	Run coverage	2026-01-13T21:57:35.7963089Z    Compiling deadpool v0.12.3
Rust Coverage	Run coverage	2026-01-13T21:57:35.8066243Z    Compiling opentelemetry_sdk v0.22.1
Rust Coverage	Run coverage	2026-01-13T21:57:36.0694318Z    Compiling async-stream v0.3.6
Rust Coverage	Run coverage	2026-01-13T21:57:36.1695452Z    Compiling postcard v1.1.3
Rust Coverage	Run coverage	2026-01-13T21:57:36.4909404Z    Compiling hyper-timeout v0.4.1
Rust Coverage	Run coverage	2026-01-13T21:57:39.3576083Z    Compiling prost v0.12.6
Rust Coverage	Run coverage	2026-01-13T21:57:40.5829228Z    Compiling pyo3-macros-backend v0.24.2
Rust Coverage	Run coverage	2026-01-13T21:57:40.7105147Z    Compiling pyo3-ffi v0.24.2
Rust Coverage	Run coverage	2026-01-13T21:57:40.9062333Z    Compiling simple_asn1 v0.6.3
Rust Coverage	Run coverage	2026-01-13T21:57:41.3059783Z    Compiling agentkern-core-ee v0.1.0 (/home/runner/work/agentkern/agentkern/ee/core)
Rust Coverage	Run coverage	2026-01-13T21:57:41.5131852Z    Compiling assert-json-diff v2.0.2
Rust Coverage	Run coverage	2026-01-13T21:57:41.9339609Z    Compiling pem v3.0.6
Rust Coverage	Run coverage	2026-01-13T21:57:42.3070398Z    Compiling bitmaps v2.1.0
Rust Coverage	Run coverage	2026-01-13T21:57:42.9593174Z    Compiling im-rc v15.1.0
Rust Coverage	Run coverage	2026-01-13T21:57:43.0698045Z    Compiling ittapi-sys v0.4.0
Rust Coverage	Run coverage	2026-01-13T21:57:43.1079020Z    Compiling id-arena v2.2.1
Rust Coverage	Run coverage	2026-01-13T21:57:43.2013355Z    Compiling wasmtime-internal-component-util v40.0.0
Rust Coverage	Run coverage	2026-01-13T21:57:43.2277528Z    Compiling termcolor v1.4.1
Rust Coverage	Run coverage	2026-01-13T21:57:43.2522173Z    Compiling ctor-proc-macro v0.0.7
Rust Coverage	Run coverage	2026-01-13T21:57:43.5028183Z    Compiling wasmtime-internal-unwinder v40.0.0
Rust Coverage	Run coverage	2026-01-13T21:57:43.6304368Z    Compiling unicode-segmentation v1.12.0
Rust Coverage	Run coverage	2026-01-13T21:57:43.6971844Z    Compiling winnow v0.7.14
Rust Coverage	Run coverage	2026-01-13T21:57:44.2650698Z    Compiling unicode-xid v0.2.6
Rust Coverage	Run coverage	2026-01-13T21:57:44.3329893Z    Compiling convert_case v0.10.0
Rust Coverage	Run coverage	2026-01-13T21:57:44.6983184Z    Compiling ctor v0.6.3
Rust Coverage	Run coverage	2026-01-13T21:57:44.7416528Z    Compiling wasmprinter v0.243.0
Rust Coverage	Run coverage	2026-01-13T21:57:45.5568922Z    Compiling toml_parser v1.0.6+spec-1.1.0
Rust Coverage	Run coverage	2026-01-13T21:57:46.3850512Z    Compiling wit-parser v0.243.0
Rust Coverage	Run coverage	2026-01-13T21:57:48.7347971Z    Compiling sized-chunks v0.6.5
Rust Coverage	Run coverage	2026-01-13T21:57:48.9293160Z    Compiling jsonwebtoken v9.3.1
Rust Coverage	Run coverage	2026-01-13T21:57:50.3935967Z    Compiling wiremock v0.6.5
Rust Coverage	Run coverage	2026-01-13T21:57:52.9478427Z    Compiling tonic v0.11.0
Rust Coverage	Run coverage	2026-01-13T21:57:53.7134619Z    Compiling webauthn-rs v0.5.4
Rust Coverage	Run coverage	2026-01-13T21:57:54.3870410Z    Compiling napi v3.8.1
Rust Coverage	Run coverage	2026-01-13T21:57:54.4963498Z    Compiling wasmtime-internal-fiber v40.0.0
Rust Coverage	Run coverage	2026-01-13T21:57:54.6900712Z    Compiling wasmtime-internal-jit-debug v40.0.0
Rust Coverage	Run coverage	2026-01-13T21:57:54.8690286Z    Compiling agentkern-crypto v0.1.0 (/home/runner/work/agentkern/agentkern/packages/foundation/crypto)
Rust Coverage	Run coverage	2026-01-13T21:57:55.3406905Z    Compiling rand_xoshiro v0.6.0
Rust Coverage	Run coverage	2026-01-13T21:57:55.6731964Z    Compiling serde_spanned v1.0.4
Rust Coverage	Run coverage	2026-01-13T21:57:55.7596150Z    Compiling toml_datetime v0.7.5+spec-1.1.0
Rust Coverage	Run coverage	2026-01-13T21:57:56.0538234Z    Compiling memoffset v0.9.1
Rust Coverage	Run coverage	2026-01-13T21:57:56.1677089Z    Compiling dirs-sys-next v0.1.2
Rust Coverage	Run coverage	2026-01-13T21:57:56.2441838Z    Compiling libloading v0.9.0
Rust Coverage	Run coverage	2026-01-13T21:57:56.3965203Z    Compiling xmlparser v0.13.6
Rust Coverage	Run coverage	2026-01-13T21:57:56.4345291Z    Compiling fixedbitset v0.4.2
Rust Coverage	Run coverage	2026-01-13T21:57:56.7283514Z    Compiling rustc-demangle v0.1.26
Rust Coverage	Run coverage	2026-01-13T21:57:56.8287872Z    Compiling wasmtime-internal-cache v40.0.0
Rust Coverage	Run coverage	2026-01-13T21:57:57.0164028Z    Compiling toml_writer v1.0.6+spec-1.1.0
Rust Coverage	Run coverage	2026-01-13T21:57:57.1755867Z    Compiling wasmtime-internal-component-macro v40.0.0
Rust Coverage	Run coverage	2026-01-13T21:57:57.2135689Z    Compiling toml v0.9.10+spec-1.1.0
Rust Coverage	Run coverage	2026-01-13T21:57:57.3145079Z    Compiling wasmtime-environ v40.0.0
Rust Coverage	Run coverage	2026-01-13T21:57:58.9419111Z    Compiling aws-smithy-xml v0.60.13
Rust Coverage	Run coverage	2026-01-13T21:57:59.1629900Z    Compiling petgraph v0.6.5
Rust Coverage	Run coverage	2026-01-13T21:57:59.1976533Z    Compiling napi-sys v3.2.1
Rust Coverage	Run coverage	2026-01-13T21:58:00.3192154Z    Compiling directories-next v2.0.0
Rust Coverage	Run coverage	2026-01-13T21:58:00.9157203Z    Compiling opentelemetry-proto v0.5.0
Rust Coverage	Run coverage	2026-01-13T21:58:01.6969754Z    Compiling zstd v0.13.3
Rust Coverage	Run coverage	2026-01-13T21:58:01.9934923Z    Compiling cranelift-frontend v0.127.0
Rust Coverage	Run coverage	2026-01-13T21:58:03.2863931Z    Compiling cranelift-native v0.127.0
Rust Coverage	Run coverage	2026-01-13T21:58:03.3745153Z    Compiling wasmtime-internal-wit-bindgen v40.0.0
Rust Coverage	Run coverage	2026-01-13T21:58:05.6869086Z    Compiling napi-derive-backend v5.0.0
Rust Coverage	Run coverage	2026-01-13T21:58:07.3129980Z    Compiling wasmtime v40.0.0
Rust Coverage	Run coverage	2026-01-13T21:58:07.5171762Z    Compiling pyo3 v0.24.2
Rust Coverage	Run coverage	2026-01-13T21:58:07.6651829Z    Compiling aws-smithy-query v0.60.9
Rust Coverage	Run coverage	2026-01-13T21:58:07.7647795Z    Compiling itertools v0.14.0
Rust Coverage	Run coverage	2026-01-13T21:58:09.0396968Z    Compiling debugid v0.8.0
Rust Coverage	Run coverage	2026-01-13T21:58:09.1049052Z    Compiling instant v0.1.13
Rust Coverage	Run coverage	2026-01-13T21:58:09.1523179Z    Compiling opentelemetry-semantic-conventions v0.14.0
Rust Coverage	Run coverage	2026-01-13T21:58:09.2097593Z    Compiling nohash-hasher v0.2.0
Rust Coverage	Run coverage	2026-01-13T21:58:09.2149848Z    Compiling opentelemetry-otlp v0.15.0
Rust Coverage	Run coverage	2026-01-13T21:58:09.2201726Z    Compiling fxprof-processed-profile v0.8.1
Rust Coverage	Run coverage	2026-01-13T21:58:09.9116412Z    Compiling wasmtime-internal-cranelift v40.0.0
Rust Coverage	Run coverage	2026-01-13T21:58:11.3753285Z    Compiling backoff v0.4.0
Rust Coverage	Run coverage	2026-01-13T21:58:11.4729846Z    Compiling napi-derive v3.5.0
Rust Coverage	Run coverage	2026-01-13T21:58:13.0842121Z    Compiling aws-sdk-sts v1.95.0
Rust Coverage	Run coverage	2026-01-13T21:58:13.2810673Z    Compiling pyo3-macros v0.24.2
Rust Coverage	Run coverage	2026-01-13T21:58:14.3043826Z    Compiling ittapi v0.4.0
Rust Coverage	Run coverage	2026-01-13T21:58:17.2712717Z    Compiling wasm-compose v0.243.0
Rust Coverage	Run coverage	2026-01-13T21:58:17.6990061Z    Compiling agentkern-identity v0.1.0 (/home/runner/work/agentkern/agentkern/packages/pillars/identity)
Rust Coverage	Run coverage	2026-01-13T21:58:18.3785263Z    Compiling tracing-opentelemetry v0.23.0
Rust Coverage	Run coverage	2026-01-13T21:58:18.8332734Z    Compiling aws-sdk-sso v1.91.0
Rust Coverage	Run coverage	2026-01-13T21:58:18.9965527Z    Compiling aws-sdk-ssooidc v1.93.0
Rust Coverage	Run coverage	2026-01-13T21:58:19.8313228Z    Compiling tempfile v3.24.0
Rust Coverage	Run coverage	2026-01-13T21:58:20.2482174Z    Compiling memfd v0.6.5
Rust Coverage	Run coverage	2026-01-13T21:58:20.4417058Z    Compiling addr2line v0.25.1
Rust Coverage	Run coverage	2026-01-13T21:58:20.7704842Z    Compiling failsafe v1.3.0
Rust Coverage	Run coverage	2026-01-13T21:58:21.0246292Z    Compiling agentkern-sdk-node v0.1.0 (/home/runner/work/agentkern/agentkern/packages/sdk-node)
Rust Coverage	Run coverage	2026-01-13T21:58:21.1345422Z    Compiling agentkern-native v0.1.0 (/home/runner/work/agentkern/agentkern/packages/foundation/native-binding)
Rust Coverage	Run coverage	2026-01-13T21:58:21.2415975Z    Compiling agentkern-sdk-core v0.1.0 (/home/runner/work/agentkern/agentkern/packages/sdk-core)
Rust Coverage	Run coverage	2026-01-13T21:58:21.8830314Z    Compiling wasmtime-internal-jit-icache-coherence v40.0.0
Rust Coverage	Run coverage	2026-01-13T21:58:21.9274423Z    Compiling wasmtime-internal-slab v40.0.0
Rust Coverage	Run coverage	2026-01-13T21:58:22.0246568Z    Compiling unindent v0.2.4
Rust Coverage	Run coverage	2026-01-13T21:58:22.1182063Z    Compiling indoc v2.0.7
Rust Coverage	Run coverage	2026-01-13T21:58:22.6898333Z    Compiling aws-config v1.8.12
Rust Coverage	Run coverage	2026-01-13T21:58:22.7005228Z    Compiling aws-sdk-kms v1.97.0
Rust Coverage	Run coverage	2026-01-13T21:58:27.1869700Z    Compiling agentkern-runtime v0.1.0 (/home/runner/work/agentkern/agentkern/packages/foundation/runtime)
Rust Coverage	Run coverage	2026-01-13T21:58:27.8133508Z    Compiling quick-xml v0.31.0
Rust Coverage	Run coverage	2026-01-13T21:58:29.2142207Z    Compiling agentkern-python v0.1.0 (/home/runner/work/agentkern/agentkern/sdks/python)
Rust Coverage	Run coverage	2026-01-13T21:58:29.5398518Z    Compiling agentkern-sso v0.1.0 (/home/runner/work/agentkern/agentkern/ee/sso)
Rust Coverage	Run coverage	2026-01-13T21:58:33.1832577Z    Compiling agentkern-server v0.1.0 (/home/runner/work/agentkern/agentkern/apps/server)
Rust Coverage	Run coverage	2026-01-13T21:58:36.7509322Z error: Broken pipe (os error 32)
Rust Coverage	Run coverage	2026-01-13T21:58:36.7509978Z warning: build failed, waiting for other jobs to finish...
Rust Coverage	Run coverage	2026-01-13T21:58:36.8694414Z error: could not compile `agentkern-server` (bin "migrate" test) due to 2 previous errors
Rust Coverage	Run coverage	2026-01-13T21:58:45.4200101Z [2m2026-01-13T21:58:45.419830Z[0m [31mERROR[0m [2mcargo_tarpaulin[0m[2m:[0m Failed to compile tests!
Rust Coverage	Run coverage	2026-01-13T21:58:45.4200791Z error[E0596]: cannot borrow `migrator` as mutable, as it is not declared as mutable
Rust Coverage	Run coverage	2026-01-13T21:58:45.4201398Z   --> apps/server/src/bin/migrate.rs:31:5
Rust Coverage	Run coverage	2026-01-13T21:58:45.4201661Z    |
Rust Coverage	Run coverage	2026-01-13T21:58:45.4201897Z 31 |     migrator.set_ignore_missing(true).run(&pool).await?;
Rust Coverage	Run coverage	2026-01-13T21:58:45.4202611Z    |     ^^^^^^^^ cannot borrow as mutable
Rust Coverage	Run coverage	2026-01-13T21:58:45.4202855Z    |
Rust Coverage	Run coverage	2026-01-13T21:58:45.4203035Z help: consider changing this to be mutable
Rust Coverage	Run coverage	2026-01-13T21:58:45.4203285Z    |
Rust Coverage	Run coverage	2026-01-13T21:58:45.4203657Z 28 |     let mut migrator = sqlx::migrate!("../../packages/pillars/identity/migrations");
Rust Coverage	Run coverage	2026-01-13T21:58:45.4204215Z    |         +++
Rust Coverage	Run coverage	2026-01-13T21:58:45.4204323Z 
Rust Coverage	Run coverage	2026-01-13T21:58:45.4204334Z 
Rust Coverage	Run coverage	2026-01-13T21:58:45.4234394Z Error: "Failed to compile tests!\nerror[E0596]: cannot borrow `migrator` as mutable, as it is not declared as mutable\n  --> apps/server/src/bin/migrate.rs:31:5\n   |\n31 |     migrator.set_ignore_missing(true).run(&pool).await?;\n   |     ^^^^^^^^ cannot borrow as mutable\n   |\nhelp: consider changing this to be mutable\n   |\n28 |     let mut migrator = sqlx::migrate!(\"../../packages/pillars/identity/migrations\");\n   |         +++\n\n"
Rust Coverage	Run coverage	2026-01-13T21:58:45.4258732Z ##[error]Process completed with exit code 1.
Rust Coverage	Post Run actions/checkout@v6	﻿2026-01-13T21:58:45.4377776Z Post job cleanup.
Rust Coverage	Post Run actions/checkout@v6	2026-01-13T21:58:45.6574392Z [command]/usr/bin/git version
Rust Coverage	Post Run actions/checkout@v6	2026-01-13T21:58:45.6617829Z git version 2.52.0
Rust Coverage	Post Run actions/checkout@v6	2026-01-13T21:58:45.6689016Z Temporarily overriding HOME='/home/runner/work/_temp/ad55b93b-d60d-4223-aeb9-62cac9b6d155' before making global git config changes
Rust Coverage	Post Run actions/checkout@v6	2026-01-13T21:58:45.6690344Z Adding repository directory to the temporary git global config as a safe directory
Rust Coverage	Post Run actions/checkout@v6	2026-01-13T21:58:45.6695842Z [command]/usr/bin/git config --global --add safe.directory /home/runner/work/agentkern/agentkern
Rust Coverage	Post Run actions/checkout@v6	2026-01-13T21:58:45.6727429Z Removing SSH command configuration
Rust Coverage	Post Run actions/checkout@v6	2026-01-13T21:58:45.6733436Z [command]/usr/bin/git config --local --name-only --get-regexp core\.sshCommand
Rust Coverage	Post Run actions/checkout@v6	2026-01-13T21:58:45.6768631Z [command]/usr/bin/git submodule foreach --recursive sh -c "git config --local --name-only --get-regexp 'core\.sshCommand' && git config --local --unset-all 'core.sshCommand' || :"
Rust Coverage	Post Run actions/checkout@v6	2026-01-13T21:58:45.7059493Z Removing HTTP extra header
Rust Coverage	Post Run actions/checkout@v6	2026-01-13T21:58:45.7065415Z [command]/usr/bin/git config --local --name-only --get-regexp http\.https\:\/\/github\.com\/\.extraheader
Rust Coverage	Post Run actions/checkout@v6	2026-01-13T21:58:45.7101593Z [command]/usr/bin/git submodule foreach --recursive sh -c "git config --local --name-only --get-regexp 'http\.https\:\/\/github\.com\/\.extraheader' && git config --local --unset-all 'http.https://github.com/.extraheader' || :"
Rust Coverage	Post Run actions/checkout@v6	2026-01-13T21:58:45.7346158Z Removing includeIf entries pointing to credentials config files
Rust Coverage	Post Run actions/checkout@v6	2026-01-13T21:58:45.7354962Z [command]/usr/bin/git config --local --name-only --get-regexp ^includeIf\.gitdir:
Rust Coverage	Post Run actions/checkout@v6	2026-01-13T21:58:45.7381343Z includeif.gitdir:/home/runner/work/agentkern/agentkern/.git.path
Rust Coverage	Post Run actions/checkout@v6	2026-01-13T21:58:45.7382283Z includeif.gitdir:/home/runner/work/agentkern/agentkern/.git/worktrees/*.path
Rust Coverage	Post Run actions/checkout@v6	2026-01-13T21:58:45.7383009Z includeif.gitdir:/github/workspace/.git.path
Rust Coverage	Post Run actions/checkout@v6	2026-01-13T21:58:45.7383630Z includeif.gitdir:/github/workspace/.git/worktrees/*.path
Rust Coverage	Post Run actions/checkout@v6	2026-01-13T21:58:45.7391969Z [command]/usr/bin/git config --local --get-all includeif.gitdir:/home/runner/work/agentkern/agentkern/.git.path
Rust Coverage	Post Run actions/checkout@v6	2026-01-13T21:58:45.7413452Z /home/runner/work/_temp/git-credentials-6d4ec81b-ed89-41d8-872c-aa704195c5c1.config
Rust Coverage	Post Run actions/checkout@v6	2026-01-13T21:58:45.7423885Z [command]/usr/bin/git config --local --unset includeif.gitdir:/home/runner/work/agentkern/agentkern/.git.path /home/runner/work/_temp/git-credentials-6d4ec81b-ed89-41d8-872c-aa704195c5c1.config
Rust Coverage	Post Run actions/checkout@v6	2026-01-13T21:58:45.7456660Z [command]/usr/bin/git config --local --get-all includeif.gitdir:/home/runner/work/agentkern/agentkern/.git/worktrees/*.path
Rust Coverage	Post Run actions/checkout@v6	2026-01-13T21:58:45.7477743Z /home/runner/work/_temp/git-credentials-6d4ec81b-ed89-41d8-872c-aa704195c5c1.config
Rust Coverage	Post Run actions/checkout@v6	2026-01-13T21:58:45.7487912Z [command]/usr/bin/git config --local --unset includeif.gitdir:/home/runner/work/agentkern/agentkern/.git/worktrees/*.path /home/runner/work/_temp/git-credentials-6d4ec81b-ed89-41d8-872c-aa704195c5c1.config
Rust Coverage	Post Run actions/checkout@v6	2026-01-13T21:58:45.7519565Z [command]/usr/bin/git config --local --get-all includeif.gitdir:/github/workspace/.git.path
Rust Coverage	Post Run actions/checkout@v6	2026-01-13T21:58:45.7542825Z /github/runner_temp/git-credentials-6d4ec81b-ed89-41d8-872c-aa704195c5c1.config
Rust Coverage	Post Run actions/checkout@v6	2026-01-13T21:58:45.7551781Z [command]/usr/bin/git config --local --unset includeif.gitdir:/github/workspace/.git.path /github/runner_temp/git-credentials-6d4ec81b-ed89-41d8-872c-aa704195c5c1.config
Rust Coverage	Post Run actions/checkout@v6	2026-01-13T21:58:45.7582261Z [command]/usr/bin/git config --local --get-all includeif.gitdir:/github/workspace/.git/worktrees/*.path
Rust Coverage	Post Run actions/checkout@v6	2026-01-13T21:58:45.7603344Z /github/runner_temp/git-credentials-6d4ec81b-ed89-41d8-872c-aa704195c5c1.config
Rust Coverage	Post Run actions/checkout@v6	2026-01-13T21:58:45.7612732Z [command]/usr/bin/git config --local --unset includeif.gitdir:/github/workspace/.git/worktrees/*.path /github/runner_temp/git-credentials-6d4ec81b-ed89-41d8-872c-aa704195c5c1.config
Rust Coverage	Post Run actions/checkout@v6	2026-01-13T21:58:45.7644671Z [command]/usr/bin/git submodule foreach --recursive git config --local --show-origin --name-only --get-regexp remote.origin.url
Rust Coverage	Post Run actions/checkout@v6	2026-01-13T21:58:45.7859300Z Removing credentials config '/home/runner/work/_temp/git-credentials-6d4ec81b-ed89-41d8-872c-aa704195c5c1.config'
Rust Coverage	Complete job	﻿2026-01-13T21:58:45.7995803Z Cleaning up orphan processes
